<!doctype html public "-//w3c//dtd html 4.0 transitional//en">
<html><head>
<title>Static Call Graph - [.\Objects\tmp006.axf]</title></head>
<body><HR>
<H1>Static Call Graph for image .\Objects\tmp006.axf</H1><HR>
<BR><P>#&#060CALLGRAPH&#062# ARM Linker, 6140002: Last Updated: Tue Mar  9 15:45:47 2021
<BR><P>
<H3>Maximum Stack Usage =        144 bytes + Unknown(Cycles, Untraceable Function Pointers)</H3><H3>
Call chain for Maximum Stack Depth:</H3>
__rt_entry_main &rArr; main &rArr; test_run &rArr; UARTprintf &rArr; UARTvprintf &rArr; UARTwrite
<P>
<H3>
Mutually Recursive functions
</H3> <LI><a href="#[3]">NMI_Handler</a>&nbsp;&nbsp;&nbsp;&rArr;&nbsp;&nbsp;&nbsp;<a href="#[3]">NMI_Handler</a><BR>
 <LI><a href="#[4]">HardFault_Handler</a>&nbsp;&nbsp;&nbsp;&rArr;&nbsp;&nbsp;&nbsp;<a href="#[4]">HardFault_Handler</a><BR>
 <LI><a href="#[5]">MemManage_Handler</a>&nbsp;&nbsp;&nbsp;&rArr;&nbsp;&nbsp;&nbsp;<a href="#[5]">MemManage_Handler</a><BR>
 <LI><a href="#[6]">BusFault_Handler</a>&nbsp;&nbsp;&nbsp;&rArr;&nbsp;&nbsp;&nbsp;<a href="#[6]">BusFault_Handler</a><BR>
 <LI><a href="#[7]">UsageFault_Handler</a>&nbsp;&nbsp;&nbsp;&rArr;&nbsp;&nbsp;&nbsp;<a href="#[7]">UsageFault_Handler</a><BR>
 <LI><a href="#[8]">SVC_Handler</a>&nbsp;&nbsp;&nbsp;&rArr;&nbsp;&nbsp;&nbsp;<a href="#[8]">SVC_Handler</a><BR>
 <LI><a href="#[9]">DebugMon_Handler</a>&nbsp;&nbsp;&nbsp;&rArr;&nbsp;&nbsp;&nbsp;<a href="#[9]">DebugMon_Handler</a><BR>
 <LI><a href="#[a]">PendSV_Handler</a>&nbsp;&nbsp;&nbsp;&rArr;&nbsp;&nbsp;&nbsp;<a href="#[a]">PendSV_Handler</a><BR>
 <LI><a href="#[b]">SysTick_Handler</a>&nbsp;&nbsp;&nbsp;&rArr;&nbsp;&nbsp;&nbsp;<a href="#[b]">SysTick_Handler</a><BR>
 <LI><a href="#[c]">GPIOA_Handler</a>&nbsp;&nbsp;&nbsp;&rArr;&nbsp;&nbsp;&nbsp;<a href="#[c]">GPIOA_Handler</a><BR>
 <LI><a href="#[d]">GPIOB_Handler</a>&nbsp;&nbsp;&nbsp;&rArr;&nbsp;&nbsp;&nbsp;<a href="#[d]">GPIOB_Handler</a><BR>
 <LI><a href="#[e]">GPIOC_Handler</a>&nbsp;&nbsp;&nbsp;&rArr;&nbsp;&nbsp;&nbsp;<a href="#[e]">GPIOC_Handler</a><BR>
 <LI><a href="#[f]">GPIOD_Handler</a>&nbsp;&nbsp;&nbsp;&rArr;&nbsp;&nbsp;&nbsp;<a href="#[f]">GPIOD_Handler</a><BR>
 <LI><a href="#[10]">GPIOE_Handler</a>&nbsp;&nbsp;&nbsp;&rArr;&nbsp;&nbsp;&nbsp;<a href="#[10]">GPIOE_Handler</a><BR>
 <LI><a href="#[11]">UART0_Handler</a>&nbsp;&nbsp;&nbsp;&rArr;&nbsp;&nbsp;&nbsp;<a href="#[11]">UART0_Handler</a><BR>
 <LI><a href="#[12]">UART1_Handler</a>&nbsp;&nbsp;&nbsp;&rArr;&nbsp;&nbsp;&nbsp;<a href="#[12]">UART1_Handler</a><BR>
 <LI><a href="#[13]">SSI0_Handler</a>&nbsp;&nbsp;&nbsp;&rArr;&nbsp;&nbsp;&nbsp;<a href="#[13]">SSI0_Handler</a><BR>
 <LI><a href="#[14]">I2C0_Handler</a>&nbsp;&nbsp;&nbsp;&rArr;&nbsp;&nbsp;&nbsp;<a href="#[14]">I2C0_Handler</a><BR>
 <LI><a href="#[15]">PMW0_FAULT_Handler</a>&nbsp;&nbsp;&nbsp;&rArr;&nbsp;&nbsp;&nbsp;<a href="#[15]">PMW0_FAULT_Handler</a><BR>
 <LI><a href="#[16]">PWM0_0_Handler</a>&nbsp;&nbsp;&nbsp;&rArr;&nbsp;&nbsp;&nbsp;<a href="#[16]">PWM0_0_Handler</a><BR>
 <LI><a href="#[17]">PWM0_1_Handler</a>&nbsp;&nbsp;&nbsp;&rArr;&nbsp;&nbsp;&nbsp;<a href="#[17]">PWM0_1_Handler</a><BR>
 <LI><a href="#[18]">PWM0_2_Handler</a>&nbsp;&nbsp;&nbsp;&rArr;&nbsp;&nbsp;&nbsp;<a href="#[18]">PWM0_2_Handler</a><BR>
 <LI><a href="#[19]">QEI0_Handler</a>&nbsp;&nbsp;&nbsp;&rArr;&nbsp;&nbsp;&nbsp;<a href="#[19]">QEI0_Handler</a><BR>
 <LI><a href="#[1a]">ADC0SS0_Handler</a>&nbsp;&nbsp;&nbsp;&rArr;&nbsp;&nbsp;&nbsp;<a href="#[1a]">ADC0SS0_Handler</a><BR>
 <LI><a href="#[1b]">ADC0SS1_Handler</a>&nbsp;&nbsp;&nbsp;&rArr;&nbsp;&nbsp;&nbsp;<a href="#[1b]">ADC0SS1_Handler</a><BR>
 <LI><a href="#[1c]">ADC0SS2_Handler</a>&nbsp;&nbsp;&nbsp;&rArr;&nbsp;&nbsp;&nbsp;<a href="#[1c]">ADC0SS2_Handler</a><BR>
 <LI><a href="#[1d]">ADC0SS3_Handler</a>&nbsp;&nbsp;&nbsp;&rArr;&nbsp;&nbsp;&nbsp;<a href="#[1d]">ADC0SS3_Handler</a><BR>
 <LI><a href="#[1e]">WDT0_Handler</a>&nbsp;&nbsp;&nbsp;&rArr;&nbsp;&nbsp;&nbsp;<a href="#[1e]">WDT0_Handler</a><BR>
 <LI><a href="#[1f]">TIMER0A_Handler</a>&nbsp;&nbsp;&nbsp;&rArr;&nbsp;&nbsp;&nbsp;<a href="#[1f]">TIMER0A_Handler</a><BR>
 <LI><a href="#[20]">TIMER0B_Handler</a>&nbsp;&nbsp;&nbsp;&rArr;&nbsp;&nbsp;&nbsp;<a href="#[20]">TIMER0B_Handler</a><BR>
 <LI><a href="#[21]">TIMER1A_Handler</a>&nbsp;&nbsp;&nbsp;&rArr;&nbsp;&nbsp;&nbsp;<a href="#[21]">TIMER1A_Handler</a><BR>
 <LI><a href="#[22]">TIMER1B_Handler</a>&nbsp;&nbsp;&nbsp;&rArr;&nbsp;&nbsp;&nbsp;<a href="#[22]">TIMER1B_Handler</a><BR>
 <LI><a href="#[23]">TIMER2A_Handler</a>&nbsp;&nbsp;&nbsp;&rArr;&nbsp;&nbsp;&nbsp;<a href="#[23]">TIMER2A_Handler</a><BR>
 <LI><a href="#[24]">TIMER2B_Handler</a>&nbsp;&nbsp;&nbsp;&rArr;&nbsp;&nbsp;&nbsp;<a href="#[24]">TIMER2B_Handler</a><BR>
 <LI><a href="#[25]">COMP0_Handler</a>&nbsp;&nbsp;&nbsp;&rArr;&nbsp;&nbsp;&nbsp;<a href="#[25]">COMP0_Handler</a><BR>
 <LI><a href="#[26]">COMP1_Handler</a>&nbsp;&nbsp;&nbsp;&rArr;&nbsp;&nbsp;&nbsp;<a href="#[26]">COMP1_Handler</a><BR>
 <LI><a href="#[27]">COMP2_Handler</a>&nbsp;&nbsp;&nbsp;&rArr;&nbsp;&nbsp;&nbsp;<a href="#[27]">COMP2_Handler</a><BR>
 <LI><a href="#[28]">SYSCTL_Handler</a>&nbsp;&nbsp;&nbsp;&rArr;&nbsp;&nbsp;&nbsp;<a href="#[28]">SYSCTL_Handler</a><BR>
 <LI><a href="#[29]">FLASH_Handler</a>&nbsp;&nbsp;&nbsp;&rArr;&nbsp;&nbsp;&nbsp;<a href="#[29]">FLASH_Handler</a><BR>
 <LI><a href="#[2a]">GPIOF_Handler</a>&nbsp;&nbsp;&nbsp;&rArr;&nbsp;&nbsp;&nbsp;<a href="#[2a]">GPIOF_Handler</a><BR>
 <LI><a href="#[2b]">GPIOG_Handler</a>&nbsp;&nbsp;&nbsp;&rArr;&nbsp;&nbsp;&nbsp;<a href="#[2b]">GPIOG_Handler</a><BR>
 <LI><a href="#[2c]">GPIOH_Handler</a>&nbsp;&nbsp;&nbsp;&rArr;&nbsp;&nbsp;&nbsp;<a href="#[2c]">GPIOH_Handler</a><BR>
 <LI><a href="#[2d]">UART2_Handler</a>&nbsp;&nbsp;&nbsp;&rArr;&nbsp;&nbsp;&nbsp;<a href="#[2d]">UART2_Handler</a><BR>
 <LI><a href="#[2e]">SSI1_Handler</a>&nbsp;&nbsp;&nbsp;&rArr;&nbsp;&nbsp;&nbsp;<a href="#[2e]">SSI1_Handler</a><BR>
 <LI><a href="#[2f]">TIMER3A_Handler</a>&nbsp;&nbsp;&nbsp;&rArr;&nbsp;&nbsp;&nbsp;<a href="#[2f]">TIMER3A_Handler</a><BR>
 <LI><a href="#[30]">TIMER3B_Handler</a>&nbsp;&nbsp;&nbsp;&rArr;&nbsp;&nbsp;&nbsp;<a href="#[30]">TIMER3B_Handler</a><BR>
 <LI><a href="#[31]">I2C1_Handler</a>&nbsp;&nbsp;&nbsp;&rArr;&nbsp;&nbsp;&nbsp;<a href="#[31]">I2C1_Handler</a><BR>
 <LI><a href="#[32]">QEI1_Handler</a>&nbsp;&nbsp;&nbsp;&rArr;&nbsp;&nbsp;&nbsp;<a href="#[32]">QEI1_Handler</a><BR>
 <LI><a href="#[33]">CAN0_Handler</a>&nbsp;&nbsp;&nbsp;&rArr;&nbsp;&nbsp;&nbsp;<a href="#[33]">CAN0_Handler</a><BR>
 <LI><a href="#[34]">CAN1_Handler</a>&nbsp;&nbsp;&nbsp;&rArr;&nbsp;&nbsp;&nbsp;<a href="#[34]">CAN1_Handler</a><BR>
 <LI><a href="#[35]">CAN2_Handler</a>&nbsp;&nbsp;&nbsp;&rArr;&nbsp;&nbsp;&nbsp;<a href="#[35]">CAN2_Handler</a><BR>
 <LI><a href="#[36]">HIB_Handler</a>&nbsp;&nbsp;&nbsp;&rArr;&nbsp;&nbsp;&nbsp;<a href="#[36]">HIB_Handler</a><BR>
 <LI><a href="#[37]">USB0_Handler</a>&nbsp;&nbsp;&nbsp;&rArr;&nbsp;&nbsp;&nbsp;<a href="#[37]">USB0_Handler</a><BR>
 <LI><a href="#[38]">PWM0_3_Handler</a>&nbsp;&nbsp;&nbsp;&rArr;&nbsp;&nbsp;&nbsp;<a href="#[38]">PWM0_3_Handler</a><BR>
 <LI><a href="#[39]">UDMA_Handler</a>&nbsp;&nbsp;&nbsp;&rArr;&nbsp;&nbsp;&nbsp;<a href="#[39]">UDMA_Handler</a><BR>
 <LI><a href="#[3a]">UDMAERR_Handler</a>&nbsp;&nbsp;&nbsp;&rArr;&nbsp;&nbsp;&nbsp;<a href="#[3a]">UDMAERR_Handler</a><BR>
 <LI><a href="#[3b]">ADC1SS0_Handler</a>&nbsp;&nbsp;&nbsp;&rArr;&nbsp;&nbsp;&nbsp;<a href="#[3b]">ADC1SS0_Handler</a><BR>
 <LI><a href="#[3c]">ADC1SS1_Handler</a>&nbsp;&nbsp;&nbsp;&rArr;&nbsp;&nbsp;&nbsp;<a href="#[3c]">ADC1SS1_Handler</a><BR>
 <LI><a href="#[3d]">ADC1SS2_Handler</a>&nbsp;&nbsp;&nbsp;&rArr;&nbsp;&nbsp;&nbsp;<a href="#[3d]">ADC1SS2_Handler</a><BR>
 <LI><a href="#[3e]">ADC1SS3_Handler</a>&nbsp;&nbsp;&nbsp;&rArr;&nbsp;&nbsp;&nbsp;<a href="#[3e]">ADC1SS3_Handler</a><BR>
 <LI><a href="#[3f]">GPIOJ_Handler</a>&nbsp;&nbsp;&nbsp;&rArr;&nbsp;&nbsp;&nbsp;<a href="#[3f]">GPIOJ_Handler</a><BR>
 <LI><a href="#[40]">GPIOK_Handler</a>&nbsp;&nbsp;&nbsp;&rArr;&nbsp;&nbsp;&nbsp;<a href="#[40]">GPIOK_Handler</a><BR>
 <LI><a href="#[41]">GPIOL_Handler</a>&nbsp;&nbsp;&nbsp;&rArr;&nbsp;&nbsp;&nbsp;<a href="#[41]">GPIOL_Handler</a><BR>
 <LI><a href="#[42]">SSI2_Handler</a>&nbsp;&nbsp;&nbsp;&rArr;&nbsp;&nbsp;&nbsp;<a href="#[42]">SSI2_Handler</a><BR>
 <LI><a href="#[43]">SSI3_Handler</a>&nbsp;&nbsp;&nbsp;&rArr;&nbsp;&nbsp;&nbsp;<a href="#[43]">SSI3_Handler</a><BR>
 <LI><a href="#[44]">UART3_Handler</a>&nbsp;&nbsp;&nbsp;&rArr;&nbsp;&nbsp;&nbsp;<a href="#[44]">UART3_Handler</a><BR>
 <LI><a href="#[45]">UART4_Handler</a>&nbsp;&nbsp;&nbsp;&rArr;&nbsp;&nbsp;&nbsp;<a href="#[45]">UART4_Handler</a><BR>
 <LI><a href="#[46]">UART5_Handler</a>&nbsp;&nbsp;&nbsp;&rArr;&nbsp;&nbsp;&nbsp;<a href="#[46]">UART5_Handler</a><BR>
 <LI><a href="#[47]">UART6_Handler</a>&nbsp;&nbsp;&nbsp;&rArr;&nbsp;&nbsp;&nbsp;<a href="#[47]">UART6_Handler</a><BR>
 <LI><a href="#[48]">UART7_Handler</a>&nbsp;&nbsp;&nbsp;&rArr;&nbsp;&nbsp;&nbsp;<a href="#[48]">UART7_Handler</a><BR>
 <LI><a href="#[49]">I2C2_Handler</a>&nbsp;&nbsp;&nbsp;&rArr;&nbsp;&nbsp;&nbsp;<a href="#[49]">I2C2_Handler</a><BR>
 <LI><a href="#[4a]">I2C3_Handler</a>&nbsp;&nbsp;&nbsp;&rArr;&nbsp;&nbsp;&nbsp;<a href="#[4a]">I2C3_Handler</a><BR>
 <LI><a href="#[4b]">TIMER4A_Handler</a>&nbsp;&nbsp;&nbsp;&rArr;&nbsp;&nbsp;&nbsp;<a href="#[4b]">TIMER4A_Handler</a><BR>
 <LI><a href="#[4c]">TIMER4B_Handler</a>&nbsp;&nbsp;&nbsp;&rArr;&nbsp;&nbsp;&nbsp;<a href="#[4c]">TIMER4B_Handler</a><BR>
 <LI><a href="#[4d]">TIMER5A_Handler</a>&nbsp;&nbsp;&nbsp;&rArr;&nbsp;&nbsp;&nbsp;<a href="#[4d]">TIMER5A_Handler</a><BR>
 <LI><a href="#[4e]">TIMER5B_Handler</a>&nbsp;&nbsp;&nbsp;&rArr;&nbsp;&nbsp;&nbsp;<a href="#[4e]">TIMER5B_Handler</a><BR>
 <LI><a href="#[4f]">WTIMER0A_Handler</a>&nbsp;&nbsp;&nbsp;&rArr;&nbsp;&nbsp;&nbsp;<a href="#[4f]">WTIMER0A_Handler</a><BR>
 <LI><a href="#[50]">WTIMER0B_Handler</a>&nbsp;&nbsp;&nbsp;&rArr;&nbsp;&nbsp;&nbsp;<a href="#[50]">WTIMER0B_Handler</a><BR>
 <LI><a href="#[51]">WTIMER1A_Handler</a>&nbsp;&nbsp;&nbsp;&rArr;&nbsp;&nbsp;&nbsp;<a href="#[51]">WTIMER1A_Handler</a><BR>
 <LI><a href="#[52]">WTIMER1B_Handler</a>&nbsp;&nbsp;&nbsp;&rArr;&nbsp;&nbsp;&nbsp;<a href="#[52]">WTIMER1B_Handler</a><BR>
 <LI><a href="#[53]">WTIMER2A_Handler</a>&nbsp;&nbsp;&nbsp;&rArr;&nbsp;&nbsp;&nbsp;<a href="#[53]">WTIMER2A_Handler</a><BR>
 <LI><a href="#[54]">WTIMER2B_Handler</a>&nbsp;&nbsp;&nbsp;&rArr;&nbsp;&nbsp;&nbsp;<a href="#[54]">WTIMER2B_Handler</a><BR>
 <LI><a href="#[55]">WTIMER3A_Handler</a>&nbsp;&nbsp;&nbsp;&rArr;&nbsp;&nbsp;&nbsp;<a href="#[55]">WTIMER3A_Handler</a><BR>
 <LI><a href="#[56]">WTIMER3B_Handler</a>&nbsp;&nbsp;&nbsp;&rArr;&nbsp;&nbsp;&nbsp;<a href="#[56]">WTIMER3B_Handler</a><BR>
 <LI><a href="#[57]">WTIMER4A_Handler</a>&nbsp;&nbsp;&nbsp;&rArr;&nbsp;&nbsp;&nbsp;<a href="#[57]">WTIMER4A_Handler</a><BR>
 <LI><a href="#[58]">WTIMER4B_Handler</a>&nbsp;&nbsp;&nbsp;&rArr;&nbsp;&nbsp;&nbsp;<a href="#[58]">WTIMER4B_Handler</a><BR>
 <LI><a href="#[59]">WTIMER5A_Handler</a>&nbsp;&nbsp;&nbsp;&rArr;&nbsp;&nbsp;&nbsp;<a href="#[59]">WTIMER5A_Handler</a><BR>
 <LI><a href="#[5a]">WTIMER5B_Handler</a>&nbsp;&nbsp;&nbsp;&rArr;&nbsp;&nbsp;&nbsp;<a href="#[5a]">WTIMER5B_Handler</a><BR>
 <LI><a href="#[5b]">FPU_Handler</a>&nbsp;&nbsp;&nbsp;&rArr;&nbsp;&nbsp;&nbsp;<a href="#[5b]">FPU_Handler</a><BR>
 <LI><a href="#[5c]">I2C4_Handler</a>&nbsp;&nbsp;&nbsp;&rArr;&nbsp;&nbsp;&nbsp;<a href="#[5c]">I2C4_Handler</a><BR>
 <LI><a href="#[5d]">I2C5_Handler</a>&nbsp;&nbsp;&nbsp;&rArr;&nbsp;&nbsp;&nbsp;<a href="#[5d]">I2C5_Handler</a><BR>
 <LI><a href="#[5e]">GPIOM_Handler</a>&nbsp;&nbsp;&nbsp;&rArr;&nbsp;&nbsp;&nbsp;<a href="#[5e]">GPIOM_Handler</a><BR>
 <LI><a href="#[5f]">GPION_Handler</a>&nbsp;&nbsp;&nbsp;&rArr;&nbsp;&nbsp;&nbsp;<a href="#[5f]">GPION_Handler</a><BR>
 <LI><a href="#[60]">QEI2_Handler</a>&nbsp;&nbsp;&nbsp;&rArr;&nbsp;&nbsp;&nbsp;<a href="#[60]">QEI2_Handler</a><BR>
 <LI><a href="#[61]">GPIOP0_Handler</a>&nbsp;&nbsp;&nbsp;&rArr;&nbsp;&nbsp;&nbsp;<a href="#[61]">GPIOP0_Handler</a><BR>
 <LI><a href="#[62]">GPIOP1_Handler</a>&nbsp;&nbsp;&nbsp;&rArr;&nbsp;&nbsp;&nbsp;<a href="#[62]">GPIOP1_Handler</a><BR>
 <LI><a href="#[63]">GPIOP2_Handler</a>&nbsp;&nbsp;&nbsp;&rArr;&nbsp;&nbsp;&nbsp;<a href="#[63]">GPIOP2_Handler</a><BR>
 <LI><a href="#[64]">GPIOP3_Handler</a>&nbsp;&nbsp;&nbsp;&rArr;&nbsp;&nbsp;&nbsp;<a href="#[64]">GPIOP3_Handler</a><BR>
 <LI><a href="#[65]">GPIOP4_Handler</a>&nbsp;&nbsp;&nbsp;&rArr;&nbsp;&nbsp;&nbsp;<a href="#[65]">GPIOP4_Handler</a><BR>
 <LI><a href="#[66]">GPIOP5_Handler</a>&nbsp;&nbsp;&nbsp;&rArr;&nbsp;&nbsp;&nbsp;<a href="#[66]">GPIOP5_Handler</a><BR>
 <LI><a href="#[67]">GPIOP6_Handler</a>&nbsp;&nbsp;&nbsp;&rArr;&nbsp;&nbsp;&nbsp;<a href="#[67]">GPIOP6_Handler</a><BR>
 <LI><a href="#[68]">GPIOP7_Handler</a>&nbsp;&nbsp;&nbsp;&rArr;&nbsp;&nbsp;&nbsp;<a href="#[68]">GPIOP7_Handler</a><BR>
 <LI><a href="#[69]">GPIOQ0_Handler</a>&nbsp;&nbsp;&nbsp;&rArr;&nbsp;&nbsp;&nbsp;<a href="#[69]">GPIOQ0_Handler</a><BR>
 <LI><a href="#[6a]">GPIOQ1_Handler</a>&nbsp;&nbsp;&nbsp;&rArr;&nbsp;&nbsp;&nbsp;<a href="#[6a]">GPIOQ1_Handler</a><BR>
 <LI><a href="#[6b]">GPIOQ2_Handler</a>&nbsp;&nbsp;&nbsp;&rArr;&nbsp;&nbsp;&nbsp;<a href="#[6b]">GPIOQ2_Handler</a><BR>
 <LI><a href="#[6c]">GPIOQ3_Handler</a>&nbsp;&nbsp;&nbsp;&rArr;&nbsp;&nbsp;&nbsp;<a href="#[6c]">GPIOQ3_Handler</a><BR>
 <LI><a href="#[6d]">GPIOQ4_Handler</a>&nbsp;&nbsp;&nbsp;&rArr;&nbsp;&nbsp;&nbsp;<a href="#[6d]">GPIOQ4_Handler</a><BR>
 <LI><a href="#[6e]">GPIOQ5_Handler</a>&nbsp;&nbsp;&nbsp;&rArr;&nbsp;&nbsp;&nbsp;<a href="#[6e]">GPIOQ5_Handler</a><BR>
 <LI><a href="#[6f]">GPIOQ6_Handler</a>&nbsp;&nbsp;&nbsp;&rArr;&nbsp;&nbsp;&nbsp;<a href="#[6f]">GPIOQ6_Handler</a><BR>
 <LI><a href="#[70]">GPIOQ7_Handler</a>&nbsp;&nbsp;&nbsp;&rArr;&nbsp;&nbsp;&nbsp;<a href="#[70]">GPIOQ7_Handler</a><BR>
 <LI><a href="#[71]">GPIOR_Handler</a>&nbsp;&nbsp;&nbsp;&rArr;&nbsp;&nbsp;&nbsp;<a href="#[71]">GPIOR_Handler</a><BR>
 <LI><a href="#[72]">GPIOS_Handler</a>&nbsp;&nbsp;&nbsp;&rArr;&nbsp;&nbsp;&nbsp;<a href="#[72]">GPIOS_Handler</a><BR>
 <LI><a href="#[73]">PMW1_0_Handler</a>&nbsp;&nbsp;&nbsp;&rArr;&nbsp;&nbsp;&nbsp;<a href="#[73]">PMW1_0_Handler</a><BR>
 <LI><a href="#[74]">PWM1_1_Handler</a>&nbsp;&nbsp;&nbsp;&rArr;&nbsp;&nbsp;&nbsp;<a href="#[74]">PWM1_1_Handler</a><BR>
 <LI><a href="#[75]">PWM1_2_Handler</a>&nbsp;&nbsp;&nbsp;&rArr;&nbsp;&nbsp;&nbsp;<a href="#[75]">PWM1_2_Handler</a><BR>
 <LI><a href="#[76]">PWM1_3_Handler</a>&nbsp;&nbsp;&nbsp;&rArr;&nbsp;&nbsp;&nbsp;<a href="#[76]">PWM1_3_Handler</a><BR>
 <LI><a href="#[77]">PWM1_FAULT_Handler</a>&nbsp;&nbsp;&nbsp;&rArr;&nbsp;&nbsp;&nbsp;<a href="#[77]">PWM1_FAULT_Handler</a><BR>
 <LI><a href="#[8c]">SysCtlDelay</a>&nbsp;&nbsp;&nbsp;&rArr;&nbsp;&nbsp;&nbsp;<a href="#[8c]">SysCtlDelay</a><BR>
</UL>
<P>
<H3>
Function Pointers
</H3><UL>
 <LI><a href="#[1a]">ADC0SS0_Handler</a> from startup_tm4c123.o(.text) referenced from startup_tm4c123.o(RESET)
 <LI><a href="#[1b]">ADC0SS1_Handler</a> from startup_tm4c123.o(.text) referenced from startup_tm4c123.o(RESET)
 <LI><a href="#[1c]">ADC0SS2_Handler</a> from startup_tm4c123.o(.text) referenced from startup_tm4c123.o(RESET)
 <LI><a href="#[1d]">ADC0SS3_Handler</a> from startup_tm4c123.o(.text) referenced from startup_tm4c123.o(RESET)
 <LI><a href="#[3b]">ADC1SS0_Handler</a> from startup_tm4c123.o(.text) referenced from startup_tm4c123.o(RESET)
 <LI><a href="#[3c]">ADC1SS1_Handler</a> from startup_tm4c123.o(.text) referenced from startup_tm4c123.o(RESET)
 <LI><a href="#[3d]">ADC1SS2_Handler</a> from startup_tm4c123.o(.text) referenced from startup_tm4c123.o(RESET)
 <LI><a href="#[3e]">ADC1SS3_Handler</a> from startup_tm4c123.o(.text) referenced from startup_tm4c123.o(RESET)
 <LI><a href="#[6]">BusFault_Handler</a> from startup_tm4c123.o(.text) referenced from startup_tm4c123.o(RESET)
 <LI><a href="#[33]">CAN0_Handler</a> from startup_tm4c123.o(.text) referenced from startup_tm4c123.o(RESET)
 <LI><a href="#[34]">CAN1_Handler</a> from startup_tm4c123.o(.text) referenced from startup_tm4c123.o(RESET)
 <LI><a href="#[35]">CAN2_Handler</a> from startup_tm4c123.o(.text) referenced from startup_tm4c123.o(RESET)
 <LI><a href="#[25]">COMP0_Handler</a> from startup_tm4c123.o(.text) referenced from startup_tm4c123.o(RESET)
 <LI><a href="#[26]">COMP1_Handler</a> from startup_tm4c123.o(.text) referenced from startup_tm4c123.o(RESET)
 <LI><a href="#[27]">COMP2_Handler</a> from startup_tm4c123.o(.text) referenced from startup_tm4c123.o(RESET)
 <LI><a href="#[9]">DebugMon_Handler</a> from startup_tm4c123.o(.text) referenced from startup_tm4c123.o(RESET)
 <LI><a href="#[29]">FLASH_Handler</a> from startup_tm4c123.o(.text) referenced from startup_tm4c123.o(RESET)
 <LI><a href="#[5b]">FPU_Handler</a> from startup_tm4c123.o(.text) referenced from startup_tm4c123.o(RESET)
 <LI><a href="#[c]">GPIOA_Handler</a> from startup_tm4c123.o(.text) referenced from startup_tm4c123.o(RESET)
 <LI><a href="#[d]">GPIOB_Handler</a> from startup_tm4c123.o(.text) referenced from startup_tm4c123.o(RESET)
 <LI><a href="#[e]">GPIOC_Handler</a> from startup_tm4c123.o(.text) referenced from startup_tm4c123.o(RESET)
 <LI><a href="#[f]">GPIOD_Handler</a> from startup_tm4c123.o(.text) referenced from startup_tm4c123.o(RESET)
 <LI><a href="#[10]">GPIOE_Handler</a> from startup_tm4c123.o(.text) referenced from startup_tm4c123.o(RESET)
 <LI><a href="#[2a]">GPIOF_Handler</a> from startup_tm4c123.o(.text) referenced from startup_tm4c123.o(RESET)
 <LI><a href="#[2b]">GPIOG_Handler</a> from startup_tm4c123.o(.text) referenced from startup_tm4c123.o(RESET)
 <LI><a href="#[2c]">GPIOH_Handler</a> from startup_tm4c123.o(.text) referenced from startup_tm4c123.o(RESET)
 <LI><a href="#[3f]">GPIOJ_Handler</a> from startup_tm4c123.o(.text) referenced from startup_tm4c123.o(RESET)
 <LI><a href="#[40]">GPIOK_Handler</a> from startup_tm4c123.o(.text) referenced from startup_tm4c123.o(RESET)
 <LI><a href="#[41]">GPIOL_Handler</a> from startup_tm4c123.o(.text) referenced from startup_tm4c123.o(RESET)
 <LI><a href="#[5e]">GPIOM_Handler</a> from startup_tm4c123.o(.text) referenced from startup_tm4c123.o(RESET)
 <LI><a href="#[5f]">GPION_Handler</a> from startup_tm4c123.o(.text) referenced from startup_tm4c123.o(RESET)
 <LI><a href="#[61]">GPIOP0_Handler</a> from startup_tm4c123.o(.text) referenced from startup_tm4c123.o(RESET)
 <LI><a href="#[62]">GPIOP1_Handler</a> from startup_tm4c123.o(.text) referenced from startup_tm4c123.o(RESET)
 <LI><a href="#[63]">GPIOP2_Handler</a> from startup_tm4c123.o(.text) referenced from startup_tm4c123.o(RESET)
 <LI><a href="#[64]">GPIOP3_Handler</a> from startup_tm4c123.o(.text) referenced from startup_tm4c123.o(RESET)
 <LI><a href="#[65]">GPIOP4_Handler</a> from startup_tm4c123.o(.text) referenced from startup_tm4c123.o(RESET)
 <LI><a href="#[66]">GPIOP5_Handler</a> from startup_tm4c123.o(.text) referenced from startup_tm4c123.o(RESET)
 <LI><a href="#[67]">GPIOP6_Handler</a> from startup_tm4c123.o(.text) referenced from startup_tm4c123.o(RESET)
 <LI><a href="#[68]">GPIOP7_Handler</a> from startup_tm4c123.o(.text) referenced from startup_tm4c123.o(RESET)
 <LI><a href="#[69]">GPIOQ0_Handler</a> from startup_tm4c123.o(.text) referenced from startup_tm4c123.o(RESET)
 <LI><a href="#[6a]">GPIOQ1_Handler</a> from startup_tm4c123.o(.text) referenced from startup_tm4c123.o(RESET)
 <LI><a href="#[6b]">GPIOQ2_Handler</a> from startup_tm4c123.o(.text) referenced from startup_tm4c123.o(RESET)
 <LI><a href="#[6c]">GPIOQ3_Handler</a> from startup_tm4c123.o(.text) referenced from startup_tm4c123.o(RESET)
 <LI><a href="#[6d]">GPIOQ4_Handler</a> from startup_tm4c123.o(.text) referenced from startup_tm4c123.o(RESET)
 <LI><a href="#[6e]">GPIOQ5_Handler</a> from startup_tm4c123.o(.text) referenced from startup_tm4c123.o(RESET)
 <LI><a href="#[6f]">GPIOQ6_Handler</a> from startup_tm4c123.o(.text) referenced from startup_tm4c123.o(RESET)
 <LI><a href="#[70]">GPIOQ7_Handler</a> from startup_tm4c123.o(.text) referenced from startup_tm4c123.o(RESET)
 <LI><a href="#[71]">GPIOR_Handler</a> from startup_tm4c123.o(.text) referenced from startup_tm4c123.o(RESET)
 <LI><a href="#[72]">GPIOS_Handler</a> from startup_tm4c123.o(.text) referenced from startup_tm4c123.o(RESET)
 <LI><a href="#[36]">HIB_Handler</a> from startup_tm4c123.o(.text) referenced from startup_tm4c123.o(RESET)
 <LI><a href="#[4]">HardFault_Handler</a> from startup_tm4c123.o(.text) referenced from startup_tm4c123.o(RESET)
 <LI><a href="#[14]">I2C0_Handler</a> from startup_tm4c123.o(.text) referenced from startup_tm4c123.o(RESET)
 <LI><a href="#[31]">I2C1_Handler</a> from startup_tm4c123.o(.text) referenced from startup_tm4c123.o(RESET)
 <LI><a href="#[49]">I2C2_Handler</a> from startup_tm4c123.o(.text) referenced from startup_tm4c123.o(RESET)
 <LI><a href="#[4a]">I2C3_Handler</a> from startup_tm4c123.o(.text) referenced from startup_tm4c123.o(RESET)
 <LI><a href="#[5c]">I2C4_Handler</a> from startup_tm4c123.o(.text) referenced from startup_tm4c123.o(RESET)
 <LI><a href="#[5d]">I2C5_Handler</a> from startup_tm4c123.o(.text) referenced from startup_tm4c123.o(RESET)
 <LI><a href="#[5]">MemManage_Handler</a> from startup_tm4c123.o(.text) referenced from startup_tm4c123.o(RESET)
 <LI><a href="#[3]">NMI_Handler</a> from startup_tm4c123.o(.text) referenced from startup_tm4c123.o(RESET)
 <LI><a href="#[15]">PMW0_FAULT_Handler</a> from startup_tm4c123.o(.text) referenced from startup_tm4c123.o(RESET)
 <LI><a href="#[73]">PMW1_0_Handler</a> from startup_tm4c123.o(.text) referenced from startup_tm4c123.o(RESET)
 <LI><a href="#[16]">PWM0_0_Handler</a> from startup_tm4c123.o(.text) referenced from startup_tm4c123.o(RESET)
 <LI><a href="#[17]">PWM0_1_Handler</a> from startup_tm4c123.o(.text) referenced from startup_tm4c123.o(RESET)
 <LI><a href="#[18]">PWM0_2_Handler</a> from startup_tm4c123.o(.text) referenced from startup_tm4c123.o(RESET)
 <LI><a href="#[38]">PWM0_3_Handler</a> from startup_tm4c123.o(.text) referenced from startup_tm4c123.o(RESET)
 <LI><a href="#[74]">PWM1_1_Handler</a> from startup_tm4c123.o(.text) referenced from startup_tm4c123.o(RESET)
 <LI><a href="#[75]">PWM1_2_Handler</a> from startup_tm4c123.o(.text) referenced from startup_tm4c123.o(RESET)
 <LI><a href="#[76]">PWM1_3_Handler</a> from startup_tm4c123.o(.text) referenced from startup_tm4c123.o(RESET)
 <LI><a href="#[77]">PWM1_FAULT_Handler</a> from startup_tm4c123.o(.text) referenced from startup_tm4c123.o(RESET)
 <LI><a href="#[a]">PendSV_Handler</a> from startup_tm4c123.o(.text) referenced from startup_tm4c123.o(RESET)
 <LI><a href="#[19]">QEI0_Handler</a> from startup_tm4c123.o(.text) referenced from startup_tm4c123.o(RESET)
 <LI><a href="#[32]">QEI1_Handler</a> from startup_tm4c123.o(.text) referenced from startup_tm4c123.o(RESET)
 <LI><a href="#[60]">QEI2_Handler</a> from startup_tm4c123.o(.text) referenced from startup_tm4c123.o(RESET)
 <LI><a href="#[2]">Reset_Handler</a> from startup_tm4c123.o(.text) referenced from startup_tm4c123.o(RESET)
 <LI><a href="#[13]">SSI0_Handler</a> from startup_tm4c123.o(.text) referenced from startup_tm4c123.o(RESET)
 <LI><a href="#[2e]">SSI1_Handler</a> from startup_tm4c123.o(.text) referenced from startup_tm4c123.o(RESET)
 <LI><a href="#[42]">SSI2_Handler</a> from startup_tm4c123.o(.text) referenced from startup_tm4c123.o(RESET)
 <LI><a href="#[43]">SSI3_Handler</a> from startup_tm4c123.o(.text) referenced from startup_tm4c123.o(RESET)
 <LI><a href="#[8]">SVC_Handler</a> from startup_tm4c123.o(.text) referenced from startup_tm4c123.o(RESET)
 <LI><a href="#[28]">SYSCTL_Handler</a> from startup_tm4c123.o(.text) referenced from startup_tm4c123.o(RESET)
 <LI><a href="#[b]">SysTick_Handler</a> from startup_tm4c123.o(.text) referenced from startup_tm4c123.o(RESET)
 <LI><a href="#[78]">SystemInit</a> from system_tm4c123.o(.text.SystemInit) referenced from startup_tm4c123.o(.text)
 <LI><a href="#[1f]">TIMER0A_Handler</a> from startup_tm4c123.o(.text) referenced from startup_tm4c123.o(RESET)
 <LI><a href="#[20]">TIMER0B_Handler</a> from startup_tm4c123.o(.text) referenced from startup_tm4c123.o(RESET)
 <LI><a href="#[21]">TIMER1A_Handler</a> from startup_tm4c123.o(.text) referenced from startup_tm4c123.o(RESET)
 <LI><a href="#[22]">TIMER1B_Handler</a> from startup_tm4c123.o(.text) referenced from startup_tm4c123.o(RESET)
 <LI><a href="#[23]">TIMER2A_Handler</a> from startup_tm4c123.o(.text) referenced from startup_tm4c123.o(RESET)
 <LI><a href="#[24]">TIMER2B_Handler</a> from startup_tm4c123.o(.text) referenced from startup_tm4c123.o(RESET)
 <LI><a href="#[2f]">TIMER3A_Handler</a> from startup_tm4c123.o(.text) referenced from startup_tm4c123.o(RESET)
 <LI><a href="#[30]">TIMER3B_Handler</a> from startup_tm4c123.o(.text) referenced from startup_tm4c123.o(RESET)
 <LI><a href="#[4b]">TIMER4A_Handler</a> from startup_tm4c123.o(.text) referenced from startup_tm4c123.o(RESET)
 <LI><a href="#[4c]">TIMER4B_Handler</a> from startup_tm4c123.o(.text) referenced from startup_tm4c123.o(RESET)
 <LI><a href="#[4d]">TIMER5A_Handler</a> from startup_tm4c123.o(.text) referenced from startup_tm4c123.o(RESET)
 <LI><a href="#[4e]">TIMER5B_Handler</a> from startup_tm4c123.o(.text) referenced from startup_tm4c123.o(RESET)
 <LI><a href="#[11]">UART0_Handler</a> from startup_tm4c123.o(.text) referenced from startup_tm4c123.o(RESET)
 <LI><a href="#[12]">UART1_Handler</a> from startup_tm4c123.o(.text) referenced from startup_tm4c123.o(RESET)
 <LI><a href="#[2d]">UART2_Handler</a> from startup_tm4c123.o(.text) referenced from startup_tm4c123.o(RESET)
 <LI><a href="#[44]">UART3_Handler</a> from startup_tm4c123.o(.text) referenced from startup_tm4c123.o(RESET)
 <LI><a href="#[45]">UART4_Handler</a> from startup_tm4c123.o(.text) referenced from startup_tm4c123.o(RESET)
 <LI><a href="#[46]">UART5_Handler</a> from startup_tm4c123.o(.text) referenced from startup_tm4c123.o(RESET)
 <LI><a href="#[47]">UART6_Handler</a> from startup_tm4c123.o(.text) referenced from startup_tm4c123.o(RESET)
 <LI><a href="#[48]">UART7_Handler</a> from startup_tm4c123.o(.text) referenced from startup_tm4c123.o(RESET)
 <LI><a href="#[3a]">UDMAERR_Handler</a> from startup_tm4c123.o(.text) referenced from startup_tm4c123.o(RESET)
 <LI><a href="#[39]">UDMA_Handler</a> from startup_tm4c123.o(.text) referenced from startup_tm4c123.o(RESET)
 <LI><a href="#[37]">USB0_Handler</a> from startup_tm4c123.o(.text) referenced from startup_tm4c123.o(RESET)
 <LI><a href="#[7]">UsageFault_Handler</a> from startup_tm4c123.o(.text) referenced from startup_tm4c123.o(RESET)
 <LI><a href="#[1e]">WDT0_Handler</a> from startup_tm4c123.o(.text) referenced from startup_tm4c123.o(RESET)
 <LI><a href="#[4f]">WTIMER0A_Handler</a> from startup_tm4c123.o(.text) referenced from startup_tm4c123.o(RESET)
 <LI><a href="#[50]">WTIMER0B_Handler</a> from startup_tm4c123.o(.text) referenced from startup_tm4c123.o(RESET)
 <LI><a href="#[51]">WTIMER1A_Handler</a> from startup_tm4c123.o(.text) referenced from startup_tm4c123.o(RESET)
 <LI><a href="#[52]">WTIMER1B_Handler</a> from startup_tm4c123.o(.text) referenced from startup_tm4c123.o(RESET)
 <LI><a href="#[53]">WTIMER2A_Handler</a> from startup_tm4c123.o(.text) referenced from startup_tm4c123.o(RESET)
 <LI><a href="#[54]">WTIMER2B_Handler</a> from startup_tm4c123.o(.text) referenced from startup_tm4c123.o(RESET)
 <LI><a href="#[55]">WTIMER3A_Handler</a> from startup_tm4c123.o(.text) referenced from startup_tm4c123.o(RESET)
 <LI><a href="#[56]">WTIMER3B_Handler</a> from startup_tm4c123.o(.text) referenced from startup_tm4c123.o(RESET)
 <LI><a href="#[57]">WTIMER4A_Handler</a> from startup_tm4c123.o(.text) referenced from startup_tm4c123.o(RESET)
 <LI><a href="#[58]">WTIMER4B_Handler</a> from startup_tm4c123.o(.text) referenced from startup_tm4c123.o(RESET)
 <LI><a href="#[59]">WTIMER5A_Handler</a> from startup_tm4c123.o(.text) referenced from startup_tm4c123.o(RESET)
 <LI><a href="#[5a]">WTIMER5B_Handler</a> from startup_tm4c123.o(.text) referenced from startup_tm4c123.o(RESET)
 <LI><a href="#[79]">__main</a> from __main.o(!!!main) referenced from startup_tm4c123.o(.text)
 <LI><a href="#[0]">hal_i2cRead</a> from hal.o(.text.hal_i2cRead) referenced 2 times from test.o(.data.senzor)
 <LI><a href="#[1]">hal_i2cWrite</a> from hal.o(.text.hal_i2cWrite) referenced 2 times from test.o(.data.senzor)
 <LI><a href="#[7b]">interruptPinHandler</a> from hal.o(.text.interruptPinHandler) referenced 2 times from hal.o(.text.hal_configureInterruptPin)
 <LI><a href="#[7d]">pinInterruptHandler</a> from test.o(.text.pinInterruptHandler) referenced 2 times from test.o(.text.test_init)
 <LI><a href="#[7a]">timerHandler</a> from hal.o(.text.timerHandler) referenced 2 times from hal.o(.text.hal_configure1msInterrupt)
 <LI><a href="#[7c]">timerHandler</a> from test.o(.text.timerHandler) referenced 2 times from test.o(.text.test_init)
</UL>
<P>
<H3>
Global Symbols
</H3>
<P><STRONG><a name="[79]"></a>__main</STRONG> (Thumb, 8 bytes, Stack size 0 bytes, __main.o(!!!main))
<BR><BR>[Calls]<UL><LI><a href="#[7f]">&gt;&gt;</a>&nbsp;&nbsp;&nbsp;__rt_entry
<LI><a href="#[7e]">&gt;&gt;</a>&nbsp;&nbsp;&nbsp;__scatterload
</UL>
<BR>[Address Reference Count : 1]<UL><LI> startup_tm4c123.o(.text)
</UL>
<P><STRONG><a name="[7e]"></a>__scatterload</STRONG> (Thumb, 0 bytes, Stack size unknown bytes, __scatter.o(!!!scatter))
<BR><BR>[Called By]<UL><LI><a href="#[79]">&gt;&gt;</a>&nbsp;&nbsp;&nbsp;__main
</UL>

<P><STRONG><a name="[80]"></a>__scatterload_rt2</STRONG> (Thumb, 44 bytes, Stack size unknown bytes, __scatter.o(!!!scatter), UNUSED)
<BR><BR>[Calls]<UL><LI><a href="#[7f]">&gt;&gt;</a>&nbsp;&nbsp;&nbsp;__rt_entry
</UL>

<P><STRONG><a name="[f8]"></a>__scatterload_rt2_thumb_only</STRONG> (Thumb, 0 bytes, Stack size unknown bytes, __scatter.o(!!!scatter), UNUSED)

<P><STRONG><a name="[f9]"></a>__scatterload_null</STRONG> (Thumb, 0 bytes, Stack size unknown bytes, __scatter.o(!!!scatter), UNUSED)

<P><STRONG><a name="[fa]"></a>__decompress</STRONG> (Thumb, 58 bytes, Stack size unknown bytes, __dczerorl.o(!!dczerorl), UNUSED)

<P><STRONG><a name="[fb]"></a>__decompress0</STRONG> (Thumb, 0 bytes, Stack size unknown bytes, __dczerorl.o(!!dczerorl), UNUSED)

<P><STRONG><a name="[fc]"></a>__scatterload_zeroinit</STRONG> (Thumb, 28 bytes, Stack size unknown bytes, __scatter_zi.o(!!handler_zi), UNUSED)

<P><STRONG><a name="[84]"></a>__rt_lib_init</STRONG> (Thumb, 0 bytes, Stack size unknown bytes, libinit.o(.ARM.Collect$$libinit$$00000000))
<BR><BR>[Called By]<UL><LI><a href="#[83]">&gt;&gt;</a>&nbsp;&nbsp;&nbsp;__rt_entry_li
</UL>

<P><STRONG><a name="[81]"></a>__rt_lib_init_fp_1</STRONG> (Thumb, 0 bytes, Stack size unknown bytes, libinit2.o(.ARM.Collect$$libinit$$00000001))
<BR><BR>[Calls]<UL><LI><a href="#[82]">&gt;&gt;</a>&nbsp;&nbsp;&nbsp;_fp_init
</UL>

<P><STRONG><a name="[fd]"></a>__rt_lib_init_alloca_1</STRONG> (Thumb, 0 bytes, Stack size unknown bytes, libinit2.o(.ARM.Collect$$libinit$$0000002E))

<P><STRONG><a name="[fe]"></a>__rt_lib_init_argv_1</STRONG> (Thumb, 0 bytes, Stack size unknown bytes, libinit2.o(.ARM.Collect$$libinit$$0000002C))

<P><STRONG><a name="[ff]"></a>__rt_lib_init_atexit_1</STRONG> (Thumb, 0 bytes, Stack size unknown bytes, libinit2.o(.ARM.Collect$$libinit$$0000001B))

<P><STRONG><a name="[100]"></a>__rt_lib_init_clock_1</STRONG> (Thumb, 0 bytes, Stack size unknown bytes, libinit2.o(.ARM.Collect$$libinit$$00000021))

<P><STRONG><a name="[101]"></a>__rt_lib_init_cpp_1</STRONG> (Thumb, 0 bytes, Stack size unknown bytes, libinit2.o(.ARM.Collect$$libinit$$00000032))

<P><STRONG><a name="[102]"></a>__rt_lib_init_exceptions_1</STRONG> (Thumb, 0 bytes, Stack size unknown bytes, libinit2.o(.ARM.Collect$$libinit$$00000030))

<P><STRONG><a name="[103]"></a>__rt_lib_init_fp_trap_1</STRONG> (Thumb, 0 bytes, Stack size unknown bytes, libinit2.o(.ARM.Collect$$libinit$$0000001F))

<P><STRONG><a name="[104]"></a>__rt_lib_init_getenv_1</STRONG> (Thumb, 0 bytes, Stack size unknown bytes, libinit2.o(.ARM.Collect$$libinit$$00000023))

<P><STRONG><a name="[105]"></a>__rt_lib_init_heap_1</STRONG> (Thumb, 0 bytes, Stack size unknown bytes, libinit2.o(.ARM.Collect$$libinit$$0000000A))

<P><STRONG><a name="[106]"></a>__rt_lib_init_lc_collate_1</STRONG> (Thumb, 0 bytes, Stack size unknown bytes, libinit2.o(.ARM.Collect$$libinit$$00000011))

<P><STRONG><a name="[107]"></a>__rt_lib_init_lc_ctype_1</STRONG> (Thumb, 0 bytes, Stack size unknown bytes, libinit2.o(.ARM.Collect$$libinit$$00000013))

<P><STRONG><a name="[108]"></a>__rt_lib_init_lc_monetary_1</STRONG> (Thumb, 0 bytes, Stack size unknown bytes, libinit2.o(.ARM.Collect$$libinit$$00000015))

<P><STRONG><a name="[109]"></a>__rt_lib_init_lc_numeric_1</STRONG> (Thumb, 0 bytes, Stack size unknown bytes, libinit2.o(.ARM.Collect$$libinit$$00000017))

<P><STRONG><a name="[10a]"></a>__rt_lib_init_lc_time_1</STRONG> (Thumb, 0 bytes, Stack size unknown bytes, libinit2.o(.ARM.Collect$$libinit$$00000019))

<P><STRONG><a name="[10b]"></a>__rt_lib_init_preinit_1</STRONG> (Thumb, 0 bytes, Stack size unknown bytes, libinit2.o(.ARM.Collect$$libinit$$00000004))

<P><STRONG><a name="[10c]"></a>__rt_lib_init_rand_1</STRONG> (Thumb, 0 bytes, Stack size unknown bytes, libinit2.o(.ARM.Collect$$libinit$$0000000E))

<P><STRONG><a name="[10d]"></a>__rt_lib_init_return</STRONG> (Thumb, 0 bytes, Stack size unknown bytes, libinit2.o(.ARM.Collect$$libinit$$00000033))

<P><STRONG><a name="[10e]"></a>__rt_lib_init_signal_1</STRONG> (Thumb, 0 bytes, Stack size unknown bytes, libinit2.o(.ARM.Collect$$libinit$$0000001D))

<P><STRONG><a name="[10f]"></a>__rt_lib_init_stdio_1</STRONG> (Thumb, 0 bytes, Stack size unknown bytes, libinit2.o(.ARM.Collect$$libinit$$00000025))

<P><STRONG><a name="[110]"></a>__rt_lib_init_user_alloc_1</STRONG> (Thumb, 0 bytes, Stack size unknown bytes, libinit2.o(.ARM.Collect$$libinit$$0000000C))

<P><STRONG><a name="[89]"></a>__rt_lib_shutdown</STRONG> (Thumb, 0 bytes, Stack size unknown bytes, libshutdown.o(.ARM.Collect$$libshutdown$$00000000))
<BR><BR>[Called By]<UL><LI><a href="#[88]">&gt;&gt;</a>&nbsp;&nbsp;&nbsp;__rt_exit_ls
</UL>

<P><STRONG><a name="[111]"></a>__rt_lib_shutdown_cpp_1</STRONG> (Thumb, 0 bytes, Stack size unknown bytes, libshutdown2.o(.ARM.Collect$$libshutdown$$00000002))

<P><STRONG><a name="[112]"></a>__rt_lib_shutdown_fp_trap_1</STRONG> (Thumb, 0 bytes, Stack size unknown bytes, libshutdown2.o(.ARM.Collect$$libshutdown$$00000007))

<P><STRONG><a name="[113]"></a>__rt_lib_shutdown_heap_1</STRONG> (Thumb, 0 bytes, Stack size unknown bytes, libshutdown2.o(.ARM.Collect$$libshutdown$$0000000F))

<P><STRONG><a name="[114]"></a>__rt_lib_shutdown_return</STRONG> (Thumb, 0 bytes, Stack size unknown bytes, libshutdown2.o(.ARM.Collect$$libshutdown$$00000010))

<P><STRONG><a name="[115]"></a>__rt_lib_shutdown_signal_1</STRONG> (Thumb, 0 bytes, Stack size unknown bytes, libshutdown2.o(.ARM.Collect$$libshutdown$$0000000A))

<P><STRONG><a name="[116]"></a>__rt_lib_shutdown_stdio_1</STRONG> (Thumb, 0 bytes, Stack size unknown bytes, libshutdown2.o(.ARM.Collect$$libshutdown$$00000004))

<P><STRONG><a name="[117]"></a>__rt_lib_shutdown_user_alloc_1</STRONG> (Thumb, 0 bytes, Stack size unknown bytes, libshutdown2.o(.ARM.Collect$$libshutdown$$0000000C))

<P><STRONG><a name="[7f]"></a>__rt_entry</STRONG> (Thumb, 0 bytes, Stack size unknown bytes, __rtentry.o(.ARM.Collect$$rtentry$$00000000))
<BR><BR>[Called By]<UL><LI><a href="#[79]">&gt;&gt;</a>&nbsp;&nbsp;&nbsp;__main
<LI><a href="#[80]">&gt;&gt;</a>&nbsp;&nbsp;&nbsp;__scatterload_rt2
</UL>

<P><STRONG><a name="[118]"></a>__rt_entry_presh_1</STRONG> (Thumb, 0 bytes, Stack size unknown bytes, __rtentry2.o(.ARM.Collect$$rtentry$$00000002))

<P><STRONG><a name="[119]"></a>__rt_entry_sh</STRONG> (Thumb, 0 bytes, Stack size unknown bytes, __rtentry5.o(.ARM.Collect$$rtentry$$00000005))

<P><STRONG><a name="[83]"></a>__rt_entry_li</STRONG> (Thumb, 0 bytes, Stack size unknown bytes, __rtentry2.o(.ARM.Collect$$rtentry$$0000000A))
<BR><BR>[Calls]<UL><LI><a href="#[84]">&gt;&gt;</a>&nbsp;&nbsp;&nbsp;__rt_lib_init
</UL>

<P><STRONG><a name="[11a]"></a>__rt_entry_postsh_1</STRONG> (Thumb, 0 bytes, Stack size unknown bytes, __rtentry2.o(.ARM.Collect$$rtentry$$00000009))

<P><STRONG><a name="[85]"></a>__rt_entry_main</STRONG> (Thumb, 0 bytes, Stack size unknown bytes, __rtentry2.o(.ARM.Collect$$rtentry$$0000000D))
<BR><BR>[Stack]<UL><LI>Max Depth = 144 + Unknown Stack Size
<LI>Call Chain = __rt_entry_main &rArr; main &rArr; test_run &rArr; UARTprintf &rArr; UARTvprintf &rArr; UARTwrite
</UL>
<BR>[Calls]<UL><LI><a href="#[86]">&gt;&gt;</a>&nbsp;&nbsp;&nbsp;main
<LI><a href="#[87]">&gt;&gt;</a>&nbsp;&nbsp;&nbsp;exit
</UL>

<P><STRONG><a name="[11b]"></a>__rt_entry_postli_1</STRONG> (Thumb, 0 bytes, Stack size unknown bytes, __rtentry2.o(.ARM.Collect$$rtentry$$0000000C))

<P><STRONG><a name="[91]"></a>__rt_exit</STRONG> (Thumb, 0 bytes, Stack size unknown bytes, rtexit.o(.ARM.Collect$$rtexit$$00000000))
<BR><BR>[Called By]<UL><LI><a href="#[87]">&gt;&gt;</a>&nbsp;&nbsp;&nbsp;exit
</UL>

<P><STRONG><a name="[88]"></a>__rt_exit_ls</STRONG> (Thumb, 0 bytes, Stack size unknown bytes, rtexit2.o(.ARM.Collect$$rtexit$$00000003))
<BR><BR>[Calls]<UL><LI><a href="#[89]">&gt;&gt;</a>&nbsp;&nbsp;&nbsp;__rt_lib_shutdown
</UL>

<P><STRONG><a name="[11c]"></a>__rt_exit_prels_1</STRONG> (Thumb, 0 bytes, Stack size unknown bytes, rtexit2.o(.ARM.Collect$$rtexit$$00000002))

<P><STRONG><a name="[8a]"></a>__rt_exit_exit</STRONG> (Thumb, 0 bytes, Stack size unknown bytes, rtexit2.o(.ARM.Collect$$rtexit$$00000004))
<BR><BR>[Calls]<UL><LI><a href="#[8b]">&gt;&gt;</a>&nbsp;&nbsp;&nbsp;_sys_exit
</UL>

<P><STRONG><a name="[8c]"></a>SysCtlDelay</STRONG> (Thumb, 6 bytes, Stack size 0 bytes, sysctl.o(.emb_text))
<BR><BR>[Calls]<UL><LI><a href="#[8c]">&gt;&gt;</a>&nbsp;&nbsp;&nbsp;SysCtlDelay
</UL>
<BR>[Called By]<UL><LI><a href="#[bc]">&gt;&gt;</a>&nbsp;&nbsp;&nbsp;SysCtlClockSet
<LI><a href="#[8c]">&gt;&gt;</a>&nbsp;&nbsp;&nbsp;SysCtlDelay
</UL>

<P><STRONG><a name="[2]"></a>Reset_Handler</STRONG> (Thumb, 8 bytes, Stack size 0 bytes, startup_tm4c123.o(.text))
<BR>[Address Reference Count : 1]<UL><LI> startup_tm4c123.o(RESET)
</UL>
<P><STRONG><a name="[3]"></a>NMI_Handler</STRONG> (Thumb, 2 bytes, Stack size 0 bytes, startup_tm4c123.o(.text))
<BR><BR>[Calls]<UL><LI><a href="#[3]">&gt;&gt;</a>&nbsp;&nbsp;&nbsp;NMI_Handler
</UL>
<BR>[Called By]<UL><LI><a href="#[3]">&gt;&gt;</a>&nbsp;&nbsp;&nbsp;NMI_Handler
</UL>
<BR>[Address Reference Count : 1]<UL><LI> startup_tm4c123.o(RESET)
</UL>
<P><STRONG><a name="[4]"></a>HardFault_Handler</STRONG> (Thumb, 2 bytes, Stack size 0 bytes, startup_tm4c123.o(.text))
<BR><BR>[Calls]<UL><LI><a href="#[4]">&gt;&gt;</a>&nbsp;&nbsp;&nbsp;HardFault_Handler
</UL>
<BR>[Called By]<UL><LI><a href="#[4]">&gt;&gt;</a>&nbsp;&nbsp;&nbsp;HardFault_Handler
</UL>
<BR>[Address Reference Count : 1]<UL><LI> startup_tm4c123.o(RESET)
</UL>
<P><STRONG><a name="[5]"></a>MemManage_Handler</STRONG> (Thumb, 2 bytes, Stack size 0 bytes, startup_tm4c123.o(.text))
<BR><BR>[Calls]<UL><LI><a href="#[5]">&gt;&gt;</a>&nbsp;&nbsp;&nbsp;MemManage_Handler
</UL>
<BR>[Called By]<UL><LI><a href="#[5]">&gt;&gt;</a>&nbsp;&nbsp;&nbsp;MemManage_Handler
</UL>
<BR>[Address Reference Count : 1]<UL><LI> startup_tm4c123.o(RESET)
</UL>
<P><STRONG><a name="[6]"></a>BusFault_Handler</STRONG> (Thumb, 2 bytes, Stack size 0 bytes, startup_tm4c123.o(.text))
<BR><BR>[Calls]<UL><LI><a href="#[6]">&gt;&gt;</a>&nbsp;&nbsp;&nbsp;BusFault_Handler
</UL>
<BR>[Called By]<UL><LI><a href="#[6]">&gt;&gt;</a>&nbsp;&nbsp;&nbsp;BusFault_Handler
</UL>
<BR>[Address Reference Count : 1]<UL><LI> startup_tm4c123.o(RESET)
</UL>
<P><STRONG><a name="[7]"></a>UsageFault_Handler</STRONG> (Thumb, 2 bytes, Stack size 0 bytes, startup_tm4c123.o(.text))
<BR><BR>[Calls]<UL><LI><a href="#[7]">&gt;&gt;</a>&nbsp;&nbsp;&nbsp;UsageFault_Handler
</UL>
<BR>[Called By]<UL><LI><a href="#[7]">&gt;&gt;</a>&nbsp;&nbsp;&nbsp;UsageFault_Handler
</UL>
<BR>[Address Reference Count : 1]<UL><LI> startup_tm4c123.o(RESET)
</UL>
<P><STRONG><a name="[8]"></a>SVC_Handler</STRONG> (Thumb, 2 bytes, Stack size 0 bytes, startup_tm4c123.o(.text))
<BR><BR>[Calls]<UL><LI><a href="#[8]">&gt;&gt;</a>&nbsp;&nbsp;&nbsp;SVC_Handler
</UL>
<BR>[Called By]<UL><LI><a href="#[8]">&gt;&gt;</a>&nbsp;&nbsp;&nbsp;SVC_Handler
</UL>
<BR>[Address Reference Count : 1]<UL><LI> startup_tm4c123.o(RESET)
</UL>
<P><STRONG><a name="[9]"></a>DebugMon_Handler</STRONG> (Thumb, 2 bytes, Stack size 0 bytes, startup_tm4c123.o(.text))
<BR><BR>[Calls]<UL><LI><a href="#[9]">&gt;&gt;</a>&nbsp;&nbsp;&nbsp;DebugMon_Handler
</UL>
<BR>[Called By]<UL><LI><a href="#[9]">&gt;&gt;</a>&nbsp;&nbsp;&nbsp;DebugMon_Handler
</UL>
<BR>[Address Reference Count : 1]<UL><LI> startup_tm4c123.o(RESET)
</UL>
<P><STRONG><a name="[a]"></a>PendSV_Handler</STRONG> (Thumb, 2 bytes, Stack size 0 bytes, startup_tm4c123.o(.text))
<BR><BR>[Calls]<UL><LI><a href="#[a]">&gt;&gt;</a>&nbsp;&nbsp;&nbsp;PendSV_Handler
</UL>
<BR>[Called By]<UL><LI><a href="#[a]">&gt;&gt;</a>&nbsp;&nbsp;&nbsp;PendSV_Handler
</UL>
<BR>[Address Reference Count : 1]<UL><LI> startup_tm4c123.o(RESET)
</UL>
<P><STRONG><a name="[b]"></a>SysTick_Handler</STRONG> (Thumb, 2 bytes, Stack size 0 bytes, startup_tm4c123.o(.text))
<BR><BR>[Calls]<UL><LI><a href="#[b]">&gt;&gt;</a>&nbsp;&nbsp;&nbsp;SysTick_Handler
</UL>
<BR>[Called By]<UL><LI><a href="#[b]">&gt;&gt;</a>&nbsp;&nbsp;&nbsp;SysTick_Handler
</UL>
<BR>[Address Reference Count : 1]<UL><LI> startup_tm4c123.o(RESET)
</UL>
<P><STRONG><a name="[c]"></a>GPIOA_Handler</STRONG> (Thumb, 2 bytes, Stack size 0 bytes, startup_tm4c123.o(.text))
<BR><BR>[Calls]<UL><LI><a href="#[c]">&gt;&gt;</a>&nbsp;&nbsp;&nbsp;GPIOA_Handler
</UL>
<BR>[Called By]<UL><LI><a href="#[c]">&gt;&gt;</a>&nbsp;&nbsp;&nbsp;GPIOA_Handler
</UL>
<BR>[Address Reference Count : 1]<UL><LI> startup_tm4c123.o(RESET)
</UL>
<P><STRONG><a name="[d]"></a>GPIOB_Handler</STRONG> (Thumb, 2 bytes, Stack size 0 bytes, startup_tm4c123.o(.text))
<BR><BR>[Calls]<UL><LI><a href="#[d]">&gt;&gt;</a>&nbsp;&nbsp;&nbsp;GPIOB_Handler
</UL>
<BR>[Called By]<UL><LI><a href="#[d]">&gt;&gt;</a>&nbsp;&nbsp;&nbsp;GPIOB_Handler
</UL>
<BR>[Address Reference Count : 1]<UL><LI> startup_tm4c123.o(RESET)
</UL>
<P><STRONG><a name="[e]"></a>GPIOC_Handler</STRONG> (Thumb, 2 bytes, Stack size 0 bytes, startup_tm4c123.o(.text))
<BR><BR>[Calls]<UL><LI><a href="#[e]">&gt;&gt;</a>&nbsp;&nbsp;&nbsp;GPIOC_Handler
</UL>
<BR>[Called By]<UL><LI><a href="#[e]">&gt;&gt;</a>&nbsp;&nbsp;&nbsp;GPIOC_Handler
</UL>
<BR>[Address Reference Count : 1]<UL><LI> startup_tm4c123.o(RESET)
</UL>
<P><STRONG><a name="[f]"></a>GPIOD_Handler</STRONG> (Thumb, 2 bytes, Stack size 0 bytes, startup_tm4c123.o(.text))
<BR><BR>[Calls]<UL><LI><a href="#[f]">&gt;&gt;</a>&nbsp;&nbsp;&nbsp;GPIOD_Handler
</UL>
<BR>[Called By]<UL><LI><a href="#[f]">&gt;&gt;</a>&nbsp;&nbsp;&nbsp;GPIOD_Handler
</UL>
<BR>[Address Reference Count : 1]<UL><LI> startup_tm4c123.o(RESET)
</UL>
<P><STRONG><a name="[10]"></a>GPIOE_Handler</STRONG> (Thumb, 2 bytes, Stack size 0 bytes, startup_tm4c123.o(.text))
<BR><BR>[Calls]<UL><LI><a href="#[10]">&gt;&gt;</a>&nbsp;&nbsp;&nbsp;GPIOE_Handler
</UL>
<BR>[Called By]<UL><LI><a href="#[10]">&gt;&gt;</a>&nbsp;&nbsp;&nbsp;GPIOE_Handler
</UL>
<BR>[Address Reference Count : 1]<UL><LI> startup_tm4c123.o(RESET)
</UL>
<P><STRONG><a name="[11]"></a>UART0_Handler</STRONG> (Thumb, 2 bytes, Stack size 0 bytes, startup_tm4c123.o(.text))
<BR><BR>[Calls]<UL><LI><a href="#[11]">&gt;&gt;</a>&nbsp;&nbsp;&nbsp;UART0_Handler
</UL>
<BR>[Called By]<UL><LI><a href="#[11]">&gt;&gt;</a>&nbsp;&nbsp;&nbsp;UART0_Handler
</UL>
<BR>[Address Reference Count : 1]<UL><LI> startup_tm4c123.o(RESET)
</UL>
<P><STRONG><a name="[12]"></a>UART1_Handler</STRONG> (Thumb, 2 bytes, Stack size 0 bytes, startup_tm4c123.o(.text))
<BR><BR>[Calls]<UL><LI><a href="#[12]">&gt;&gt;</a>&nbsp;&nbsp;&nbsp;UART1_Handler
</UL>
<BR>[Called By]<UL><LI><a href="#[12]">&gt;&gt;</a>&nbsp;&nbsp;&nbsp;UART1_Handler
</UL>
<BR>[Address Reference Count : 1]<UL><LI> startup_tm4c123.o(RESET)
</UL>
<P><STRONG><a name="[13]"></a>SSI0_Handler</STRONG> (Thumb, 2 bytes, Stack size 0 bytes, startup_tm4c123.o(.text))
<BR><BR>[Calls]<UL><LI><a href="#[13]">&gt;&gt;</a>&nbsp;&nbsp;&nbsp;SSI0_Handler
</UL>
<BR>[Called By]<UL><LI><a href="#[13]">&gt;&gt;</a>&nbsp;&nbsp;&nbsp;SSI0_Handler
</UL>
<BR>[Address Reference Count : 1]<UL><LI> startup_tm4c123.o(RESET)
</UL>
<P><STRONG><a name="[14]"></a>I2C0_Handler</STRONG> (Thumb, 2 bytes, Stack size 0 bytes, startup_tm4c123.o(.text))
<BR><BR>[Calls]<UL><LI><a href="#[14]">&gt;&gt;</a>&nbsp;&nbsp;&nbsp;I2C0_Handler
</UL>
<BR>[Called By]<UL><LI><a href="#[14]">&gt;&gt;</a>&nbsp;&nbsp;&nbsp;I2C0_Handler
</UL>
<BR>[Address Reference Count : 1]<UL><LI> startup_tm4c123.o(RESET)
</UL>
<P><STRONG><a name="[15]"></a>PMW0_FAULT_Handler</STRONG> (Thumb, 2 bytes, Stack size 0 bytes, startup_tm4c123.o(.text))
<BR><BR>[Calls]<UL><LI><a href="#[15]">&gt;&gt;</a>&nbsp;&nbsp;&nbsp;PMW0_FAULT_Handler
</UL>
<BR>[Called By]<UL><LI><a href="#[15]">&gt;&gt;</a>&nbsp;&nbsp;&nbsp;PMW0_FAULT_Handler
</UL>
<BR>[Address Reference Count : 1]<UL><LI> startup_tm4c123.o(RESET)
</UL>
<P><STRONG><a name="[16]"></a>PWM0_0_Handler</STRONG> (Thumb, 2 bytes, Stack size 0 bytes, startup_tm4c123.o(.text))
<BR><BR>[Calls]<UL><LI><a href="#[16]">&gt;&gt;</a>&nbsp;&nbsp;&nbsp;PWM0_0_Handler
</UL>
<BR>[Called By]<UL><LI><a href="#[16]">&gt;&gt;</a>&nbsp;&nbsp;&nbsp;PWM0_0_Handler
</UL>
<BR>[Address Reference Count : 1]<UL><LI> startup_tm4c123.o(RESET)
</UL>
<P><STRONG><a name="[17]"></a>PWM0_1_Handler</STRONG> (Thumb, 2 bytes, Stack size 0 bytes, startup_tm4c123.o(.text))
<BR><BR>[Calls]<UL><LI><a href="#[17]">&gt;&gt;</a>&nbsp;&nbsp;&nbsp;PWM0_1_Handler
</UL>
<BR>[Called By]<UL><LI><a href="#[17]">&gt;&gt;</a>&nbsp;&nbsp;&nbsp;PWM0_1_Handler
</UL>
<BR>[Address Reference Count : 1]<UL><LI> startup_tm4c123.o(RESET)
</UL>
<P><STRONG><a name="[18]"></a>PWM0_2_Handler</STRONG> (Thumb, 2 bytes, Stack size 0 bytes, startup_tm4c123.o(.text))
<BR><BR>[Calls]<UL><LI><a href="#[18]">&gt;&gt;</a>&nbsp;&nbsp;&nbsp;PWM0_2_Handler
</UL>
<BR>[Called By]<UL><LI><a href="#[18]">&gt;&gt;</a>&nbsp;&nbsp;&nbsp;PWM0_2_Handler
</UL>
<BR>[Address Reference Count : 1]<UL><LI> startup_tm4c123.o(RESET)
</UL>
<P><STRONG><a name="[19]"></a>QEI0_Handler</STRONG> (Thumb, 2 bytes, Stack size 0 bytes, startup_tm4c123.o(.text))
<BR><BR>[Calls]<UL><LI><a href="#[19]">&gt;&gt;</a>&nbsp;&nbsp;&nbsp;QEI0_Handler
</UL>
<BR>[Called By]<UL><LI><a href="#[19]">&gt;&gt;</a>&nbsp;&nbsp;&nbsp;QEI0_Handler
</UL>
<BR>[Address Reference Count : 1]<UL><LI> startup_tm4c123.o(RESET)
</UL>
<P><STRONG><a name="[1a]"></a>ADC0SS0_Handler</STRONG> (Thumb, 2 bytes, Stack size 0 bytes, startup_tm4c123.o(.text))
<BR><BR>[Calls]<UL><LI><a href="#[1a]">&gt;&gt;</a>&nbsp;&nbsp;&nbsp;ADC0SS0_Handler
</UL>
<BR>[Called By]<UL><LI><a href="#[1a]">&gt;&gt;</a>&nbsp;&nbsp;&nbsp;ADC0SS0_Handler
</UL>
<BR>[Address Reference Count : 1]<UL><LI> startup_tm4c123.o(RESET)
</UL>
<P><STRONG><a name="[1b]"></a>ADC0SS1_Handler</STRONG> (Thumb, 2 bytes, Stack size 0 bytes, startup_tm4c123.o(.text))
<BR><BR>[Calls]<UL><LI><a href="#[1b]">&gt;&gt;</a>&nbsp;&nbsp;&nbsp;ADC0SS1_Handler
</UL>
<BR>[Called By]<UL><LI><a href="#[1b]">&gt;&gt;</a>&nbsp;&nbsp;&nbsp;ADC0SS1_Handler
</UL>
<BR>[Address Reference Count : 1]<UL><LI> startup_tm4c123.o(RESET)
</UL>
<P><STRONG><a name="[1c]"></a>ADC0SS2_Handler</STRONG> (Thumb, 2 bytes, Stack size 0 bytes, startup_tm4c123.o(.text))
<BR><BR>[Calls]<UL><LI><a href="#[1c]">&gt;&gt;</a>&nbsp;&nbsp;&nbsp;ADC0SS2_Handler
</UL>
<BR>[Called By]<UL><LI><a href="#[1c]">&gt;&gt;</a>&nbsp;&nbsp;&nbsp;ADC0SS2_Handler
</UL>
<BR>[Address Reference Count : 1]<UL><LI> startup_tm4c123.o(RESET)
</UL>
<P><STRONG><a name="[1d]"></a>ADC0SS3_Handler</STRONG> (Thumb, 2 bytes, Stack size 0 bytes, startup_tm4c123.o(.text))
<BR><BR>[Calls]<UL><LI><a href="#[1d]">&gt;&gt;</a>&nbsp;&nbsp;&nbsp;ADC0SS3_Handler
</UL>
<BR>[Called By]<UL><LI><a href="#[1d]">&gt;&gt;</a>&nbsp;&nbsp;&nbsp;ADC0SS3_Handler
</UL>
<BR>[Address Reference Count : 1]<UL><LI> startup_tm4c123.o(RESET)
</UL>
<P><STRONG><a name="[1e]"></a>WDT0_Handler</STRONG> (Thumb, 2 bytes, Stack size 0 bytes, startup_tm4c123.o(.text))
<BR><BR>[Calls]<UL><LI><a href="#[1e]">&gt;&gt;</a>&nbsp;&nbsp;&nbsp;WDT0_Handler
</UL>
<BR>[Called By]<UL><LI><a href="#[1e]">&gt;&gt;</a>&nbsp;&nbsp;&nbsp;WDT0_Handler
</UL>
<BR>[Address Reference Count : 1]<UL><LI> startup_tm4c123.o(RESET)
</UL>
<P><STRONG><a name="[1f]"></a>TIMER0A_Handler</STRONG> (Thumb, 2 bytes, Stack size 0 bytes, startup_tm4c123.o(.text))
<BR><BR>[Calls]<UL><LI><a href="#[1f]">&gt;&gt;</a>&nbsp;&nbsp;&nbsp;TIMER0A_Handler
</UL>
<BR>[Called By]<UL><LI><a href="#[1f]">&gt;&gt;</a>&nbsp;&nbsp;&nbsp;TIMER0A_Handler
</UL>
<BR>[Address Reference Count : 1]<UL><LI> startup_tm4c123.o(RESET)
</UL>
<P><STRONG><a name="[20]"></a>TIMER0B_Handler</STRONG> (Thumb, 2 bytes, Stack size 0 bytes, startup_tm4c123.o(.text))
<BR><BR>[Calls]<UL><LI><a href="#[20]">&gt;&gt;</a>&nbsp;&nbsp;&nbsp;TIMER0B_Handler
</UL>
<BR>[Called By]<UL><LI><a href="#[20]">&gt;&gt;</a>&nbsp;&nbsp;&nbsp;TIMER0B_Handler
</UL>
<BR>[Address Reference Count : 1]<UL><LI> startup_tm4c123.o(RESET)
</UL>
<P><STRONG><a name="[21]"></a>TIMER1A_Handler</STRONG> (Thumb, 2 bytes, Stack size 0 bytes, startup_tm4c123.o(.text))
<BR><BR>[Calls]<UL><LI><a href="#[21]">&gt;&gt;</a>&nbsp;&nbsp;&nbsp;TIMER1A_Handler
</UL>
<BR>[Called By]<UL><LI><a href="#[21]">&gt;&gt;</a>&nbsp;&nbsp;&nbsp;TIMER1A_Handler
</UL>
<BR>[Address Reference Count : 1]<UL><LI> startup_tm4c123.o(RESET)
</UL>
<P><STRONG><a name="[22]"></a>TIMER1B_Handler</STRONG> (Thumb, 2 bytes, Stack size 0 bytes, startup_tm4c123.o(.text))
<BR><BR>[Calls]<UL><LI><a href="#[22]">&gt;&gt;</a>&nbsp;&nbsp;&nbsp;TIMER1B_Handler
</UL>
<BR>[Called By]<UL><LI><a href="#[22]">&gt;&gt;</a>&nbsp;&nbsp;&nbsp;TIMER1B_Handler
</UL>
<BR>[Address Reference Count : 1]<UL><LI> startup_tm4c123.o(RESET)
</UL>
<P><STRONG><a name="[23]"></a>TIMER2A_Handler</STRONG> (Thumb, 2 bytes, Stack size 0 bytes, startup_tm4c123.o(.text))
<BR><BR>[Calls]<UL><LI><a href="#[23]">&gt;&gt;</a>&nbsp;&nbsp;&nbsp;TIMER2A_Handler
</UL>
<BR>[Called By]<UL><LI><a href="#[23]">&gt;&gt;</a>&nbsp;&nbsp;&nbsp;TIMER2A_Handler
</UL>
<BR>[Address Reference Count : 1]<UL><LI> startup_tm4c123.o(RESET)
</UL>
<P><STRONG><a name="[24]"></a>TIMER2B_Handler</STRONG> (Thumb, 2 bytes, Stack size 0 bytes, startup_tm4c123.o(.text))
<BR><BR>[Calls]<UL><LI><a href="#[24]">&gt;&gt;</a>&nbsp;&nbsp;&nbsp;TIMER2B_Handler
</UL>
<BR>[Called By]<UL><LI><a href="#[24]">&gt;&gt;</a>&nbsp;&nbsp;&nbsp;TIMER2B_Handler
</UL>
<BR>[Address Reference Count : 1]<UL><LI> startup_tm4c123.o(RESET)
</UL>
<P><STRONG><a name="[25]"></a>COMP0_Handler</STRONG> (Thumb, 2 bytes, Stack size 0 bytes, startup_tm4c123.o(.text))
<BR><BR>[Calls]<UL><LI><a href="#[25]">&gt;&gt;</a>&nbsp;&nbsp;&nbsp;COMP0_Handler
</UL>
<BR>[Called By]<UL><LI><a href="#[25]">&gt;&gt;</a>&nbsp;&nbsp;&nbsp;COMP0_Handler
</UL>
<BR>[Address Reference Count : 1]<UL><LI> startup_tm4c123.o(RESET)
</UL>
<P><STRONG><a name="[26]"></a>COMP1_Handler</STRONG> (Thumb, 2 bytes, Stack size 0 bytes, startup_tm4c123.o(.text))
<BR><BR>[Calls]<UL><LI><a href="#[26]">&gt;&gt;</a>&nbsp;&nbsp;&nbsp;COMP1_Handler
</UL>
<BR>[Called By]<UL><LI><a href="#[26]">&gt;&gt;</a>&nbsp;&nbsp;&nbsp;COMP1_Handler
</UL>
<BR>[Address Reference Count : 1]<UL><LI> startup_tm4c123.o(RESET)
</UL>
<P><STRONG><a name="[27]"></a>COMP2_Handler</STRONG> (Thumb, 2 bytes, Stack size 0 bytes, startup_tm4c123.o(.text))
<BR><BR>[Calls]<UL><LI><a href="#[27]">&gt;&gt;</a>&nbsp;&nbsp;&nbsp;COMP2_Handler
</UL>
<BR>[Called By]<UL><LI><a href="#[27]">&gt;&gt;</a>&nbsp;&nbsp;&nbsp;COMP2_Handler
</UL>
<BR>[Address Reference Count : 1]<UL><LI> startup_tm4c123.o(RESET)
</UL>
<P><STRONG><a name="[28]"></a>SYSCTL_Handler</STRONG> (Thumb, 2 bytes, Stack size 0 bytes, startup_tm4c123.o(.text))
<BR><BR>[Calls]<UL><LI><a href="#[28]">&gt;&gt;</a>&nbsp;&nbsp;&nbsp;SYSCTL_Handler
</UL>
<BR>[Called By]<UL><LI><a href="#[28]">&gt;&gt;</a>&nbsp;&nbsp;&nbsp;SYSCTL_Handler
</UL>
<BR>[Address Reference Count : 1]<UL><LI> startup_tm4c123.o(RESET)
</UL>
<P><STRONG><a name="[29]"></a>FLASH_Handler</STRONG> (Thumb, 2 bytes, Stack size 0 bytes, startup_tm4c123.o(.text))
<BR><BR>[Calls]<UL><LI><a href="#[29]">&gt;&gt;</a>&nbsp;&nbsp;&nbsp;FLASH_Handler
</UL>
<BR>[Called By]<UL><LI><a href="#[29]">&gt;&gt;</a>&nbsp;&nbsp;&nbsp;FLASH_Handler
</UL>
<BR>[Address Reference Count : 1]<UL><LI> startup_tm4c123.o(RESET)
</UL>
<P><STRONG><a name="[2a]"></a>GPIOF_Handler</STRONG> (Thumb, 2 bytes, Stack size 0 bytes, startup_tm4c123.o(.text))
<BR><BR>[Calls]<UL><LI><a href="#[2a]">&gt;&gt;</a>&nbsp;&nbsp;&nbsp;GPIOF_Handler
</UL>
<BR>[Called By]<UL><LI><a href="#[2a]">&gt;&gt;</a>&nbsp;&nbsp;&nbsp;GPIOF_Handler
</UL>
<BR>[Address Reference Count : 1]<UL><LI> startup_tm4c123.o(RESET)
</UL>
<P><STRONG><a name="[2b]"></a>GPIOG_Handler</STRONG> (Thumb, 2 bytes, Stack size 0 bytes, startup_tm4c123.o(.text))
<BR><BR>[Calls]<UL><LI><a href="#[2b]">&gt;&gt;</a>&nbsp;&nbsp;&nbsp;GPIOG_Handler
</UL>
<BR>[Called By]<UL><LI><a href="#[2b]">&gt;&gt;</a>&nbsp;&nbsp;&nbsp;GPIOG_Handler
</UL>
<BR>[Address Reference Count : 1]<UL><LI> startup_tm4c123.o(RESET)
</UL>
<P><STRONG><a name="[2c]"></a>GPIOH_Handler</STRONG> (Thumb, 2 bytes, Stack size 0 bytes, startup_tm4c123.o(.text))
<BR><BR>[Calls]<UL><LI><a href="#[2c]">&gt;&gt;</a>&nbsp;&nbsp;&nbsp;GPIOH_Handler
</UL>
<BR>[Called By]<UL><LI><a href="#[2c]">&gt;&gt;</a>&nbsp;&nbsp;&nbsp;GPIOH_Handler
</UL>
<BR>[Address Reference Count : 1]<UL><LI> startup_tm4c123.o(RESET)
</UL>
<P><STRONG><a name="[2d]"></a>UART2_Handler</STRONG> (Thumb, 2 bytes, Stack size 0 bytes, startup_tm4c123.o(.text))
<BR><BR>[Calls]<UL><LI><a href="#[2d]">&gt;&gt;</a>&nbsp;&nbsp;&nbsp;UART2_Handler
</UL>
<BR>[Called By]<UL><LI><a href="#[2d]">&gt;&gt;</a>&nbsp;&nbsp;&nbsp;UART2_Handler
</UL>
<BR>[Address Reference Count : 1]<UL><LI> startup_tm4c123.o(RESET)
</UL>
<P><STRONG><a name="[2e]"></a>SSI1_Handler</STRONG> (Thumb, 2 bytes, Stack size 0 bytes, startup_tm4c123.o(.text))
<BR><BR>[Calls]<UL><LI><a href="#[2e]">&gt;&gt;</a>&nbsp;&nbsp;&nbsp;SSI1_Handler
</UL>
<BR>[Called By]<UL><LI><a href="#[2e]">&gt;&gt;</a>&nbsp;&nbsp;&nbsp;SSI1_Handler
</UL>
<BR>[Address Reference Count : 1]<UL><LI> startup_tm4c123.o(RESET)
</UL>
<P><STRONG><a name="[2f]"></a>TIMER3A_Handler</STRONG> (Thumb, 2 bytes, Stack size 0 bytes, startup_tm4c123.o(.text))
<BR><BR>[Calls]<UL><LI><a href="#[2f]">&gt;&gt;</a>&nbsp;&nbsp;&nbsp;TIMER3A_Handler
</UL>
<BR>[Called By]<UL><LI><a href="#[2f]">&gt;&gt;</a>&nbsp;&nbsp;&nbsp;TIMER3A_Handler
</UL>
<BR>[Address Reference Count : 1]<UL><LI> startup_tm4c123.o(RESET)
</UL>
<P><STRONG><a name="[30]"></a>TIMER3B_Handler</STRONG> (Thumb, 2 bytes, Stack size 0 bytes, startup_tm4c123.o(.text))
<BR><BR>[Calls]<UL><LI><a href="#[30]">&gt;&gt;</a>&nbsp;&nbsp;&nbsp;TIMER3B_Handler
</UL>
<BR>[Called By]<UL><LI><a href="#[30]">&gt;&gt;</a>&nbsp;&nbsp;&nbsp;TIMER3B_Handler
</UL>
<BR>[Address Reference Count : 1]<UL><LI> startup_tm4c123.o(RESET)
</UL>
<P><STRONG><a name="[31]"></a>I2C1_Handler</STRONG> (Thumb, 2 bytes, Stack size 0 bytes, startup_tm4c123.o(.text))
<BR><BR>[Calls]<UL><LI><a href="#[31]">&gt;&gt;</a>&nbsp;&nbsp;&nbsp;I2C1_Handler
</UL>
<BR>[Called By]<UL><LI><a href="#[31]">&gt;&gt;</a>&nbsp;&nbsp;&nbsp;I2C1_Handler
</UL>
<BR>[Address Reference Count : 1]<UL><LI> startup_tm4c123.o(RESET)
</UL>
<P><STRONG><a name="[32]"></a>QEI1_Handler</STRONG> (Thumb, 2 bytes, Stack size 0 bytes, startup_tm4c123.o(.text))
<BR><BR>[Calls]<UL><LI><a href="#[32]">&gt;&gt;</a>&nbsp;&nbsp;&nbsp;QEI1_Handler
</UL>
<BR>[Called By]<UL><LI><a href="#[32]">&gt;&gt;</a>&nbsp;&nbsp;&nbsp;QEI1_Handler
</UL>
<BR>[Address Reference Count : 1]<UL><LI> startup_tm4c123.o(RESET)
</UL>
<P><STRONG><a name="[33]"></a>CAN0_Handler</STRONG> (Thumb, 2 bytes, Stack size 0 bytes, startup_tm4c123.o(.text))
<BR><BR>[Calls]<UL><LI><a href="#[33]">&gt;&gt;</a>&nbsp;&nbsp;&nbsp;CAN0_Handler
</UL>
<BR>[Called By]<UL><LI><a href="#[33]">&gt;&gt;</a>&nbsp;&nbsp;&nbsp;CAN0_Handler
</UL>
<BR>[Address Reference Count : 1]<UL><LI> startup_tm4c123.o(RESET)
</UL>
<P><STRONG><a name="[34]"></a>CAN1_Handler</STRONG> (Thumb, 2 bytes, Stack size 0 bytes, startup_tm4c123.o(.text))
<BR><BR>[Calls]<UL><LI><a href="#[34]">&gt;&gt;</a>&nbsp;&nbsp;&nbsp;CAN1_Handler
</UL>
<BR>[Called By]<UL><LI><a href="#[34]">&gt;&gt;</a>&nbsp;&nbsp;&nbsp;CAN1_Handler
</UL>
<BR>[Address Reference Count : 1]<UL><LI> startup_tm4c123.o(RESET)
</UL>
<P><STRONG><a name="[35]"></a>CAN2_Handler</STRONG> (Thumb, 2 bytes, Stack size 0 bytes, startup_tm4c123.o(.text))
<BR><BR>[Calls]<UL><LI><a href="#[35]">&gt;&gt;</a>&nbsp;&nbsp;&nbsp;CAN2_Handler
</UL>
<BR>[Called By]<UL><LI><a href="#[35]">&gt;&gt;</a>&nbsp;&nbsp;&nbsp;CAN2_Handler
</UL>
<BR>[Address Reference Count : 1]<UL><LI> startup_tm4c123.o(RESET)
</UL>
<P><STRONG><a name="[36]"></a>HIB_Handler</STRONG> (Thumb, 2 bytes, Stack size 0 bytes, startup_tm4c123.o(.text))
<BR><BR>[Calls]<UL><LI><a href="#[36]">&gt;&gt;</a>&nbsp;&nbsp;&nbsp;HIB_Handler
</UL>
<BR>[Called By]<UL><LI><a href="#[36]">&gt;&gt;</a>&nbsp;&nbsp;&nbsp;HIB_Handler
</UL>
<BR>[Address Reference Count : 1]<UL><LI> startup_tm4c123.o(RESET)
</UL>
<P><STRONG><a name="[37]"></a>USB0_Handler</STRONG> (Thumb, 2 bytes, Stack size 0 bytes, startup_tm4c123.o(.text))
<BR><BR>[Calls]<UL><LI><a href="#[37]">&gt;&gt;</a>&nbsp;&nbsp;&nbsp;USB0_Handler
</UL>
<BR>[Called By]<UL><LI><a href="#[37]">&gt;&gt;</a>&nbsp;&nbsp;&nbsp;USB0_Handler
</UL>
<BR>[Address Reference Count : 1]<UL><LI> startup_tm4c123.o(RESET)
</UL>
<P><STRONG><a name="[38]"></a>PWM0_3_Handler</STRONG> (Thumb, 2 bytes, Stack size 0 bytes, startup_tm4c123.o(.text))
<BR><BR>[Calls]<UL><LI><a href="#[38]">&gt;&gt;</a>&nbsp;&nbsp;&nbsp;PWM0_3_Handler
</UL>
<BR>[Called By]<UL><LI><a href="#[38]">&gt;&gt;</a>&nbsp;&nbsp;&nbsp;PWM0_3_Handler
</UL>
<BR>[Address Reference Count : 1]<UL><LI> startup_tm4c123.o(RESET)
</UL>
<P><STRONG><a name="[39]"></a>UDMA_Handler</STRONG> (Thumb, 2 bytes, Stack size 0 bytes, startup_tm4c123.o(.text))
<BR><BR>[Calls]<UL><LI><a href="#[39]">&gt;&gt;</a>&nbsp;&nbsp;&nbsp;UDMA_Handler
</UL>
<BR>[Called By]<UL><LI><a href="#[39]">&gt;&gt;</a>&nbsp;&nbsp;&nbsp;UDMA_Handler
</UL>
<BR>[Address Reference Count : 1]<UL><LI> startup_tm4c123.o(RESET)
</UL>
<P><STRONG><a name="[3a]"></a>UDMAERR_Handler</STRONG> (Thumb, 2 bytes, Stack size 0 bytes, startup_tm4c123.o(.text))
<BR><BR>[Calls]<UL><LI><a href="#[3a]">&gt;&gt;</a>&nbsp;&nbsp;&nbsp;UDMAERR_Handler
</UL>
<BR>[Called By]<UL><LI><a href="#[3a]">&gt;&gt;</a>&nbsp;&nbsp;&nbsp;UDMAERR_Handler
</UL>
<BR>[Address Reference Count : 1]<UL><LI> startup_tm4c123.o(RESET)
</UL>
<P><STRONG><a name="[3b]"></a>ADC1SS0_Handler</STRONG> (Thumb, 2 bytes, Stack size 0 bytes, startup_tm4c123.o(.text))
<BR><BR>[Calls]<UL><LI><a href="#[3b]">&gt;&gt;</a>&nbsp;&nbsp;&nbsp;ADC1SS0_Handler
</UL>
<BR>[Called By]<UL><LI><a href="#[3b]">&gt;&gt;</a>&nbsp;&nbsp;&nbsp;ADC1SS0_Handler
</UL>
<BR>[Address Reference Count : 1]<UL><LI> startup_tm4c123.o(RESET)
</UL>
<P><STRONG><a name="[3c]"></a>ADC1SS1_Handler</STRONG> (Thumb, 2 bytes, Stack size 0 bytes, startup_tm4c123.o(.text))
<BR><BR>[Calls]<UL><LI><a href="#[3c]">&gt;&gt;</a>&nbsp;&nbsp;&nbsp;ADC1SS1_Handler
</UL>
<BR>[Called By]<UL><LI><a href="#[3c]">&gt;&gt;</a>&nbsp;&nbsp;&nbsp;ADC1SS1_Handler
</UL>
<BR>[Address Reference Count : 1]<UL><LI> startup_tm4c123.o(RESET)
</UL>
<P><STRONG><a name="[3d]"></a>ADC1SS2_Handler</STRONG> (Thumb, 2 bytes, Stack size 0 bytes, startup_tm4c123.o(.text))
<BR><BR>[Calls]<UL><LI><a href="#[3d]">&gt;&gt;</a>&nbsp;&nbsp;&nbsp;ADC1SS2_Handler
</UL>
<BR>[Called By]<UL><LI><a href="#[3d]">&gt;&gt;</a>&nbsp;&nbsp;&nbsp;ADC1SS2_Handler
</UL>
<BR>[Address Reference Count : 1]<UL><LI> startup_tm4c123.o(RESET)
</UL>
<P><STRONG><a name="[3e]"></a>ADC1SS3_Handler</STRONG> (Thumb, 2 bytes, Stack size 0 bytes, startup_tm4c123.o(.text))
<BR><BR>[Calls]<UL><LI><a href="#[3e]">&gt;&gt;</a>&nbsp;&nbsp;&nbsp;ADC1SS3_Handler
</UL>
<BR>[Called By]<UL><LI><a href="#[3e]">&gt;&gt;</a>&nbsp;&nbsp;&nbsp;ADC1SS3_Handler
</UL>
<BR>[Address Reference Count : 1]<UL><LI> startup_tm4c123.o(RESET)
</UL>
<P><STRONG><a name="[3f]"></a>GPIOJ_Handler</STRONG> (Thumb, 2 bytes, Stack size 0 bytes, startup_tm4c123.o(.text))
<BR><BR>[Calls]<UL><LI><a href="#[3f]">&gt;&gt;</a>&nbsp;&nbsp;&nbsp;GPIOJ_Handler
</UL>
<BR>[Called By]<UL><LI><a href="#[3f]">&gt;&gt;</a>&nbsp;&nbsp;&nbsp;GPIOJ_Handler
</UL>
<BR>[Address Reference Count : 1]<UL><LI> startup_tm4c123.o(RESET)
</UL>
<P><STRONG><a name="[40]"></a>GPIOK_Handler</STRONG> (Thumb, 2 bytes, Stack size 0 bytes, startup_tm4c123.o(.text))
<BR><BR>[Calls]<UL><LI><a href="#[40]">&gt;&gt;</a>&nbsp;&nbsp;&nbsp;GPIOK_Handler
</UL>
<BR>[Called By]<UL><LI><a href="#[40]">&gt;&gt;</a>&nbsp;&nbsp;&nbsp;GPIOK_Handler
</UL>
<BR>[Address Reference Count : 1]<UL><LI> startup_tm4c123.o(RESET)
</UL>
<P><STRONG><a name="[41]"></a>GPIOL_Handler</STRONG> (Thumb, 2 bytes, Stack size 0 bytes, startup_tm4c123.o(.text))
<BR><BR>[Calls]<UL><LI><a href="#[41]">&gt;&gt;</a>&nbsp;&nbsp;&nbsp;GPIOL_Handler
</UL>
<BR>[Called By]<UL><LI><a href="#[41]">&gt;&gt;</a>&nbsp;&nbsp;&nbsp;GPIOL_Handler
</UL>
<BR>[Address Reference Count : 1]<UL><LI> startup_tm4c123.o(RESET)
</UL>
<P><STRONG><a name="[42]"></a>SSI2_Handler</STRONG> (Thumb, 2 bytes, Stack size 0 bytes, startup_tm4c123.o(.text))
<BR><BR>[Calls]<UL><LI><a href="#[42]">&gt;&gt;</a>&nbsp;&nbsp;&nbsp;SSI2_Handler
</UL>
<BR>[Called By]<UL><LI><a href="#[42]">&gt;&gt;</a>&nbsp;&nbsp;&nbsp;SSI2_Handler
</UL>
<BR>[Address Reference Count : 1]<UL><LI> startup_tm4c123.o(RESET)
</UL>
<P><STRONG><a name="[43]"></a>SSI3_Handler</STRONG> (Thumb, 2 bytes, Stack size 0 bytes, startup_tm4c123.o(.text))
<BR><BR>[Calls]<UL><LI><a href="#[43]">&gt;&gt;</a>&nbsp;&nbsp;&nbsp;SSI3_Handler
</UL>
<BR>[Called By]<UL><LI><a href="#[43]">&gt;&gt;</a>&nbsp;&nbsp;&nbsp;SSI3_Handler
</UL>
<BR>[Address Reference Count : 1]<UL><LI> startup_tm4c123.o(RESET)
</UL>
<P><STRONG><a name="[44]"></a>UART3_Handler</STRONG> (Thumb, 2 bytes, Stack size 0 bytes, startup_tm4c123.o(.text))
<BR><BR>[Calls]<UL><LI><a href="#[44]">&gt;&gt;</a>&nbsp;&nbsp;&nbsp;UART3_Handler
</UL>
<BR>[Called By]<UL><LI><a href="#[44]">&gt;&gt;</a>&nbsp;&nbsp;&nbsp;UART3_Handler
</UL>
<BR>[Address Reference Count : 1]<UL><LI> startup_tm4c123.o(RESET)
</UL>
<P><STRONG><a name="[45]"></a>UART4_Handler</STRONG> (Thumb, 2 bytes, Stack size 0 bytes, startup_tm4c123.o(.text))
<BR><BR>[Calls]<UL><LI><a href="#[45]">&gt;&gt;</a>&nbsp;&nbsp;&nbsp;UART4_Handler
</UL>
<BR>[Called By]<UL><LI><a href="#[45]">&gt;&gt;</a>&nbsp;&nbsp;&nbsp;UART4_Handler
</UL>
<BR>[Address Reference Count : 1]<UL><LI> startup_tm4c123.o(RESET)
</UL>
<P><STRONG><a name="[46]"></a>UART5_Handler</STRONG> (Thumb, 2 bytes, Stack size 0 bytes, startup_tm4c123.o(.text))
<BR><BR>[Calls]<UL><LI><a href="#[46]">&gt;&gt;</a>&nbsp;&nbsp;&nbsp;UART5_Handler
</UL>
<BR>[Called By]<UL><LI><a href="#[46]">&gt;&gt;</a>&nbsp;&nbsp;&nbsp;UART5_Handler
</UL>
<BR>[Address Reference Count : 1]<UL><LI> startup_tm4c123.o(RESET)
</UL>
<P><STRONG><a name="[47]"></a>UART6_Handler</STRONG> (Thumb, 2 bytes, Stack size 0 bytes, startup_tm4c123.o(.text))
<BR><BR>[Calls]<UL><LI><a href="#[47]">&gt;&gt;</a>&nbsp;&nbsp;&nbsp;UART6_Handler
</UL>
<BR>[Called By]<UL><LI><a href="#[47]">&gt;&gt;</a>&nbsp;&nbsp;&nbsp;UART6_Handler
</UL>
<BR>[Address Reference Count : 1]<UL><LI> startup_tm4c123.o(RESET)
</UL>
<P><STRONG><a name="[48]"></a>UART7_Handler</STRONG> (Thumb, 2 bytes, Stack size 0 bytes, startup_tm4c123.o(.text))
<BR><BR>[Calls]<UL><LI><a href="#[48]">&gt;&gt;</a>&nbsp;&nbsp;&nbsp;UART7_Handler
</UL>
<BR>[Called By]<UL><LI><a href="#[48]">&gt;&gt;</a>&nbsp;&nbsp;&nbsp;UART7_Handler
</UL>
<BR>[Address Reference Count : 1]<UL><LI> startup_tm4c123.o(RESET)
</UL>
<P><STRONG><a name="[49]"></a>I2C2_Handler</STRONG> (Thumb, 2 bytes, Stack size 0 bytes, startup_tm4c123.o(.text))
<BR><BR>[Calls]<UL><LI><a href="#[49]">&gt;&gt;</a>&nbsp;&nbsp;&nbsp;I2C2_Handler
</UL>
<BR>[Called By]<UL><LI><a href="#[49]">&gt;&gt;</a>&nbsp;&nbsp;&nbsp;I2C2_Handler
</UL>
<BR>[Address Reference Count : 1]<UL><LI> startup_tm4c123.o(RESET)
</UL>
<P><STRONG><a name="[4a]"></a>I2C3_Handler</STRONG> (Thumb, 2 bytes, Stack size 0 bytes, startup_tm4c123.o(.text))
<BR><BR>[Calls]<UL><LI><a href="#[4a]">&gt;&gt;</a>&nbsp;&nbsp;&nbsp;I2C3_Handler
</UL>
<BR>[Called By]<UL><LI><a href="#[4a]">&gt;&gt;</a>&nbsp;&nbsp;&nbsp;I2C3_Handler
</UL>
<BR>[Address Reference Count : 1]<UL><LI> startup_tm4c123.o(RESET)
</UL>
<P><STRONG><a name="[4b]"></a>TIMER4A_Handler</STRONG> (Thumb, 2 bytes, Stack size 0 bytes, startup_tm4c123.o(.text))
<BR><BR>[Calls]<UL><LI><a href="#[4b]">&gt;&gt;</a>&nbsp;&nbsp;&nbsp;TIMER4A_Handler
</UL>
<BR>[Called By]<UL><LI><a href="#[4b]">&gt;&gt;</a>&nbsp;&nbsp;&nbsp;TIMER4A_Handler
</UL>
<BR>[Address Reference Count : 1]<UL><LI> startup_tm4c123.o(RESET)
</UL>
<P><STRONG><a name="[4c]"></a>TIMER4B_Handler</STRONG> (Thumb, 2 bytes, Stack size 0 bytes, startup_tm4c123.o(.text))
<BR><BR>[Calls]<UL><LI><a href="#[4c]">&gt;&gt;</a>&nbsp;&nbsp;&nbsp;TIMER4B_Handler
</UL>
<BR>[Called By]<UL><LI><a href="#[4c]">&gt;&gt;</a>&nbsp;&nbsp;&nbsp;TIMER4B_Handler
</UL>
<BR>[Address Reference Count : 1]<UL><LI> startup_tm4c123.o(RESET)
</UL>
<P><STRONG><a name="[4d]"></a>TIMER5A_Handler</STRONG> (Thumb, 2 bytes, Stack size 0 bytes, startup_tm4c123.o(.text))
<BR><BR>[Calls]<UL><LI><a href="#[4d]">&gt;&gt;</a>&nbsp;&nbsp;&nbsp;TIMER5A_Handler
</UL>
<BR>[Called By]<UL><LI><a href="#[4d]">&gt;&gt;</a>&nbsp;&nbsp;&nbsp;TIMER5A_Handler
</UL>
<BR>[Address Reference Count : 1]<UL><LI> startup_tm4c123.o(RESET)
</UL>
<P><STRONG><a name="[4e]"></a>TIMER5B_Handler</STRONG> (Thumb, 2 bytes, Stack size 0 bytes, startup_tm4c123.o(.text))
<BR><BR>[Calls]<UL><LI><a href="#[4e]">&gt;&gt;</a>&nbsp;&nbsp;&nbsp;TIMER5B_Handler
</UL>
<BR>[Called By]<UL><LI><a href="#[4e]">&gt;&gt;</a>&nbsp;&nbsp;&nbsp;TIMER5B_Handler
</UL>
<BR>[Address Reference Count : 1]<UL><LI> startup_tm4c123.o(RESET)
</UL>
<P><STRONG><a name="[4f]"></a>WTIMER0A_Handler</STRONG> (Thumb, 2 bytes, Stack size 0 bytes, startup_tm4c123.o(.text))
<BR><BR>[Calls]<UL><LI><a href="#[4f]">&gt;&gt;</a>&nbsp;&nbsp;&nbsp;WTIMER0A_Handler
</UL>
<BR>[Called By]<UL><LI><a href="#[4f]">&gt;&gt;</a>&nbsp;&nbsp;&nbsp;WTIMER0A_Handler
</UL>
<BR>[Address Reference Count : 1]<UL><LI> startup_tm4c123.o(RESET)
</UL>
<P><STRONG><a name="[50]"></a>WTIMER0B_Handler</STRONG> (Thumb, 2 bytes, Stack size 0 bytes, startup_tm4c123.o(.text))
<BR><BR>[Calls]<UL><LI><a href="#[50]">&gt;&gt;</a>&nbsp;&nbsp;&nbsp;WTIMER0B_Handler
</UL>
<BR>[Called By]<UL><LI><a href="#[50]">&gt;&gt;</a>&nbsp;&nbsp;&nbsp;WTIMER0B_Handler
</UL>
<BR>[Address Reference Count : 1]<UL><LI> startup_tm4c123.o(RESET)
</UL>
<P><STRONG><a name="[51]"></a>WTIMER1A_Handler</STRONG> (Thumb, 2 bytes, Stack size 0 bytes, startup_tm4c123.o(.text))
<BR><BR>[Calls]<UL><LI><a href="#[51]">&gt;&gt;</a>&nbsp;&nbsp;&nbsp;WTIMER1A_Handler
</UL>
<BR>[Called By]<UL><LI><a href="#[51]">&gt;&gt;</a>&nbsp;&nbsp;&nbsp;WTIMER1A_Handler
</UL>
<BR>[Address Reference Count : 1]<UL><LI> startup_tm4c123.o(RESET)
</UL>
<P><STRONG><a name="[52]"></a>WTIMER1B_Handler</STRONG> (Thumb, 2 bytes, Stack size 0 bytes, startup_tm4c123.o(.text))
<BR><BR>[Calls]<UL><LI><a href="#[52]">&gt;&gt;</a>&nbsp;&nbsp;&nbsp;WTIMER1B_Handler
</UL>
<BR>[Called By]<UL><LI><a href="#[52]">&gt;&gt;</a>&nbsp;&nbsp;&nbsp;WTIMER1B_Handler
</UL>
<BR>[Address Reference Count : 1]<UL><LI> startup_tm4c123.o(RESET)
</UL>
<P><STRONG><a name="[53]"></a>WTIMER2A_Handler</STRONG> (Thumb, 2 bytes, Stack size 0 bytes, startup_tm4c123.o(.text))
<BR><BR>[Calls]<UL><LI><a href="#[53]">&gt;&gt;</a>&nbsp;&nbsp;&nbsp;WTIMER2A_Handler
</UL>
<BR>[Called By]<UL><LI><a href="#[53]">&gt;&gt;</a>&nbsp;&nbsp;&nbsp;WTIMER2A_Handler
</UL>
<BR>[Address Reference Count : 1]<UL><LI> startup_tm4c123.o(RESET)
</UL>
<P><STRONG><a name="[54]"></a>WTIMER2B_Handler</STRONG> (Thumb, 2 bytes, Stack size 0 bytes, startup_tm4c123.o(.text))
<BR><BR>[Calls]<UL><LI><a href="#[54]">&gt;&gt;</a>&nbsp;&nbsp;&nbsp;WTIMER2B_Handler
</UL>
<BR>[Called By]<UL><LI><a href="#[54]">&gt;&gt;</a>&nbsp;&nbsp;&nbsp;WTIMER2B_Handler
</UL>
<BR>[Address Reference Count : 1]<UL><LI> startup_tm4c123.o(RESET)
</UL>
<P><STRONG><a name="[55]"></a>WTIMER3A_Handler</STRONG> (Thumb, 2 bytes, Stack size 0 bytes, startup_tm4c123.o(.text))
<BR><BR>[Calls]<UL><LI><a href="#[55]">&gt;&gt;</a>&nbsp;&nbsp;&nbsp;WTIMER3A_Handler
</UL>
<BR>[Called By]<UL><LI><a href="#[55]">&gt;&gt;</a>&nbsp;&nbsp;&nbsp;WTIMER3A_Handler
</UL>
<BR>[Address Reference Count : 1]<UL><LI> startup_tm4c123.o(RESET)
</UL>
<P><STRONG><a name="[56]"></a>WTIMER3B_Handler</STRONG> (Thumb, 2 bytes, Stack size 0 bytes, startup_tm4c123.o(.text))
<BR><BR>[Calls]<UL><LI><a href="#[56]">&gt;&gt;</a>&nbsp;&nbsp;&nbsp;WTIMER3B_Handler
</UL>
<BR>[Called By]<UL><LI><a href="#[56]">&gt;&gt;</a>&nbsp;&nbsp;&nbsp;WTIMER3B_Handler
</UL>
<BR>[Address Reference Count : 1]<UL><LI> startup_tm4c123.o(RESET)
</UL>
<P><STRONG><a name="[57]"></a>WTIMER4A_Handler</STRONG> (Thumb, 2 bytes, Stack size 0 bytes, startup_tm4c123.o(.text))
<BR><BR>[Calls]<UL><LI><a href="#[57]">&gt;&gt;</a>&nbsp;&nbsp;&nbsp;WTIMER4A_Handler
</UL>
<BR>[Called By]<UL><LI><a href="#[57]">&gt;&gt;</a>&nbsp;&nbsp;&nbsp;WTIMER4A_Handler
</UL>
<BR>[Address Reference Count : 1]<UL><LI> startup_tm4c123.o(RESET)
</UL>
<P><STRONG><a name="[58]"></a>WTIMER4B_Handler</STRONG> (Thumb, 2 bytes, Stack size 0 bytes, startup_tm4c123.o(.text))
<BR><BR>[Calls]<UL><LI><a href="#[58]">&gt;&gt;</a>&nbsp;&nbsp;&nbsp;WTIMER4B_Handler
</UL>
<BR>[Called By]<UL><LI><a href="#[58]">&gt;&gt;</a>&nbsp;&nbsp;&nbsp;WTIMER4B_Handler
</UL>
<BR>[Address Reference Count : 1]<UL><LI> startup_tm4c123.o(RESET)
</UL>
<P><STRONG><a name="[59]"></a>WTIMER5A_Handler</STRONG> (Thumb, 2 bytes, Stack size 0 bytes, startup_tm4c123.o(.text))
<BR><BR>[Calls]<UL><LI><a href="#[59]">&gt;&gt;</a>&nbsp;&nbsp;&nbsp;WTIMER5A_Handler
</UL>
<BR>[Called By]<UL><LI><a href="#[59]">&gt;&gt;</a>&nbsp;&nbsp;&nbsp;WTIMER5A_Handler
</UL>
<BR>[Address Reference Count : 1]<UL><LI> startup_tm4c123.o(RESET)
</UL>
<P><STRONG><a name="[5a]"></a>WTIMER5B_Handler</STRONG> (Thumb, 2 bytes, Stack size 0 bytes, startup_tm4c123.o(.text))
<BR><BR>[Calls]<UL><LI><a href="#[5a]">&gt;&gt;</a>&nbsp;&nbsp;&nbsp;WTIMER5B_Handler
</UL>
<BR>[Called By]<UL><LI><a href="#[5a]">&gt;&gt;</a>&nbsp;&nbsp;&nbsp;WTIMER5B_Handler
</UL>
<BR>[Address Reference Count : 1]<UL><LI> startup_tm4c123.o(RESET)
</UL>
<P><STRONG><a name="[5b]"></a>FPU_Handler</STRONG> (Thumb, 2 bytes, Stack size 0 bytes, startup_tm4c123.o(.text))
<BR><BR>[Calls]<UL><LI><a href="#[5b]">&gt;&gt;</a>&nbsp;&nbsp;&nbsp;FPU_Handler
</UL>
<BR>[Called By]<UL><LI><a href="#[5b]">&gt;&gt;</a>&nbsp;&nbsp;&nbsp;FPU_Handler
</UL>
<BR>[Address Reference Count : 1]<UL><LI> startup_tm4c123.o(RESET)
</UL>
<P><STRONG><a name="[5c]"></a>I2C4_Handler</STRONG> (Thumb, 2 bytes, Stack size 0 bytes, startup_tm4c123.o(.text))
<BR><BR>[Calls]<UL><LI><a href="#[5c]">&gt;&gt;</a>&nbsp;&nbsp;&nbsp;I2C4_Handler
</UL>
<BR>[Called By]<UL><LI><a href="#[5c]">&gt;&gt;</a>&nbsp;&nbsp;&nbsp;I2C4_Handler
</UL>
<BR>[Address Reference Count : 1]<UL><LI> startup_tm4c123.o(RESET)
</UL>
<P><STRONG><a name="[5d]"></a>I2C5_Handler</STRONG> (Thumb, 2 bytes, Stack size 0 bytes, startup_tm4c123.o(.text))
<BR><BR>[Calls]<UL><LI><a href="#[5d]">&gt;&gt;</a>&nbsp;&nbsp;&nbsp;I2C5_Handler
</UL>
<BR>[Called By]<UL><LI><a href="#[5d]">&gt;&gt;</a>&nbsp;&nbsp;&nbsp;I2C5_Handler
</UL>
<BR>[Address Reference Count : 1]<UL><LI> startup_tm4c123.o(RESET)
</UL>
<P><STRONG><a name="[5e]"></a>GPIOM_Handler</STRONG> (Thumb, 2 bytes, Stack size 0 bytes, startup_tm4c123.o(.text))
<BR><BR>[Calls]<UL><LI><a href="#[5e]">&gt;&gt;</a>&nbsp;&nbsp;&nbsp;GPIOM_Handler
</UL>
<BR>[Called By]<UL><LI><a href="#[5e]">&gt;&gt;</a>&nbsp;&nbsp;&nbsp;GPIOM_Handler
</UL>
<BR>[Address Reference Count : 1]<UL><LI> startup_tm4c123.o(RESET)
</UL>
<P><STRONG><a name="[5f]"></a>GPION_Handler</STRONG> (Thumb, 2 bytes, Stack size 0 bytes, startup_tm4c123.o(.text))
<BR><BR>[Calls]<UL><LI><a href="#[5f]">&gt;&gt;</a>&nbsp;&nbsp;&nbsp;GPION_Handler
</UL>
<BR>[Called By]<UL><LI><a href="#[5f]">&gt;&gt;</a>&nbsp;&nbsp;&nbsp;GPION_Handler
</UL>
<BR>[Address Reference Count : 1]<UL><LI> startup_tm4c123.o(RESET)
</UL>
<P><STRONG><a name="[60]"></a>QEI2_Handler</STRONG> (Thumb, 2 bytes, Stack size 0 bytes, startup_tm4c123.o(.text))
<BR><BR>[Calls]<UL><LI><a href="#[60]">&gt;&gt;</a>&nbsp;&nbsp;&nbsp;QEI2_Handler
</UL>
<BR>[Called By]<UL><LI><a href="#[60]">&gt;&gt;</a>&nbsp;&nbsp;&nbsp;QEI2_Handler
</UL>
<BR>[Address Reference Count : 1]<UL><LI> startup_tm4c123.o(RESET)
</UL>
<P><STRONG><a name="[61]"></a>GPIOP0_Handler</STRONG> (Thumb, 2 bytes, Stack size 0 bytes, startup_tm4c123.o(.text))
<BR><BR>[Calls]<UL><LI><a href="#[61]">&gt;&gt;</a>&nbsp;&nbsp;&nbsp;GPIOP0_Handler
</UL>
<BR>[Called By]<UL><LI><a href="#[61]">&gt;&gt;</a>&nbsp;&nbsp;&nbsp;GPIOP0_Handler
</UL>
<BR>[Address Reference Count : 1]<UL><LI> startup_tm4c123.o(RESET)
</UL>
<P><STRONG><a name="[62]"></a>GPIOP1_Handler</STRONG> (Thumb, 2 bytes, Stack size 0 bytes, startup_tm4c123.o(.text))
<BR><BR>[Calls]<UL><LI><a href="#[62]">&gt;&gt;</a>&nbsp;&nbsp;&nbsp;GPIOP1_Handler
</UL>
<BR>[Called By]<UL><LI><a href="#[62]">&gt;&gt;</a>&nbsp;&nbsp;&nbsp;GPIOP1_Handler
</UL>
<BR>[Address Reference Count : 1]<UL><LI> startup_tm4c123.o(RESET)
</UL>
<P><STRONG><a name="[63]"></a>GPIOP2_Handler</STRONG> (Thumb, 2 bytes, Stack size 0 bytes, startup_tm4c123.o(.text))
<BR><BR>[Calls]<UL><LI><a href="#[63]">&gt;&gt;</a>&nbsp;&nbsp;&nbsp;GPIOP2_Handler
</UL>
<BR>[Called By]<UL><LI><a href="#[63]">&gt;&gt;</a>&nbsp;&nbsp;&nbsp;GPIOP2_Handler
</UL>
<BR>[Address Reference Count : 1]<UL><LI> startup_tm4c123.o(RESET)
</UL>
<P><STRONG><a name="[64]"></a>GPIOP3_Handler</STRONG> (Thumb, 2 bytes, Stack size 0 bytes, startup_tm4c123.o(.text))
<BR><BR>[Calls]<UL><LI><a href="#[64]">&gt;&gt;</a>&nbsp;&nbsp;&nbsp;GPIOP3_Handler
</UL>
<BR>[Called By]<UL><LI><a href="#[64]">&gt;&gt;</a>&nbsp;&nbsp;&nbsp;GPIOP3_Handler
</UL>
<BR>[Address Reference Count : 1]<UL><LI> startup_tm4c123.o(RESET)
</UL>
<P><STRONG><a name="[65]"></a>GPIOP4_Handler</STRONG> (Thumb, 2 bytes, Stack size 0 bytes, startup_tm4c123.o(.text))
<BR><BR>[Calls]<UL><LI><a href="#[65]">&gt;&gt;</a>&nbsp;&nbsp;&nbsp;GPIOP4_Handler
</UL>
<BR>[Called By]<UL><LI><a href="#[65]">&gt;&gt;</a>&nbsp;&nbsp;&nbsp;GPIOP4_Handler
</UL>
<BR>[Address Reference Count : 1]<UL><LI> startup_tm4c123.o(RESET)
</UL>
<P><STRONG><a name="[66]"></a>GPIOP5_Handler</STRONG> (Thumb, 2 bytes, Stack size 0 bytes, startup_tm4c123.o(.text))
<BR><BR>[Calls]<UL><LI><a href="#[66]">&gt;&gt;</a>&nbsp;&nbsp;&nbsp;GPIOP5_Handler
</UL>
<BR>[Called By]<UL><LI><a href="#[66]">&gt;&gt;</a>&nbsp;&nbsp;&nbsp;GPIOP5_Handler
</UL>
<BR>[Address Reference Count : 1]<UL><LI> startup_tm4c123.o(RESET)
</UL>
<P><STRONG><a name="[67]"></a>GPIOP6_Handler</STRONG> (Thumb, 2 bytes, Stack size 0 bytes, startup_tm4c123.o(.text))
<BR><BR>[Calls]<UL><LI><a href="#[67]">&gt;&gt;</a>&nbsp;&nbsp;&nbsp;GPIOP6_Handler
</UL>
<BR>[Called By]<UL><LI><a href="#[67]">&gt;&gt;</a>&nbsp;&nbsp;&nbsp;GPIOP6_Handler
</UL>
<BR>[Address Reference Count : 1]<UL><LI> startup_tm4c123.o(RESET)
</UL>
<P><STRONG><a name="[68]"></a>GPIOP7_Handler</STRONG> (Thumb, 2 bytes, Stack size 0 bytes, startup_tm4c123.o(.text))
<BR><BR>[Calls]<UL><LI><a href="#[68]">&gt;&gt;</a>&nbsp;&nbsp;&nbsp;GPIOP7_Handler
</UL>
<BR>[Called By]<UL><LI><a href="#[68]">&gt;&gt;</a>&nbsp;&nbsp;&nbsp;GPIOP7_Handler
</UL>
<BR>[Address Reference Count : 1]<UL><LI> startup_tm4c123.o(RESET)
</UL>
<P><STRONG><a name="[69]"></a>GPIOQ0_Handler</STRONG> (Thumb, 2 bytes, Stack size 0 bytes, startup_tm4c123.o(.text))
<BR><BR>[Calls]<UL><LI><a href="#[69]">&gt;&gt;</a>&nbsp;&nbsp;&nbsp;GPIOQ0_Handler
</UL>
<BR>[Called By]<UL><LI><a href="#[69]">&gt;&gt;</a>&nbsp;&nbsp;&nbsp;GPIOQ0_Handler
</UL>
<BR>[Address Reference Count : 1]<UL><LI> startup_tm4c123.o(RESET)
</UL>
<P><STRONG><a name="[6a]"></a>GPIOQ1_Handler</STRONG> (Thumb, 2 bytes, Stack size 0 bytes, startup_tm4c123.o(.text))
<BR><BR>[Calls]<UL><LI><a href="#[6a]">&gt;&gt;</a>&nbsp;&nbsp;&nbsp;GPIOQ1_Handler
</UL>
<BR>[Called By]<UL><LI><a href="#[6a]">&gt;&gt;</a>&nbsp;&nbsp;&nbsp;GPIOQ1_Handler
</UL>
<BR>[Address Reference Count : 1]<UL><LI> startup_tm4c123.o(RESET)
</UL>
<P><STRONG><a name="[6b]"></a>GPIOQ2_Handler</STRONG> (Thumb, 2 bytes, Stack size 0 bytes, startup_tm4c123.o(.text))
<BR><BR>[Calls]<UL><LI><a href="#[6b]">&gt;&gt;</a>&nbsp;&nbsp;&nbsp;GPIOQ2_Handler
</UL>
<BR>[Called By]<UL><LI><a href="#[6b]">&gt;&gt;</a>&nbsp;&nbsp;&nbsp;GPIOQ2_Handler
</UL>
<BR>[Address Reference Count : 1]<UL><LI> startup_tm4c123.o(RESET)
</UL>
<P><STRONG><a name="[6c]"></a>GPIOQ3_Handler</STRONG> (Thumb, 2 bytes, Stack size 0 bytes, startup_tm4c123.o(.text))
<BR><BR>[Calls]<UL><LI><a href="#[6c]">&gt;&gt;</a>&nbsp;&nbsp;&nbsp;GPIOQ3_Handler
</UL>
<BR>[Called By]<UL><LI><a href="#[6c]">&gt;&gt;</a>&nbsp;&nbsp;&nbsp;GPIOQ3_Handler
</UL>
<BR>[Address Reference Count : 1]<UL><LI> startup_tm4c123.o(RESET)
</UL>
<P><STRONG><a name="[6d]"></a>GPIOQ4_Handler</STRONG> (Thumb, 2 bytes, Stack size 0 bytes, startup_tm4c123.o(.text))
<BR><BR>[Calls]<UL><LI><a href="#[6d]">&gt;&gt;</a>&nbsp;&nbsp;&nbsp;GPIOQ4_Handler
</UL>
<BR>[Called By]<UL><LI><a href="#[6d]">&gt;&gt;</a>&nbsp;&nbsp;&nbsp;GPIOQ4_Handler
</UL>
<BR>[Address Reference Count : 1]<UL><LI> startup_tm4c123.o(RESET)
</UL>
<P><STRONG><a name="[6e]"></a>GPIOQ5_Handler</STRONG> (Thumb, 2 bytes, Stack size 0 bytes, startup_tm4c123.o(.text))
<BR><BR>[Calls]<UL><LI><a href="#[6e]">&gt;&gt;</a>&nbsp;&nbsp;&nbsp;GPIOQ5_Handler
</UL>
<BR>[Called By]<UL><LI><a href="#[6e]">&gt;&gt;</a>&nbsp;&nbsp;&nbsp;GPIOQ5_Handler
</UL>
<BR>[Address Reference Count : 1]<UL><LI> startup_tm4c123.o(RESET)
</UL>
<P><STRONG><a name="[6f]"></a>GPIOQ6_Handler</STRONG> (Thumb, 2 bytes, Stack size 0 bytes, startup_tm4c123.o(.text))
<BR><BR>[Calls]<UL><LI><a href="#[6f]">&gt;&gt;</a>&nbsp;&nbsp;&nbsp;GPIOQ6_Handler
</UL>
<BR>[Called By]<UL><LI><a href="#[6f]">&gt;&gt;</a>&nbsp;&nbsp;&nbsp;GPIOQ6_Handler
</UL>
<BR>[Address Reference Count : 1]<UL><LI> startup_tm4c123.o(RESET)
</UL>
<P><STRONG><a name="[70]"></a>GPIOQ7_Handler</STRONG> (Thumb, 2 bytes, Stack size 0 bytes, startup_tm4c123.o(.text))
<BR><BR>[Calls]<UL><LI><a href="#[70]">&gt;&gt;</a>&nbsp;&nbsp;&nbsp;GPIOQ7_Handler
</UL>
<BR>[Called By]<UL><LI><a href="#[70]">&gt;&gt;</a>&nbsp;&nbsp;&nbsp;GPIOQ7_Handler
</UL>
<BR>[Address Reference Count : 1]<UL><LI> startup_tm4c123.o(RESET)
</UL>
<P><STRONG><a name="[71]"></a>GPIOR_Handler</STRONG> (Thumb, 2 bytes, Stack size 0 bytes, startup_tm4c123.o(.text))
<BR><BR>[Calls]<UL><LI><a href="#[71]">&gt;&gt;</a>&nbsp;&nbsp;&nbsp;GPIOR_Handler
</UL>
<BR>[Called By]<UL><LI><a href="#[71]">&gt;&gt;</a>&nbsp;&nbsp;&nbsp;GPIOR_Handler
</UL>
<BR>[Address Reference Count : 1]<UL><LI> startup_tm4c123.o(RESET)
</UL>
<P><STRONG><a name="[72]"></a>GPIOS_Handler</STRONG> (Thumb, 2 bytes, Stack size 0 bytes, startup_tm4c123.o(.text))
<BR><BR>[Calls]<UL><LI><a href="#[72]">&gt;&gt;</a>&nbsp;&nbsp;&nbsp;GPIOS_Handler
</UL>
<BR>[Called By]<UL><LI><a href="#[72]">&gt;&gt;</a>&nbsp;&nbsp;&nbsp;GPIOS_Handler
</UL>
<BR>[Address Reference Count : 1]<UL><LI> startup_tm4c123.o(RESET)
</UL>
<P><STRONG><a name="[73]"></a>PMW1_0_Handler</STRONG> (Thumb, 2 bytes, Stack size 0 bytes, startup_tm4c123.o(.text))
<BR><BR>[Calls]<UL><LI><a href="#[73]">&gt;&gt;</a>&nbsp;&nbsp;&nbsp;PMW1_0_Handler
</UL>
<BR>[Called By]<UL><LI><a href="#[73]">&gt;&gt;</a>&nbsp;&nbsp;&nbsp;PMW1_0_Handler
</UL>
<BR>[Address Reference Count : 1]<UL><LI> startup_tm4c123.o(RESET)
</UL>
<P><STRONG><a name="[74]"></a>PWM1_1_Handler</STRONG> (Thumb, 2 bytes, Stack size 0 bytes, startup_tm4c123.o(.text))
[...]
</UL>

<P><STRONG><a name="[da]"></a>TimerIntClear</STRONG> (Thumb, 4 bytes, Stack size 0 bytes, timer.o(i.TimerIntClear))
<BR><BR>[Called By]<UL><LI><a href="#[7a]">&gt;&gt;</a>&nbsp;&nbsp;&nbsp;timerHandler
</UL>

<P><STRONG><a name="[c0]"></a>TimerIntEnable</STRONG> (Thumb, 8 bytes, Stack size 0 bytes, timer.o(i.TimerIntEnable))
<BR><BR>[Called By]<UL><LI><a href="#[a2]">&gt;&gt;</a>&nbsp;&nbsp;&nbsp;initTimer1mSec
</UL>

<P><STRONG><a name="[bf]"></a>TimerIntRegister</STRONG> (Thumb, 38 bytes, Stack size 24 bytes, timer.o(i.TimerIntRegister))
<BR><BR>[Stack]<UL><LI>Max Depth = 44<LI>Call Chain = TimerIntRegister &rArr; _TimerIntNumberGet
</UL>
<BR>[Calls]<UL><LI><a href="#[de]">&gt;&gt;</a>&nbsp;&nbsp;&nbsp;IntRegister
<LI><a href="#[df]">&gt;&gt;</a>&nbsp;&nbsp;&nbsp;IntEnable
<LI><a href="#[e3]">&gt;&gt;</a>&nbsp;&nbsp;&nbsp;_TimerIntNumberGet
</UL>
<BR>[Called By]<UL><LI><a href="#[a2]">&gt;&gt;</a>&nbsp;&nbsp;&nbsp;initTimer1mSec
</UL>

<P><STRONG><a name="[be]"></a>TimerLoadSet</STRONG> (Thumb, 16 bytes, Stack size 0 bytes, timer.o(i.TimerLoadSet))
<BR><BR>[Called By]<UL><LI><a href="#[a2]">&gt;&gt;</a>&nbsp;&nbsp;&nbsp;initTimer1mSec
</UL>

<P><STRONG><a name="[9a]"></a>UARTCharPut</STRONG> (Thumb, 16 bytes, Stack size 0 bytes, uart.o(i.UARTCharPut))
<BR><BR>[Called By]<UL><LI><a href="#[99]">&gt;&gt;</a>&nbsp;&nbsp;&nbsp;UARTwrite
</UL>

<P><STRONG><a name="[95]"></a>UARTConfigSetExpClk</STRONG> (Thumb, 76 bytes, Stack size 20 bytes, uart.o(i.UARTConfigSetExpClk))
<BR><BR>[Stack]<UL><LI>Max Depth = 20<LI>Call Chain = UARTConfigSetExpClk
</UL>
<BR>[Calls]<UL><LI><a href="#[96]">&gt;&gt;</a>&nbsp;&nbsp;&nbsp;UARTEnable
<LI><a href="#[e4]">&gt;&gt;</a>&nbsp;&nbsp;&nbsp;UARTDisable
</UL>
<BR>[Called By]<UL><LI><a href="#[92]">&gt;&gt;</a>&nbsp;&nbsp;&nbsp;UARTStdioConfig
</UL>

<P><STRONG><a name="[e4]"></a>UARTDisable</STRONG> (Thumb, 32 bytes, Stack size 0 bytes, uart.o(i.UARTDisable))
<BR><BR>[Called By]<UL><LI><a href="#[95]">&gt;&gt;</a>&nbsp;&nbsp;&nbsp;UARTConfigSetExpClk
</UL>

<P><STRONG><a name="[96]"></a>UARTEnable</STRONG> (Thumb, 20 bytes, Stack size 0 bytes, uart.o(i.UARTEnable))
<BR><BR>[Called By]<UL><LI><a href="#[95]">&gt;&gt;</a>&nbsp;&nbsp;&nbsp;UARTConfigSetExpClk
<LI><a href="#[92]">&gt;&gt;</a>&nbsp;&nbsp;&nbsp;UARTStdioConfig
</UL>

<P><STRONG><a name="[ce]"></a>__aeabi_dadd</STRONG> (Thumb, 0 bytes, Stack size 16 bytes, daddsub_clz.o(x$fpl$dadd))
<BR><BR>[Stack]<UL><LI>Max Depth = 16<LI>Call Chain = __aeabi_dadd
</UL>
<BR>[Called By]<UL><LI><a href="#[d3]">&gt;&gt;</a>&nbsp;&nbsp;&nbsp;test_customConvRateIntOn
<LI><a href="#[c6]">&gt;&gt;</a>&nbsp;&nbsp;&nbsp;test_customConvRateIntOff
</UL>

<P><STRONG><a name="[e5]"></a>_dadd</STRONG> (Thumb, 332 bytes, Stack size 16 bytes, daddsub_clz.o(x$fpl$dadd), UNUSED)
<BR><BR>[Calls]<UL><LI><a href="#[e7]">&gt;&gt;</a>&nbsp;&nbsp;&nbsp;__fpl_dretinf
<LI><a href="#[e8]">&gt;&gt;</a>&nbsp;&nbsp;&nbsp;__fpl_dnaninf
<LI><a href="#[e6]">&gt;&gt;</a>&nbsp;&nbsp;&nbsp;_dsub1
</UL>

<P><STRONG><a name="[ea]"></a>__fpl_dcmp_Inf</STRONG> (Thumb, 24 bytes, Stack size 0 bytes, dcmpi.o(x$fpl$dcmpinf), UNUSED)
<BR><BR>[Called By]<UL><LI><a href="#[ec]">&gt;&gt;</a>&nbsp;&nbsp;&nbsp;_dcmple
<LI><a href="#[eb]">&gt;&gt;</a>&nbsp;&nbsp;&nbsp;_dcmpge
<LI><a href="#[e9]">&gt;&gt;</a>&nbsp;&nbsp;&nbsp;_dcmpeq
</UL>

<P><STRONG><a name="[124]"></a>__aeabi_cdcmpeq</STRONG> (Thumb, 0 bytes, Stack size 32 bytes, deqf.o(x$fpl$deqf), UNUSED)

<P><STRONG><a name="[e9]"></a>_dcmpeq</STRONG> (Thumb, 120 bytes, Stack size 32 bytes, deqf.o(x$fpl$deqf), UNUSED)
<BR><BR>[Calls]<UL><LI><a href="#[e8]">&gt;&gt;</a>&nbsp;&nbsp;&nbsp;__fpl_dnaninf
<LI><a href="#[ea]">&gt;&gt;</a>&nbsp;&nbsp;&nbsp;__fpl_dcmp_Inf
</UL>
<BR>[Called By]<UL><LI><a href="#[f3]">&gt;&gt;</a>&nbsp;&nbsp;&nbsp;_dneq
<LI><a href="#[f2]">&gt;&gt;</a>&nbsp;&nbsp;&nbsp;_deq
</UL>

<P><STRONG><a name="[cc]"></a>__aeabi_ui2d</STRONG> (Thumb, 0 bytes, Stack size 0 bytes, dflt_clz.o(x$fpl$dfltu))
<BR><BR>[Called By]<UL><LI><a href="#[d3]">&gt;&gt;</a>&nbsp;&nbsp;&nbsp;test_customConvRateIntOn
<LI><a href="#[c6]">&gt;&gt;</a>&nbsp;&nbsp;&nbsp;test_customConvRateIntOff
</UL>

<P><STRONG><a name="[125]"></a>_dfltu</STRONG> (Thumb, 38 bytes, Stack size 0 bytes, dflt_clz.o(x$fpl$dfltu), UNUSED)

<P><STRONG><a name="[126]"></a>__aeabi_cdcmpge</STRONG> (Thumb, 0 bytes, Stack size 32 bytes, dgeqf.o(x$fpl$dgeqf), UNUSED)

<P><STRONG><a name="[eb]"></a>_dcmpge</STRONG> (Thumb, 120 bytes, Stack size 32 bytes, dgeqf.o(x$fpl$dgeqf), UNUSED)
<BR><BR>[Calls]<UL><LI><a href="#[e8]">&gt;&gt;</a>&nbsp;&nbsp;&nbsp;__fpl_dnaninf
<LI><a href="#[ea]">&gt;&gt;</a>&nbsp;&nbsp;&nbsp;__fpl_dcmp_Inf
</UL>
<BR>[Called By]<UL><LI><a href="#[f5]">&gt;&gt;</a>&nbsp;&nbsp;&nbsp;_dgeq
<LI><a href="#[f4]">&gt;&gt;</a>&nbsp;&nbsp;&nbsp;_dgr
</UL>

<P><STRONG><a name="[127]"></a>__aeabi_cdcmple</STRONG> (Thumb, 0 bytes, Stack size 32 bytes, dleqf.o(x$fpl$dleqf), UNUSED)

<P><STRONG><a name="[ec]"></a>_dcmple</STRONG> (Thumb, 120 bytes, Stack size 32 bytes, dleqf.o(x$fpl$dleqf), UNUSED)
<BR><BR>[Calls]<UL><LI><a href="#[e8]">&gt;&gt;</a>&nbsp;&nbsp;&nbsp;__fpl_dnaninf
<LI><a href="#[ea]">&gt;&gt;</a>&nbsp;&nbsp;&nbsp;__fpl_dcmp_Inf
</UL>
<BR>[Called By]<UL><LI><a href="#[f7]">&gt;&gt;</a>&nbsp;&nbsp;&nbsp;_dls
<LI><a href="#[f6]">&gt;&gt;</a>&nbsp;&nbsp;&nbsp;_dleq
</UL>

<P><STRONG><a name="[128]"></a>__fpl_dcmple_InfNaN</STRONG> (Thumb, 0 bytes, Stack size unknown bytes, dleqf.o(x$fpl$dleqf), UNUSED)

<P><STRONG><a name="[cf]"></a>__aeabi_dmul</STRONG> (Thumb, 0 bytes, Stack size 32 bytes, dmul.o(x$fpl$dmul))
<BR><BR>[Stack]<UL><LI>Max Depth = 32<LI>Call Chain = __aeabi_dmul
</UL>
<BR>[Called By]<UL><LI><a href="#[d3]">&gt;&gt;</a>&nbsp;&nbsp;&nbsp;test_customConvRateIntOn
<LI><a href="#[c6]">&gt;&gt;</a>&nbsp;&nbsp;&nbsp;test_customConvRateIntOff
</UL>

<P><STRONG><a name="[ed]"></a>_dmul</STRONG> (Thumb, 332 bytes, Stack size 32 bytes, dmul.o(x$fpl$dmul), UNUSED)
<BR><BR>[Calls]<UL><LI><a href="#[e7]">&gt;&gt;</a>&nbsp;&nbsp;&nbsp;__fpl_dretinf
<LI><a href="#[e8]">&gt;&gt;</a>&nbsp;&nbsp;&nbsp;__fpl_dnaninf
</UL>

<P><STRONG><a name="[e8]"></a>__fpl_dnaninf</STRONG> (Thumb, 156 bytes, Stack size 16 bytes, dnaninf.o(x$fpl$dnaninf), UNUSED)
<BR><BR>[Called By]<UL><LI><a href="#[ec]">&gt;&gt;</a>&nbsp;&nbsp;&nbsp;_dcmple
<LI><a href="#[eb]">&gt;&gt;</a>&nbsp;&nbsp;&nbsp;_dcmpge
<LI><a href="#[e9]">&gt;&gt;</a>&nbsp;&nbsp;&nbsp;_dcmpeq
<LI><a href="#[ed]">&gt;&gt;</a>&nbsp;&nbsp;&nbsp;_dmul
<LI><a href="#[ee]">&gt;&gt;</a>&nbsp;&nbsp;&nbsp;_dsub
<LI><a href="#[e5]">&gt;&gt;</a>&nbsp;&nbsp;&nbsp;_dadd
</UL>

<P><STRONG><a name="[e7]"></a>__fpl_dretinf</STRONG> (Thumb, 12 bytes, Stack size 0 bytes, dretinf.o(x$fpl$dretinf), UNUSED)
<BR><BR>[Called By]<UL><LI><a href="#[f0]">&gt;&gt;</a>&nbsp;&nbsp;&nbsp;_f2d
<LI><a href="#[ed]">&gt;&gt;</a>&nbsp;&nbsp;&nbsp;_dmul
<LI><a href="#[e5]">&gt;&gt;</a>&nbsp;&nbsp;&nbsp;_dadd
</UL>

<P><STRONG><a name="[129]"></a>__aeabi_dsub</STRONG> (Thumb, 0 bytes, Stack size 32 bytes, daddsub_clz.o(x$fpl$dsub), UNUSED)

<P><STRONG><a name="[ee]"></a>_dsub</STRONG> (Thumb, 464 bytes, Stack size 32 bytes, daddsub_clz.o(x$fpl$dsub), UNUSED)
<BR><BR>[Calls]<UL><LI><a href="#[e8]">&gt;&gt;</a>&nbsp;&nbsp;&nbsp;__fpl_dnaninf
<LI><a href="#[ef]">&gt;&gt;</a>&nbsp;&nbsp;&nbsp;_dadd1
</UL>

<P><STRONG><a name="[cd]"></a>__aeabi_f2d</STRONG> (Thumb, 0 bytes, Stack size 16 bytes, f2d.o(x$fpl$f2d))
<BR><BR>[Stack]<UL><LI>Max Depth = 16<LI>Call Chain = __aeabi_f2d
</UL>
<BR>[Called By]<UL><LI><a href="#[d3]">&gt;&gt;</a>&nbsp;&nbsp;&nbsp;test_customConvRateIntOn
<LI><a href="#[c6]">&gt;&gt;</a>&nbsp;&nbsp;&nbsp;test_customConvRateIntOff
</UL>

<P><STRONG><a name="[f0]"></a>_f2d</STRONG> (Thumb, 86 bytes, Stack size 16 bytes, f2d.o(x$fpl$f2d), UNUSED)
<BR><BR>[Calls]<UL><LI><a href="#[f1]">&gt;&gt;</a>&nbsp;&nbsp;&nbsp;__fpl_fnaninf
<LI><a href="#[e7]">&gt;&gt;</a>&nbsp;&nbsp;&nbsp;__fpl_dretinf
</UL>

<P><STRONG><a name="[12a]"></a>__aeabi_dcmpeq</STRONG> (Thumb, 0 bytes, Stack size 8 bytes, dcmp.o(x$fpl$fcmp), UNUSED)

<P><STRONG><a name="[f2]"></a>_deq</STRONG> (Thumb, 14 bytes, Stack size 8 bytes, dcmp.o(x$fpl$fcmp), UNUSED)
<BR><BR>[Calls]<UL><LI><a href="#[e9]">&gt;&gt;</a>&nbsp;&nbsp;&nbsp;_dcmpeq
</UL>

<P><STRONG><a name="[f3]"></a>_dneq</STRONG> (Thumb, 14 bytes, Stack size 8 bytes, dcmp.o(x$fpl$fcmp), UNUSED)
<BR><BR>[Calls]<UL><LI><a href="#[e9]">&gt;&gt;</a>&nbsp;&nbsp;&nbsp;_dcmpeq
</UL>

<P><STRONG><a name="[d1]"></a>__aeabi_dcmpgt</STRONG> (Thumb, 0 bytes, Stack size 8 bytes, dcmp.o(x$fpl$fcmp))
<BR><BR>[Stack]<UL><LI>Max Depth = 8<LI>Call Chain = __aeabi_dcmpgt
</UL>
<BR>[Called By]<UL><LI><a href="#[d3]">&gt;&gt;</a>&nbsp;&nbsp;&nbsp;test_customConvRateIntOn
<LI><a href="#[c6]">&gt;&gt;</a>&nbsp;&nbsp;&nbsp;test_customConvRateIntOff
</UL>

<P><STRONG><a name="[f4]"></a>_dgr</STRONG> (Thumb, 14 bytes, Stack size 8 bytes, dcmp.o(x$fpl$fcmp), UNUSED)
<BR><BR>[Calls]<UL><LI><a href="#[eb]">&gt;&gt;</a>&nbsp;&nbsp;&nbsp;_dcmpge
</UL>

<P><STRONG><a name="[12b]"></a>__aeabi_dcmpge</STRONG> (Thumb, 0 bytes, Stack size 8 bytes, dcmp.o(x$fpl$fcmp), UNUSED)

<P><STRONG><a name="[f5]"></a>_dgeq</STRONG> (Thumb, 14 bytes, Stack size 8 bytes, dcmp.o(x$fpl$fcmp), UNUSED)
<BR><BR>[Calls]<UL><LI><a href="#[eb]">&gt;&gt;</a>&nbsp;&nbsp;&nbsp;_dcmpge
</UL>

<P><STRONG><a name="[d0]"></a>__aeabi_dcmple</STRONG> (Thumb, 0 bytes, Stack size 8 bytes, dcmp.o(x$fpl$fcmp))
<BR><BR>[Stack]<UL><LI>Max Depth = 8<LI>Call Chain = __aeabi_dcmple
</UL>
<BR>[Called By]<UL><LI><a href="#[d3]">&gt;&gt;</a>&nbsp;&nbsp;&nbsp;test_customConvRateIntOn
<LI><a href="#[c6]">&gt;&gt;</a>&nbsp;&nbsp;&nbsp;test_customConvRateIntOff
</UL>

<P><STRONG><a name="[f6]"></a>_dleq</STRONG> (Thumb, 14 bytes, Stack size 8 bytes, dcmp.o(x$fpl$fcmp), UNUSED)
<BR><BR>[Calls]<UL><LI><a href="#[ec]">&gt;&gt;</a>&nbsp;&nbsp;&nbsp;_dcmple
</UL>

<P><STRONG><a name="[12c]"></a>__aeabi_dcmplt</STRONG> (Thumb, 0 bytes, Stack size 8 bytes, dcmp.o(x$fpl$fcmp), UNUSED)

<P><STRONG><a name="[f7]"></a>_dls</STRONG> (Thumb, 14 bytes, Stack size 8 bytes, dcmp.o(x$fpl$fcmp), UNUSED)
<BR><BR>[Calls]<UL><LI><a href="#[ec]">&gt;&gt;</a>&nbsp;&nbsp;&nbsp;_dcmple
</UL>

<P><STRONG><a name="[f1]"></a>__fpl_fnaninf</STRONG> (Thumb, 140 bytes, Stack size 8 bytes, fnaninf.o(x$fpl$fnaninf), UNUSED)
<BR><BR>[Called By]<UL><LI><a href="#[f0]">&gt;&gt;</a>&nbsp;&nbsp;&nbsp;_f2d
</UL>

<P><STRONG><a name="[82]"></a>_fp_init</STRONG> (Thumb, 26 bytes, Stack size 0 bytes, fpinit.o(x$fpl$fpinit))
<BR><BR>[Called By]<UL><LI><a href="#[81]">&gt;&gt;</a>&nbsp;&nbsp;&nbsp;__rt_lib_init_fp_1
</UL>

<P><STRONG><a name="[12d]"></a>__fplib_config_fpu_vfp</STRONG> (Thumb, 0 bytes, Stack size unknown bytes, fpinit.o(x$fpl$fpinit), UNUSED)

<P><STRONG><a name="[12e]"></a>__fplib_config_pureend_doubles</STRONG> (Thumb, 0 bytes, Stack size unknown bytes, fpinit.o(x$fpl$fpinit), UNUSED)
<P>
<H3>
Local Symbols
</H3>
<P><STRONG><a name="[dc]"></a>setI2cAddress</STRONG> (Thumb, 72 bytes, Stack size 0 bytes, tmp006.o(.text.setI2cAddress))
<BR><BR>[Called By]<UL><LI><a href="#[d8]">&gt;&gt;</a>&nbsp;&nbsp;&nbsp;tmp006_init
</UL>

<P><STRONG><a name="[9b]"></a>checkConfigReg</STRONG> (Thumb, 56 bytes, Stack size 24 bytes, test.o(.text.checkConfigReg))
<BR><BR>[Stack]<UL><LI>Max Depth = 40<LI>Call Chain = checkConfigReg &rArr; tmp006_read
</UL>
<BR>[Calls]<UL><LI><a href="#[9c]">&gt;&gt;</a>&nbsp;&nbsp;&nbsp;tmp006_read
</UL>
<BR>[Called By]<UL><LI><a href="#[d9]">&gt;&gt;</a>&nbsp;&nbsp;&nbsp;test_writeIntoConfig
</UL>

<P><STRONG><a name="[9d]"></a>checkTemperatureValue</STRONG> (Thumb, 140 bytes, Stack size 24 bytes, test.o(.text.checkTemperatureValue))
<BR><BR>[Stack]<UL><LI>Max Depth = 48<LI>Call Chain = checkTemperatureValue &rArr; tmp006_readTemp &rArr; tmp006_read
</UL>
<BR>[Calls]<UL><LI><a href="#[9e]">&gt;&gt;</a>&nbsp;&nbsp;&nbsp;tmp006_readTemp
</UL>
<BR>[Called By]<UL><LI><a href="#[d3]">&gt;&gt;</a>&nbsp;&nbsp;&nbsp;test_customConvRateIntOn
<LI><a href="#[c6]">&gt;&gt;</a>&nbsp;&nbsp;&nbsp;test_customConvRateIntOff
</UL>

<P><STRONG><a name="[cb]"></a>conversionRateToFloat</STRONG> (Thumb, 40 bytes, Stack size 0 bytes, test.o(.text.conversionRateToFloat))
<BR><BR>[Called By]<UL><LI><a href="#[d3]">&gt;&gt;</a>&nbsp;&nbsp;&nbsp;test_customConvRateIntOn
<LI><a href="#[c6]">&gt;&gt;</a>&nbsp;&nbsp;&nbsp;test_customConvRateIntOff
</UL>

<P><STRONG><a name="[7d]"></a>pinInterruptHandler</STRONG> (Thumb, 28 bytes, Stack size 0 bytes, test.o(.text.pinInterruptHandler))
<BR>[Address Reference Count : 1]<UL><LI> test.o(.text.test_init)
</UL>
<P><STRONG><a name="[c7]"></a>setUp</STRONG> (Thumb, 34 bytes, Stack size 0 bytes, test.o(.text.setUp))
<BR><BR>[Called By]<UL><LI><a href="#[d6]">&gt;&gt;</a>&nbsp;&nbsp;&nbsp;test_powerDownModeIntOn
<LI><a href="#[d4]">&gt;&gt;</a>&nbsp;&nbsp;&nbsp;test_powerDownModeIntOff
<LI><a href="#[d3]">&gt;&gt;</a>&nbsp;&nbsp;&nbsp;test_customConvRateIntOn
<LI><a href="#[c6]">&gt;&gt;</a>&nbsp;&nbsp;&nbsp;test_customConvRateIntOff
</UL>

<P><STRONG><a name="[c6]"></a>test_customConvRateIntOff</STRONG> (Thumb, 272 bytes, Stack size 56 bytes, test.o(.text.test_customConvRateIntOff))
<BR><BR>[Stack]<UL><LI>Max Depth = 104<LI>Call Chain = test_customConvRateIntOff &rArr; checkTemperatureValue &rArr; tmp006_readTemp &rArr; tmp006_read
</UL>
<BR>[Calls]<UL><LI><a href="#[c7]">&gt;&gt;</a>&nbsp;&nbsp;&nbsp;setUp
<LI><a href="#[cb]">&gt;&gt;</a>&nbsp;&nbsp;&nbsp;conversionRateToFloat
<LI><a href="#[9d]">&gt;&gt;</a>&nbsp;&nbsp;&nbsp;checkTemperatureValue
<LI><a href="#[c8]">&gt;&gt;</a>&nbsp;&nbsp;&nbsp;tmp006_resetDevice
<LI><a href="#[d2]">&gt;&gt;</a>&nbsp;&nbsp;&nbsp;tmp006_isResultReady
<LI><a href="#[ca]">&gt;&gt;</a>&nbsp;&nbsp;&nbsp;tmp006_drdyPinConfig
<LI><a href="#[c9]">&gt;&gt;</a>&nbsp;&nbsp;&nbsp;tmp006_configConvRate
<LI><a href="#[cd]">&gt;&gt;</a>&nbsp;&nbsp;&nbsp;__aeabi_f2d
<LI><a href="#[cf]">&gt;&gt;</a>&nbsp;&nbsp;&nbsp;__aeabi_dmul
<LI><a href="#[cc]">&gt;&gt;</a>&nbsp;&nbsp;&nbsp;__aeabi_ui2d
<LI><a href="#[d0]">&gt;&gt;</a>&nbsp;&nbsp;&nbsp;__aeabi_dcmple
<LI><a href="#[d1]">&gt;&gt;</a>&nbsp;&nbsp;&nbsp;__aeabi_dcmpgt
<LI><a href="#[ce]">&gt;&gt;</a>&nbsp;&nbsp;&nbsp;__aeabi_dadd
</UL>
<BR>[Called By]<UL><LI><a href="#[c5]">&gt;&gt;</a>&nbsp;&nbsp;&nbsp;test_run
</UL>

<P><STRONG><a name="[d3]"></a>test_customConvRateIntOn</STRONG> (Thumb, 224 bytes, Stack size 40 bytes, test.o(.text.test_customConvRateIntOn))
<BR><BR>[Stack]<UL><LI>Max Depth = 88<LI>Call Chain = test_customConvRateIntOn &rArr; checkTemperatureValue &rArr; tmp006_readTemp &rArr; tmp006_read
</UL>
<BR>[Calls]<UL><LI><a href="#[c7]">&gt;&gt;</a>&nbsp;&nbsp;&nbsp;setUp
<LI><a href="#[cb]">&gt;&gt;</a>&nbsp;&nbsp;&nbsp;conversionRateToFloat
<LI><a href="#[9d]">&gt;&gt;</a>&nbsp;&nbsp;&nbsp;checkTemperatureValue
<LI><a href="#[c8]">&gt;&gt;</a>&nbsp;&nbsp;&nbsp;tmp006_resetDevice
<LI><a href="#[ca]">&gt;&gt;</a>&nbsp;&nbsp;&nbsp;tmp006_drdyPinConfig
<LI><a href="#[c9]">&gt;&gt;</a>&nbsp;&nbsp;&nbsp;tmp006_configConvRate
<LI><a href="#[cd]">&gt;&gt;</a>&nbsp;&nbsp;&nbsp;__aeabi_f2d
<LI><a href="#[cf]">&gt;&gt;</a>&nbsp;&nbsp;&nbsp;__aeabi_dmul
<LI><a href="#[cc]">&gt;&gt;</a>&nbsp;&nbsp;&nbsp;__aeabi_ui2d
<LI><a href="#[d0]">&gt;&gt;</a>&nbsp;&nbsp;&nbsp;__aeabi_dcmple
<LI><a href="#[d1]">&gt;&gt;</a>&nbsp;&nbsp;&nbsp;__aeabi_dcmpgt
<LI><a href="#[ce]">&gt;&gt;</a>&nbsp;&nbsp;&nbsp;__aeabi_dadd
</UL>
<BR>[Called By]<UL><LI><a href="#[c5]">&gt;&gt;</a>&nbsp;&nbsp;&nbsp;test_run
</UL>

<P><STRONG><a name="[d4]"></a>test_powerDownModeIntOff</STRONG> (Thumb, 92 bytes, Stack size 24 bytes, test.o(.text.test_powerDownModeIntOff))
<BR><BR>[Stack]<UL><LI>Max Depth = 64<LI>Call Chain = test_powerDownModeIntOff &rArr; tmp006_operationMode &rArr; tmp006_write
</UL>
<BR>[Calls]<UL><LI><a href="#[c7]">&gt;&gt;</a>&nbsp;&nbsp;&nbsp;setUp
<LI><a href="#[d5]">&gt;&gt;</a>&nbsp;&nbsp;&nbsp;tmp006_operationMode
<LI><a href="#[d2]">&gt;&gt;</a>&nbsp;&nbsp;&nbsp;tmp006_isResultReady
<LI><a href="#[ca]">&gt;&gt;</a>&nbsp;&nbsp;&nbsp;tmp006_drdyPinConfig
<LI><a href="#[c9]">&gt;&gt;</a>&nbsp;&nbsp;&nbsp;tmp006_configConvRate
</UL>
<BR>[Called By]<UL><LI><a href="#[c5]">&gt;&gt;</a>&nbsp;&nbsp;&nbsp;test_run
</UL>

<P><STRONG><a name="[d6]"></a>test_powerDownModeIntOn</STRONG> (Thumb, 78 bytes, Stack size 8 bytes, test.o(.text.test_powerDownModeIntOn))
<BR><BR>[Stack]<UL><LI>Max Depth = 48<LI>Call Chain = test_powerDownModeIntOn &rArr; tmp006_operationMode &rArr; tmp006_write
</UL>
<BR>[Calls]<UL><LI><a href="#[c7]">&gt;&gt;</a>&nbsp;&nbsp;&nbsp;setUp
<LI><a href="#[d5]">&gt;&gt;</a>&nbsp;&nbsp;&nbsp;tmp006_operationMode
<LI><a href="#[ca]">&gt;&gt;</a>&nbsp;&nbsp;&nbsp;tmp006_drdyPinConfig
<LI><a href="#[c9]">&gt;&gt;</a>&nbsp;&nbsp;&nbsp;tmp006_configConvRate
</UL>
<BR>[Called By]<UL><LI><a href="#[c5]">&gt;&gt;</a>&nbsp;&nbsp;&nbsp;test_run
</UL>

<P><STRONG><a name="[d7]"></a>test_readManufId</STRONG> (Thumb, 44 bytes, Stack size 16 bytes, test.o(.text.test_readManufId))
<BR><BR>[Stack]<UL><LI>Max Depth = 32<LI>Call Chain = test_readManufId &rArr; tmp006_read
</UL>
<BR>[Calls]<UL><LI><a href="#[9c]">&gt;&gt;</a>&nbsp;&nbsp;&nbsp;tmp006_read
</UL>
<BR>[Called By]<UL><LI><a href="#[c5]">&gt;&gt;</a>&nbsp;&nbsp;&nbsp;test_run
</UL>

<P><STRONG><a name="[d9]"></a>test_writeIntoConfig</STRONG> (Thumb, 188 bytes, Stack size 16 bytes, test.o(.text.test_writeIntoConfig))
<BR><BR>[Stack]<UL><LI>Max Depth = 56<LI>Call Chain = test_writeIntoConfig &rArr; checkConfigReg &rArr; tmp006_read
</UL>
<BR>[Calls]<UL><LI><a href="#[9b]">&gt;&gt;</a>&nbsp;&nbsp;&nbsp;checkConfigReg
<LI><a href="#[c8]">&gt;&gt;</a>&nbsp;&nbsp;&nbsp;tmp006_resetDevice
<LI><a href="#[d5]">&gt;&gt;</a>&nbsp;&nbsp;&nbsp;tmp006_operationMode
<LI><a href="#[ca]">&gt;&gt;</a>&nbsp;&nbsp;&nbsp;tmp006_drdyPinConfig
<LI><a href="#[c9]">&gt;&gt;</a>&nbsp;&nbsp;&nbsp;tmp006_configConvRate
</UL>
<BR>[Called By]<UL><LI><a href="#[c5]">&gt;&gt;</a>&nbsp;&nbsp;&nbsp;test_run
</UL>

<P><STRONG><a name="[7c]"></a>timerHandler</STRONG> (Thumb, 16 bytes, Stack size 0 bytes, test.o(.text.timerHandler))
<BR>[Address Reference Count : 1]<UL><LI> test.o(.text.test_init)
</UL>
<P><STRONG><a name="[7b]"></a>interruptPinHandler</STRONG> (Thumb, 26 bytes, Stack size 8 bytes, hal.o(.text.interruptPinHandler))
<BR><BR>[Stack]<UL><LI>Max Depth = 8<LI>Call Chain = interruptPinHandler
</UL>
<BR>[Calls]<UL><LI><a href="#[c3]">&gt;&gt;</a>&nbsp;&nbsp;&nbsp;GPIOIntClear
</UL>
<BR>[Address Reference Count : 1]<UL><LI> hal.o(.text.hal_configureInterruptPin)
</UL>
<P><STRONG><a name="[7a]"></a>timerHandler</STRONG> (Thumb, 28 bytes, Stack size 8 bytes, hal.o(.text.timerHandler))
<BR><BR>[Stack]<UL><LI>Max Depth = 8<LI>Call Chain = timerHandler
</UL>
<BR>[Calls]<UL><LI><a href="#[da]">&gt;&gt;</a>&nbsp;&nbsp;&nbsp;TimerIntClear
</UL>
<BR>[Address Reference Count : 1]<UL><LI> hal.o(.text.hal_configure1msInterrupt)
</UL>
<P><STRONG><a name="[dd]"></a>_GPIOIntNumberGet</STRONG> (Thumb, 56 bytes, Stack size 12 bytes, gpio.o(i._GPIOIntNumberGet))
<BR><BR>[Stack]<UL><LI>Max Depth = 12<LI>Call Chain = _GPIOIntNumberGet
</UL>
<BR>[Called By]<UL><LI><a href="#[b9]">&gt;&gt;</a>&nbsp;&nbsp;&nbsp;GPIOIntRegister
</UL>

<P><STRONG><a name="[e3]"></a>_TimerIntNumberGet</STRONG> (Thumb, 68 bytes, Stack size 20 bytes, timer.o(i._TimerIntNumberGet))
<BR><BR>[Stack]<UL><LI>Max Depth = 20<LI>Call Chain = _TimerIntNumberGet
</UL>
<BR>[Called By]<UL><LI><a href="#[bf]">&gt;&gt;</a>&nbsp;&nbsp;&nbsp;TimerIntRegister
</UL>

<P><STRONG><a name="[ef]"></a>_dadd1</STRONG> (Thumb, 0 bytes, Stack size unknown bytes, daddsub_clz.o(x$fpl$dadd), UNUSED)
<BR><BR>[Called By]<UL><LI><a href="#[ee]">&gt;&gt;</a>&nbsp;&nbsp;&nbsp;_dsub
</UL>

<P><STRONG><a name="[e6]"></a>_dsub1</STRONG> (Thumb, 0 bytes, Stack size unknown bytes, daddsub_clz.o(x$fpl$dsub), UNUSED)
<BR><BR>[Called By]<UL><LI><a href="#[e5]">&gt;&gt;</a>&nbsp;&nbsp;&nbsp;_dadd
</UL>
<P>
<H3>
Undefined Global Symbols
</H3><HR></body></html>
