Component: ARM Compiler 6.14 Tool: armlink [5db06800]

==============================================================================

Section Cross References

    tmp006.o(.text.tmp006_init) refers to tmp006.o(.text.setI2cAddress) for setI2cAddress
    tmp006.o(.ARM.exidx.text.tmp006_init) refers to tmp006.o(.text.tmp006_init) for [Anonymous Symbol]
    tmp006.o(.ARM.exidx.text.setI2cAddress) refers to tmp006.o(.text.setI2cAddress) for [Anonymous Symbol]
    tmp006.o(.ARM.exidx.text.tmp006_read) refers to tmp006.o(.text.tmp006_read) for [Anonymous Symbol]
    tmp006.o(.ARM.exidx.text.tmp006_write) refers to tmp006.o(.text.tmp006_write) for [Anonymous Symbol]
    tmp006.o(.text.tmp006_configConvRate) refers to tmp006.o(.text.tmp006_read) for tmp006_read
    tmp006.o(.text.tmp006_configConvRate) refers to tmp006.o(.text.tmp006_write) for tmp006_write
    tmp006.o(.ARM.exidx.text.tmp006_configConvRate) refers to tmp006.o(.text.tmp006_configConvRate) for [Anonymous Symbol]
    tmp006.o(.text.tmp006_drdyPinConfig) refers to tmp006.o(.text.tmp006_read) for tmp006_read
    tmp006.o(.text.tmp006_drdyPinConfig) refers to tmp006.o(.text.tmp006_write) for tmp006_write
    tmp006.o(.ARM.exidx.text.tmp006_drdyPinConfig) refers to tmp006.o(.text.tmp006_drdyPinConfig) for [Anonymous Symbol]
    tmp006.o(.text.tmp006_resetDevice) refers to tmp006.o(.text.tmp006_write) for tmp006_write
    tmp006.o(.ARM.exidx.text.tmp006_resetDevice) refers to tmp006.o(.text.tmp006_resetDevice) for [Anonymous Symbol]
    tmp006.o(.text.tmp006_operationMode) refers to tmp006.o(.text.tmp006_read) for tmp006_read
    tmp006.o(.text.tmp006_operationMode) refers to tmp006.o(.text.tmp006_write) for tmp006_write
    tmp006.o(.ARM.exidx.text.tmp006_operationMode) refers to tmp006.o(.text.tmp006_operationMode) for [Anonymous Symbol]
    tmp006.o(.text.tmp006_isResultReady) refers to tmp006.o(.text.tmp006_read) for tmp006_read
    tmp006.o(.ARM.exidx.text.tmp006_isResultReady) refers to tmp006.o(.text.tmp006_isResultReady) for [Anonymous Symbol]
    tmp006.o(.text.tmp006_readTemp) refers to tmp006.o(.text.tmp006_read) for tmp006_read
    tmp006.o(.ARM.exidx.text.tmp006_readTemp) refers to tmp006.o(.text.tmp006_readTemp) for [Anonymous Symbol]
    tmp006.o(.text.tmp006_readVoltage) refers to tmp006.o(.text.tmp006_read) for tmp006_read
    tmp006.o(.ARM.exidx.text.tmp006_readVoltage) refers to tmp006.o(.text.tmp006_readVoltage) for [Anonymous Symbol]
    tm4c_init.o(.text.initSystemClock_40MHz) refers to sysctl.o(i.SysCtlClockSet) for SysCtlClockSet
    tm4c_init.o(.ARM.exidx.text.initSystemClock_40MHz) refers to tm4c_init.o(.text.initSystemClock_40MHz) for [Anonymous Symbol]
    tm4c_init.o(.text.enablePeripheralsClock) refers to sysctl.o(i.SysCtlPeripheralEnable) for SysCtlPeripheralEnable
    tm4c_init.o(.text.enablePeripheralsClock) refers to sysctl.o(i.SysCtlPeripheralReady) for SysCtlPeripheralReady
    tm4c_init.o(.ARM.exidx.text.enablePeripheralsClock) refers to tm4c_init.o(.text.enablePeripheralsClock) for [Anonymous Symbol]
    tm4c_init.o(.text.initPorts) refers to gpio.o(i.GPIOUnlockPin) for GPIOUnlockPin
    tm4c_init.o(.text.initPorts) refers to gpio.o(i.GPIOPinTypeGPIOOutput) for GPIOPinTypeGPIOOutput
    tm4c_init.o(.text.initPorts) refers to gpio.o(i.GPIOPinTypeGPIOInput) for GPIOPinTypeGPIOInput
    tm4c_init.o(.text.initPorts) refers to gpio.o(i.GPIOIntRegister) for GPIOIntRegister
    tm4c_init.o(.text.initPorts) refers to gpio.o(i.GPIOIntTypeSet) for GPIOIntTypeSet
    tm4c_init.o(.text.initPorts) refers to gpio.o(i.GPIOIntEnable) for GPIOIntEnable
    tm4c_init.o(.ARM.exidx.text.initPorts) refers to tm4c_init.o(.text.initPorts) for [Anonymous Symbol]
    tm4c_init.o(.text.initTimer1sec) refers to sysctl.o(i.SysCtlPeripheralEnable) for SysCtlPeripheralEnable
    tm4c_init.o(.text.initTimer1sec) refers to sysctl.o(i.SysCtlPeripheralReady) for SysCtlPeripheralReady
    tm4c_init.o(.text.initTimer1sec) refers to timer.o(i.TimerConfigure) for TimerConfigure
    tm4c_init.o(.text.initTimer1sec) refers to timer.o(i.TimerLoadSet) for TimerLoadSet
    tm4c_init.o(.text.initTimer1sec) refers to timer.o(i.TimerIntRegister) for TimerIntRegister
    tm4c_init.o(.text.initTimer1sec) refers to timer.o(i.TimerIntEnable) for TimerIntEnable
    tm4c_init.o(.text.initTimer1sec) refers to timer.o(i.TimerEnable) for TimerEnable
    tm4c_init.o(.ARM.exidx.text.initTimer1sec) refers to tm4c_init.o(.text.initTimer1sec) for [Anonymous Symbol]
    tm4c_init.o(.text.initI2c) refers to sysctl.o(i.SysCtlPeripheralEnable) for SysCtlPeripheralEnable
    tm4c_init.o(.text.initI2c) refers to sysctl.o(i.SysCtlPeripheralReset) for SysCtlPeripheralReset
    tm4c_init.o(.text.initI2c) refers to sysctl.o(i.SysCtlPeripheralReady) for SysCtlPeripheralReady
    tm4c_init.o(.text.initI2c) refers to gpio.o(i.GPIOPinConfigure) for GPIOPinConfigure
    tm4c_init.o(.text.initI2c) refers to gpio.o(i.GPIOPinTypeI2CSCL) for GPIOPinTypeI2CSCL
[...]
    __rtentry2.o(.ARM.Collect$$rtentry$$0000000D) refers to main.o(.text.main) for main
    __rtentry2.o(.ARM.Collect$$rtentry$$0000000D) refers to exit.o(.text) for exit
    __rtentry2.o(.ARM.exidx) refers to __rtentry2.o(.ARM.Collect$$rtentry$$00000001) for .ARM.Collect$$rtentry$$00000001
    __rtentry2.o(.ARM.exidx) refers to __rtentry2.o(.ARM.Collect$$rtentry$$00000008) for .ARM.Collect$$rtentry$$00000008
    __rtentry2.o(.ARM.exidx) refers to __rtentry2.o(.ARM.Collect$$rtentry$$0000000A) for .ARM.Collect$$rtentry$$0000000A
    __rtentry2.o(.ARM.exidx) refers to __rtentry2.o(.ARM.Collect$$rtentry$$0000000B) for .ARM.Collect$$rtentry$$0000000B
    __rtentry2.o(.ARM.exidx) refers to __rtentry2.o(.ARM.Collect$$rtentry$$0000000D) for .ARM.Collect$$rtentry$$0000000D
    __rtentry4.o(.ARM.Collect$$rtentry$$00000004) refers to sys_stackheap_outer.o(.text) for __user_setup_stackheap
    __rtentry4.o(.ARM.exidx) refers to __rtentry4.o(.ARM.Collect$$rtentry$$00000004) for .ARM.Collect$$rtentry$$00000004
    sys_stackheap_outer.o(.text) refers to libspace.o(.text) for __user_perproc_libspace
    sys_stackheap_outer.o(.text) refers to startup_tm4c123.o(.text) for __user_initial_stackheap
    exit.o(.text) refers to rtexit.o(.ARM.Collect$$rtexit$$00000000) for __rt_exit
    libinit.o(.ARM.Collect$$libinit$$00000000) refers (Special) to libinit2.o(.ARM.Collect$$libinit$$0000002E) for __rt_lib_init_alloca_1
    libinit.o(.ARM.Collect$$libinit$$00000000) refers (Special) to libinit2.o(.ARM.Collect$$libinit$$0000002C) for __rt_lib_init_argv_1
    libinit.o(.ARM.Collect$$libinit$$00000000) refers (Special) to libinit2.o(.ARM.Collect$$libinit$$0000001B) for __rt_lib_init_atexit_1
    libinit.o(.ARM.Collect$$libinit$$00000000) refers (Special) to libinit2.o(.ARM.Collect$$libinit$$00000021) for __rt_lib_init_clock_1
    libinit.o(.ARM.Collect$$libinit$$00000000) refers (Special) to libinit2.o(.ARM.Collect$$libinit$$00000032) for __rt_lib_init_cpp_1
    libinit.o(.ARM.Collect$$libinit$$00000000) refers (Special) to libinit2.o(.ARM.Collect$$libinit$$00000030) for __rt_lib_init_exceptions_1
    libinit.o(.ARM.Collect$$libinit$$00000000) refers (Special) to libinit2.o(.ARM.Collect$$libinit$$00000001) for __rt_lib_init_fp_1
    libinit.o(.ARM.Collect$$libinit$$00000000) refers (Special) to libinit2.o(.ARM.Collect$$libinit$$0000001F) for __rt_lib_init_fp_trap_1
    libinit.o(.ARM.Collect$$libinit$$00000000) refers (Special) to libinit2.o(.ARM.Collect$$libinit$$00000023) for __rt_lib_init_getenv_1
    libinit.o(.ARM.Collect$$libinit$$00000000) refers (Special) to libinit2.o(.ARM.Collect$$libinit$$0000000A) for __rt_lib_init_heap_1
    libinit.o(.ARM.Collect$$libinit$$00000000) refers (Special) to libinit2.o(.ARM.Collect$$libinit$$00000011) for __rt_lib_init_lc_collate_1
    libinit.o(.ARM.Collect$$libinit$$00000000) refers (Special) to libinit2.o(.ARM.Collect$$libinit$$00000013) for __rt_lib_init_lc_ctype_1
    libinit.o(.ARM.Collect$$libinit$$00000000) refers (Special) to libinit2.o(.ARM.Collect$$libinit$$00000015) for __rt_lib_init_lc_monetary_1
    libinit.o(.ARM.Collect$$libinit$$00000000) refers (Special) to libinit2.o(.ARM.Collect$$libinit$$00000017) for __rt_lib_init_lc_numeric_1
    libinit.o(.ARM.Collect$$libinit$$00000000) refers (Special) to libinit2.o(.ARM.Collect$$libinit$$00000019) for __rt_lib_init_lc_time_1
    libinit.o(.ARM.Collect$$libinit$$00000000) refers (Special) to libinit2.o(.ARM.Collect$$libinit$$00000004) for __rt_lib_init_preinit_1
    libinit.o(.ARM.Collect$$libinit$$00000000) refers (Special) to libinit2.o(.ARM.Collect$$libinit$$0000000E) for __rt_lib_init_rand_1
    libinit.o(.ARM.Collect$$libinit$$00000000) refers (Special) to libinit2.o(.ARM.Collect$$libinit$$00000033) for __rt_lib_init_return
    libinit.o(.ARM.Collect$$libinit$$00000000) refers (Special) to libinit2.o(.ARM.Collect$$libinit$$0000001D) for __rt_lib_init_signal_1
    libinit.o(.ARM.Collect$$libinit$$00000000) refers (Special) to libinit2.o(.ARM.Collect$$libinit$$00000025) for __rt_lib_init_stdio_1
    libinit.o(.ARM.Collect$$libinit$$00000000) refers (Special) to libinit2.o(.ARM.Collect$$libinit$$0000000C) for __rt_lib_init_user_alloc_1
    libspace.o(.text) refers to libspace.o(.bss) for __libspace_start
    rtexit.o(.ARM.Collect$$rtexit$$00000000) refers (Special) to rtexit2.o(.ARM.Collect$$rtexit$$00000004) for __rt_exit_exit
    rtexit.o(.ARM.Collect$$rtexit$$00000000) refers (Special) to rtexit2.o(.ARM.Collect$$rtexit$$00000003) for __rt_exit_ls
    rtexit.o(.ARM.Collect$$rtexit$$00000000) refers (Special) to rtexit2.o(.ARM.Collect$$rtexit$$00000002) for __rt_exit_prels_1
    rtexit.o(.ARM.exidx) refers (Special) to rtexit2.o(.ARM.Collect$$rtexit$$00000004) for __rt_exit_exit
    rtexit.o(.ARM.exidx) refers (Special) to rtexit2.o(.ARM.Collect$$rtexit$$00000003) for __rt_exit_ls
    rtexit.o(.ARM.exidx) refers (Special) to rtexit2.o(.ARM.Collect$$rtexit$$00000002) for __rt_exit_prels_1
    rtexit.o(.ARM.exidx) refers to rtexit.o(.ARM.Collect$$rtexit$$00000000) for .ARM.Collect$$rtexit$$00000000
    libinit2.o(.ARM.Collect$$libinit$$00000001) refers to fpinit.o(x$fpl$fpinit) for _fp_init
    libinit2.o(.ARM.Collect$$libinit$$00000010) refers to libinit2.o(.ARM.Collect$$libinit$$0000000F) for .ARM.Collect$$libinit$$0000000F
    libinit2.o(.ARM.Collect$$libinit$$00000012) refers to libinit2.o(.ARM.Collect$$libinit$$0000000F) for .ARM.Collect$$libinit$$0000000F
    libinit2.o(.ARM.Collect$$libinit$$00000014) refers to libinit2.o(.ARM.Collect$$libinit$$0000000F) for .ARM.Collect$$libinit$$0000000F
    libinit2.o(.ARM.Collect$$libinit$$00000016) refers to libinit2.o(.ARM.Collect$$libinit$$0000000F) for .ARM.Collect$$libinit$$0000000F
    libinit2.o(.ARM.Collect$$libinit$$00000018) refers to libinit2.o(.ARM.Collect$$libinit$$0000000F) for .ARM.Collect$$libinit$$0000000F
    libinit2.o(.ARM.Collect$$libinit$$00000026) refers to argv_veneer.o(.emb_text) for __ARM_argv_veneer
    libinit2.o(.ARM.Collect$$libinit$$00000027) refers to argv_veneer.o(.emb_text) for __ARM_argv_veneer
    rtexit2.o(.ARM.Collect$$rtexit$$00000003) refers to libshutdown.o(.ARM.Collect$$libshutdown$$00000000) for __rt_lib_shutdown
    rtexit2.o(.ARM.Collect$$rtexit$$00000004) refers to sys_exit.o(.text) for _sys_exit
    rtexit2.o(.ARM.exidx) refers to rtexit2.o(.ARM.Collect$$rtexit$$00000001) for .ARM.Collect$$rtexit$$00000001
    rtexit2.o(.ARM.exidx) refers to rtexit2.o(.ARM.Collect$$rtexit$$00000003) for .ARM.Collect$$rtexit$$00000003
    rtexit2.o(.ARM.exidx) refers to rtexit2.o(.ARM.Collect$$rtexit$$00000004) for .ARM.Collect$$rtexit$$00000004
    argv_veneer.o(.emb_text) refers to no_argv.o(.text) for __ARM_get_argv
    sys_exit.o(.text) refers (Special) to use_no_semi.o(.text) for __I$use$semihosting
    sys_exit.o(.text) refers (Special) to indicate_semi.o(.text) for __semihosting_library_function
    sys_exit_hlt.o(.text) refers (Special) to use_no_semi.o(.text) for __I$use$semihosting
    sys_exit_hlt.o(.text) refers (Special) to indicate_semi.o(.text) for __semihosting_library_function
    _get_argv_nomalloc.o(.text) refers (Special) to hrguard.o(.text) for __heap_region$guard
    _get_argv_nomalloc.o(.text) refers to defsig_rtmem_outer.o(.text) for __rt_SIGRTMEM
    _get_argv_nomalloc.o(.text) refers to sys_command.o(.text) for _sys_command_string
    libshutdown.o(.ARM.Collect$$libshutdown$$00000000) refers (Special) to libshutdown2.o(.ARM.Collect$$libshutdown$$00000002) for __rt_lib_shutdown_cpp_1
    libshutdown.o(.ARM.Collect$$libshutdown$$00000000) refers (Special) to libshutdown2.o(.ARM.Collect$$libshutdown$$00000007) for __rt_lib_shutdown_fp_trap_1
    libshutdown.o(.ARM.Collect$$libshutdown$$00000000) refers (Special) to libshutdown2.o(.ARM.Collect$$libshutdown$$0000000F) for __rt_lib_shutdown_heap_1
    libshutdown.o(.ARM.Collect$$libshutdown$$00000000) refers (Special) to libshutdown2.o(.ARM.Collect$$libshutdown$$00000010) for __rt_lib_shutdown_return
    libshutdown.o(.ARM.Collect$$libshutdown$$00000000) refers (Special) to libshutdown2.o(.ARM.Collect$$libshutdown$$0000000A) for __rt_lib_shutdown_signal_1
    libshutdown.o(.ARM.Collect$$libshutdown$$00000000) refers (Special) to libshutdown2.o(.ARM.Collect$$libshutdown$$00000004) for __rt_lib_shutdown_stdio_1
    libshutdown.o(.ARM.Collect$$libshutdown$$00000000) refers (Special) to libshutdown2.o(.ARM.Collect$$libshutdown$$0000000C) for __rt_lib_shutdown_user_alloc_1
    sys_command.o(.text) refers (Special) to use_no_semi.o(.text) for __I$use$semihosting
    sys_command.o(.text) refers (Special) to indicate_semi.o(.text) for __semihosting_library_function
    sys_command_hlt.o(.text) refers (Special) to use_no_semi.o(.text) for __I$use$semihosting
    sys_command_hlt.o(.text) refers (Special) to indicate_semi.o(.text) for __semihosting_library_function
    defsig_rtmem_outer.o(.text) refers to defsig_rtmem_inner.o(.text) for __rt_SIGRTMEM_inner
    defsig_rtmem_outer.o(.text) refers to defsig_exit.o(.text) for __sig_exit
    defsig_rtmem_formal.o(.text) refers to rt_raise.o(.text) for __rt_raise
    rt_raise.o(.text) refers to __raise.o(.text) for __raise
    rt_raise.o(.text) refers to sys_exit.o(.text) for _sys_exit
    defsig_exit.o(.text) refers to sys_exit.o(.text) for _sys_exit
    defsig_rtmem_inner.o(.text) refers to defsig_general.o(.text) for __default_signal_display
    __raise.o(.text) refers to defsig.o(CL$$defsig) for __default_signal_handler
    defsig_general.o(.text) refers to sys_wrch.o(.text) for _ttywrch
    sys_wrch.o(.text) refers (Special) to use_no_semi.o(.text) for __I$use$semihosting
    sys_wrch.o(.text) refers (Special) to indicate_semi.o(.text) for __semihosting_library_function
    sys_wrch_hlt.o(.text) refers (Special) to use_no_semi.o(.text) for __I$use$semihosting
    sys_wrch_hlt.o(.text) refers (Special) to indicate_semi.o(.text) for __semihosting_library_function
    defsig.o(CL$$defsig) refers to defsig_rtmem_inner.o(.text) for __rt_SIGRTMEM_inner
    defsig_abrt_inner.o(.text) refers to defsig_general.o(.text) for __default_signal_display
    defsig_fpe_inner.o(.text) refers to defsig_general.o(.text) for __default_signal_display
    defsig_rtred_inner.o(.text) refers to defsig_general.o(.text) for __default_signal_display
    defsig_stak_inner.o(.text) refers to defsig_general.o(.text) for __default_signal_display
    defsig_pvfn_inner.o(.text) refers to defsig_general.o(.text) for __default_signal_display
    defsig_cppl_inner.o(.text) refers to defsig_general.o(.text) for __default_signal_display
    defsig_segv_inner.o(.text) refers to defsig_general.o(.text) for __default_signal_display
    defsig_other.o(.text) refers to defsig_general.o(.text) for __default_signal_display


==============================================================================

Removing Unused input sections from the image.

    Removing tmp006.o(.text), (0 bytes).
    Removing tmp006.o(.ARM.exidx.text.tmp006_init), (8 bytes).
    Removing tmp006.o(.ARM.exidx.text.setI2cAddress), (8 bytes).
    Removing tmp006.o(.ARM.exidx.text.tmp006_read), (8 bytes).
    Removing tmp006.o(.ARM.exidx.text.tmp006_write), (8 bytes).
    Removing tmp006.o(.ARM.exidx.text.tmp006_configConvRate), (8 bytes).
    Removing tmp006.o(.ARM.exidx.text.tmp006_drdyPinConfig), (8 bytes).
    Removing tmp006.o(.ARM.exidx.text.tmp006_resetDevice), (8 bytes).
    Removing tmp006.o(.text.tmp006_operationMode), (70 bytes).
    Removing tmp006.o(.ARM.exidx.text.tmp006_operationMode), (8 bytes).
    Removing tmp006.o(.text.tmp006_isResultReady), (46 bytes).
    Removing tmp006.o(.ARM.exidx.text.tmp006_isResultReady), (8 bytes).
    Removing tmp006.o(.ARM.exidx.text.tmp006_readTemp), (8 bytes).
    Removing tmp006.o(.text.tmp006_readVoltage), (34 bytes).
    Removing tmp006.o(.ARM.exidx.text.tmp006_readVoltage), (8 bytes).
    Removing tm4c_init.o(.text), (0 bytes).
    Removing tm4c_init.o(.ARM.exidx.text.initSystemClock_40MHz), (8 bytes).
    Removing tm4c_init.o(.ARM.exidx.text.enablePeripheralsClock), (8 bytes).
    Removing tm4c_init.o(.ARM.exidx.text.initPorts), (8 bytes).
    Removing tm4c_init.o(.ARM.exidx.text.initTimer1sec), (8 bytes).
    Removing tm4c_init.o(.ARM.exidx.text.initI2c), (8 bytes).
    Removing tm4c_init.o(.ARM.exidx.text.i2cRead), (8 bytes).
    Removing tm4c_init.o(.ARM.exidx.text.i2cWrite), (8 bytes).
    Removing main.o(.text), (0 bytes).
    Removing main.o(.ARM.exidx.text.main), (8 bytes).
    Removing main.o(.ARM.exidx.text.resultReady), (8 bytes).
    Removing main.o(.ARM.exidx.text.togglePortF), (8 bytes).
    Removing main.o(.ARM.use_no_argv), (4 bytes).
    Removing system_tm4c123.o(.text), (0 bytes).
    Removing system_tm4c123.o(.text.SystemCoreClockUpdate), (148 bytes).
    Removing system_tm4c123.o(.ARM.exidx.text.SystemCoreClockUpdate), (8 bytes).
    Removing system_tm4c123.o(.text.getOscClk), (56 bytes).
    Removing system_tm4c123.o(.ARM.exidx.text.getOscClk), (8 bytes).
    Removing system_tm4c123.o(.ARM.exidx.text.SystemInit), (8 bytes).
    Removing system_tm4c123.o(.data.SystemCoreClock), (4 bytes).
    Removing system_tm4c123.o(.rodata..Lswitch.table.getOscClk), (92 bytes).
    Removing gpio.o(i.GPIOADCTriggerDisable), (12 bytes).
    Removing gpio.o(i.GPIOADCTriggerEnable), (12 bytes).
    Removing gpio.o(i.GPIODMATriggerDisable), (12 bytes).
    Removing gpio.o(i.GPIODMATriggerEnable), (12 bytes).
    Removing gpio.o(i.GPIODirModeGet), (46 bytes).
    Removing gpio.o(i.GPIOIntDisable), (12 bytes).
    Removing gpio.o(i.GPIOIntRegisterPin), (36 bytes).
    Removing gpio.o(i.GPIOIntStatus), (16 bytes).
    Removing gpio.o(i.GPIOIntTypeGet), (84 bytes).
    Removing gpio.o(i.GPIOIntUnregister), (26 bytes).
    Removing gpio.o(i.GPIOIntUnregisterPin), (28 bytes).
    Removing gpio.o(i.GPIOPadConfigGet), (244 bytes).
    Removing gpio.o(i.GPIOPinRead), (12 bytes).
    Removing gpio.o(i.GPIOPinTypeADC), (30 bytes).
    Removing gpio.o(i.GPIOPinTypeCAN), (30 bytes).
    Removing gpio.o(i.GPIOPinTypeComparator), (30 bytes).
    Removing gpio.o(i.GPIOPinTypeComparatorOutput), (30 bytes).
    Removing gpio.o(i.GPIOPinTypeDIVSCLK), (30 bytes).
    Removing gpio.o(i.GPIOPinTypeEPI), (30 bytes).
    Removing gpio.o(i.GPIOPinTypeEthernetLED), (30 bytes).
    Removing gpio.o(i.GPIOPinTypeEthernetMII), (30 bytes).
    Removing gpio.o(i.GPIOPinTypeGPIOOutputOD), (30 bytes).
    Removing gpio.o(i.GPIOPinTypeHibernateRTCCLK), (30 bytes).
    Removing gpio.o(i.GPIOPinTypeLCD), (30 bytes).
    Removing gpio.o(i.GPIOPinTypeOneWire), (30 bytes).
    Removing gpio.o(i.GPIOPinTypePWM), (30 bytes).
    Removing gpio.o(i.GPIOPinTypeQEI), (30 bytes).
    Removing gpio.o(i.GPIOPinTypeSSI), (30 bytes).
    Removing gpio.o(i.GPIOPinTypeTimer), (30 bytes).
    Removing gpio.o(i.GPIOPinTypeTrace), (30 bytes).
    Removing gpio.o(i.GPIOPinTypeUART), (30 bytes).
    Removing gpio.o(i.GPIOPinTypeUSBAnalog), (30 bytes).
    Removing gpio.o(i.GPIOPinTypeUSBDigital), (30 bytes).
    Removing gpio.o(i.GPIOPinTypeWakeHigh), (32 bytes).
    Removing gpio.o(i.GPIOPinTypeWakeLow), (32 bytes).
    Removing gpio.o(i.GPIOPinWakeStatus), (8 bytes).
    Removing i2c.o(i.I2CFIFODataGet), (22 bytes).
    Removing i2c.o(i.I2CFIFODataGetNonBlocking), (26 bytes).
    Removing i2c.o(i.I2CFIFODataPut), (20 bytes).
    Removing i2c.o(i.I2CFIFODataPutNonBlocking), (24 bytes).
    Removing i2c.o(i.I2CFIFOStatus), (8 bytes).
    Removing i2c.o(i.I2CIntRegister), (30 bytes).
    Removing i2c.o(i.I2CIntUnregister), (26 bytes).
    Removing i2c.o(i.I2CLoopbackEnable), (10 bytes).
    Removing i2c.o(i.I2CMasterBurstCountGet), (6 bytes).
    Removing i2c.o(i.I2CMasterBurstLengthSet), (4 bytes).
    Removing i2c.o(i.I2CMasterBusBusy), (18 bytes).
    Removing i2c.o(i.I2CMasterDisable), (10 bytes).
    Removing i2c.o(i.I2CMasterErr), (30 bytes).
    Removing i2c.o(i.I2CMasterGlitchFilterConfigSet), (68 bytes).
    Removing i2c.o(i.I2CMasterIntClear), (8 bytes).
    Removing i2c.o(i.I2CMasterIntClearEx), (4 bytes).
    Removing i2c.o(i.I2CMasterIntDisable), (6 bytes).
    Removing i2c.o(i.I2CMasterIntDisableEx), (8 bytes).
    Removing i2c.o(i.I2CMasterIntEnable), (6 bytes).
    Removing i2c.o(i.I2CMasterIntEnableEx), (8 bytes).
    Removing i2c.o(i.I2CMasterIntStatus), (28 bytes).
    Removing i2c.o(i.I2CMasterIntStatusEx), (12 bytes).
    Removing i2c.o(i.I2CMasterLineStateGet), (6 bytes).
    Removing i2c.o(i.I2CMasterTimeoutSet), (4 bytes).
    Removing i2c.o(i.I2CRxFIFOConfigSet), (22 bytes).
    Removing i2c.o(i.I2CRxFIFOFlush), (14 bytes).
    Removing i2c.o(i.I2CSlaveACKOverride), (30 bytes).
    Removing i2c.o(i.I2CSlaveACKValueSet), (30 bytes).
    Removing i2c.o(i.I2CSlaveAddressSet), (28 bytes).
    Removing i2c.o(i.I2CSlaveDataGet), (8 bytes).
    Removing i2c.o(i.I2CSlaveDataPut), (6 bytes).
    Removing i2c.o(i.I2CSlaveDisable), (16 bytes).
    Removing i2c.o(i.I2CSlaveEnable), (16 bytes).
    Removing i2c.o(i.I2CSlaveFIFODisable), (8 bytes).
    Removing i2c.o(i.I2CSlaveFIFOEnable), (10 bytes).
    Removing i2c.o(i.I2CSlaveInit), (18 bytes).
    Removing i2c.o(i.I2CSlaveIntClear), (8 bytes).
    Removing i2c.o(i.I2CSlaveIntClearEx), (6 bytes).
    Removing i2c.o(i.I2CSlaveIntDisable), (14 bytes).
    Removing i2c.o(i.I2CSlaveIntDisableEx), (12 bytes).
    Removing i2c.o(i.I2CSlaveIntEnable), (14 bytes).
    Removing i2c.o(i.I2CSlaveIntEnableEx), (12 bytes).
    Removing i2c.o(i.I2CSlaveIntStatus), (32 bytes).
    Removing i2c.o(i.I2CSlaveIntStatusEx), (16 bytes).
    Removing i2c.o(i.I2CSlaveStatus), (8 bytes).
    Removing i2c.o(i.I2CTxFIFOConfigSet), (24 bytes).
    Removing i2c.o(i.I2CTxFIFOFlush), (14 bytes).
    Removing i2c.o(i._I2CIntNumberGet), (76 bytes).
    Removing i2c.o(.constdata), (128 bytes).
    Removing sysctl.o(i.SysCtlAltClkConfig), (12 bytes).
    Removing sysctl.o(i.SysCtlClockFreqSet), (708 bytes).
    Removing sysctl.o(i.SysCtlClockOutConfig), (16 bytes).
    Removing sysctl.o(i.SysCtlDeepSleep), (36 bytes).
    Removing sysctl.o(i.SysCtlDeepSleepClockConfigSet), (124 bytes).
    Removing sysctl.o(i.SysCtlDeepSleepClockSet), (12 bytes).
    Removing sysctl.o(i.SysCtlDeepSleepPowerSet), (12 bytes).
    Removing sysctl.o(i.SysCtlFlashSectorSizeGet), (52 bytes).
    Removing sysctl.o(i.SysCtlFlashSizeGet), (56 bytes).
    Removing sysctl.o(i.SysCtlGPIOAHBDisable), (24 bytes).
    Removing sysctl.o(i.SysCtlGPIOAHBEnable), (24 bytes).
    Removing sysctl.o(i.SysCtlIntClear), (12 bytes).
    Removing sysctl.o(i.SysCtlIntDisable), (16 bytes).
    Removing sysctl.o(i.SysCtlIntEnable), (16 bytes).
    Removing sysctl.o(i.SysCtlIntRegister), (20 bytes).
    Removing sysctl.o(i.SysCtlIntStatus), (20 bytes).
    Removing sysctl.o(i.SysCtlIntUnregister), (16 bytes).
    Removing sysctl.o(i.SysCtlLDODeepSleepGet), (12 bytes).
    Removing sysctl.o(i.SysCtlLDODeepSleepSet), (12 bytes).
    Removing sysctl.o(i.SysCtlLDOSleepGet), (12 bytes).
    Removing sysctl.o(i.SysCtlLDOSleepSet), (12 bytes).
    Removing sysctl.o(i.SysCtlMOSCConfigSet), (12 bytes).
    Removing sysctl.o(i.SysCtlNMIClear), (16 bytes).
    Removing sysctl.o(i.SysCtlNMIStatus), (12 bytes).
    Removing sysctl.o(i.SysCtlPIOSCCalibrate), (92 bytes).
    Removing sysctl.o(i.SysCtlPWMClockGet), (28 bytes).
    Removing sysctl.o(i.SysCtlPWMClockSet), (20 bytes).
    Removing sysctl.o(i.SysCtlPeripheralClockGating), (96 bytes).
    Removing sysctl.o(i.SysCtlPeripheralDeepSleepDisable), (52 bytes).
    Removing sysctl.o(i.SysCtlPeripheralDeepSleepEnable), (52 bytes).
    Removing sysctl.o(i.SysCtlPeripheralDisable), (52 bytes).
    Removing sysctl.o(i.SysCtlPeripheralPowerOff), (52 bytes).
    Removing sysctl.o(i.SysCtlPeripheralPowerOn), (52 bytes).
    Removing sysctl.o(i.SysCtlPeripheralPresent), (56 bytes).
    Removing sysctl.o(i.SysCtlPeripheralSleepDisable), (52 bytes).
    Removing sysctl.o(i.SysCtlPeripheralSleepEnable), (52 bytes).
    Removing sysctl.o(i.SysCtlReset), (20 bytes).
    Removing sysctl.o(i.SysCtlResetBehaviorGet), (12 bytes).
    Removing sysctl.o(i.SysCtlResetBehaviorSet), (12 bytes).
    Removing sysctl.o(i.SysCtlResetCauseClear), (16 bytes).
    Removing sysctl.o(i.SysCtlResetCauseGet), (12 bytes).
    Removing sysctl.o(i.SysCtlSRAMSizeGet), (16 bytes).
    Removing sysctl.o(i.SysCtlSleep), (8 bytes).
    Removing sysctl.o(i.SysCtlSleepPowerSet), (12 bytes).
    Removing sysctl.o(i.SysCtlUSBPLLDisable), (20 bytes).
    Removing sysctl.o(i.SysCtlUSBPLLEnable), (20 bytes).
    Removing sysctl.o(i.SysCtlVCOGet), (148 bytes).
    Removing sysctl.o(i.SysCtlVoltageEventClear), (16 bytes).
    Removing sysctl.o(i.SysCtlVoltageEventConfig), (12 bytes).
    Removing sysctl.o(i.SysCtlVoltageEventStatus), (12 bytes).
    Removing sysctl.o(i._SysCtlFrequencyGet), (100 bytes).
    Removing sysctl.o(i._SysCtlMemTimingGet), (40 bytes).
    Removing timer.o(i.TimerADCEventGet), (6 bytes).
    Removing timer.o(i.TimerADCEventSet), (4 bytes).
    Removing timer.o(i.TimerClockSourceGet), (8 bytes).
    Removing timer.o(i.TimerClockSourceSet), (6 bytes).
    Removing timer.o(i.TimerControlEvent), (22 bytes).
    Removing timer.o(i.TimerControlLevel), (22 bytes).
    Removing timer.o(i.TimerControlStall), (22 bytes).
    Removing timer.o(i.TimerControlTrigger), (72 bytes).
    Removing timer.o(i.TimerControlWaitOnTrigger), (52 bytes).
    Removing timer.o(i.TimerDMAEventGet), (6 bytes).
    Removing timer.o(i.TimerDMAEventSet), (4 bytes).
    Removing timer.o(i.TimerDisable), (14 bytes).
    Removing timer.o(i.TimerIntDisable), (8 bytes).
    Removing timer.o(i.TimerIntStatus), (12 bytes).
    Removing timer.o(i.TimerIntUnregister), (30 bytes).
    Removing timer.o(i.TimerLoadGet), (14 bytes).
    Removing timer.o(i.TimerLoadGet64), (26 bytes).
    Removing timer.o(i.TimerLoadSet64), (6 bytes).
    Removing timer.o(i.TimerMatchGet), (14 bytes).
    Removing timer.o(i.TimerMatchGet64), (26 bytes).
    Removing timer.o(i.TimerMatchSet), (16 bytes).
    Removing timer.o(i.TimerMatchSet64), (6 bytes).
    Removing timer.o(i.TimerPrescaleGet), (14 bytes).
    Removing timer.o(i.TimerPrescaleMatchGet), (14 bytes).
    Removing timer.o(i.TimerPrescaleMatchSet), (16 bytes).
    Removing timer.o(i.TimerPrescaleSet), (16 bytes).
    Removing timer.o(i.TimerRTCDisable), (10 bytes).
    Removing timer.o(i.TimerRTCEnable), (10 bytes).
    Removing timer.o(i.TimerSynchronize), (4 bytes).
    Removing timer.o(i.TimerUpdateMode), (42 bytes).
    Removing timer.o(i.TimerValueGet), (14 bytes).
    Removing timer.o(i.TimerValueGet64), (26 bytes).
    Removing cpu.o(.emb_text), (38 bytes).
    Removing interrupt.o(i.IntDisable), (116 bytes).
    Removing interrupt.o(i.IntIsEnabled), (108 bytes).
    Removing interrupt.o(i.IntMasterDisable), (16 bytes).
    Removing interrupt.o(i.IntMasterEnable), (16 bytes).
    Removing interrupt.o(i.IntPendClear), (76 bytes).
    Removing interrupt.o(i.IntPendSet), (96 bytes).
    Removing interrupt.o(i.IntPriorityGet), (28 bytes).
    Removing interrupt.o(i.IntPriorityGroupingGet), (44 bytes).
    Removing interrupt.o(i.IntPriorityGroupingSet), (28 bytes).
    Removing interrupt.o(i.IntPriorityMaskGet), (8 bytes).
    Removing interrupt.o(i.IntPriorityMaskSet), (12 bytes).
    Removing interrupt.o(i.IntPrioritySet), (52 bytes).
    Removing interrupt.o(i.IntTrigger), (16 bytes).
    Removing interrupt.o(i.IntUnregister), (20 bytes).
    Removing interrupt.o(i._IntDefaultHandler), (4 bytes).

221 unused section(s) (total 6468 bytes) removed from the image.

==============================================================================

Image Symbol Table

    Local Symbols

    Symbol Name                              Value     Ov Type        Size  Object(Section)

    ../clib/angel/boardlib.s                 0x00000000   Number         0  boardinit1.o ABSOLUTE
    ../clib/angel/boardlib.s                 0x00000000   Number         0  boardinit2.o ABSOLUTE
    ../clib/angel/boardlib.s                 0x00000000   Number         0  boardinit3.o ABSOLUTE
    ../clib/angel/boardlib.s                 0x00000000   Number         0  boardshut.o ABSOLUTE
    ../clib/angel/dczerorl.s                 0x00000000   Number         0  __dczerorl.o ABSOLUTE
    ../clib/angel/handlers.s                 0x00000000   Number         0  __scatter_zi.o ABSOLUTE
    ../clib/angel/kernel.s                   0x00000000   Number         0  __rtentry.o ABSOLUTE
    ../clib/angel/kernel.s                   0x00000000   Number         0  __rtentry2.o ABSOLUTE
    ../clib/angel/kernel.s                   0x00000000   Number         0  __rtentry4.o ABSOLUTE
    ../clib/angel/kernel.s                   0x00000000   Number         0  rtexit.o ABSOLUTE
    ../clib/angel/kernel.s                   0x00000000   Number         0  rtexit2.o ABSOLUTE
    ../clib/angel/rt.s                       0x00000000   Number         0  rt_raise.o ABSOLUTE
    ../clib/angel/scatter.s                  0x00000000   Number         0  __scatter.o ABSOLUTE
    ../clib/angel/startup.s                  0x00000000   Number         0  __main.o ABSOLUTE
    ../clib/angel/sys.s                      0x00000000   Number         0  sys_stackheap_outer.o ABSOLUTE
    ../clib/angel/sys.s                      0x00000000   Number         0  libspace.o ABSOLUTE
    ../clib/angel/sys.s                      0x00000000   Number         0  use_no_semi.o ABSOLUTE
    ../clib/angel/sys.s                      0x00000000   Number         0  indicate_semi.o ABSOLUTE
    ../clib/angel/sysapp.c                   0x00000000   Number         0  sys_exit.o ABSOLUTE
    ../clib/angel/sysapp.c                   0x00000000   Number         0  sys_exit_hlt.o ABSOLUTE
    ../clib/angel/sysapp.c                   0x00000000   Number         0  sys_command.o ABSOLUTE
    ../clib/angel/sysapp.c                   0x00000000   Number         0  sys_command_hlt.o ABSOLUTE
    ../clib/angel/sysapp.c                   0x00000000   Number         0  sys_wrch.o ABSOLUTE
    ../clib/angel/sysapp.c                   0x00000000   Number         0  sys_wrch_hlt.o ABSOLUTE
    ../clib/armsys.c                         0x00000000   Number         0  argv_veneer.o ABSOLUTE
    ../clib/armsys.c                         0x00000000   Number         0  argv_veneer.o ABSOLUTE
    ../clib/armsys.c                         0x00000000   Number         0  _get_argv_nomalloc.o ABSOLUTE
    ../clib/armsys.c                         0x00000000   Number         0  no_argv.o ABSOLUTE
    ../clib/heapalloc.c                      0x00000000   Number         0  hrguard.o ABSOLUTE
    ../clib/heapaux.c                        0x00000000   Number         0  heapauxi.o ABSOLUTE
    ../clib/libinit.s                        0x00000000   Number         0  libinit.o ABSOLUTE
    ../clib/libinit.s                        0x00000000   Number         0  libinit2.o ABSOLUTE
    ../clib/libinit.s                        0x00000000   Number         0  libshutdown.o ABSOLUTE
    ../clib/libinit.s                        0x00000000   Number         0  libshutdown2.o ABSOLUTE
    ../clib/signal.c                         0x00000000   Number         0  defsig_rtmem_outer.o ABSOLUTE
    ../clib/signal.c                         0x00000000   Number         0  defsig_rtmem_formal.o ABSOLUTE
    ../clib/signal.c                         0x00000000   Number         0  defsig_exit.o ABSOLUTE
    ../clib/signal.c                         0x00000000   Number         0  defsig_rtmem_inner.o ABSOLUTE
    ../clib/signal.c                         0x00000000   Number         0  __raise.o ABSOLUTE
    ../clib/signal.c                         0x00000000   Number         0  defsig_general.o ABSOLUTE
    ../clib/signal.c                         0x00000000   Number         0  defsig_abrt_inner.o ABSOLUTE
    ../clib/signal.c                         0x00000000   Number         0  defsig_fpe_inner.o ABSOLUTE
    ../clib/signal.c                         0x00000000   Number         0  defsig_rtred_inner.o ABSOLUTE
    ../clib/signal.c                         0x00000000   Number         0  defsig_stak_inner.o ABSOLUTE
    ../clib/signal.c                         0x00000000   Number         0  defsig_pvfn_inner.o ABSOLUTE
    ../clib/signal.c                         0x00000000   Number         0  defsig_cppl_inner.o ABSOLUTE
    ../clib/signal.c                         0x00000000   Number         0  defsig_segv_inner.o ABSOLUTE
    ../clib/signal.c                         0x00000000   Number         0  defsig_other.o ABSOLUTE
    ../clib/signal.s                         0x00000000   Number         0  defsig.o ABSOLUTE
    ../clib/stdlib.c                         0x00000000   Number         0  exit.o ABSOLUTE
    ../fplib/fpinit.s                        0x00000000   Number         0  fpinit.o ABSOLUTE
    RTE/Device/TM4C123GH6PM/startup_TM4C123.s 0x00000000   Number         0  startup_tm4c123.o ABSOLUTE
    cpu.c                                    0x00000000   Number         0  cpu.o ABSOLUTE
    cpu.c                                    0x00000000   Number         0  cpu.o ABSOLUTE
    dc.s                                     0x00000000   Number         0  dc.o ABSOLUTE
    gpio.c                                   0x00000000   Number         0  gpio.o ABSOLUTE
    i2c.c                                    0x00000000   Number         0  i2c.o ABSOLUTE
    interrupt.c                              0x00000000   Number         0  interrupt.o ABSOLUTE
    main.c                                   0x00000000   Number         0  main.o ABSOLUTE
    sysctl.c                                 0x00000000   Number         0  sysctl.o ABSOLUTE
    sysctl.c                                 0x00000000   Number         0  sysctl.o ABSOLUTE
    system_TM4C123.c                         0x00000000   Number         0  system_tm4c123.o ABSOLUTE
    timer.c                                  0x00000000   Number         0  timer.o ABSOLUTE
    tm4c_init.c                              0x00000000   Number         0  tm4c_init.o ABSOLUTE
    tmp006.c                                 0x00000000   Number         0  tmp006.o ABSOLUTE
    RESET                                    0x00000000   Section      620  startup_tm4c123.o(RESET)
    !!!main                                  0x0000026c   Section        8  __main.o(!!!main)
    !!!scatter                               0x00000274   Section       52  __scatter.o(!!!scatter)
    !!dczerorl                               0x000002a8   Section       58  __dczerorl.o(!!dczerorl)
    !!handler_zi                             0x000002e4   Section       28  __scatter_zi.o(!!handler_zi)
    .ARM.Collect$$libinit$$00000000          0x00000300   Section        2  libinit.o(.ARM.Collect$$libinit$$00000000)
    .ARM.Collect$$libinit$$00000001          0x00000302   Section        4  libinit2.o(.ARM.Collect$$libinit$$00000001)
    .ARM.Collect$$libinit$$00000004          0x00000306   Section        0  libinit2.o(.ARM.Collect$$libinit$$00000004)
    .ARM.Collect$$libinit$$0000000A          0x00000306   Section        0  libinit2.o(.ARM.Collect$$libinit$$0000000A)
    .ARM.Collect$$libinit$$0000000C          0x00000306   Section        0  libinit2.o(.ARM.Collect$$libinit$$0000000C)
    .ARM.Collect$$libinit$$0000000E          0x00000306   Section        0  libinit2.o(.ARM.Collect$$libinit$$0000000E)
    .ARM.Collect$$libinit$$00000011          0x00000306   Section        0  libinit2.o(.ARM.Collect$$libinit$$00000011)
    .ARM.Collect$$libinit$$00000013          0x00000306   Section        0  libinit2.o(.ARM.Collect$$libinit$$00000013)
    .ARM.Collect$$libinit$$00000015          0x00000306   Section        0  libinit2.o(.ARM.Collect$$libinit$$00000015)
    .ARM.Collect$$libinit$$00000017          0x00000306   Section        0  libinit2.o(.ARM.Collect$$libinit$$00000017)
    .ARM.Collect$$libinit$$00000019          0x00000306   Section        0  libinit2.o(.ARM.Collect$$libinit$$00000019)
    .ARM.Collect$$libinit$$0000001B          0x00000306   Section        0  libinit2.o(.ARM.Collect$$libinit$$0000001B)
    .ARM.Collect$$libinit$$0000001D          0x00000306   Section        0  libinit2.o(.ARM.Collect$$libinit$$0000001D)
    .ARM.Collect$$libinit$$0000001F          0x00000306   Section        0  libinit2.o(.ARM.Collect$$libinit$$0000001F)
    .ARM.Collect$$libinit$$00000021          0x00000306   Section        0  libinit2.o(.ARM.Collect$$libinit$$00000021)
    .ARM.Collect$$libinit$$00000023          0x00000306   Section        0  libinit2.o(.ARM.Collect$$libinit$$00000023)
    .ARM.Collect$$libinit$$00000025          0x00000306   Section        0  libinit2.o(.ARM.Collect$$libinit$$00000025)
    .ARM.Collect$$libinit$$0000002C          0x00000306   Section        0  libinit2.o(.ARM.Collect$$libinit$$0000002C)
    .ARM.Collect$$libinit$$0000002E          0x00000306   Section        0  libinit2.o(.ARM.Collect$$libinit$$0000002E)
    .ARM.Collect$$libinit$$00000030          0x00000306   Section        0  libinit2.o(.ARM.Collect$$libinit$$00000030)
    .ARM.Collect$$libinit$$00000032          0x00000306   Section        0  libinit2.o(.ARM.Collect$$libinit$$00000032)
    .ARM.Collect$$libinit$$00000033          0x00000306   Section        2  libinit2.o(.ARM.Collect$$libinit$$00000033)
    .ARM.Collect$$libshutdown$$00000000      0x00000308   Section        2  libshutdown.o(.ARM.Collect$$libshutdown$$00000000)
    .ARM.Collect$$libshutdown$$00000002      0x0000030a   Section        0  libshutdown2.o(.ARM.Collect$$libshutdown$$00000002)
    .ARM.Collect$$libshutdown$$00000004      0x0000030a   Section        0  libshutdown2.o(.ARM.Collect$$libshutdown$$00000004)
    .ARM.Collect$$libshutdown$$00000007      0x0000030a   Section        0  libshutdown2.o(.ARM.Collect$$libshutdown$$00000007)
    .ARM.Collect$$libshutdown$$0000000A      0x0000030a   Section        0  libshutdown2.o(.ARM.Collect$$libshutdown$$0000000A)
    .ARM.Collect$$libshutdown$$0000000C      0x0000030a   Section        0  libshutdown2.o(.ARM.Collect$$libshutdown$$0000000C)
    .ARM.Collect$$libshutdown$$0000000F      0x0000030a   Section        0  libshutdown2.o(.ARM.Collect$$libshutdown$$0000000F)
    .ARM.Collect$$libshutdown$$00000010      0x0000030a   Section        2  libshutdown2.o(.ARM.Collect$$libshutdown$$00000010)
    .ARM.Collect$$rtentry$$00000000          0x0000030c   Section        0  __rtentry.o(.ARM.Collect$$rtentry$$00000000)
    .ARM.Collect$$rtentry$$00000002          0x0000030c   Section        0  __rtentry2.o(.ARM.Collect$$rtentry$$00000002)
    .ARM.Collect$$rtentry$$00000004          0x0000030c   Section        6  __rtentry4.o(.ARM.Collect$$rtentry$$00000004)
    .ARM.Collect$$rtentry$$00000009          0x00000312   Section        0  __rtentry2.o(.ARM.Collect$$rtentry$$00000009)
    .ARM.Collect$$rtentry$$0000000A          0x00000312   Section        4  __rtentry2.o(.ARM.Collect$$rtentry$$0000000A)
    .ARM.Collect$$rtentry$$0000000C          0x00000316   Section        0  __rtentry2.o(.ARM.Collect$$rtentry$$0000000C)
    .ARM.Collect$$rtentry$$0000000D          0x00000316   Section        8  __rtentry2.o(.ARM.Collect$$rtentry$$0000000D)
    .ARM.Collect$$rtexit$$00000000           0x0000031e   Section        2  rtexit.o(.ARM.Collect$$rtexit$$00000000)
    .ARM.Collect$$rtexit$$00000002           0x00000320   Section        0  rtexit2.o(.ARM.Collect$$rtexit$$00000002)
    .ARM.Collect$$rtexit$$00000003           0x00000320   Section        4  rtexit2.o(.ARM.Collect$$rtexit$$00000003)
    .ARM.Collect$$rtexit$$00000004           0x00000324   Section        6  rtexit2.o(.ARM.Collect$$rtexit$$00000004)
    $v0                                      0x0000032c   Number         0  sysctl.o(.emb_text)
    .emb_text                                0x0000032c   Section        6  sysctl.o(.emb_text)
    $v0                                      0x00000334   Number         0  startup_tm4c123.o(.text)
    .text                                    0x00000334   Section      276  startup_tm4c123.o(.text)
    .text                                    0x00000448   Section        0  heapauxi.o(.text)
    .text                                    0x0000044e   Section       74  sys_stackheap_outer.o(.text)
    .text                                    0x00000498   Section        0  exit.o(.text)
    .text                                    0x000004ac   Section        8  libspace.o(.text)
    .text                                    0x000004b4   Section        0  sys_exit.o(.text)
    .text                                    0x000004c0   Section        2  use_no_semi.o(.text)
    .text                                    0x000004c2   Section        0  indicate_semi.o(.text)
    [Anonymous Symbol]                       0x000004c4   Section        0  system_tm4c123.o(.text.SystemInit)
    [Anonymous Symbol]                       0x000004d8   Section        0  tm4c_init.o(.text.enablePeripheralsClock)
    [Anonymous Symbol]                       0x00000504   Section        0  tm4c_init.o(.text.i2cRead)
    [Anonymous Symbol]                       0x00000590   Section        0  tm4c_init.o(.text.i2cWrite)
    [Anonymous Symbol]                       0x000005fc   Section        0  tm4c_init.o(.text.initI2c)
    [Anonymous Symbol]                       0x00000678   Section        0  tm4c_init.o(.text.initPorts)
    [Anonymous Symbol]                       0x000006c0   Section        0  tm4c_init.o(.text.initSystemClock_40MHz)
    [Anonymous Symbol]                       0x000006d0   Section        0  tm4c_init.o(.text.initTimer1sec)
    [Anonymous Symbol]                       0x00000728   Section        0  main.o(.text.main)
    [Anonymous Symbol]                       0x0000085c   Section        0  main.o(.text.resultReady)
    setI2cAddress                            0x00000879   Thumb Code    72  tmp006.o(.text.setI2cAddress)
    [Anonymous Symbol]                       0x00000878   Section        0  tmp006.o(.text.setI2cAddress)
    [Anonymous Symbol]                       0x000008c0   Section        0  tmp006.o(.text.tmp006_configConvRate)
    [Anonymous Symbol]                       0x00000908   Section        0  tmp006.o(.text.tmp006_drdyPinConfig)
    [Anonymous Symbol]                       0x00000950   Section        0  tmp006.o(.text.tmp006_init)
    [Anonymous Symbol]                       0x0000096c   Section        0  tmp006.o(.text.tmp006_read)
    [Anonymous Symbol]                       0x000009a8   Section        0  tmp006.o(.text.tmp006_readTemp)
    [Anonymous Symbol]                       0x000009d0   Section        0  tmp006.o(.text.tmp006_resetDevice)
    [Anonymous Symbol]                       0x000009f4   Section        0  tmp006.o(.text.tmp006_write)
    [Anonymous Symbol]                       0x00000a2c   Section        0  main.o(.text.togglePortF)
    i.GPIODirModeSet                         0x00000a3c   Section        0  gpio.o(i.GPIODirModeSet)
    i.GPIOIntClear                           0x00000a6e   Section        0  gpio.o(i.GPIOIntClear)
    i.GPIOIntEnable                          0x00000a74   Section        0  gpio.o(i.GPIOIntEnable)
    i.GPIOIntRegister                        0x00000a80   Section        0  gpio.o(i.GPIOIntRegister)
    i.GPIOIntTypeSet                         0x00000a9e   Section        0  gpio.o(i.GPIOIntTypeSet)
    i.GPIOPadConfigSet                       0x00000b04   Section        0  gpio.o(i.GPIOPadConfigSet)
    i.GPIOPinConfigure                       0x00000c90   Section        0  gpio.o(i.GPIOPinConfigure)
    i.GPIOPinTypeGPIOInput                   0x00000ce0   Section        0  gpio.o(i.GPIOPinTypeGPIOInput)
    i.GPIOPinTypeGPIOOutput                  0x00000cfe   Section        0  gpio.o(i.GPIOPinTypeGPIOOutput)
    i.GPIOPinTypeI2C                         0x00000d1c   Section        0  gpio.o(i.GPIOPinTypeI2C)
    i.GPIOPinTypeI2CSCL                      0x00000d3a   Section        0  gpio.o(i.GPIOPinTypeI2CSCL)
    i.GPIOPinWrite                           0x00000d58   Section        0  gpio.o(i.GPIOPinWrite)
    i.GPIOUnlockPin                          0x00000d64   Section        0  gpio.o(i.GPIOUnlockPin)
    i.I2CMasterBusy                          0x00000d7c   Section        0  i2c.o(i.I2CMasterBusy)
    i.I2CMasterControl                       0x00000d8e   Section        0  i2c.o(i.I2CMasterControl)
    i.I2CMasterDataGet                       0x00000d92   Section        0  i2c.o(i.I2CMasterDataGet)
    i.I2CMasterDataPut                       0x00000d98   Section        0  i2c.o(i.I2CMasterDataPut)
    i.I2CMasterEnable                        0x00000d9c   Section        0  i2c.o(i.I2CMasterEnable)
    i.I2CMasterInitExpClk                    0x00000da8   Section        0  i2c.o(i.I2CMasterInitExpClk)
    i.I2CMasterSlaveAddrSet                  0x00000e04   Section        0  i2c.o(i.I2CMasterSlaveAddrSet)
    i.IntEnable                              0x00000e0c   Section        0  interrupt.o(i.IntEnable)
    i.IntRegister                            0x00000e80   Section        0  interrupt.o(i.IntRegister)
    i.SysCtlClockGet                         0x00000ebc   Section        0  sysctl.o(i.SysCtlClockGet)
    i.SysCtlClockSet                         0x00001028   Section        0  sysctl.o(i.SysCtlClockSet)
    i.SysCtlPeripheralEnable                 0x00001154   Section        0  sysctl.o(i.SysCtlPeripheralEnable)
    i.SysCtlPeripheralReady                  0x00001188   Section        0  sysctl.o(i.SysCtlPeripheralReady)
    i.SysCtlPeripheralReset                  0x000011c0   Section        0  sysctl.o(i.SysCtlPeripheralReset)
    i.TimerConfigure                         0x00001230   Section        0  timer.o(i.TimerConfigure)
    i.TimerEnable                            0x00001290   Section        0  timer.o(i.TimerEnable)
    i.TimerIntClear                          0x0000129e   Section        0  timer.o(i.TimerIntClear)
    i.TimerIntEnable                         0x000012a2   Section        0  timer.o(i.TimerIntEnable)
    i.TimerIntRegister                       0x000012aa   Section        0  timer.o(i.TimerIntRegister)
    i.TimerLoadSet                           0x000012d0   Section        0  timer.o(i.TimerLoadSet)
    _GPIOIntNumberGet                        0x000012e1   Thumb Code    56  gpio.o(i._GPIOIntNumberGet)
    i._GPIOIntNumberGet                      0x000012e0   Section        0  gpio.o(i._GPIOIntNumberGet)
    _TimerIntNumberGet                       0x0000132d   Thumb Code    68  timer.o(i._TimerIntNumberGet)
    i._TimerIntNumberGet                     0x0000132c   Section        0  timer.o(i._TimerIntNumberGet)
    $v0                                      0x00001384   Number         0  fpinit.o(x$fpl$fpinit)
    x$fpl$fpinit                             0x00001384   Section       26  fpinit.o(x$fpl$fpinit)
    g_ppui32GPIOIntMapBlizzard               0x000013a0   Data         192  gpio.o(.constdata)
    .constdata                               0x000013a0   Section      552  gpio.o(.constdata)
    g_ppui32GPIOIntMapSnowflake              0x00001460   Data         216  gpio.o(.constdata)
    g_pui32GPIOBaseAddrs                     0x00001538   Data         144  gpio.o(.constdata)
    g_pui32Xtals                             0x000015c8   Data         108  sysctl.o(.constdata)
    .constdata                               0x000015c8   Section      596  sysctl.o(.constdata)
    g_pppui32XTALtoVCO                       0x00001634   Data         432  sysctl.o(.constdata)
    g_sXTALtoMEMTIM                          0x000017e4   Data          48  sysctl.o(.constdata)
    g_pui32VCOFrequencies                    0x00001814   Data           8  sysctl.o(.constdata)
    g_ppui32TimerIntMap                      0x0000181c   Data          96  timer.o(.constdata)
    .constdata                               0x0000181c   Section      160  timer.o(.constdata)
    g_ppui32TimerIntMapSnowflake             0x0000187c   Data          64  timer.o(.constdata)
    g_pui32Priority                          0x000018bc   Data          32  interrupt.o(.constdata)
    .constdata                               0x000018bc   Section      268  interrupt.o(.constdata)
    g_pui32Regs                              0x000018dc   Data         156  interrupt.o(.constdata)
    g_pui32EnRegs                            0x00001978   Data          20  interrupt.o(.constdata)
    g_pui32Dii16Regs                         0x0000198c   Data          20  interrupt.o(.constdata)
    g_pui32PendRegs                          0x000019a0   Data          20  interrupt.o(.constdata)
    g_pui32UnpendRegs                        0x000019b4   Data          20  interrupt.o(.constdata)
    .L__const.main.senzor                    0x000019c8   Data          12  main.o(.rodata..L__const.main.senzor)
    g_pfnRAMVectors                          0x20000000   Data         620  interrupt.o(vtable)
    vtable                                   0x20000000   Section      620  interrupt.o(vtable)
    .bss                                     0x20000270   Section       96  libspace.o(.bss)
    Heap_Mem                                 0x200002e8   Data           0  startup_tm4c123.o(HEAP)
    Stack_Mem                                0x200002e8   Data         512  startup_tm4c123.o(STACK)
    HEAP                                     0x200002e8   Section        0  startup_tm4c123.o(HEAP)
    STACK                                    0x200002e8   Section      512  startup_tm4c123.o(STACK)
    __initial_sp                             0x200004e8   Data           0  startup_tm4c123.o(STACK)

    Global Symbols

    Symbol Name                              Value     Ov Type        Size  Object(Section)

    BuildAttributes$$THM_ISAv4$E$P$D$K$B$S$7EM$VFPi3$EXTD16$VFPS$VFMA$PE$A:L22UL41UL21$X:L11$S22US41US21$IEEE1$IW$~IW$USESV6$~STKCKD$USESV7$~SHL$OTIME$ROPI$EBA8$UX$STANDARDLIB$REQ8$PRES8$EABIv2 0x00000000   Number         0  anon$$obj.o ABSOLUTE
    __Vectors                                0x00000000   Data           4  startup_tm4c123.o(RESET)
    __ARM_exceptions_init                     - Undefined Weak Reference
    __alloca_initialize                       - Undefined Weak Reference
    __arm_preinit_                            - Undefined Weak Reference
    __cpp_initialize__aeabi_                  - Undefined Weak Reference
    __cxa_finalize                            - Undefined Weak Reference
    __rt_locale                               - Undefined Weak Reference
    __sigvec_lookup                           - Undefined Weak Reference
    _atexit_init                              - Undefined Weak Reference
    _call_atexit_fns                          - Undefined Weak Reference
    _clock_init                               - Undefined Weak Reference
    _fp_trap_init                             - Undefined Weak Reference
    _fp_trap_shutdown                         - Undefined Weak Reference
    _get_lc_collate                           - Undefined Weak Reference
    _get_lc_ctype                             - Undefined Weak Reference
    _get_lc_monetary                          - Undefined Weak Reference
    _get_lc_numeric                           - Undefined Weak Reference
    _get_lc_time                              - Undefined Weak Reference
    _getenv_init                              - Undefined Weak Reference
    _handle_redirection                       - Undefined Weak Reference
    _init_alloc                               - Undefined Weak Reference
    _init_user_alloc                          - Undefined Weak Reference
    _initio                                   - Undefined Weak Reference
    _rand_init                                - Undefined Weak Reference
    _signal_finish                            - Undefined Weak Reference
    _signal_init                              - Undefined Weak Reference
    _terminate_alloc                          - Undefined Weak Reference
    _terminate_user_alloc                     - Undefined Weak Reference
    _terminateio                              - Undefined Weak Reference
    __Vectors_End                            0x0000026c   Data           0  startup_tm4c123.o(RESET)
    __Vectors_Size                           0x0000026c   Number         0  startup_tm4c123.o ABSOLUTE
    __main                                   0x0000026d   Thumb Code     8  __main.o(!!!main)
    __scatterload                            0x00000275   Thumb Code     0  __scatter.o(!!!scatter)
    __scatterload_rt2                        0x00000275   Thumb Code    44  __scatter.o(!!!scatter)
    __scatterload_rt2_thumb_only             0x00000275   Thumb Code     0  __scatter.o(!!!scatter)
    __scatterload_null                       0x00000283   Thumb Code     0  __scatter.o(!!!scatter)
    __decompress                             0x000002a9   Thumb Code    58  __dczerorl.o(!!dczerorl)
    __decompress0                            0x000002a9   Thumb Code     0  __dczerorl.o(!!dczerorl)
    __scatterload_zeroinit                   0x000002e5   Thumb Code    28  __scatter_zi.o(!!handler_zi)
    __rt_lib_init                            0x00000301   Thumb Code     0  libinit.o(.ARM.Collect$$libinit$$00000000)
    __rt_lib_init_fp_1                       0x00000303   Thumb Code     0  libinit2.o(.ARM.Collect$$libinit$$00000001)
    __rt_lib_init_alloca_1                   0x00000307   Thumb Code     0  libinit2.o(.ARM.Collect$$libinit$$0000002E)
    __rt_lib_init_argv_1                     0x00000307   Thumb Code     0  libinit2.o(.ARM.Collect$$libinit$$0000002C)
    __rt_lib_init_atexit_1                   0x00000307   Thumb Code     0  libinit2.o(.ARM.Collect$$libinit$$0000001B)
    __rt_lib_init_clock_1                    0x00000307   Thumb Code     0  libinit2.o(.ARM.Collect$$libinit$$00000021)
    __rt_lib_init_cpp_1                      0x00000307   Thumb Code     0  libinit2.o(.ARM.Collect$$libinit$$00000032)
    __rt_lib_init_exceptions_1               0x00000307   Thumb Code     0  libinit2.o(.ARM.Collect$$libinit$$00000030)
    __rt_lib_init_fp_trap_1                  0x00000307   Thumb Code     0  libinit2.o(.ARM.Collect$$libinit$$0000001F)
    __rt_lib_init_getenv_1                   0x00000307   Thumb Code     0  libinit2.o(.ARM.Collect$$libinit$$00000023)
    __rt_lib_init_heap_1                     0x00000307   Thumb Code     0  libinit2.o(.ARM.Collect$$libinit$$0000000A)
    __rt_lib_init_lc_collate_1               0x00000307   Thumb Code     0  libinit2.o(.ARM.Collect$$libinit$$00000011)
    __rt_lib_init_lc_ctype_1                 0x00000307   Thumb Code     0  libinit2.o(.ARM.Collect$$libinit$$00000013)
    __rt_lib_init_lc_monetary_1              0x00000307   Thumb Code     0  libinit2.o(.ARM.Collect$$libinit$$00000015)
    __rt_lib_init_lc_numeric_1               0x00000307   Thumb Code     0  libinit2.o(.ARM.Collect$$libinit$$00000017)
    __rt_lib_init_lc_time_1                  0x00000307   Thumb Code     0  libinit2.o(.ARM.Collect$$libinit$$00000019)
    __rt_lib_init_preinit_1                  0x00000307   Thumb Code     0  libinit2.o(.ARM.Collect$$libinit$$00000004)
    __rt_lib_init_rand_1                     0x00000307   Thumb Code     0  libinit2.o(.ARM.Collect$$libinit$$0000000E)
    __rt_lib_init_return                     0x00000307   Thumb Code     0  libinit2.o(.ARM.Collect$$libinit$$00000033)
    __rt_lib_init_signal_1                   0x00000307   Thumb Code     0  libinit2.o(.ARM.Collect$$libinit$$0000001D)
    __rt_lib_init_stdio_1                    0x00000307   Thumb Code     0  libinit2.o(.ARM.Collect$$libinit$$00000025)
    __rt_lib_init_user_alloc_1               0x00000307   Thumb Code     0  libinit2.o(.ARM.Collect$$libinit$$0000000C)
    __rt_lib_shutdown                        0x00000309   Thumb Code     0  libshutdown.o(.ARM.Collect$$libshutdown$$00000000)
    __rt_lib_shutdown_cpp_1                  0x0000030b   Thumb Code     0  libshutdown2.o(.ARM.Collect$$libshutdown$$00000002)
    __rt_lib_shutdown_fp_trap_1              0x0000030b   Thumb Code     0  libshutdown2.o(.ARM.Collect$$libshutdown$$00000007)
    __rt_lib_shutdown_heap_1                 0x0000030b   Thumb Code     0  libshutdown2.o(.ARM.Collect$$libshutdown$$0000000F)
    __rt_lib_shutdown_return                 0x0000030b   Thumb Code     0  libshutdown2.o(.ARM.Collect$$libshutdown$$00000010)
    __rt_lib_shutdown_signal_1               0x0000030b   Thumb Code     0  libshutdown2.o(.ARM.Collect$$libshutdown$$0000000A)
    __rt_lib_shutdown_stdio_1                0x0000030b   Thumb Code     0  libshutdown2.o(.ARM.Collect$$libshutdown$$00000004)
    __rt_lib_shutdown_user_alloc_1           0x0000030b   Thumb Code     0  libshutdown2.o(.ARM.Collect$$libshutdown$$0000000C)
    __rt_entry                               0x0000030d   Thumb Code     0  __rtentry.o(.ARM.Collect$$rtentry$$00000000)
    __rt_entry_presh_1                       0x0000030d   Thumb Code     0  __rtentry2.o(.ARM.Collect$$rtentry$$00000002)
    __rt_entry_sh                            0x0000030d   Thumb Code     0  __rtentry4.o(.ARM.Collect$$rtentry$$00000004)
    __rt_entry_li                            0x00000313   Thumb Code     0  __rtentry2.o(.ARM.Collect$$rtentry$$0000000A)
    __rt_entry_postsh_1                      0x00000313   Thumb Code     0  __rtentry2.o(.ARM.Collect$$rtentry$$00000009)
    __rt_entry_main                          0x00000317   Thumb Code     0  __rtentry2.o(.ARM.Collect$$rtentry$$0000000D)
    __rt_entry_postli_1                      0x00000317   Thumb Code     0  __rtentry2.o(.ARM.Collect$$rtentry$$0000000C)
    __rt_exit                                0x0000031f   Thumb Code     0  rtexit.o(.ARM.Collect$$rtexit$$00000000)
    __rt_exit_ls                             0x00000321   Thumb Code     0  rtexit2.o(.ARM.Collect$$rtexit$$00000003)
    __rt_exit_prels_1                        0x00000321   Thumb Code     0  rtexit2.o(.ARM.Collect$$rtexit$$00000002)
    __rt_exit_exit                           0x00000325   Thumb Code     0  rtexit2.o(.ARM.Collect$$rtexit$$00000004)
    SysCtlDelay                              0x0000032d   Thumb Code     6  sysctl.o(.emb_text)
    Reset_Handler                            0x00000335   Thumb Code     8  startup_tm4c123.o(.text)
    NMI_Handler                              0x0000033d   Thumb Code     2  startup_tm4c123.o(.text)
    HardFault_Handler                        0x0000033f   Thumb Code     2  startup_tm4c123.o(.text)
    MemManage_Handler                        0x00000341   Thumb Code     2  startup_tm4c123.o(.text)
    BusFault_Handler                         0x00000343   Thumb Code     2  startup_tm4c123.o(.text)
    UsageFault_Handler                       0x00000345   Thumb Code     2  startup_tm4c123.o(.text)
    SVC_Handler                              0x00000347   Thumb Code     2  startup_tm4c123.o(.text)
    DebugMon_Handler                         0x00000349   Thumb Code     2  startup_tm4c123.o(.text)
    PendSV_Handler                           0x0000034b   Thumb Code     2  startup_tm4c123.o(.text)
    SysTick_Handler                          0x0000034d   Thumb Code     2  startup_tm4c123.o(.text)
    GPIOA_Handler                            0x0000034f   Thumb Code     2  startup_tm4c123.o(.text)
    GPIOB_Handler                            0x00000351   Thumb Code     2  startup_tm4c123.o(.text)
    GPIOC_Handler                            0x00000353   Thumb Code     2  startup_tm4c123.o(.text)
    GPIOD_Handler                            0x00000355   Thumb Code     2  startup_tm4c123.o(.text)
    GPIOE_Handler                            0x00000357   Thumb Code     2  startup_tm4c123.o(.text)
    UART0_Handler                            0x00000359   Thumb Code     2  startup_tm4c123.o(.text)
    UART1_Handler                            0x0000035b   Thumb Code     2  startup_tm4c123.o(.text)
    SSI0_Handler                             0x0000035d   Thumb Code     2  startup_tm4c123.o(.text)
    I2C0_Handler                             0x0000035f   Thumb Code     2  startup_tm4c123.o(.text)
    PMW0_FAULT_Handler                       0x00000361   Thumb Code     2  startup_tm4c123.o(.text)
    PWM0_0_Handler                           0x00000363   Thumb Code     2  startup_tm4c123.o(.text)
    PWM0_1_Handler                           0x00000365   Thumb Code     2  startup_tm4c123.o(.text)
    PWM0_2_Handler                           0x00000367   Thumb Code     2  startup_tm4c123.o(.text)
    QEI0_Handler                             0x00000369   Thumb Code     2  startup_tm4c123.o(.text)
    ADC0SS0_Handler                          0x0000036b   Thumb Code     2  startup_tm4c123.o(.text)
    ADC0SS1_Handler                          0x0000036d   Thumb Code     2  startup_tm4c123.o(.text)
    ADC0SS2_Handler                          0x0000036f   Thumb Code     2  startup_tm4c123.o(.text)
    ADC0SS3_Handler                          0x00000371   Thumb Code     2  startup_tm4c123.o(.text)
    WDT0_Handler                             0x00000373   Thumb Code     2  startup_tm4c123.o(.text)
    TIMER0A_Handler                          0x00000375   Thumb Code     2  startup_tm4c123.o(.text)
    TIMER0B_Handler                          0x00000377   Thumb Code     2  startup_tm4c123.o(.text)
    TIMER1A_Handler                          0x00000379   Thumb Code     2  startup_tm4c123.o(.text)
    TIMER1B_Handler                          0x0000037b   Thumb Code     2  startup_tm4c123.o(.text)
    TIMER2A_Handler                          0x0000037d   Thumb Code     2  startup_tm4c123.o(.text)
    TIMER2B_Handler                          0x0000037f   Thumb Code     2  startup_tm4c123.o(.text)
    COMP0_Handler                            0x00000381   Thumb Code     2  startup_tm4c123.o(.text)
    COMP1_Handler                            0x00000383   Thumb Code     2  startup_tm4c123.o(.text)
    COMP2_Handler                            0x00000385   Thumb Code     2  startup_tm4c123.o(.text)
    SYSCTL_Handler                           0x00000387   Thumb Code     2  startup_tm4c123.o(.text)
    FLASH_Handler                            0x00000389   Thumb Code     2  startup_tm4c123.o(.text)
    GPIOF_Handler                            0x0000038b   Thumb Code     2  startup_tm4c123.o(.text)
    GPIOG_Handler                            0x0000038d   Thumb Code     2  startup_tm4c123.o(.text)
    GPIOH_Handler                            0x0000038f   Thumb Code     2  startup_tm4c123.o(.text)
    UART2_Handler                            0x00000391   Thumb Code     2  startup_tm4c123.o(.text)
    SSI1_Handler                             0x00000393   Thumb Code     2  startup_tm4c123.o(.text)
    TIMER3A_Handler                          0x00000395   Thumb Code     2  startup_tm4c123.o(.text)
    TIMER3B_Handler                          0x00000397   Thumb Code     2  startup_tm4c123.o(.text)
    I2C1_Handler                             0x00000399   Thumb Code     2  startup_tm4c123.o(.text)
    QEI1_Handler                             0x0000039b   Thumb Code     2  startup_tm4c123.o(.text)
    CAN0_Handler                             0x0000039d   Thumb Code     2  startup_tm4c123.o(.text)
    CAN1_Handler                             0x0000039f   Thumb Code     2  startup_tm4c123.o(.text)
    CAN2_Handler                             0x000003a1   Thumb Code     2  startup_tm4c123.o(.text)
    HIB_Handler                              0x000003a3   Thumb Code     2  startup_tm4c123.o(.text)
    USB0_Handler                             0x000003a5   Thumb Code     2  startup_tm4c123.o(.text)
    PWM0_3_Handler                           0x000003a7   Thumb Code     2  startup_tm4c123.o(.text)
    UDMA_Handler                             0x000003a9   Thumb Code     2  startup_tm4c123.o(.text)
    UDMAERR_Handler                          0x000003ab   Thumb Code     2  startup_tm4c123.o(.text)
    ADC1SS0_Handler                          0x000003ad   Thumb Code     2  startup_tm4c123.o(.text)
    ADC1SS1_Handler                          0x000003af   Thumb Code     2  startup_tm4c123.o(.text)
    ADC1SS2_Handler                          0x000003b1   Thumb Code     2  startup_tm4c123.o(.text)
    ADC1SS3_Handler                          0x000003b3   Thumb Code     2  startup_tm4c123.o(.text)
    GPIOJ_Handler                            0x000003b5   Thumb Code     2  startup_tm4c123.o(.text)
    GPIOK_Handler                            0x000003b7   Thumb Code     2  startup_tm4c123.o(.text)
    GPIOL_Handler                            0x000003b9   Thumb Code     2  startup_tm4c123.o(.text)
    SSI2_Handler                             0x000003bb   Thumb Code     2  startup_tm4c123.o(.text)
    SSI3_Handler                             0x000003bd   Thumb Code     2  startup_tm4c123.o(.text)
    UART3_Handler                            0x000003bf   Thumb Code     2  startup_tm4c123.o(.text)
    UART4_Handler                            0x000003c1   Thumb Code     2  startup_tm4c123.o(.text)
    UART5_Handler                            0x000003c3   Thumb Code     2  startup_tm4c123.o(.text)
    UART6_Handler                            0x000003c5   Thumb Code     2  startup_tm4c123.o(.text)
    UART7_Handler                            0x000003c7   Thumb Code     2  startup_tm4c123.o(.text)
    I2C2_Handler                             0x000003c9   Thumb Code     2  startup_tm4c123.o(.text)
    I2C3_Handler                             0x000003cb   Thumb Code     2  startup_tm4c123.o(.text)
    TIMER4A_Handler                          0x000003cd   Thumb Code     2  startup_tm4c123.o(.text)
    TIMER4B_Handler                          0x000003cf   Thumb Code     2  startup_tm4c123.o(.text)
    TIMER5A_Handler                          0x000003d1   Thumb Code     2  startup_tm4c123.o(.text)
    TIMER5B_Handler                          0x000003d3   Thumb Code     2  startup_tm4c123.o(.text)
    WTIMER0A_Handler                         0x000003d5   Thumb Code     2  startup_tm4c123.o(.text)
    WTIMER0B_Handler                         0x000003d7   Thumb Code     2  startup_tm4c123.o(.text)
    WTIMER1A_Handler                         0x000003d9   Thumb Code     2  startup_tm4c123.o(.text)
    WTIMER1B_Handler                         0x000003db   Thumb Code     2  startup_tm4c123.o(.text)
    WTIMER2A_Handler                         0x000003dd   Thumb Code     2  startup_tm4c123.o(.text)
    WTIMER2B_Handler                         0x000003df   Thumb Code     2  startup_tm4c123.o(.text)
    WTIMER3A_Handler                         0x000003e1   Thumb Code     2  startup_tm4c123.o(.text)
    WTIMER3B_Handler                         0x000003e3   Thumb Code     2  startup_tm4c123.o(.text)
    WTIMER4A_Handler                         0x000003e5   Thumb Code     2  startup_tm4c123.o(.text)
    WTIMER4B_Handler                         0x000003e7   Thumb Code     2  startup_tm4c123.o(.text)
    WTIMER5A_Handler                         0x000003e9   Thumb Code     2  startup_tm4c123.o(.text)
    WTIMER5B_Handler                         0x000003eb   Thumb Code     2  startup_tm4c123.o(.text)
    FPU_Handler                              0x000003ed   Thumb Code     2  startup_tm4c123.o(.text)
    I2C4_Handler                             0x000003ef   Thumb Code     2  startup_tm4c123.o(.text)
    I2C5_Handler                             0x000003f1   Thumb Code     2  startup_tm4c123.o(.text)
    GPIOM_Handler                            0x000003f3   Thumb Code     2  startup_tm4c123.o(.text)
    GPION_Handler                            0x000003f5   Thumb Code     2  startup_tm4c123.o(.text)
    QEI2_Handler                             0x000003f7   Thumb Code     2  startup_tm4c123.o(.text)
    GPIOP0_Handler                           0x000003f9   Thumb Code     2  startup_tm4c123.o(.text)
    GPIOP1_Handler                           0x000003fb   Thumb Code     2  startup_tm4c123.o(.text)
    GPIOP2_Handler                           0x000003fd   Thumb Code     2  startup_tm4c123.o(.text)
    GPIOP3_Handler                           0x000003ff   Thumb Code     2  startup_tm4c123.o(.text)
    GPIOP4_Handler                           0x00000401   Thumb Code     2  startup_tm4c123.o(.text)
    GPIOP5_Handler                           0x00000403   Thumb Code     2  startup_tm4c123.o(.text)
    GPIOP6_Handler                           0x00000405   Thumb Code     2  startup_tm4c123.o(.text)
    GPIOP7_Handler                           0x00000407   Thumb Code     2  startup_tm4c123.o(.text)
    GPIOQ0_Handler                           0x00000409   Thumb Code     2  startup_tm4c123.o(.text)
    GPIOQ1_Handler                           0x0000040b   Thumb Code     2  startup_tm4c123.o(.text)
    GPIOQ2_Handler                           0x0000040d   Thumb Code     2  startup_tm4c123.o(.text)
    GPIOQ3_Handler                           0x0000040f   Thumb Code     2  startup_tm4c123.o(.text)
    GPIOQ4_Handler                           0x00000411   Thumb Code     2  startup_tm4c123.o(.text)
    GPIOQ5_Handler                           0x00000413   Thumb Code     2  startup_tm4c123.o(.text)
    GPIOQ6_Handler                           0x00000415   Thumb Code     2  startup_tm4c123.o(.text)
    GPIOQ7_Handler                           0x00000417   Thumb Code     2  startup_tm4c123.o(.text)
    GPIOR_Handler                            0x00000419   Thumb Code     2  startup_tm4c123.o(.text)
    GPIOS_Handler                            0x0000041b   Thumb Code     2  startup_tm4c123.o(.text)
    PMW1_0_Handler                           0x0000041d   Thumb Code     2  startup_tm4c123.o(.text)
    PWM1_1_Handler                           0x0000041f   Thumb Code     2  startup_tm4c123.o(.text)
    PWM1_2_Handler                           0x00000421   Thumb Code     2  startup_tm4c123.o(.text)
    PWM1_3_Handler                           0x00000423   Thumb Code     2  startup_tm4c123.o(.text)
    PWM1_FAULT_Handler                       0x00000425   Thumb Code     2  startup_tm4c123.o(.text)
    __user_initial_stackheap                 0x00000429   Thumb Code     0  startup_tm4c123.o(.text)
    __use_two_region_memory                  0x00000449   Thumb Code     2  heapauxi.o(.text)
    __rt_heap_escrow$2region                 0x0000044b   Thumb Code     2  heapauxi.o(.text)
    __rt_heap_expand$2region                 0x0000044d   Thumb Code     2  heapauxi.o(.text)
    __user_setup_stackheap                   0x0000044f   Thumb Code    74  sys_stackheap_outer.o(.text)
    exit                                     0x00000499   Thumb Code    18  exit.o(.text)
    __user_libspace                          0x000004ad   Thumb Code     8  libspace.o(.text)
    __user_perproc_libspace                  0x000004ad   Thumb Code     0  libspace.o(.text)
    __user_perthread_libspace                0x000004ad   Thumb Code     0  libspace.o(.text)
    _sys_exit                                0x000004b5   Thumb Code     8  sys_exit.o(.text)
    __I$use$semihosting                      0x000004c1   Thumb Code     0  use_no_semi.o(.text)
    __use_no_semihosting_swi                 0x000004c1   Thumb Code     2  use_no_semi.o(.text)
    __semihosting_library_function           0x000004c3   Thumb Code     0  indicate_semi.o(.text)
    SystemInit                               0x000004c5   Thumb Code    18  system_tm4c123.o(.text.SystemInit)
    enablePeripheralsClock                   0x000004d9   Thumb Code    44  tm4c_init.o(.text.enablePeripheralsClock)
    i2cRead                                  0x00000505   Thumb Code   140  tm4c_init.o(.text.i2cRead)
    i2cWrite                                 0x00000591   Thumb Code   106  tm4c_init.o(.text.i2cWrite)
    initI2c                                  0x000005fd   Thumb Code   122  tm4c_init.o(.text.initI2c)
    initPorts                                0x00000679   Thumb Code    72  tm4c_init.o(.text.initPorts)
    initSystemClock_40MHz                    0x000006c1   Thumb Code    16  tm4c_init.o(.text.initSystemClock_40MHz)
    initTimer1sec                            0x000006d1   Thumb Code    88  tm4c_init.o(.text.initTimer1sec)
    main                                     0x00000729   Thumb Code   308  main.o(.text.main)
    resultReady                              0x0000085d   Thumb Code    26  main.o(.text.resultReady)
    tmp006_configConvRate                    0x000008c1   Thumb Code    70  tmp006.o(.text.tmp006_configConvRate)
    tmp006_drdyPinConfig                     0x00000909   Thumb Code    70  tmp006.o(.text.tmp006_drdyPinConfig)
    tmp006_init                              0x00000951   Thumb Code    26  tmp006.o(.text.tmp006_init)
    tmp006_read                              0x0000096d   Thumb Code    58  tmp006.o(.text.tmp006_read)
    tmp006_readTemp                          0x000009a9   Thumb Code    40  tmp006.o(.text.tmp006_readTemp)
    tmp006_resetDevice                       0x000009d1   Thumb Code    36  tmp006.o(.text.tmp006_resetDevice)
    tmp006_write                             0x000009f5   Thumb Code    56  tmp006.o(.text.tmp006_write)
    togglePortF                              0x00000a2d   Thumb Code    16  main.o(.text.togglePortF)
    GPIODirModeSet                           0x00000a3d   Thumb Code    50  gpio.o(i.GPIODirModeSet)
    GPIOIntClear                             0x00000a6f   Thumb Code     6  gpio.o(i.GPIOIntClear)
    GPIOIntEnable                            0x00000a75   Thumb Code    12  gpio.o(i.GPIOIntEnable)
    GPIOIntRegister                          0x00000a81   Thumb Code    30  gpio.o(i.GPIOIntRegister)
    GPIOIntTypeSet                           0x00000a9f   Thumb Code   102  gpio.o(i.GPIOIntTypeSet)
    GPIOPadConfigSet                         0x00000b05   Thumb Code   384  gpio.o(i.GPIOPadConfigSet)
    GPIOPinConfigure                         0x00000c91   Thumb Code    70  gpio.o(i.GPIOPinConfigure)
    GPIOPinTypeGPIOInput                     0x00000ce1   Thumb Code    30  gpio.o(i.GPIOPinTypeGPIOInput)
    GPIOPinTypeGPIOOutput                    0x00000cff   Thumb Code    30  gpio.o(i.GPIOPinTypeGPIOOutput)
    GPIOPinTypeI2C                           0x00000d1d   Thumb Code    30  gpio.o(i.GPIOPinTypeI2C)
    GPIOPinTypeI2CSCL                        0x00000d3b   Thumb Code    30  gpio.o(i.GPIOPinTypeI2CSCL)
    GPIOPinWrite                             0x00000d59   Thumb Code    10  gpio.o(i.GPIOPinWrite)
    GPIOUnlockPin                            0x00000d65   Thumb Code    18  gpio.o(i.GPIOUnlockPin)
    I2CMasterBusy                            0x00000d7d   Thumb Code    18  i2c.o(i.I2CMasterBusy)
    I2CMasterControl                         0x00000d8f   Thumb Code     4  i2c.o(i.I2CMasterControl)
    I2CMasterDataGet                         0x00000d93   Thumb Code     6  i2c.o(i.I2CMasterDataGet)
    I2CMasterDataPut                         0x00000d99   Thumb Code     4  i2c.o(i.I2CMasterDataPut)
    I2CMasterEnable                          0x00000d9d   Thumb Code    10  i2c.o(i.I2CMasterEnable)
    I2CMasterInitExpClk                      0x00000da9   Thumb Code    78  i2c.o(i.I2CMasterInitExpClk)
    I2CMasterSlaveAddrSet                    0x00000e05   Thumb Code     8  i2c.o(i.I2CMasterSlaveAddrSet)
    IntEnable                                0x00000e0d   Thumb Code   108  interrupt.o(i.IntEnable)
    IntRegister                              0x00000e81   Thumb Code    52  interrupt.o(i.IntRegister)
    SysCtlClockGet                           0x00000ebd   Thumb Code   324  sysctl.o(i.SysCtlClockGet)
    SysCtlClockSet                           0x00001029   Thumb Code   280  sysctl.o(i.SysCtlClockSet)
    SysCtlPeripheralEnable                   0x00001155   Thumb Code    46  sysctl.o(i.SysCtlPeripheralEnable)
    SysCtlPeripheralReady                    0x00001189   Thumb Code    52  sysctl.o(i.SysCtlPeripheralReady)
    SysCtlPeripheralReset                    0x000011c1   Thumb Code   106  sysctl.o(i.SysCtlPeripheralReset)
    TimerConfigure                           0x00001231   Thumb Code    84  timer.o(i.TimerConfigure)
    TimerEnable                              0x00001291   Thumb Code    14  timer.o(i.TimerEnable)
    TimerIntClear                            0x0000129f   Thumb Code     4  timer.o(i.TimerIntClear)
    TimerIntEnable                           0x000012a3   Thumb Code     8  timer.o(i.TimerIntEnable)
    TimerIntRegister                         0x000012ab   Thumb Code    38  timer.o(i.TimerIntRegister)
    TimerLoadSet                             0x000012d1   Thumb Code    16  timer.o(i.TimerLoadSet)
    _fp_init                                 0x00001385   Thumb Code    26  fpinit.o(x$fpl$fpinit)
    __fplib_config_fpu_vfp                   0x0000139d   Thumb Code     0  fpinit.o(x$fpl$fpinit)
    __fplib_config_pureend_doubles           0x0000139d   Thumb Code     0  fpinit.o(x$fpl$fpinit)
    Region$$Table$$Base                      0x000019d4   Number         0  anon$$obj.o(Region$$Table)
    Region$$Table$$Limit                     0x000019f4   Number         0  anon$$obj.o(Region$$Table)
    __libspace_start                         0x20000270   Data          96  libspace.o(.bss)
    __temporary_stack_top$libspace           0x200002d0   Data           0  libspace.o(.bss)
    flagReady                                0x200002d0   Data           1  main.o(.bss.flagReady)
    readConfig                               0x200002d2   Data           2  main.o(.bss.readConfig)
    readManufID                              0x200002d4   Data           2  main.o(.bss.readManufID)
    tempInC                                  0x200002d8   Data           4  main.o(.bss.tempInC)
    temprature                               0x200002dc   Data           2  main.o(.bss.temprature)
    testTmp006Read                           0x200002de   Data           2  main.o(.bss.testTmp006Read)
    testTmp006init                           0x200002e0   Data           2  main.o(.bss.testTmp006init)



==============================================================================

Memory Map of the image

  Image Entry point : 0x00000335

  Load Region LR_1 (Base: 0x00000000, Size: 0x00001e6c, Max: 0xffffffff, ABSOLUTE, COMPRESSED[0x00001c08])

    Execution Region ER_RO (Exec base: 0x00000000, Load base: 0x00000000, Size: 0x000019f4, Max: 0xffffffff, ABSOLUTE)

    Exec Addr    Load Addr    Size         Type   Attr      Idx    E Section Name        Object

    0x00000000   0x00000000   0x0000026c   Data   RO           77    RESET               startup_tm4c123.o
    0x0000026c   0x0000026c   0x00000008   Code   RO         1516  * !!!main             c_w.l(__main.o)
    0x00000274   0x00000274   0x00000034   Code   RO         1681    !!!scatter          c_w.l(__scatter.o)
    0x000002a8   0x000002a8   0x0000003a   Code   RO         1679    !!dczerorl          c_w.l(__dczerorl.o)
    0x000002e2   0x000002e2   0x00000002   PAD
    0x000002e4   0x000002e4   0x0000001c   Code   RO         1683    !!handler_zi        c_w.l(__scatter_zi.o)
    0x00000300   0x00000300   0x00000002   Code   RO         1543    .ARM.Collect$$libinit$$00000000  c_w.l(libinit.o)
    0x00000302   0x00000302   0x00000004   Code   RO         1549    .ARM.Collect$$libinit$$00000001  c_w.l(libinit2.o)
    0x00000306   0x00000306   0x00000000   Code   RO         1552    .ARM.Collect$$libinit$$00000004  c_w.l(libinit2.o)
    0x00000306   0x00000306   0x00000000   Code   RO         1555    .ARM.Collect$$libinit$$0000000A  c_w.l(libinit2.o)
    0x00000306   0x00000306   0x00000000   Code   RO         1557    .ARM.Collect$$libinit$$0000000C  c_w.l(libinit2.o)
    0x00000306   0x00000306   0x00000000   Code   RO         1559    .ARM.Collect$$libinit$$0000000E  c_w.l(libinit2.o)
    0x00000306   0x00000306   0x00000000   Code   RO         1562    .ARM.Collect$$libinit$$00000011  c_w.l(libinit2.o)
    0x00000306   0x00000306   0x00000000   Code   RO         1564    .ARM.Collect$$libinit$$00000013  c_w.l(libinit2.o)
    0x00000306   0x00000306   0x00000000   Code   RO         1566    .ARM.Collect$$libinit$$00000015  c_w.l(libinit2.o)
    0x00000306   0x00000306   0x00000000   Code   RO         1568    .ARM.Collect$$libinit$$00000017  c_w.l(libinit2.o)
    0x00000306   0x00000306   0x00000000   Code   RO         1570    .ARM.Collect$$libinit$$00000019  c_w.l(libinit2.o)
    0x00000306   0x00000306   0x00000000   Code   RO         1572    .ARM.Collect$$libinit$$0000001B  c_w.l(libinit2.o)
    0x00000306   0x00000306   0x00000000   Code   RO         1574    .ARM.Collect$$libinit$$0000001D  c_w.l(libinit2.o)
    0x00000306   0x00000306   0x00000000   Code   RO         1576    .ARM.Collect$$libinit$$0000001F  c_w.l(libinit2.o)
    0x00000306   0x00000306   0x00000000   Code   RO         1578    .ARM.Collect$$libinit$$00000021  c_w.l(libinit2.o)
    0x00000306   0x00000306   0x00000000   Code   RO         1580    .ARM.Collect$$libinit$$00000023  c_w.l(libinit2.o)
    0x00000306   0x00000306   0x00000000   Code   RO         1582    .ARM.Collect$$libinit$$00000025  c_w.l(libinit2.o)
    0x00000306   0x00000306   0x00000000   Code   RO         1586    .ARM.Collect$$libinit$$0000002C  c_w.l(libinit2.o)
    0x00000306   0x00000306   0x00000000   Code   RO         1588    .ARM.Collect$$libinit$$0000002E  c_w.l(libinit2.o)
    0x00000306   0x00000306   0x00000000   Code   RO         1590    .ARM.Collect$$libinit$$00000030  c_w.l(libinit2.o)
    0x00000306   0x00000306   0x00000000   Code   RO         1592    .ARM.Collect$$libinit$$00000032  c_w.l(libinit2.o)
    0x00000306   0x00000306   0x00000002   Code   RO         1593    .ARM.Collect$$libinit$$00000033  c_w.l(libinit2.o)
    0x00000308   0x00000308   0x00000002   Code   RO         1615    .ARM.Collect$$libshutdown$$00000000  c_w.l(libshutdown.o)
    0x0000030a   0x0000030a   0x00000000   Code   RO         1630    .ARM.Collect$$libshutdown$$00000002  c_w.l(libshutdown2.o)
    0x0000030a   0x0000030a   0x00000000   Code   RO         1632    .ARM.Collect$$libshutdown$$00000004  c_w.l(libshutdown2.o)
    0x0000030a   0x0000030a   0x00000000   Code   RO         1635    .ARM.Collect$$libshutdown$$00000007  c_w.l(libshutdown2.o)
    0x0000030a   0x0000030a   0x00000000   Code   RO         1638    .ARM.Collect$$libshutdown$$0000000A  c_w.l(libshutdown2.o)
    0x0000030a   0x0000030a   0x00000000   Code   RO         1640    .ARM.Collect$$libshutdown$$0000000C  c_w.l(libshutdown2.o)
    0x0000030a   0x0000030a   0x00000000   Code   RO         1643    .ARM.Collect$$libshutdown$$0000000F  c_w.l(libshutdown2.o)
    0x0000030a   0x0000030a   0x00000002   Code   RO         1644    .ARM.Collect$$libshutdown$$00000010  c_w.l(libshutdown2.o)
    0x0000030c   0x0000030c   0x00000000   Code   RO         1518    .ARM.Collect$$rtentry$$00000000  c_w.l(__rtentry.o)
    0x0000030c   0x0000030c   0x00000000   Code   RO         1520    .ARM.Collect$$rtentry$$00000002  c_w.l(__rtentry2.o)
    0x0000030c   0x0000030c   0x00000006   Code   RO         1532    .ARM.Collect$$rtentry$$00000004  c_w.l(__rtentry4.o)
    0x00000312   0x00000312   0x00000000   Code   RO         1522    .ARM.Collect$$rtentry$$00000009  c_w.l(__rtentry2.o)
    0x00000312   0x00000312   0x00000004   Code   RO         1523    .ARM.Collect$$rtentry$$0000000A  c_w.l(__rtentry2.o)
    0x00000316   0x00000316   0x00000000   Code   RO         1525    .ARM.Collect$$rtentry$$0000000C  c_w.l(__rtentry2.o)
    0x00000316   0x00000316   0x00000008   Code   RO         1526    .ARM.Collect$$rtentry$$0000000D  c_w.l(__rtentry2.o)
    0x0000031e   0x0000031e   0x00000002   Code   RO         1547    .ARM.Collect$$rtexit$$00000000  c_w.l(rtexit.o)
    0x00000320   0x00000320   0x00000000   Code   RO         1595    .ARM.Collect$$rtexit$$00000002  c_w.l(rtexit2.o)
    0x00000320   0x00000320   0x00000004   Code   RO         1596    .ARM.Collect$$rtexit$$00000003  c_w.l(rtexit2.o)
    0x00000324   0x00000324   0x00000006   Code   RO         1597    .ARM.Collect$$rtexit$$00000004  c_w.l(rtexit2.o)
    0x0000032a   0x0000032a   0x00000002   PAD
    0x0000032c   0x0000032c   0x00000006   Code   RO          781    .emb_text           driverlib.lib(sysctl.o)
    0x00000332   0x00000332   0x00000002   PAD
    0x00000334   0x00000334   0x00000114   Code   RO           78  * .text               startup_tm4c123.o
    0x00000448   0x00000448   0x00000006   Code   RO         1514    .text               c_w.l(heapauxi.o)
    0x0000044e   0x0000044e   0x0000004a   Code   RO         1534    .text               c_w.l(sys_stackheap_outer.o)
    0x00000498   0x00000498   0x00000012   Code   RO         1536    .text               c_w.l(exit.o)
    0x000004aa   0x000004aa   0x00000002   PAD
    0x000004ac   0x000004ac   0x00000008   Code   RO         1544    .text               c_w.l(libspace.o)
    0x000004b4   0x000004b4   0x0000000c   Code   RO         1605    .text               c_w.l(sys_exit.o)
    0x000004c0   0x000004c0   0x00000002   Code   RO         1620    .text               c_w.l(use_no_semi.o)
    0x000004c2   0x000004c2   0x00000000   Code   RO         1622    .text               c_w.l(indicate_semi.o)
    0x000004c2   0x000004c2   0x00000002   PAD
    0x000004c4   0x000004c4   0x00000012   Code   RO           89    .text.SystemInit    system_tm4c123.o
    0x000004d6   0x000004d6   0x00000002   PAD
    0x000004d8   0x000004d8   0x0000002c   Code   RO           34    .text.enablePeripheralsClock  tm4c_init.o
    0x00000504   0x00000504   0x0000008c   Code   RO           42    .text.i2cRead       tm4c_init.o
    0x00000590   0x00000590   0x0000006a   Code   RO           44    .text.i2cWrite      tm4c_init.o
    0x000005fa   0x000005fa   0x00000002   PAD
    0x000005fc   0x000005fc   0x0000007a   Code   RO           40    .text.initI2c       tm4c_init.o
    0x00000676   0x00000676   0x00000002   PAD
    0x00000678   0x00000678   0x00000048   Code   RO           36    .text.initPorts     tm4c_init.o
    0x000006c0   0x000006c0   0x00000010   Code   RO           32    .text.initSystemClock_40MHz  tm4c_init.o
    0x000006d0   0x000006d0   0x00000058   Code   RO           38    .text.initTimer1sec  tm4c_init.o
    0x00000728   0x00000728   0x00000134   Code   RO           54    .text.main          main.o
    0x0000085c   0x0000085c   0x0000001a   Code   RO           56    .text.resultReady   main.o
    0x00000876   0x00000876   0x00000002   PAD
    0x00000878   0x00000878   0x00000048   Code   RO            4    .text.setI2cAddress  tmp006.o
    0x000008c0   0x000008c0   0x00000046   Code   RO           10    .text.tmp006_configConvRate  tmp006.o
    0x00000906   0x00000906   0x00000002   PAD
    0x00000908   0x00000908   0x00000046   Code   RO           12    .text.tmp006_drdyPinConfig  tmp006.o
    0x0000094e   0x0000094e   0x00000002   PAD
    0x00000950   0x00000950   0x0000001a   Code   RO            2    .text.tmp006_init   tmp006.o
    0x0000096a   0x0000096a   0x00000002   PAD
    0x0000096c   0x0000096c   0x0000003a   Code   RO            6    .text.tmp006_read   tmp006.o
    0x000009a6   0x000009a6   0x00000002   PAD
    0x000009a8   0x000009a8   0x00000028   Code   RO           20    .text.tmp006_readTemp  tmp006.o
    0x000009d0   0x000009d0   0x00000024   Code   RO           14    .text.tmp006_resetDevice  tmp006.o
    0x000009f4   0x000009f4   0x00000038   Code   RO            8    .text.tmp006_write  tmp006.o
    0x00000a2c   0x00000a2c   0x00000010   Code   RO           58    .text.togglePortF   main.o
    0x00000a3c   0x00000a3c   0x00000032   Code   RO          105    i.GPIODirModeSet    driverlib.lib(gpio.o)
    0x00000a6e   0x00000a6e   0x00000006   Code   RO          106    i.GPIOIntClear      driverlib.lib(gpio.o)
    0x00000a74   0x00000a74   0x0000000c   Code   RO          108    i.GPIOIntEnable     driverlib.lib(gpio.o)
    0x00000a80   0x00000a80   0x0000001e   Code   RO          109    i.GPIOIntRegister   driverlib.lib(gpio.o)
    0x00000a9e   0x00000a9e   0x00000066   Code   RO          113    i.GPIOIntTypeSet    driverlib.lib(gpio.o)
    0x00000b04   0x00000b04   0x0000018c   Code   RO          117    i.GPIOPadConfigSet  driverlib.lib(gpio.o)
    0x00000c90   0x00000c90   0x00000050   Code   RO          118    i.GPIOPinConfigure  driverlib.lib(gpio.o)
    0x00000ce0   0x00000ce0   0x0000001e   Code   RO          128    i.GPIOPinTypeGPIOInput  driverlib.lib(gpio.o)
    0x00000cfe   0x00000cfe   0x0000001e   Code   RO          129    i.GPIOPinTypeGPIOOutput  driverlib.lib(gpio.o)
    0x00000d1c   0x00000d1c   0x0000001e   Code   RO          132    i.GPIOPinTypeI2C    driverlib.lib(gpio.o)
    0x00000d3a   0x00000d3a   0x0000001e   Code   RO          133    i.GPIOPinTypeI2CSCL  driverlib.lib(gpio.o)
    0x00000d58   0x00000d58   0x0000000a   Code   RO          147    i.GPIOPinWrite      driverlib.lib(gpio.o)
    0x00000d62   0x00000d62   0x00000002   PAD
    0x00000d64   0x00000d64   0x00000018   Code   RO          148    i.GPIOUnlockPin     driverlib.lib(gpio.o)
    0x00000d7c   0x00000d7c   0x00000012   Code   RO          449    i.I2CMasterBusy     driverlib.lib(i2c.o)
    0x00000d8e   0x00000d8e   0x00000004   Code   RO          450    i.I2CMasterControl  driverlib.lib(i2c.o)
    0x00000d92   0x00000d92   0x00000006   Code   RO          451    i.I2CMasterDataGet  driverlib.lib(i2c.o)
    0x00000d98   0x00000d98   0x00000004   Code   RO          452    i.I2CMasterDataPut  driverlib.lib(i2c.o)
    0x00000d9c   0x00000d9c   0x0000000a   Code   RO          454    i.I2CMasterEnable   driverlib.lib(i2c.o)
    0x00000da6   0x00000da6   0x00000002   PAD
    0x00000da8   0x00000da8   0x0000005c   Code   RO          457    i.I2CMasterInitExpClk  driverlib.lib(i2c.o)
    0x00000e04   0x00000e04   0x00000008   Code   RO          467    i.I2CMasterSlaveAddrSet  driverlib.lib(i2c.o)
    0x00000e0c   0x00000e0c   0x00000074   Code   RO         1403    i.IntEnable         driverlib.lib(interrupt.o)
    0x00000e80   0x00000e80   0x0000003c   Code   RO         1415    i.IntRegister       driverlib.lib(interrupt.o)
    0x00000ebc   0x00000ebc   0x0000016c   Code   RO          784    i.SysCtlClockGet    driverlib.lib(sysctl.o)
    0x00001028   0x00001028   0x0000012c   Code   RO          786    i.SysCtlClockSet    driverlib.lib(sysctl.o)
    0x00001154   0x00001154   0x00000034   Code   RO          815    i.SysCtlPeripheralEnable  driverlib.lib(sysctl.o)
    0x00001188   0x00001188   0x00000038   Code   RO          819    i.SysCtlPeripheralReady  driverlib.lib(sysctl.o)
    0x000011c0   0x000011c0   0x00000070   Code   RO          820    i.SysCtlPeripheralReset  driverlib.lib(sysctl.o)
    0x00001230   0x00001230   0x00000060   Code   RO         1149    i.TimerConfigure    driverlib.lib(timer.o)
    0x00001290   0x00001290   0x0000000e   Code   RO         1158    i.TimerEnable       driverlib.lib(timer.o)
    0x0000129e   0x0000129e   0x00000004   Code   RO         1159    i.TimerIntClear     driverlib.lib(timer.o)
    0x000012a2   0x000012a2   0x00000008   Code   RO         1161    i.TimerIntEnable    driverlib.lib(timer.o)
    0x000012aa   0x000012aa   0x00000026   Code   RO         1162    i.TimerIntRegister  driverlib.lib(timer.o)
    0x000012d0   0x000012d0   0x00000010   Code   RO         1167    i.TimerLoadSet      driverlib.lib(timer.o)
    0x000012e0   0x000012e0   0x0000004c   Code   RO          149    i._GPIOIntNumberGet  driverlib.lib(gpio.o)
    0x0000132c   0x0000132c   0x00000058   Code   RO         1183    i._TimerIntNumberGet  driverlib.lib(timer.o)
    0x00001384   0x00001384   0x0000001a   Code   RO         1603    x$fpl$fpinit        fz_wm.l(fpinit.o)
    0x0000139e   0x0000139e   0x00000002   PAD
    0x000013a0   0x000013a0   0x00000228   Data   RO          150    .constdata          driverlib.lib(gpio.o)
    0x000015c8   0x000015c8   0x00000254   Data   RO          839    .constdata          driverlib.lib(sysctl.o)
    0x0000181c   0x0000181c   0x000000a0   Data   RO         1184    .constdata          driverlib.lib(timer.o)
    0x000018bc   0x000018bc   0x0000010c   Data   RO         1419    .constdata          driverlib.lib(interrupt.o)
    0x000019c8   0x000019c8   0x0000000c   Data   RO           67    .rodata..L__const.main.senzor  main.o
    0x000019d4   0x000019d4   0x00000020   Data   RO         1678    Region$$Table       anon$$obj.o


    Execution Region ER_RW (Exec base: 0x20000000, Load base: 0x00001c00, Size: 0x0000026c, Max: 0xffffffff, ABSOLUTE, COMPRESSED[0x00000008])

    Exec Addr    Load Addr    Size         Type   Attr      Idx    E Section Name        Object

    0x20000000   COMPRESSED   0x0000026c   Data   RW         1420    vtable              driverlib.lib(interrupt.o)


    Execution Region ER_ZI (Exec base: 0x20000270, Load base: 0x00001c08, Size: 0x00000278, Max: 0xffffffff, ABSOLUTE)

    Exec Addr    Load Addr    Size         Type   Attr      Idx    E Section Name        Object

    0x20000270        -       0x00000060   Zero   RW         1545    .bss                c_w.l(libspace.o)
    0x200002d0        -       0x00000001   Zero   RW           60    .bss.flagReady      main.o
    0x200002d1   0x00001c08   0x00000001   PAD
    0x200002d2        -       0x00000002   Zero   RW           64    .bss.readConfig     main.o
    0x200002d4        -       0x00000002   Zero   RW           63    .bss.readManufID    main.o
    0x200002d6   0x00001c08   0x00000002   PAD
    0x200002d8        -       0x00000004   Zero   RW           66    .bss.tempInC        main.o
    0x200002dc        -       0x00000002   Zero   RW           65    .bss.temprature     main.o
    0x200002de        -       0x00000002   Zero   RW           61    .bss.testTmp006Read  main.o
    0x200002e0        -       0x00000002   Zero   RW           62    .bss.testTmp006init  main.o
    0x200002e2   0x00001c08   0x00000006   PAD
    0x200002e8        -       0x00000000   Zero   RW           76    HEAP                startup_tm4c123.o
    0x200002e8        -       0x00000200   Zero   RW           75    STACK               startup_tm4c123.o


==============================================================================

Image component sizes


      Code (inc. data)   RO Data    RW Data    ZI Data      Debug   Object Name

       350          4         12          0         15       1800   main.o
       276         24        620          0        512       5440   startup_tm4c123.o
        18          0          0          0          0       6467   system_tm4c123.o
       588          0          0          0          0       2268   tm4c_init.o
       428          8          0          0          0       5390   tmp006.o

    ----------------------------------------------------------------------
      1676         36        664          0        536      21365   Object Totals
         0          0         32          0          0          0   (incl. Generated)
        16          0          0          0          9          0   (incl. Padding)

    ----------------------------------------------------------------------

      Code (inc. data)   RO Data    RW Data    ZI Data      Debug   Library Member Name

        58          0          0          0          0          0   __dczerorl.o
         8          0          0          0          0         68   __main.o
         0          0          0          0          0          0   __rtentry.o
        12          0          0          0          0          0   __rtentry2.o
         6          0          0          0          0          0   __rtentry4.o
        52          8          0          0          0          0   __scatter.o
        28          0          0          0          0          0   __scatter_zi.o
        18          0          0          0          0         80   exit.o
         6          0          0          0          0        152   heapauxi.o
         0          0          0          0          0          0   indicate_semi.o
         2          0          0          0          0          0   libinit.o
         6          0          0          0          0          0   libinit2.o
         2          0          0          0          0          0   libshutdown.o
         2          0          0          0          0          0   libshutdown2.o
         8          4          0          0         96         68   libspace.o
         2          0          0          0          0          0   rtexit.o
        10          0          0          0          0          0   rtexit2.o
        12          4          0          0          0         68   sys_exit.o
        74          0          0          0          0         80   sys_stackheap_outer.o
         2          0          0          0          0         68   use_no_semi.o
       906         48        552          0          0      13608   gpio.o
       142         14          0          0          0       3809   i2c.o
       176         16        268        620          0       2058   interrupt.o
       890         76        596          0          0       5227   sysctl.o
       264         32        160          0          0       4898   timer.o
        26          0          0          0          0        116   fpinit.o

    ----------------------------------------------------------------------
      2728        202       1576        620         96      30300   Library Totals
        16          0          0          0          0          0   (incl. Padding)

    ----------------------------------------------------------------------

      Code (inc. data)   RO Data    RW Data    ZI Data      Debug   Library Name

       308         16          0          0         96        584   c_w.l
      2378        186       1576        620          0      29600   driverlib.lib
        26          0          0          0          0        116   fz_wm.l

    ----------------------------------------------------------------------
      2728        202       1576        620         96      30300   Library Totals

    ----------------------------------------------------------------------

==============================================================================


      Code (inc. data)   RO Data    RW Data    ZI Data      Debug   

      4404        238       2240        620        632      48261   Grand Totals
      4404        238       2240          8        632      48261   ELF Image Totals (compressed)
      4404        238       2240          8          0          0   ROM Totals

==============================================================================

    Total RO  Size (Code + RO Data)                 6644 (   6.49kB)
    Total RW  Size (RW Data + ZI Data)              1252 (   1.22kB)
    Total ROM Size (Code + RO Data + RW Data)       6652 (   6.50kB)

==============================================================================

