Component: ARM Compiler 6.14 Tool: armlink [5db06800]

==============================================================================

Section Cross References

    tmp006.o(.text.tmp006_init) refers to tmp006.o(.text.setI2cAddress) for setI2cAddress
    tmp006.o(.ARM.exidx.text.tmp006_init) refers to tmp006.o(.text.tmp006_init) for [Anonymous Symbol]
    tmp006.o(.ARM.exidx.text.setI2cAddress) refers to tmp006.o(.text.setI2cAddress) for [Anonymous Symbol]
    tmp006.o(.ARM.exidx.text.tmp006_read) refers to tmp006.o(.text.tmp006_read) for [Anonymous Symbol]
    tmp006.o(.ARM.exidx.text.tmp006_write) refers to tmp006.o(.text.tmp006_write) for [Anonymous Symbol]
    tmp006.o(.text.tmp006_configConvRate) refers to tmp006.o(.text.tmp006_read) for tmp006_read
    tmp006.o(.text.tmp006_configConvRate) refers to tmp006.o(.text.tmp006_write) for tmp006_write
    tmp006.o(.ARM.exidx.text.tmp006_configConvRate) refers to tmp006.o(.text.tmp006_configConvRate) for [Anonymous Symbol]
    tmp006.o(.text.tmp006_drdyPinConfig) refers to tmp006.o(.text.tmp006_read) for tmp006_read
    tmp006.o(.text.tmp006_drdyPinConfig) refers to tmp006.o(.text.tmp006_write) for tmp006_write
    tmp006.o(.ARM.exidx.text.tmp006_drdyPinConfig) refers to tmp006.o(.text.tmp006_drdyPinConfig) for [Anonymous Symbol]
    tmp006.o(.text.tmp006_resetDevice) refers to tmp006.o(.text.tmp006_write) for tmp006_write
    tmp006.o(.ARM.exidx.text.tmp006_resetDevice) refers to tmp006.o(.text.tmp006_resetDevice) for [Anonymous Symbol]
    tmp006.o(.text.tmp006_operationMode) refers to tmp006.o(.text.tmp006_read) for tmp006_read
    tmp006.o(.text.tmp006_operationMode) refers to tmp006.o(.text.tmp006_write) for tmp006_write
    tmp006.o(.ARM.exidx.text.tmp006_operationMode) refers to tmp006.o(.text.tmp006_operationMode) for [Anonymous Symbol]
    tmp006.o(.text.tmp006_isResultReady) refers to tmp006.o(.text.tmp006_read) for tmp006_read
    tmp006.o(.ARM.exidx.text.tmp006_isResultReady) refers to tmp006.o(.text.tmp006_isResultReady) for [Anonymous Symbol]
    tmp006.o(.text.tmp006_readTemp) refers to tmp006.o(.text.tmp006_read) for tmp006_read
    tmp006.o(.ARM.exidx.text.tmp006_readTemp) refers to tmp006.o(.text.tmp006_readTemp) for [Anonymous Symbol]
    tmp006.o(.text.tmp006_readVoltage) refers to tmp006.o(.text.tmp006_read) for tmp006_read
    tmp006.o(.ARM.exidx.text.tmp006_readVoltage) refers to tmp006.o(.text.tmp006_readVoltage) for [Anonymous Symbol]
    tm4c_init.o(.text.initSystemClock_40MHz) refers to sysctl.o(i.SysCtlClockSet) for SysCtlClockSet
    tm4c_init.o(.ARM.exidx.text.initSystemClock_40MHz) refers to tm4c_init.o(.text.initSystemClock_40MHz) for [Anonymous Symbol]
    tm4c_init.o(.text.enablePeripheralsClock) refers to sysctl.o(i.SysCtlPeripheralEnable) for SysCtlPeripheralEnable
    tm4c_init.o(.text.enablePeripheralsClock) refers to sysctl.o(i.SysCtlPeripheralReady) for SysCtlPeripheralReady
    tm4c_init.o(.ARM.exidx.text.enablePeripheralsClock) refers to tm4c_init.o(.text.enablePeripheralsClock) for [Anonymous Symbol]
    tm4c_init.o(.text.initPorts) refers to gpio.o(i.GPIOUnlockPin) for GPIOUnlockPin
    tm4c_init.o(.text.initPorts) refers to gpio.o(i.GPIOPinTypeGPIOOutput) for GPIOPinTypeGPIOOutput
    tm4c_init.o(.text.initPorts) refers to gpio.o(i.GPIOPinTypeGPIOInput) for GPIOPinTypeGPIOInput
    tm4c_init.o(.text.initPorts) refers to gpio.o(i.GPIOIntRegister) for GPIOIntRegister
    tm4c_init.o(.text.initPorts) refers to gpio.o(i.GPIOIntTypeSet) for GPIOIntTypeSet
    tm4c_init.o(.text.initPorts) refers to gpio.o(i.GPIOIntEnable) for GPIOIntEnable
    tm4c_init.o(.ARM.exidx.text.initPorts) refers to tm4c_init.o(.text.initPorts) for [Anonymous Symbol]
    tm4c_init.o(.text.initTimer1mSec) refers to sysctl.o(i.SysCtlPeripheralEnable) for SysCtlPeripheralEnable
    tm4c_init.o(.text.initTimer1mSec) refers to sysctl.o(i.SysCtlPeripheralReady) for SysCtlPeripheralReady
    tm4c_init.o(.text.initTimer1mSec) refers to timer.o(i.TimerConfigure) for TimerConfigure
    tm4c_init.o(.text.initTimer1mSec) refers to timer.o(i.TimerLoadSet) for TimerLoadSet
    tm4c_init.o(.text.initTimer1mSec) refers to timer.o(i.TimerIntRegister) for TimerIntRegister
    tm4c_init.o(.text.initTimer1mSec) refers to timer.o(i.TimerIntEnable) for TimerIntEnable
    tm4c_init.o(.text.initTimer1mSec) refers to timer.o(i.TimerEnable) for TimerEnable
    tm4c_init.o(.ARM.exidx.text.initTimer1mSec) refers to tm4c_init.o(.text.initTimer1mSec) for [Anonymous Symbol]
    tm4c_init.o(.text.initI2c) refers to sysctl.o(i.SysCtlPeripheralEnable) for SysCtlPeripheralEnable
    tm4c_init.o(.text.initI2c) refers to sysctl.o(i.SysCtlPeripheralReset) for SysCtlPeripheralReset
    tm4c_init.o(.text.initI2c) refers to sysctl.o(i.SysCtlPeripheralReady) for SysCtlPeripheralReady
    tm4c_init.o(.text.initI2c) refers to gpio.o(i.GPIOPinConfigure) for GPIOPinConfigure
    tm4c_init.o(.text.initI2c) refers to gpio.o(i.GPIOPinTypeI2CSCL) for GPIOPinTypeI2CSCL
[...]
    Removing timer.o(i.TimerIntDisable), (8 bytes).
    Removing timer.o(i.TimerIntStatus), (12 bytes).
    Removing timer.o(i.TimerIntUnregister), (30 bytes).
    Removing timer.o(i.TimerLoadGet), (14 bytes).
    Removing timer.o(i.TimerLoadGet64), (26 bytes).
    Removing timer.o(i.TimerLoadSet64), (6 bytes).
    Removing timer.o(i.TimerMatchGet), (14 bytes).
    Removing timer.o(i.TimerMatchGet64), (26 bytes).
    Removing timer.o(i.TimerMatchSet), (16 bytes).
    Removing timer.o(i.TimerMatchSet64), (6 bytes).
    Removing timer.o(i.TimerPrescaleGet), (14 bytes).
    Removing timer.o(i.TimerPrescaleMatchGet), (14 bytes).
    Removing timer.o(i.TimerPrescaleMatchSet), (16 bytes).
    Removing timer.o(i.TimerPrescaleSet), (16 bytes).
    Removing timer.o(i.TimerRTCDisable), (10 bytes).
    Removing timer.o(i.TimerRTCEnable), (10 bytes).
    Removing timer.o(i.TimerSynchronize), (4 bytes).
    Removing timer.o(i.TimerUpdateMode), (42 bytes).
    Removing timer.o(i.TimerValueGet), (14 bytes).
    Removing timer.o(i.TimerValueGet64), (26 bytes).
    Removing uart.o(i.UART9BitAddrSend), (44 bytes).
    Removing uart.o(i.UART9BitAddrSet), (10 bytes).
    Removing uart.o(i.UART9BitDisable), (14 bytes).
    Removing uart.o(i.UART9BitEnable), (14 bytes).
    Removing uart.o(i.UARTBreakCtl), (20 bytes).
    Removing uart.o(i.UARTBusy), (10 bytes).
    Removing uart.o(i.UARTCharGet), (18 bytes).
    Removing uart.o(i.UARTCharGetNonBlocking), (20 bytes).
    Removing uart.o(i.UARTCharPutNonBlocking), (20 bytes).
    Removing uart.o(i.UARTCharsAvail), (12 bytes).
    Removing uart.o(i.UARTClockSourceGet), (8 bytes).
    Removing uart.o(i.UARTClockSourceSet), (6 bytes).
    Removing uart.o(i.UARTConfigGetExpClk), (44 bytes).
    Removing uart.o(i.UARTDMADisable), (8 bytes).
    Removing uart.o(i.UARTDMAEnable), (8 bytes).
    Removing uart.o(i.UARTDisableSIR), (10 bytes).
    Removing uart.o(i.UARTEnableSIR), (22 bytes).
    Removing uart.o(i.UARTFIFODisable), (10 bytes).
    Removing uart.o(i.UARTFIFOEnable), (10 bytes).
    Removing uart.o(i.UARTFIFOLevelGet), (18 bytes).
    Removing uart.o(i.UARTFIFOLevelSet), (8 bytes).
    Removing uart.o(i.UARTFlowControlGet), (10 bytes).
    Removing uart.o(i.UARTFlowControlSet), (12 bytes).
    Removing uart.o(i.UARTIntClear), (4 bytes).
    Removing uart.o(i.UARTIntDisable), (8 bytes).
    Removing uart.o(i.UARTIntEnable), (8 bytes).
    Removing uart.o(i.UARTIntRegister), (30 bytes).
    Removing uart.o(i.UARTIntStatus), (12 bytes).
    Removing uart.o(i.UARTIntUnregister), (26 bytes).
    Removing uart.o(i.UARTLoopbackEnable), (10 bytes).
    Removing uart.o(i.UARTModemControlClear), (12 bytes).
    Removing uart.o(i.UARTModemControlGet), (10 bytes).
    Removing uart.o(i.UARTModemControlSet), (12 bytes).
    Removing uart.o(i.UARTModemStatusGet), (12 bytes).
    Removing uart.o(i.UARTParityModeGet), (10 bytes).
    Removing uart.o(i.UARTParityModeSet), (12 bytes).
    Removing uart.o(i.UARTRxErrorClear), (6 bytes).
    Removing uart.o(i.UARTRxErrorGet), (10 bytes).
    Removing uart.o(i.UARTSmartCardDisable), (10 bytes).
    Removing uart.o(i.UARTSmartCardEnable), (22 bytes).
    Removing uart.o(i.UARTSpaceAvail), (12 bytes).
    Removing uart.o(i.UARTTxIntModeGet), (10 bytes).
    Removing uart.o(i.UARTTxIntModeSet), (12 bytes).
    Removing uart.o(i._UARTIntNumberGet), (76 bytes).
    Removing uart.o(.constdata), (128 bytes).
    Removing cpu.o(.emb_text), (38 bytes).
    Removing interrupt.o(i.IntDisable), (116 bytes).
    Removing interrupt.o(i.IntIsEnabled), (108 bytes).
    Removing interrupt.o(i.IntMasterDisable), (16 bytes).
    Removing interrupt.o(i.IntMasterEnable), (16 bytes).
    Removing interrupt.o(i.IntPendClear), (76 bytes).
    Removing interrupt.o(i.IntPendSet), (96 bytes).
    Removing interrupt.o(i.IntPriorityGet), (28 bytes).
    Removing interrupt.o(i.IntPriorityGroupingGet), (44 bytes).
    Removing interrupt.o(i.IntPriorityGroupingSet), (28 bytes).
    Removing interrupt.o(i.IntPriorityMaskGet), (8 bytes).
    Removing interrupt.o(i.IntPriorityMaskSet), (12 bytes).
    Removing interrupt.o(i.IntPrioritySet), (52 bytes).
    Removing interrupt.o(i.IntTrigger), (16 bytes).
    Removing interrupt.o(i.IntUnregister), (20 bytes).
    Removing interrupt.o(i._IntDefaultHandler), (4 bytes).

284 unused section(s) (total 7425 bytes) removed from the image.

==============================================================================

Image Symbol Table

    Local Symbols

    Symbol Name                              Value     Ov Type        Size  Object(Section)

    ../clib/angel/boardlib.s                 0x00000000   Number         0  boardinit1.o ABSOLUTE
    ../clib/angel/boardlib.s                 0x00000000   Number         0  boardinit2.o ABSOLUTE
    ../clib/angel/boardlib.s                 0x00000000   Number         0  boardinit3.o ABSOLUTE
    ../clib/angel/boardlib.s                 0x00000000   Number         0  boardshut.o ABSOLUTE
    ../clib/angel/dczerorl.s                 0x00000000   Number         0  __dczerorl.o ABSOLUTE
    ../clib/angel/handlers.s                 0x00000000   Number         0  __scatter_zi.o ABSOLUTE
    ../clib/angel/kernel.s                   0x00000000   Number         0  __rtentry.o ABSOLUTE
    ../clib/angel/kernel.s                   0x00000000   Number         0  __rtentry2.o ABSOLUTE
    ../clib/angel/kernel.s                   0x00000000   Number         0  __rtentry4.o ABSOLUTE
    ../clib/angel/kernel.s                   0x00000000   Number         0  __rtentry5.o ABSOLUTE
    ../clib/angel/kernel.s                   0x00000000   Number         0  rtexit.o ABSOLUTE
    ../clib/angel/kernel.s                   0x00000000   Number         0  rtexit2.o ABSOLUTE
    ../clib/angel/rt.s                       0x00000000   Number         0  rt_raise.o ABSOLUTE
    ../clib/angel/scatter.s                  0x00000000   Number         0  __scatter.o ABSOLUTE
    ../clib/angel/startup.s                  0x00000000   Number         0  __main.o ABSOLUTE
    ../clib/angel/sys.s                      0x00000000   Number         0  sys_stackheap_outer.o ABSOLUTE
    ../clib/angel/sys.s                      0x00000000   Number         0  libspace.o ABSOLUTE
    ../clib/angel/sys.s                      0x00000000   Number         0  sys_stackheap.o ABSOLUTE
    ../clib/angel/sys.s                      0x00000000   Number         0  sys_stackheap_hlt.o ABSOLUTE
    ../clib/angel/sys.s                      0x00000000   Number         0  use_no_semi.o ABSOLUTE
    ../clib/angel/sys.s                      0x00000000   Number         0  indicate_semi.o ABSOLUTE
    ../clib/angel/sysapp.c                   0x00000000   Number         0  sys_exit.o ABSOLUTE
    ../clib/angel/sysapp.c                   0x00000000   Number         0  sys_exit_hlt.o ABSOLUTE
    ../clib/angel/sysapp.c                   0x00000000   Number         0  sys_command.o ABSOLUTE
    ../clib/angel/sysapp.c                   0x00000000   Number         0  sys_command_hlt.o ABSOLUTE
    ../clib/angel/sysapp.c                   0x00000000   Number         0  sys_wrch.o ABSOLUTE
    ../clib/angel/sysapp.c                   0x00000000   Number         0  sys_wrch_hlt.o ABSOLUTE
    ../clib/armsys.c                         0x00000000   Number         0  argv_veneer.o ABSOLUTE
    ../clib/armsys.c                         0x00000000   Number         0  argv_veneer.o ABSOLUTE
    ../clib/armsys.c                         0x00000000   Number         0  _get_argv_nomalloc.o ABSOLUTE
    ../clib/armsys.c                         0x00000000   Number         0  no_argv.o ABSOLUTE
    ../clib/heapalloc.c                      0x00000000   Number         0  hrguard.o ABSOLUTE
    ../clib/libinit.s                        0x00000000   Number         0  libinit.o ABSOLUTE
    ../clib/libinit.s                        0x00000000   Number         0  libinit2.o ABSOLUTE
    ../clib/libinit.s                        0x00000000   Number         0  libinit3.o ABSOLUTE
    ../clib/libinit.s                        0x00000000   Number         0  libshutdown.o ABSOLUTE
    ../clib/libinit.s                        0x00000000   Number         0  libshutdown2.o ABSOLUTE
    ../clib/memcpset.s                       0x00000000   Number         0  aeabi_memset.o ABSOLUTE
    ../clib/memcpset.s                       0x00000000   Number         0  rt_memclr.o ABSOLUTE
    ../clib/memcpset.s                       0x00000000   Number         0  rt_memclr_w.o ABSOLUTE
    ../clib/signal.c                         0x00000000   Number         0  defsig_rtmem_outer.o ABSOLUTE
    ../clib/signal.c                         0x00000000   Number         0  defsig_rtmem_formal.o ABSOLUTE
    ../clib/signal.c                         0x00000000   Number         0  defsig_exit.o ABSOLUTE
    ../clib/signal.c                         0x00000000   Number         0  defsig_rtmem_inner.o ABSOLUTE
    ../clib/signal.c                         0x00000000   Number         0  __raise.o ABSOLUTE
    ../clib/signal.c                         0x00000000   Number         0  defsig_general.o ABSOLUTE
    ../clib/signal.c                         0x00000000   Number         0  defsig_abrt_inner.o ABSOLUTE
    ../clib/signal.c                         0x00000000   Number         0  defsig_fpe_inner.o ABSOLUTE
    ../clib/signal.c                         0x00000000   Number         0  defsig_rtred_inner.o ABSOLUTE
    ../clib/signal.c                         0x00000000   Number         0  defsig_stak_inner.o ABSOLUTE
    ../clib/signal.c                         0x00000000   Number         0  defsig_pvfn_inner.o ABSOLUTE
    ../clib/signal.c                         0x00000000   Number         0  defsig_cppl_inner.o ABSOLUTE
    ../clib/signal.c                         0x00000000   Number         0  defsig_segv_inner.o ABSOLUTE
    ../clib/signal.c                         0x00000000   Number         0  defsig_other.o ABSOLUTE
    ../clib/signal.s                         0x00000000   Number         0  defsig.o ABSOLUTE
    ../clib/stdlib.c                         0x00000000   Number         0  exit.o ABSOLUTE
    ../fplib/daddsub.s                       0x00000000   Number         0  daddsub_clz.o ABSOLUTE
    ../fplib/dcmp.s                          0x00000000   Number         0  dcmp.o ABSOLUTE
    ../fplib/dcmpi.s                         0x00000000   Number         0  dcmpi.o ABSOLUTE
    ../fplib/deqf.s                          0x00000000   Number         0  deqf.o ABSOLUTE
    ../fplib/dflt.s                          0x00000000   Number         0  dflt_clz.o ABSOLUTE
    ../fplib/dgeqf.s                         0x00000000   Number         0  dgeqf.o ABSOLUTE
    ../fplib/dleqf.s                         0x00000000   Number         0  dleqf.o ABSOLUTE
    ../fplib/dmul.s                          0x00000000   Number         0  dmul.o ABSOLUTE
    ../fplib/dnaninf.s                       0x00000000   Number         0  dnaninf.o ABSOLUTE
    ../fplib/dretinf.s                       0x00000000   Number         0  dretinf.o ABSOLUTE
    ../fplib/f2d.s                           0x00000000   Number         0  f2d.o ABSOLUTE
    ../fplib/fnaninf.s                       0x00000000   Number         0  fnaninf.o ABSOLUTE
    ../fplib/fpinit.s                        0x00000000   Number         0  fpinit.o ABSOLUTE
    ../fplib/usenofp.s                       0x00000000   Number         0  usenofp.o ABSOLUTE
    RTE/Device/TM4C123GH6PM/startup_TM4C123.s 0x00000000   Number         0  startup_tm4c123.o ABSOLUTE
    cpu.c                                    0x00000000   Number         0  cpu.o ABSOLUTE
    cpu.c                                    0x00000000   Number         0  cpu.o ABSOLUTE
    dc.s                                     0x00000000   Number         0  dc.o ABSOLUTE
    gpio.c                                   0x00000000   Number         0  gpio.o ABSOLUTE
    i2c.c                                    0x00000000   Number         0  i2c.o ABSOLUTE
    interrupt.c                              0x00000000   Number         0  interrupt.o ABSOLUTE
    main.c                                   0x00000000   Number         0  main.o ABSOLUTE
    sysctl.c                                 0x00000000   Number         0  sysctl.o ABSOLUTE
    sysctl.c                                 0x00000000   Number         0  sysctl.o ABSOLUTE
    system_TM4C123.c                         0x00000000   Number         0  system_tm4c123.o ABSOLUTE
    timer.c                                  0x00000000   Number         0  timer.o ABSOLUTE
    tm4c_init.c                              0x00000000   Number         0  tm4c_init.o ABSOLUTE
    tmp006.c                                 0x00000000   Number         0  tmp006.o ABSOLUTE
    uart.c                                   0x00000000   Number         0  uart.o ABSOLUTE
    uartstdio.c                              0x00000000   Number         0  uartstdio.o ABSOLUTE
    RESET                                    0x00000000   Section      620  startup_tm4c123.o(RESET)
    !!!main                                  0x0000026c   Section        8  __main.o(!!!main)
    !!!scatter                               0x00000274   Section       52  __scatter.o(!!!scatter)
    !!dczerorl                               0x000002a8   Section       58  __dczerorl.o(!!dczerorl)
    !!handler_zi                             0x000002e4   Section       28  __scatter_zi.o(!!handler_zi)
    .ARM.Collect$$libinit$$00000000          0x00000300   Section        2  libinit.o(.ARM.Collect$$libinit$$00000000)
    .ARM.Collect$$libinit$$00000001          0x00000302   Section        4  libinit2.o(.ARM.Collect$$libinit$$00000001)
    .ARM.Collect$$libinit$$00000004          0x00000306   Section        0  libinit2.o(.ARM.Collect$$libinit$$00000004)
    .ARM.Collect$$libinit$$0000000A          0x00000306   Section        0  libinit2.o(.ARM.Collect$$libinit$$0000000A)
    .ARM.Collect$$libinit$$0000000C          0x00000306   Section        0  libinit2.o(.ARM.Collect$$libinit$$0000000C)
    .ARM.Collect$$libinit$$0000000E          0x00000306   Section        0  libinit2.o(.ARM.Collect$$libinit$$0000000E)
    .ARM.Collect$$libinit$$00000011          0x00000306   Section        0  libinit2.o(.ARM.Collect$$libinit$$00000011)
    .ARM.Collect$$libinit$$00000013          0x00000306   Section        0  libinit2.o(.ARM.Collect$$libinit$$00000013)
    .ARM.Collect$$libinit$$00000015          0x00000306   Section        0  libinit2.o(.ARM.Collect$$libinit$$00000015)
    .ARM.Collect$$libinit$$00000017          0x00000306   Section        0  libinit2.o(.ARM.Collect$$libinit$$00000017)
    .ARM.Collect$$libinit$$00000019          0x00000306   Section        0  libinit2.o(.ARM.Collect$$libinit$$00000019)
    .ARM.Collect$$libinit$$0000001B          0x00000306   Section        0  libinit2.o(.ARM.Collect$$libinit$$0000001B)
    .ARM.Collect$$libinit$$0000001D          0x00000306   Section        0  libinit2.o(.ARM.Collect$$libinit$$0000001D)
    .ARM.Collect$$libinit$$0000001F          0x00000306   Section        0  libinit2.o(.ARM.Collect$$libinit$$0000001F)
    .ARM.Collect$$libinit$$00000021          0x00000306   Section        0  libinit2.o(.ARM.Collect$$libinit$$00000021)
    .ARM.Collect$$libinit$$00000023          0x00000306   Section        0  libinit2.o(.ARM.Collect$$libinit$$00000023)
    .ARM.Collect$$libinit$$00000025          0x00000306   Section        0  libinit2.o(.ARM.Collect$$libinit$$00000025)
    .ARM.Collect$$libinit$$0000002C          0x00000306   Section        0  libinit2.o(.ARM.Collect$$libinit$$0000002C)
    .ARM.Collect$$libinit$$0000002E          0x00000306   Section        0  libinit2.o(.ARM.Collect$$libinit$$0000002E)
    .ARM.Collect$$libinit$$00000030          0x00000306   Section        0  libinit2.o(.ARM.Collect$$libinit$$00000030)
    .ARM.Collect$$libinit$$00000032          0x00000306   Section        0  libinit2.o(.ARM.Collect$$libinit$$00000032)
    .ARM.Collect$$libinit$$00000033          0x00000306   Section        2  libinit2.o(.ARM.Collect$$libinit$$00000033)
    .ARM.Collect$$libshutdown$$00000000      0x00000308   Section        2  libshutdown.o(.ARM.Collect$$libshutdown$$00000000)
    .ARM.Collect$$libshutdown$$00000002      0x0000030a   Section        0  libshutdown2.o(.ARM.Collect$$libshutdown$$00000002)
    .ARM.Collect$$libshutdown$$00000004      0x0000030a   Section        0  libshutdown2.o(.ARM.Collect$$libshutdown$$00000004)
    .ARM.Collect$$libshutdown$$00000007      0x0000030a   Section        0  libshutdown2.o(.ARM.Collect$$libshutdown$$00000007)
    .ARM.Collect$$libshutdown$$0000000A      0x0000030a   Section        0  libshutdown2.o(.ARM.Collect$$libshutdown$$0000000A)
    .ARM.Collect$$libshutdown$$0000000C      0x0000030a   Section        0  libshutdown2.o(.ARM.Collect$$libshutdown$$0000000C)
    .ARM.Collect$$libshutdown$$0000000F      0x0000030a   Section        0  libshutdown2.o(.ARM.Collect$$libshutdown$$0000000F)
    .ARM.Collect$$libshutdown$$00000010      0x0000030a   Section        2  libshutdown2.o(.ARM.Collect$$libshutdown$$00000010)
    .ARM.Collect$$rtentry$$00000000          0x0000030c   Section        0  __rtentry.o(.ARM.Collect$$rtentry$$00000000)
    .ARM.Collect$$rtentry$$00000002          0x0000030c   Section        0  __rtentry2.o(.ARM.Collect$$rtentry$$00000002)
    .ARM.Collect$$rtentry$$00000005          0x0000030c   Section        4  __rtentry5.o(.ARM.Collect$$rtentry$$00000005)
    .ARM.Collect$$rtentry$$00000009          0x00000310   Section        0  __rtentry2.o(.ARM.Collect$$rtentry$$00000009)
    .ARM.Collect$$rtentry$$0000000A          0x00000310   Section        4  __rtentry2.o(.ARM.Collect$$rtentry$$0000000A)
    .ARM.Collect$$rtentry$$0000000C          0x00000314   Section        0  __rtentry2.o(.ARM.Collect$$rtentry$$0000000C)
    .ARM.Collect$$rtentry$$0000000D          0x00000314   Section        8  __rtentry2.o(.ARM.Collect$$rtentry$$0000000D)
    __lit__00000000                          0x0000031c   Data           4  __rtentry5.o(.ARM.Collect$$rtentry$$00002716)
    .ARM.Collect$$rtentry$$00002716          0x0000031c   Section        4  __rtentry5.o(.ARM.Collect$$rtentry$$00002716)
    .ARM.Collect$$rtexit$$00000000           0x00000320   Section        2  rtexit.o(.ARM.Collect$$rtexit$$00000000)
    .ARM.Collect$$rtexit$$00000002           0x00000322   Section        0  rtexit2.o(.ARM.Collect$$rtexit$$00000002)
    .ARM.Collect$$rtexit$$00000003           0x00000322   Section        4  rtexit2.o(.ARM.Collect$$rtexit$$00000003)
    .ARM.Collect$$rtexit$$00000004           0x00000326   Section        6  rtexit2.o(.ARM.Collect$$rtexit$$00000004)
    $v0                                      0x0000032c   Number         0  sysctl.o(.emb_text)
    .emb_text                                0x0000032c   Section        6  sysctl.o(.emb_text)
    $v0                                      0x00000334   Number         0  startup_tm4c123.o(.text)
    .text                                    0x00000334   Section      252  startup_tm4c123.o(.text)
    .text                                    0x00000430   Section       16  aeabi_memset.o(.text)
    .text                                    0x00000440   Section       68  rt_memclr.o(.text)
    .text                                    0x00000484   Section       78  rt_memclr_w.o(.text)
    .text                                    0x000004d2   Section        0  exit.o(.text)
    .text                                    0x000004e4   Section        2  use_no_semi.o(.text)
    .text                                    0x000004e6   Section        0  indicate_semi.o(.text)
    .text                                    0x000004e8   Section        0  sys_exit.o(.text)
    [Anonymous Symbol]                       0x000004f4   Section        0  system_tm4c123.o(.text.SystemInit)
    [Anonymous Symbol]                       0x00000508   Section        0  uartstdio.o(.text.UARTStdioConfig)
    g_ui32UARTPeriph                         0x0000054c   Number         0  uartstdio.o(.text.UARTStdioConfig)
    g_ui32UARTBase                           0x00000558   Number         0  uartstdio.o(.text.UARTStdioConfig)
    [Anonymous Symbol]                       0x00000564   Section        0  uartstdio.o(.text.UARTprintf)
    [Anonymous Symbol]                       0x00000584   Section        0  uartstdio.o(.text.UARTvprintf)
    [Anonymous Symbol]                       0x0000083c   Section        0  uartstdio.o(.text.UARTwrite)
    [Anonymous Symbol]                       0x00000884   Section        0  main.o(.text.checkTemperatureValue)
    [Anonymous Symbol]                       0x000008f8   Section        0  tm4c_init.o(.text.enablePeripheralsClock)
    [Anonymous Symbol]                       0x00000924   Section        0  tm4c_init.o(.text.i2cRead)
    [Anonymous Symbol]                       0x000009b0   Section        0  tm4c_init.o(.text.i2cWrite)
    [Anonymous Symbol]                       0x00000a1c   Section        0  tm4c_init.o(.text.initI2c)
    [Anonymous Symbol]                       0x00000a98   Section        0  tm4c_init.o(.text.initPorts)
    [Anonymous Symbol]                       0x00000ae0   Section        0  tm4c_init.o(.text.initSystemClock_40MHz)
    [Anonymous Symbol]                       0x00000af0   Section        0  tm4c_init.o(.text.initTimer1mSec)
    [Anonymous Symbol]                       0x00000b44   Section        0  tm4c_init.o(.text.initUartPrintf)
    [Anonymous Symbol]                       0x00000b70   Section        0  main.o(.text.main)
    [Anonymous Symbol]                       0x00000e2c   Section        0  main.o(.text.readReg)
    [Anonymous Symbol]                       0x00000e48   Section        0  main.o(.text.resultReady)
    setI2cAddress                            0x00000e71   Thumb Code    72  tmp006.o(.text.setI2cAddress)
    [Anonymous Symbol]                       0x00000e70   Section        0  tmp006.o(.text.setI2cAddress)
    [Anonymous Symbol]                       0x00000eb8   Section        0  main.o(.text.setUp)
    [Anonymous Symbol]                       0x00000ee0   Section        0  main.o(.text.test_customConvRateIntOff)
    [Anonymous Symbol]                       0x00001008   Section        0  main.o(.text.test_customConvRateIntOn)
    [Anonymous Symbol]                       0x000010f0   Section        0  main.o(.text.test_powerDownModeIntOff)
    [Anonymous Symbol]                       0x00001198   Section        0  main.o(.text.test_powerDownModeIntOn)
    [Anonymous Symbol]                       0x000011e8   Section        0  main.o(.text.test_readManufId)
    [Anonymous Symbol]                       0x00001208   Section        0  main.o(.text.test_writeIntoConfig)
    [Anonymous Symbol]                       0x000012dc   Section        0  main.o(.text.timerHandler)
    [Anonymous Symbol]                       0x000012fc   Section        0  tmp006.o(.text.tmp006_configConvRate)
    [Anonymous Symbol]                       0x00001344   Section        0  tmp006.o(.text.tmp006_drdyPinConfig)
    [Anonymous Symbol]                       0x0000138c   Section        0  tmp006.o(.text.tmp006_init)
    [Anonymous Symbol]                       0x000013a8   Section        0  tmp006.o(.text.tmp006_isResultReady)
    [Anonymous Symbol]                       0x000013d8   Section        0  tmp006.o(.text.tmp006_operationMode)
    [Anonymous Symbol]                       0x00001420   Section        0  tmp006.o(.text.tmp006_read)
    [Anonymous Symbol]                       0x0000145c   Section        0  tmp006.o(.text.tmp006_readTemp)
    [Anonymous Symbol]                       0x00001484   Section        0  tmp006.o(.text.tmp006_resetDevice)
    [Anonymous Symbol]                       0x000014a8   Section        0  tmp006.o(.text.tmp006_write)
    i.GPIODirModeSet                         0x000014e0   Section        0  gpio.o(i.GPIODirModeSet)
    i.GPIOIntClear                           0x00001512   Section        0  gpio.o(i.GPIOIntClear)
    i.GPIOIntEnable                          0x00001518   Section        0  gpio.o(i.GPIOIntEnable)
    i.GPIOIntRegister                        0x00001524   Section        0  gpio.o(i.GPIOIntRegister)
    i.GPIOIntTypeSet                         0x00001542   Section        0  gpio.o(i.GPIOIntTypeSet)
    i.GPIOPadConfigSet                       0x000015a8   Section        0  gpio.o(i.GPIOPadConfigSet)
    i.GPIOPinConfigure                       0x00001734   Section        0  gpio.o(i.GPIOPinConfigure)
    i.GPIOPinTypeGPIOInput                   0x00001784   Section        0  gpio.o(i.GPIOPinTypeGPIOInput)
    i.GPIOPinTypeGPIOOutput                  0x000017a2   Section        0  gpio.o(i.GPIOPinTypeGPIOOutput)
    i.GPIOPinTypeI2C                         0x000017c0   Section        0  gpio.o(i.GPIOPinTypeI2C)
    i.GPIOPinTypeI2CSCL                      0x000017de   Section        0  gpio.o(i.GPIOPinTypeI2CSCL)
    i.GPIOPinTypeUART                        0x000017fc   Section        0  gpio.o(i.GPIOPinTypeUART)
    i.GPIOUnlockPin                          0x0000181c   Section        0  gpio.o(i.GPIOUnlockPin)
    i.I2CMasterBusy                          0x00001834   Section        0  i2c.o(i.I2CMasterBusy)
    i.I2CMasterControl                       0x00001846   Section        0  i2c.o(i.I2CMasterControl)
    i.I2CMasterDataGet                       0x0000184a   Section        0  i2c.o(i.I2CMasterDataGet)
    i.I2CMasterDataPut                       0x00001850   Section        0  i2c.o(i.I2CMasterDataPut)
    i.I2CMasterEnable                        0x00001854   Section        0  i2c.o(i.I2CMasterEnable)
    i.I2CMasterInitExpClk                    0x00001860   Section        0  i2c.o(i.I2CMasterInitExpClk)
    i.I2CMasterSlaveAddrSet                  0x000018bc   Section        0  i2c.o(i.I2CMasterSlaveAddrSet)
    i.IntEnable                              0x000018c4   Section        0  interrupt.o(i.IntEnable)
    i.IntRegister                            0x00001938   Section        0  interrupt.o(i.IntRegister)
    i.SysCtlClockGet                         0x00001974   Section        0  sysctl.o(i.SysCtlClockGet)
    i.SysCtlClockSet                         0x00001ae0   Section        0  sysctl.o(i.SysCtlClockSet)
    i.SysCtlPeripheralEnable                 0x00001c0c   Section        0  sysctl.o(i.SysCtlPeripheralEnable)
    i.SysCtlPeripheralPresent                0x00001c40   Section        0  sysctl.o(i.SysCtlPeripheralPresent)
    i.SysCtlPeripheralReady                  0x00001c78   Section        0  sysctl.o(i.SysCtlPeripheralReady)
    i.SysCtlPeripheralReset                  0x00001cb0   Section        0  sysctl.o(i.SysCtlPeripheralReset)
    i.TimerConfigure                         0x00001d20   Section        0  timer.o(i.TimerConfigure)
    i.TimerEnable                            0x00001d80   Section        0  timer.o(i.TimerEnable)
    i.TimerIntClear                          0x00001d8e   Section        0  timer.o(i.TimerIntClear)
    i.TimerIntEnable                         0x00001d92   Section        0  timer.o(i.TimerIntEnable)
    i.TimerIntRegister                       0x00001d9a   Section        0  timer.o(i.TimerIntRegister)
    i.TimerLoadSet                           0x00001dc0   Section        0  timer.o(i.TimerLoadSet)
    i.UARTCharPut                            0x00001dd0   Section        0  uart.o(i.UARTCharPut)
    i.UARTConfigSetExpClk                    0x00001de0   Section        0  uart.o(i.UARTConfigSetExpClk)
    i.UARTDisable                            0x00001e2c   Section        0  uart.o(i.UARTDisable)
    i.UARTEnable                             0x00001e4c   Section        0  uart.o(i.UARTEnable)
    _GPIOIntNumberGet                        0x00001e61   Thumb Code    56  gpio.o(i._GPIOIntNumberGet)
    i._GPIOIntNumberGet                      0x00001e60   Section        0  gpio.o(i._GPIOIntNumberGet)
    _TimerIntNumberGet                       0x00001ead   Thumb Code    68  timer.o(i._TimerIntNumberGet)
    i._TimerIntNumberGet                     0x00001eac   Section        0  timer.o(i._TimerIntNumberGet)
    $v0                                      0x00001f04   Number         0  daddsub_clz.o(x$fpl$dadd)
    x$fpl$dadd                               0x00001f04   Section      336  daddsub_clz.o(x$fpl$dadd)
    _dadd1                                   0x00001f15   Thumb Code     0  daddsub_clz.o(x$fpl$dadd)
    $v0                                      0x00002054   Number         0  dcmpi.o(x$fpl$dcmpinf)
    x$fpl$dcmpinf                            0x00002054   Section       24  dcmpi.o(x$fpl$dcmpinf)
    $v0                                      0x0000206c   Number         0  deqf.o(x$fpl$deqf)
    x$fpl$deqf                               0x0000206c   Section      120  deqf.o(x$fpl$deqf)
    $v0                                      0x000020e4   Number         0  dflt_clz.o(x$fpl$dfltu)
    x$fpl$dfltu                              0x000020e4   Section       38  dflt_clz.o(x$fpl$dfltu)
    $v0                                      0x0000210c   Number         0  dgeqf.o(x$fpl$dgeqf)
    x$fpl$dgeqf                              0x0000210c   Section      120  dgeqf.o(x$fpl$dgeqf)
    $v0                                      0x00002184   Number         0  dleqf.o(x$fpl$dleqf)
    x$fpl$dleqf                              0x00002184   Section      120  dleqf.o(x$fpl$dleqf)
    $v0                                      0x000021fc   Number         0  dmul.o(x$fpl$dmul)
    x$fpl$dmul                               0x000021fc   Section      340  dmul.o(x$fpl$dmul)
    $v0                                      0x00002350   Number         0  dnaninf.o(x$fpl$dnaninf)
    x$fpl$dnaninf                            0x00002350   Section      156  dnaninf.o(x$fpl$dnaninf)
    $v0                                      0x000023ec   Number         0  dretinf.o(x$fpl$dretinf)
    x$fpl$dretinf                            0x000023ec   Section       12  dretinf.o(x$fpl$dretinf)
    $v0                                      0x000023f8   Number         0  daddsub_clz.o(x$fpl$dsub)
    x$fpl$dsub                               0x000023f8   Section      468  daddsub_clz.o(x$fpl$dsub)
    _dsub1                                   0x00002409   Thumb Code     0  daddsub_clz.o(x$fpl$dsub)
    $v0                                      0x000025cc   Number         0  f2d.o(x$fpl$f2d)
    x$fpl$f2d                                0x000025cc   Section       86  f2d.o(x$fpl$f2d)
    $v0                                      0x00002622   Number         0  dcmp.o(x$fpl$fcmp)
    x$fpl$fcmp                               0x00002622   Section       84  dcmp.o(x$fpl$fcmp)
    $v0                                      0x00002676   Number         0  fnaninf.o(x$fpl$fnaninf)
    x$fpl$fnaninf                            0x00002676   Section      140  fnaninf.o(x$fpl$fnaninf)
    $v0                                      0x00002702   Number         0  fpinit.o(x$fpl$fpinit)
    x$fpl$fpinit                             0x00002702   Section       26  fpinit.o(x$fpl$fpinit)
    g_ppui32GPIOIntMapBlizzard               0x0000271c   Data         192  gpio.o(.constdata)
    .constdata                               0x0000271c   Section      552  gpio.o(.constdata)
    x$fpl$usenofp                            0x0000271c   Section        0  usenofp.o(x$fpl$usenofp)
    g_ppui32GPIOIntMapSnowflake              0x000027dc   Data         216  gpio.o(.constdata)
    g_pui32GPIOBaseAddrs                     0x000028b4   Data         144  gpio.o(.constdata)
    g_pui32Xtals                             0x00002944   Data         108  sysctl.o(.constdata)
    .constdata                               0x00002944   Section      596  sysctl.o(.constdata)
    g_pppui32XTALtoVCO                       0x000029b0   Data         432  sysctl.o(.constdata)
    g_sXTALtoMEMTIM                          0x00002b60   Data          48  sysctl.o(.constdata)
    g_pui32VCOFrequencies                    0x00002b90   Data           8  sysctl.o(.constdata)
    g_ppui32TimerIntMap                      0x00002b98   Data          96  timer.o(.constdata)
    .constdata                               0x00002b98   Section      160  timer.o(.constdata)
    g_ppui32TimerIntMapSnowflake             0x00002bf8   Data          64  timer.o(.constdata)
    g_pui32Priority                          0x00002c38   Data          32  interrupt.o(.constdata)
    .constdata                               0x00002c38   Section      268  interrupt.o(.constdata)
    g_pui32Regs                              0x00002c58   Data         156  interrupt.o(.constdata)
    g_pui32EnRegs                            0x00002cf4   Data          20  interrupt.o(.constdata)
    g_pui32Dii16Regs                         0x00002d08   Data          20  interrupt.o(.constdata)
    g_pui32PendRegs                          0x00002d1c   Data          20  interrupt.o(.constdata)
    g_pui32UnpendRegs                        0x00002d30   Data          20  interrupt.o(.constdata)
    .L.str.4                                 0x00002d44   Data          11  main.o(.rodata.str1.1)
    [Anonymous Symbol]                       0x00002d44   Section        0  main.o(.rodata.str1.1)
    .L.str.3                                 0x00002d4f   Data          11  main.o(.rodata.str1.1)
    .L.str                                   0x00002d5a   Data          13  main.o(.rodata.str1.1)
    .L.str.6                                 0x00002d67   Data          65  main.o(.rodata.str1.1)
    .L.str.7                                 0x00002da8   Data          65  main.o(.rodata.str1.1)
    .L.str.8                                 0x00002de9   Data          65  main.o(.rodata.str1.1)
    .L.str.9                                 0x00002e2a   Data          67  main.o(.rodata.str1.1)
    .L.str.10                                0x00002e6d   Data          68  main.o(.rodata.str1.1)
    .L.str.11                                0x00002eb1   Data          66  main.o(.rodata.str1.1)
    .L.str.12                                0x00002ef3   Data          66  main.o(.rodata.str1.1)
    .L.str.13                                0x00002f35   Data          66  main.o(.rodata.str1.1)
    .L.str.14                                0x00002f77   Data          68  main.o(.rodata.str1.1)
    .L.str.15                                0x00002fbb   Data          69  main.o(.rodata.str1.1)
    .L.str.5                                 0x00003000   Data          29  main.o(.rodata.str1.1)
    .L.str.1                                 0x0000301d   Data          14  main.o(.rodata.str1.1)
    senzor                                   0x20000000   Data          12  main.o(.data.senzor)
    [Anonymous Symbol]                       0x20000000   Section        0  main.o(.data.senzor)
    g_pfnRAMVectors                          0x20000400   Data         620  interrupt.o(vtable)
    vtable                                   0x20000400   Section      620  interrupt.o(vtable)
    g_ui32Base                               0x20000670   Data           4  uartstdio.o(.bss.g_ui32Base)
    [Anonymous Symbol]                       0x20000670   Section        0  uartstdio.o(.bss.g_ui32Base)
    msCounter                                0x20000674   Data           4  main.o(.bss.msCounter)
    [Anonymous Symbol]                       0x20000674   Section        0  main.o(.bss.msCounter)
    resultCounter                            0x20000678   Data           4  main.o(.bss.resultCounter)
    [Anonymous Symbol]                       0x20000678   Section        0  main.o(.bss.resultCounter)
    resultReadyFlag                          0x2000067c   Data           1  main.o(.bss.resultReadyFlag)
    [Anonymous Symbol]                       0x2000067c   Section        0  main.o(.bss.resultReadyFlag)
    STACK                                    0x20000680   Section      512  startup_tm4c123.o(STACK)

    Global Symbols

    Symbol Name                              Value     Ov Type        Size  Object(Section)

    BuildAttributes$$THM_ISAv4$E$P$D$K$B$S$7EM$VFPi3$EXTD16$VFPS$VFMA$PE$A:L22UL41UL21$X:L11$S22US41US21$IEEE1$IW$~IW$USESV6$~STKCKD$USESV7$~SHL$OTIME$ROPI$EBA8$UX$STANDARDLIB$REQ8$PRES8$EABIv2 0x00000000   Number         0  anon$$obj.o ABSOLUTE
    __Vectors                                0x00000000   Data           4  startup_tm4c123.o(RESET)
    __ARM_exceptions_init                     - Undefined Weak Reference
    __alloca_initialize                       - Undefined Weak Reference
    __arm_preinit_                            - Undefined Weak Reference
    __cpp_initialize__aeabi_                  - Undefined Weak Reference
    __cxa_finalize                            - Undefined Weak Reference
    __rt_locale                               - Undefined Weak Reference
    __sigvec_lookup                           - Undefined Weak Reference
    _atexit_init                              - Undefined Weak Reference
    _call_atexit_fns                          - Undefined Weak Reference
    _clock_init                               - Undefined Weak Reference
    _fp_trap_init                             - Undefined Weak Reference
    _fp_trap_shutdown                         - Undefined Weak Reference
    _get_lc_collate                           - Undefined Weak Reference
    _get_lc_ctype                             - Undefined Weak Reference
    _get_lc_monetary                          - Undefined Weak Reference
    _get_lc_numeric                           - Undefined Weak Reference
    _get_lc_time                              - Undefined Weak Reference
    _getenv_init                              - Undefined Weak Reference
    _handle_redirection                       - Undefined Weak Reference
    _init_alloc                               - Undefined Weak Reference
    _init_user_alloc                          - Undefined Weak Reference
    _initio                                   - Undefined Weak Reference
    _rand_init                                - Undefined Weak Reference
    _signal_finish                            - Undefined Weak Reference
    _signal_init                              - Undefined Weak Reference
    _terminate_alloc                          - Undefined Weak Reference
    _terminate_user_alloc                     - Undefined Weak Reference
    _terminateio                              - Undefined Weak Reference
    __Vectors_End                            0x0000026c   Data           0  startup_tm4c123.o(RESET)
    __Vectors_Size                           0x0000026c   Number         0  startup_tm4c123.o ABSOLUTE
    __main                                   0x0000026d   Thumb Code     8  __main.o(!!!main)
    __scatterload                            0x00000275   Thumb Code     0  __scatter.o(!!!scatter)
    __scatterload_rt2                        0x00000275   Thumb Code    44  __scatter.o(!!!scatter)
    __scatterload_rt2_thumb_only             0x00000275   Thumb Code     0  __scatter.o(!!!scatter)
    __scatterload_null                       0x00000283   Thumb Code     0  __scatter.o(!!!scatter)
    __decompress                             0x000002a9   Thumb Code    58  __dczerorl.o(!!dczerorl)
    __decompress0                            0x000002a9   Thumb Code     0  __dczerorl.o(!!dczerorl)
    __scatterload_zeroinit                   0x000002e5   Thumb Code    28  __scatter_zi.o(!!handler_zi)
    __rt_lib_init                            0x00000301   Thumb Code     0  libinit.o(.ARM.Collect$$libinit$$00000000)
    __rt_lib_init_fp_1                       0x00000303   Thumb Code     0  libinit2.o(.ARM.Collect$$libinit$$00000001)
    __rt_lib_init_alloca_1                   0x00000307   Thumb Code     0  libinit2.o(.ARM.Collect$$libinit$$0000002E)
    __rt_lib_init_argv_1                     0x00000307   Thumb Code     0  libinit2.o(.ARM.Collect$$libinit$$0000002C)
    __rt_lib_init_atexit_1                   0x00000307   Thumb Code     0  libinit2.o(.ARM.Collect$$libinit$$0000001B)
    __rt_lib_init_clock_1                    0x00000307   Thumb Code     0  libinit2.o(.ARM.Collect$$libinit$$00000021)
    __rt_lib_init_cpp_1                      0x00000307   Thumb Code     0  libinit2.o(.ARM.Collect$$libinit$$00000032)
    __rt_lib_init_exceptions_1               0x00000307   Thumb Code     0  libinit2.o(.ARM.Collect$$libinit$$00000030)
    __rt_lib_init_fp_trap_1                  0x00000307   Thumb Code     0  libinit2.o(.ARM.Collect$$libinit$$0000001F)
    __rt_lib_init_getenv_1                   0x00000307   Thumb Code     0  libinit2.o(.ARM.Collect$$libinit$$00000023)
    __rt_lib_init_heap_1                     0x00000307   Thumb Code     0  libinit2.o(.ARM.Collect$$libinit$$0000000A)
    __rt_lib_init_lc_collate_1               0x00000307   Thumb Code     0  libinit2.o(.ARM.Collect$$libinit$$00000011)
    __rt_lib_init_lc_ctype_1                 0x00000307   Thumb Code     0  libinit2.o(.ARM.Collect$$libinit$$00000013)
    __rt_lib_init_lc_monetary_1              0x00000307   Thumb Code     0  libinit2.o(.ARM.Collect$$libinit$$00000015)
    __rt_lib_init_lc_numeric_1               0x00000307   Thumb Code     0  libinit2.o(.ARM.Collect$$libinit$$00000017)
    __rt_lib_init_lc_time_1                  0x00000307   Thumb Code     0  libinit2.o(.ARM.Collect$$libinit$$00000019)
    __rt_lib_init_preinit_1                  0x00000307   Thumb Code     0  libinit2.o(.ARM.Collect$$libinit$$00000004)
    __rt_lib_init_rand_1                     0x00000307   Thumb Code     0  libinit2.o(.ARM.Collect$$libinit$$0000000E)
    __rt_lib_init_return                     0x00000307   Thumb Code     0  libinit2.o(.ARM.Collect$$libinit$$00000033)
    __rt_lib_init_signal_1                   0x00000307   Thumb Code     0  libinit2.o(.ARM.Collect$$libinit$$0000001D)
    __rt_lib_init_stdio_1                    0x00000307   Thumb Code     0  libinit2.o(.ARM.Collect$$libinit$$00000025)
    __rt_lib_init_user_alloc_1               0x00000307   Thumb Code     0  libinit2.o(.ARM.Collect$$libinit$$0000000C)
    __rt_lib_shutdown                        0x00000309   Thumb Code     0  libshutdown.o(.ARM.Collect$$libshutdown$$00000000)
    __rt_lib_shutdown_cpp_1                  0x0000030b   Thumb Code     0  libshutdown2.o(.ARM.Collect$$libshutdown$$00000002)
    __rt_lib_shutdown_fp_trap_1              0x0000030b   Thumb Code     0  libshutdown2.o(.ARM.Collect$$libshutdown$$00000007)
    __rt_lib_shutdown_heap_1                 0x0000030b   Thumb Code     0  libshutdown2.o(.ARM.Collect$$libshutdown$$0000000F)
    __rt_lib_shutdown_return                 0x0000030b   Thumb Code     0  libshutdown2.o(.ARM.Collect$$libshutdown$$00000010)
    __rt_lib_shutdown_signal_1               0x0000030b   Thumb Code     0  libshutdown2.o(.ARM.Collect$$libshutdown$$0000000A)
    __rt_lib_shutdown_stdio_1                0x0000030b   Thumb Code     0  libshutdown2.o(.ARM.Collect$$libshutdown$$00000004)
    __rt_lib_shutdown_user_alloc_1           0x0000030b   Thumb Code     0  libshutdown2.o(.ARM.Collect$$libshutdown$$0000000C)
    __rt_entry                               0x0000030d   Thumb Code     0  __rtentry.o(.ARM.Collect$$rtentry$$00000000)
    __rt_entry_presh_1                       0x0000030d   Thumb Code     0  __rtentry2.o(.ARM.Collect$$rtentry$$00000002)
    __rt_entry_sh                            0x0000030d   Thumb Code     0  __rtentry5.o(.ARM.Collect$$rtentry$$00000005)
    __rt_entry_li                            0x00000311   Thumb Code     0  __rtentry2.o(.ARM.Collect$$rtentry$$0000000A)
    __rt_entry_postsh_1                      0x00000311   Thumb Code     0  __rtentry2.o(.ARM.Collect$$rtentry$$00000009)
    __rt_entry_main                          0x00000315   Thumb Code     0  __rtentry2.o(.ARM.Collect$$rtentry$$0000000D)
    __rt_entry_postli_1                      0x00000315   Thumb Code     0  __rtentry2.o(.ARM.Collect$$rtentry$$0000000C)
    __rt_exit                                0x00000321   Thumb Code     0  rtexit.o(.ARM.Collect$$rtexit$$00000000)
    __rt_exit_ls                             0x00000323   Thumb Code     0  rtexit2.o(.ARM.Collect$$rtexit$$00000003)
    __rt_exit_prels_1                        0x00000323   Thumb Code     0  rtexit2.o(.ARM.Collect$$rtexit$$00000002)
    __rt_exit_exit                           0x00000327   Thumb Code     0  rtexit2.o(.ARM.Collect$$rtexit$$00000004)
    SysCtlDelay                              0x0000032d   Thumb Code     6  sysctl.o(.emb_text)
    Reset_Handler                            0x00000335   Thumb Code     8  startup_tm4c123.o(.text)
    NMI_Handler                              0x0000033d   Thumb Code     2  startup_tm4c123.o(.text)
    HardFault_Handler                        0x0000033f   Thumb Code     2  startup_tm4c123.o(.text)
    MemManage_Handler                        0x00000341   Thumb Code     2  startup_tm4c123.o(.text)
    BusFault_Handler                         0x00000343   Thumb Code     2  startup_tm4c123.o(.text)
    UsageFault_Handler                       0x00000345   Thumb Code     2  startup_tm4c123.o(.text)
    SVC_Handler                              0x00000347   Thumb Code     2  startup_tm4c123.o(.text)
    DebugMon_Handler                         0x00000349   Thumb Code     2  startup_tm4c123.o(.text)
    PendSV_Handler                           0x0000034b   Thumb Code     2  startup_tm4c123.o(.text)
    SysTick_Handler                          0x0000034d   Thumb Code     2  startup_tm4c123.o(.text)
    GPIOA_Handler                            0x0000034f   Thumb Code     2  startup_tm4c123.o(.text)
    GPIOB_Handler                            0x00000351   Thumb Code     2  startup_tm4c123.o(.text)
    GPIOC_Handler                            0x00000353   Thumb Code     2  startup_tm4c123.o(.text)
    GPIOD_Handler                            0x00000355   Thumb Code     2  startup_tm4c123.o(.text)
    GPIOE_Handler                            0x00000357   Thumb Code     2  startup_tm4c123.o(.text)
    UART0_Handler                            0x00000359   Thumb Code     2  startup_tm4c123.o(.text)
    UART1_Handler                            0x0000035b   Thumb Code     2  startup_tm4c123.o(.text)
    SSI0_Handler                             0x0000035d   Thumb Code     2  startup_tm4c123.o(.text)
    I2C0_Handler                             0x0000035f   Thumb Code     2  startup_tm4c123.o(.text)
    PMW0_FAULT_Handler                       0x00000361   Thumb Code     2  startup_tm4c123.o(.text)
    PWM0_0_Handler                           0x00000363   Thumb Code     2  startup_tm4c123.o(.text)
    PWM0_1_Handler                           0x00000365   Thumb Code     2  startup_tm4c123.o(.text)
    PWM0_2_Handler                           0x00000367   Thumb Code     2  startup_tm4c123.o(.text)
    QEI0_Handler                             0x00000369   Thumb Code     2  startup_tm4c123.o(.text)
    ADC0SS0_Handler                          0x0000036b   Thumb Code     2  startup_tm4c123.o(.text)
    ADC0SS1_Handler                          0x0000036d   Thumb Code     2  startup_tm4c123.o(.text)
    ADC0SS2_Handler                          0x0000036f   Thumb Code     2  startup_tm4c123.o(.text)
    ADC0SS3_Handler                          0x00000371   Thumb Code     2  startup_tm4c123.o(.text)
    WDT0_Handler                             0x00000373   Thumb Code     2  startup_tm4c123.o(.text)
    TIMER0A_Handler                          0x00000375   Thumb Code     2  startup_tm4c123.o(.text)
    TIMER0B_Handler                          0x00000377   Thumb Code     2  startup_tm4c123.o(.text)
    TIMER1A_Handler                          0x00000379   Thumb Code     2  startup_tm4c123.o(.text)
    TIMER1B_Handler                          0x0000037b   Thumb Code     2  startup_tm4c123.o(.text)
    TIMER2A_Handler                          0x0000037d   Thumb Code     2  startup_tm4c123.o(.text)
    TIMER2B_Handler                          0x0000037f   Thumb Code     2  startup_tm4c123.o(.text)
    COMP0_Handler                            0x00000381   Thumb Code     2  startup_tm4c123.o(.text)
    COMP1_Handler                            0x00000383   Thumb Code     2  startup_tm4c123.o(.text)
    COMP2_Handler                            0x00000385   Thumb Code     2  startup_tm4c123.o(.text)
    SYSCTL_Handler                           0x00000387   Thumb Code     2  startup_tm4c123.o(.text)
    FLASH_Handler                            0x00000389   Thumb Code     2  startup_tm4c123.o(.text)
    GPIOF_Handler                            0x0000038b   Thumb Code     2  startup_tm4c123.o(.text)
    GPIOG_Handler                            0x0000038d   Thumb Code     2  startup_tm4c123.o(.text)
    GPIOH_Handler                            0x0000038f   Thumb Code     2  startup_tm4c123.o(.text)
    UART2_Handler                            0x00000391   Thumb Code     2  startup_tm4c123.o(.text)
    SSI1_Handler                             0x00000393   Thumb Code     2  startup_tm4c123.o(.text)
    TIMER3A_Handler                          0x00000395   Thumb Code     2  startup_tm4c123.o(.text)
    TIMER3B_Handler                          0x00000397   Thumb Code     2  startup_tm4c123.o(.text)
    I2C1_Handler                             0x00000399   Thumb Code     2  startup_tm4c123.o(.text)
    QEI1_Handler                             0x0000039b   Thumb Code     2  startup_tm4c123.o(.text)
    CAN0_Handler                             0x0000039d   Thumb Code     2  startup_tm4c123.o(.text)
    CAN1_Handler                             0x0000039f   Thumb Code     2  startup_tm4c123.o(.text)
    CAN2_Handler                             0x000003a1   Thumb Code     2  startup_tm4c123.o(.text)
    HIB_Handler                              0x000003a3   Thumb Code     2  startup_tm4c123.o(.text)
    USB0_Handler                             0x000003a5   Thumb Code     2  startup_tm4c123.o(.text)
    PWM0_3_Handler                           0x000003a7   Thumb Code     2  startup_tm4c123.o(.text)
    UDMA_Handler                             0x000003a9   Thumb Code     2  startup_tm4c123.o(.text)
    UDMAERR_Handler                          0x000003ab   Thumb Code     2  startup_tm4c123.o(.text)
    ADC1SS0_Handler                          0x000003ad   Thumb Code     2  startup_tm4c123.o(.text)
    ADC1SS1_Handler                          0x000003af   Thumb Code     2  startup_tm4c123.o(.text)
    ADC1SS2_Handler                          0x000003b1   Thumb Code     2  startup_tm4c123.o(.text)
    ADC1SS3_Handler                          0x000003b3   Thumb Code     2  startup_tm4c123.o(.text)
    GPIOJ_Handler                            0x000003b5   Thumb Code     2  startup_tm4c123.o(.text)
    GPIOK_Handler                            0x000003b7   Thumb Code     2  startup_tm4c123.o(.text)
    GPIOL_Handler                            0x000003b9   Thumb Code     2  startup_tm4c123.o(.text)
    SSI2_Handler                             0x000003bb   Thumb Code     2  startup_tm4c123.o(.text)
    SSI3_Handler                             0x000003bd   Thumb Code     2  startup_tm4c123.o(.text)
    UART3_Handler                            0x000003bf   Thumb Code     2  startup_tm4c123.o(.text)
    UART4_Handler                            0x000003c1   Thumb Code     2  startup_tm4c123.o(.text)
    UART5_Handler                            0x000003c3   Thumb Code     2  startup_tm4c123.o(.text)
    UART6_Handler                            0x000003c5   Thumb Code     2  startup_tm4c123.o(.text)
    UART7_Handler                            0x000003c7   Thumb Code     2  startup_tm4c123.o(.text)
    I2C2_Handler                             0x000003c9   Thumb Code     2  startup_tm4c123.o(.text)
    I2C3_Handler                             0x000003cb   Thumb Code     2  startup_tm4c123.o(.text)
    TIMER4A_Handler                          0x000003cd   Thumb Code     2  startup_tm4c123.o(.text)
    TIMER4B_Handler                          0x000003cf   Thumb Code     2  startup_tm4c123.o(.text)
    TIMER5A_Handler                          0x000003d1   Thumb Code     2  startup_tm4c123.o(.text)
    TIMER5B_Handler                          0x000003d3   Thumb Code     2  startup_tm4c123.o(.text)
    WTIMER0A_Handler                         0x000003d5   Thumb Code     2  startup_tm4c123.o(.text)
    WTIMER0B_Handler                         0x000003d7   Thumb Code     2  startup_tm4c123.o(.text)
    WTIMER1A_Handler                         0x000003d9   Thumb Code     2  startup_tm4c123.o(.text)
    WTIMER1B_Handler                         0x000003db   Thumb Code     2  startup_tm4c123.o(.text)
    WTIMER2A_Handler                         0x000003dd   Thumb Code     2  startup_tm4c123.o(.text)
    WTIMER2B_Handler                         0x000003df   Thumb Code     2  startup_tm4c123.o(.text)
    WTIMER3A_Handler                         0x000003e1   Thumb Code     2  startup_tm4c123.o(.text)
    WTIMER3B_Handler                         0x000003e3   Thumb Code     2  startup_tm4c123.o(.text)
    WTIMER4A_Handler                         0x000003e5   Thumb Code     2  startup_tm4c123.o(.text)
    WTIMER4B_Handler                         0x000003e7   Thumb Code     2  startup_tm4c123.o(.text)
    WTIMER5A_Handler                         0x000003e9   Thumb Code     2  startup_tm4c123.o(.text)
    WTIMER5B_Handler                         0x000003eb   Thumb Code     2  startup_tm4c123.o(.text)
    FPU_Handler                              0x000003ed   Thumb Code     2  startup_tm4c123.o(.text)
    I2C4_Handler                             0x000003ef   Thumb Code     2  startup_tm4c123.o(.text)
    I2C5_Handler                             0x000003f1   Thumb Code     2  startup_tm4c123.o(.text)
    GPIOM_Handler                            0x000003f3   Thumb Code     2  startup_tm4c123.o(.text)
    GPION_Handler                            0x000003f5   Thumb Code     2  startup_tm4c123.o(.text)
    QEI2_Handler                             0x000003f7   Thumb Code     2  startup_tm4c123.o(.text)
    GPIOP0_Handler                           0x000003f9   Thumb Code     2  startup_tm4c123.o(.text)
    GPIOP1_Handler                           0x000003fb   Thumb Code     2  startup_tm4c123.o(.text)
    GPIOP2_Handler                           0x000003fd   Thumb Code     2  startup_tm4c123.o(.text)
    GPIOP3_Handler                           0x000003ff   Thumb Code     2  startup_tm4c123.o(.text)
    GPIOP4_Handler                           0x00000401   Thumb Code     2  startup_tm4c123.o(.text)
    GPIOP5_Handler                           0x00000403   Thumb Code     2  startup_tm4c123.o(.text)
    GPIOP6_Handler                           0x00000405   Thumb Code     2  startup_tm4c123.o(.text)
    GPIOP7_Handler                           0x00000407   Thumb Code     2  startup_tm4c123.o(.text)
    GPIOQ0_Handler                           0x00000409   Thumb Code     2  startup_tm4c123.o(.text)
    GPIOQ1_Handler                           0x0000040b   Thumb Code     2  startup_tm4c123.o(.text)
    GPIOQ2_Handler                           0x0000040d   Thumb Code     2  startup_tm4c123.o(.text)
    GPIOQ3_Handler                           0x0000040f   Thumb Code     2  startup_tm4c123.o(.text)
    GPIOQ4_Handler                           0x00000411   Thumb Code     2  startup_tm4c123.o(.text)
    GPIOQ5_Handler                           0x00000413   Thumb Code     2  startup_tm4c123.o(.text)
    GPIOQ6_Handler                           0x00000415   Thumb Code     2  startup_tm4c123.o(.text)
    GPIOQ7_Handler                           0x00000417   Thumb Code     2  startup_tm4c123.o(.text)
    GPIOR_Handler                            0x00000419   Thumb Code     2  startup_tm4c123.o(.text)
    GPIOS_Handler                            0x0000041b   Thumb Code     2  startup_tm4c123.o(.text)
    PMW1_0_Handler                           0x0000041d   Thumb Code     2  startup_tm4c123.o(.text)
    PWM1_1_Handler                           0x0000041f   Thumb Code     2  startup_tm4c123.o(.text)
    PWM1_2_Handler                           0x00000421   Thumb Code     2  startup_tm4c123.o(.text)
    PWM1_3_Handler                           0x00000423   Thumb Code     2  startup_tm4c123.o(.text)
    PWM1_FAULT_Handler                       0x00000425   Thumb Code     2  startup_tm4c123.o(.text)
    __aeabi_memset                           0x00000431   Thumb Code    16  aeabi_memset.o(.text)
    __aeabi_memclr                           0x00000441   Thumb Code     0  rt_memclr.o(.text)
    __rt_memclr                              0x00000441   Thumb Code    68  rt_memclr.o(.text)
    _memset                                  0x00000445   Thumb Code     0  rt_memclr.o(.text)
    __aeabi_memclr4                          0x00000485   Thumb Code     0  rt_memclr_w.o(.text)
    __aeabi_memclr8                          0x00000485   Thumb Code     0  rt_memclr_w.o(.text)
    __rt_memclr_w                            0x00000485   Thumb Code    78  rt_memclr_w.o(.text)
    _memset_w                                0x00000489   Thumb Code     0  rt_memclr_w.o(.text)
    exit                                     0x000004d3   Thumb Code    18  exit.o(.text)
    __I$use$semihosting                      0x000004e5   Thumb Code     0  use_no_semi.o(.text)
    __use_no_semihosting_swi                 0x000004e5   Thumb Code     2  use_no_semi.o(.text)
    __semihosting_library_function           0x000004e7   Thumb Code     0  indicate_semi.o(.text)
    _sys_exit                                0x000004e9   Thumb Code     8  sys_exit.o(.text)
    SystemInit                               0x000004f5   Thumb Code    18  system_tm4c123.o(.text.SystemInit)
    UARTStdioConfig                          0x00000509   Thumb Code    92  uartstdio.o(.text.UARTStdioConfig)
    UARTprintf                               0x00000565   Thumb Code    32  uartstdio.o(.text.UARTprintf)
    UARTvprintf                              0x00000585   Thumb Code   696  uartstdio.o(.text.UARTvprintf)
    UARTwrite                                0x0000083d   Thumb Code    70  uartstdio.o(.text.UARTwrite)
    checkTemperatureValue                    0x00000885   Thumb Code   116  main.o(.text.checkTemperatureValue)
    enablePeripheralsClock                   0x000008f9   Thumb Code    44  tm4c_init.o(.text.enablePeripheralsClock)
    i2cRead                                  0x00000925   Thumb Code   140  tm4c_init.o(.text.i2cRead)
    i2cWrite                                 0x000009b1   Thumb Code   106  tm4c_init.o(.text.i2cWrite)
    initI2c                                  0x00000a1d   Thumb Code   122  tm4c_init.o(.text.initI2c)
    initPorts                                0x00000a99   Thumb Code    72  tm4c_init.o(.text.initPorts)
    initSystemClock_40MHz                    0x00000ae1   Thumb Code    16  tm4c_init.o(.text.initSystemClock_40MHz)
    initTimer1mSec                           0x00000af1   Thumb Code    84  tm4c_init.o(.text.initTimer1mSec)
    initUartPrintf                           0x00000b45   Thumb Code    44  tm4c_init.o(.text.initUartPrintf)
    main                                     0x00000b71   Thumb Code   700  main.o(.text.main)
    readReg                                  0x00000e2d   Thumb Code    28  main.o(.text.readReg)
    resultReady                              0x00000e49   Thumb Code    40  main.o(.text.resultReady)
    setUp                                    0x00000eb9   Thumb Code    34  main.o(.text.setUp)
    test_customConvRateIntOff                0x00000ee1   Thumb Code   296  main.o(.text.test_customConvRateIntOff)
    test_customConvRateIntOn                 0x00001009   Thumb Code   232  main.o(.text.test_customConvRateIntOn)
    test_powerDownModeIntOff                 0x000010f1   Thumb Code   168  main.o(.text.test_powerDownModeIntOff)
    test_powerDownModeIntOn                  0x00001199   Thumb Code    80  main.o(.text.test_powerDownModeIntOn)
    test_readManufId                         0x000011e9   Thumb Code    30  main.o(.text.test_readManufId)
    test_writeIntoConfig                     0x00001209   Thumb Code   210  main.o(.text.test_writeIntoConfig)
    timerHandler                             0x000012dd   Thumb Code    30  main.o(.text.timerHandler)
    tmp006_configConvRate                    0x000012fd   Thumb Code    70  tmp006.o(.text.tmp006_configConvRate)
    tmp006_drdyPinConfig                     0x00001345   Thumb Code    70  tmp006.o(.text.tmp006_drdyPinConfig)
    tmp006_init                              0x0000138d   Thumb Code    26  tmp006.o(.text.tmp006_init)
    tmp006_isResultReady                     0x000013a9   Thumb Code    46  tmp006.o(.text.tmp006_isResultReady)
    tmp006_operationMode                     0x000013d9   Thumb Code    70  tmp006.o(.text.tmp006_operationMode)
    tmp006_read                              0x00001421   Thumb Code    58  tmp006.o(.text.tmp006_read)
    tmp006_readTemp                          0x0000145d   Thumb Code    40  tmp006.o(.text.tmp006_readTemp)
    tmp006_resetDevice                       0x00001485   Thumb Code    36  tmp006.o(.text.tmp006_resetDevice)
    tmp006_write                             0x000014a9   Thumb Code    56  tmp006.o(.text.tmp006_write)
    GPIODirModeSet                           0x000014e1   Thumb Code    50  gpio.o(i.GPIODirModeSet)
    GPIOIntClear                             0x00001513   Thumb Code     6  gpio.o(i.GPIOIntClear)
    GPIOIntEnable                            0x00001519   Thumb Code    12  gpio.o(i.GPIOIntEnable)
    GPIOIntRegister                          0x00001525   Thumb Code    30  gpio.o(i.GPIOIntRegister)
    GPIOIntTypeSet                           0x00001543   Thumb Code   102  gpio.o(i.GPIOIntTypeSet)
    GPIOPadConfigSet                         0x000015a9   Thumb Code   384  gpio.o(i.GPIOPadConfigSet)
    GPIOPinConfigure                         0x00001735   Thumb Code    70  gpio.o(i.GPIOPinConfigure)
    GPIOPinTypeGPIOInput                     0x00001785   Thumb Code    30  gpio.o(i.GPIOPinTypeGPIOInput)
    GPIOPinTypeGPIOOutput                    0x000017a3   Thumb Code    30  gpio.o(i.GPIOPinTypeGPIOOutput)
    GPIOPinTypeI2C                           0x000017c1   Thumb Code    30  gpio.o(i.GPIOPinTypeI2C)
    GPIOPinTypeI2CSCL                        0x000017df   Thumb Code    30  gpio.o(i.GPIOPinTypeI2CSCL)
    GPIOPinTypeUART                          0x000017fd   Thumb Code    30  gpio.o(i.GPIOPinTypeUART)
    GPIOUnlockPin                            0x0000181d   Thumb Code    18  gpio.o(i.GPIOUnlockPin)
    I2CMasterBusy                            0x00001835   Thumb Code    18  i2c.o(i.I2CMasterBusy)
    I2CMasterControl                         0x00001847   Thumb Code     4  i2c.o(i.I2CMasterControl)
    I2CMasterDataGet                         0x0000184b   Thumb Code     6  i2c.o(i.I2CMasterDataGet)
    I2CMasterDataPut                         0x00001851   Thumb Code     4  i2c.o(i.I2CMasterDataPut)
    I2CMasterEnable                          0x00001855   Thumb Code    10  i2c.o(i.I2CMasterEnable)
    I2CMasterInitExpClk                      0x00001861   Thumb Code    78  i2c.o(i.I2CMasterInitExpClk)
    I2CMasterSlaveAddrSet                    0x000018bd   Thumb Code     8  i2c.o(i.I2CMasterSlaveAddrSet)
    IntEnable                                0x000018c5   Thumb Code   108  interrupt.o(i.IntEnable)
    IntRegister                              0x00001939   Thumb Code    52  interrupt.o(i.IntRegister)
    SysCtlClockGet                           0x00001975   Thumb Code   324  sysctl.o(i.SysCtlClockGet)
    SysCtlClockSet                           0x00001ae1   Thumb Code   280  sysctl.o(i.SysCtlClockSet)
    SysCtlPeripheralEnable                   0x00001c0d   Thumb Code    46  sysctl.o(i.SysCtlPeripheralEnable)
    SysCtlPeripheralPresent                  0x00001c41   Thumb Code    52  sysctl.o(i.SysCtlPeripheralPresent)
    SysCtlPeripheralReady                    0x00001c79   Thumb Code    52  sysctl.o(i.SysCtlPeripheralReady)
    SysCtlPeripheralReset                    0x00001cb1   Thumb Code   106  sysctl.o(i.SysCtlPeripheralReset)
    TimerConfigure                           0x00001d21   Thumb Code    84  timer.o(i.TimerConfigure)
    TimerEnable                              0x00001d81   Thumb Code    14  timer.o(i.TimerEnable)
    TimerIntClear                            0x00001d8f   Thumb Code     4  timer.o(i.TimerIntClear)
    TimerIntEnable                           0x00001d93   Thumb Code     8  timer.o(i.TimerIntEnable)
    TimerIntRegister                         0x00001d9b   Thumb Code    38  timer.o(i.TimerIntRegister)
    TimerLoadSet                             0x00001dc1   Thumb Code    16  timer.o(i.TimerLoadSet)
    UARTCharPut                              0x00001dd1   Thumb Code    16  uart.o(i.UARTCharPut)
    UARTConfigSetExpClk                      0x00001de1   Thumb Code    76  uart.o(i.UARTConfigSetExpClk)
    UARTDisable                              0x00001e2d   Thumb Code    32  uart.o(i.UARTDisable)
    UARTEnable                               0x00001e4d   Thumb Code    20  uart.o(i.UARTEnable)
    __aeabi_dadd                             0x00001f05   Thumb Code     0  daddsub_clz.o(x$fpl$dadd)
    _dadd                                    0x00001f05   Thumb Code   332  daddsub_clz.o(x$fpl$dadd)
    __fpl_dcmp_Inf                           0x00002055   Thumb Code    24  dcmpi.o(x$fpl$dcmpinf)
    __aeabi_cdcmpeq                          0x0000206d   Thumb Code     0  deqf.o(x$fpl$deqf)
    _dcmpeq                                  0x0000206d   Thumb Code   120  deqf.o(x$fpl$deqf)
    __aeabi_ui2d                             0x000020e5   Thumb Code     0  dflt_clz.o(x$fpl$dfltu)
    _dfltu                                   0x000020e5   Thumb Code    38  dflt_clz.o(x$fpl$dfltu)
    __aeabi_cdcmpge                          0x0000210d   Thumb Code     0  dgeqf.o(x$fpl$dgeqf)
    _dcmpge                                  0x0000210d   Thumb Code   120  dgeqf.o(x$fpl$dgeqf)
    __aeabi_cdcmple                          0x00002185   Thumb Code     0  dleqf.o(x$fpl$dleqf)
    _dcmple                                  0x00002185   Thumb Code   120  dleqf.o(x$fpl$dleqf)
    __fpl_dcmple_InfNaN                      0x000021e7   Thumb Code     0  dleqf.o(x$fpl$dleqf)
    __aeabi_dmul                             0x000021fd   Thumb Code     0  dmul.o(x$fpl$dmul)
    _dmul                                    0x000021fd   Thumb Code   332  dmul.o(x$fpl$dmul)
    __fpl_dnaninf                            0x00002351   Thumb Code   156  dnaninf.o(x$fpl$dnaninf)
    __fpl_dretinf                            0x000023ed   Thumb Code    12  dretinf.o(x$fpl$dretinf)
    __aeabi_dsub                             0x000023f9   Thumb Code     0  daddsub_clz.o(x$fpl$dsub)
    _dsub                                    0x000023f9   Thumb Code   464  daddsub_clz.o(x$fpl$dsub)
    __aeabi_f2d                              0x000025cd   Thumb Code     0  f2d.o(x$fpl$f2d)
    _f2d                                     0x000025cd   Thumb Code    86  f2d.o(x$fpl$f2d)
    __aeabi_dcmpeq                           0x00002623   Thumb Code     0  dcmp.o(x$fpl$fcmp)
    _deq                                     0x00002623   Thumb Code    14  dcmp.o(x$fpl$fcmp)
    _dneq                                    0x00002631   Thumb Code    14  dcmp.o(x$fpl$fcmp)
    __aeabi_dcmpgt                           0x0000263f   Thumb Code     0  dcmp.o(x$fpl$fcmp)
    _dgr                                     0x0000263f   Thumb Code    14  dcmp.o(x$fpl$fcmp)
    __aeabi_dcmpge                           0x0000264d   Thumb Code     0  dcmp.o(x$fpl$fcmp)
    _dgeq                                    0x0000264d   Thumb Code    14  dcmp.o(x$fpl$fcmp)
    __aeabi_dcmple                           0x0000265b   Thumb Code     0  dcmp.o(x$fpl$fcmp)
    _dleq                                    0x0000265b   Thumb Code    14  dcmp.o(x$fpl$fcmp)
    __aeabi_dcmplt                           0x00002669   Thumb Code     0  dcmp.o(x$fpl$fcmp)
    _dls                                     0x00002669   Thumb Code    14  dcmp.o(x$fpl$fcmp)
    __fpl_fnaninf                            0x00002677   Thumb Code   140  fnaninf.o(x$fpl$fnaninf)
    _fp_init                                 0x00002703   Thumb Code    26  fpinit.o(x$fpl$fpinit)
    __fplib_config_fpu_vfp                   0x0000271b   Thumb Code     0  fpinit.o(x$fpl$fpinit)
    __fplib_config_pureend_doubles           0x0000271b   Thumb Code     0  fpinit.o(x$fpl$fpinit)
    __I$use$fp                               0x0000271c   Number         0  usenofp.o(x$fpl$usenofp)
    Region$$Table$$Base                      0x0000302c   Number         0  anon$$obj.o(Region$$Table)
    Region$$Table$$Limit                     0x0000304c   Number         0  anon$$obj.o(Region$$Table)
    Image$$ZI$$Limit                         0x20000880   Number         0  anon$$obj.o ABSOLUTE
    __initial_sp                             0x20000880   Data           0  startup_tm4c123.o(STACK)



==============================================================================

Memory Map of the image

  Image Entry point : 0x00000335

  Load Region LR_1 (Base: 0x00000000, Size: 0x00003a6c, Max: 0xffffffff, ABSOLUTE, COMPRESSED[0x00003414])

    Execution Region ER_RO (Exec base: 0x00000000, Load base: 0x00000000, Size: 0x0000304c, Max: 0xffffffff, ABSOLUTE)

    Exec Addr    Load Addr    Size         Type   Attr      Idx    E Section Name        Object

    0x00000000   0x00000000   0x0000026c   Data   RO          117    RESET               startup_tm4c123.o
    0x0000026c   0x0000026c   0x00000008   Code   RO         1857  * !!!main             c_w.l(__main.o)
    0x00000274   0x00000274   0x00000034   Code   RO         2072    !!!scatter          c_w.l(__scatter.o)
    0x000002a8   0x000002a8   0x0000003a   Code   RO         2070    !!dczerorl          c_w.l(__dczerorl.o)
    0x000002e2   0x000002e2   0x00000002   PAD
    0x000002e4   0x000002e4   0x0000001c   Code   RO         2074    !!handler_zi        c_w.l(__scatter_zi.o)
    0x00000300   0x00000300   0x00000002   Code   RO         1926    .ARM.Collect$$libinit$$00000000  c_w.l(libinit.o)
    0x00000302   0x00000302   0x00000004   Code   RO         1936    .ARM.Collect$$libinit$$00000001  c_w.l(libinit2.o)
    0x00000306   0x00000306   0x00000000   Code   RO         1939    .ARM.Collect$$libinit$$00000004  c_w.l(libinit2.o)
    0x00000306   0x00000306   0x00000000   Code   RO         1942    .ARM.Collect$$libinit$$0000000A  c_w.l(libinit2.o)
    0x00000306   0x00000306   0x00000000   Code   RO         1944    .ARM.Collect$$libinit$$0000000C  c_w.l(libinit2.o)
    0x00000306   0x00000306   0x00000000   Code   RO         1946    .ARM.Collect$$libinit$$0000000E  c_w.l(libinit2.o)
    0x00000306   0x00000306   0x00000000   Code   RO         1949    .ARM.Collect$$libinit$$00000011  c_w.l(libinit2.o)
    0x00000306   0x00000306   0x00000000   Code   RO         1951    .ARM.Collect$$libinit$$00000013  c_w.l(libinit2.o)
    0x00000306   0x00000306   0x00000000   Code   RO         1953    .ARM.Collect$$libinit$$00000015  c_w.l(libinit2.o)
    0x00000306   0x00000306   0x00000000   Code   RO         1955    .ARM.Collect$$libinit$$00000017  c_w.l(libinit2.o)
    0x00000306   0x00000306   0x00000000   Code   RO         1957    .ARM.Collect$$libinit$$00000019  c_w.l(libinit2.o)
    0x00000306   0x00000306   0x00000000   Code   RO         1959    .ARM.Collect$$libinit$$0000001B  c_w.l(libinit2.o)
    0x00000306   0x00000306   0x00000000   Code   RO         1961    .ARM.Collect$$libinit$$0000001D  c_w.l(libinit2.o)
    0x00000306   0x00000306   0x00000000   Code   RO         1963    .ARM.Collect$$libinit$$0000001F  c_w.l(libinit2.o)
    0x00000306   0x00000306   0x00000000   Code   RO         1965    .ARM.Collect$$libinit$$00000021  c_w.l(libinit2.o)
    0x00000306   0x00000306   0x00000000   Code   RO         1967    .ARM.Collect$$libinit$$00000023  c_w.l(libinit2.o)
    0x00000306   0x00000306   0x00000000   Code   RO         1969    .ARM.Collect$$libinit$$00000025  c_w.l(libinit2.o)
    0x00000306   0x00000306   0x00000000   Code   RO         1973    .ARM.Collect$$libinit$$0000002C  c_w.l(libinit2.o)
    0x00000306   0x00000306   0x00000000   Code   RO         1975    .ARM.Collect$$libinit$$0000002E  c_w.l(libinit2.o)
    0x00000306   0x00000306   0x00000000   Code   RO         1977    .ARM.Collect$$libinit$$00000030  c_w.l(libinit2.o)
    0x00000306   0x00000306   0x00000000   Code   RO         1979    .ARM.Collect$$libinit$$00000032  c_w.l(libinit2.o)
    0x00000306   0x00000306   0x00000002   Code   RO         1980    .ARM.Collect$$libinit$$00000033  c_w.l(libinit2.o)
    0x00000308   0x00000308   0x00000002   Code   RO         2009    .ARM.Collect$$libshutdown$$00000000  c_w.l(libshutdown.o)
    0x0000030a   0x0000030a   0x00000000   Code   RO         2021    .ARM.Collect$$libshutdown$$00000002  c_w.l(libshutdown2.o)
    0x0000030a   0x0000030a   0x00000000   Code   RO         2023    .ARM.Collect$$libshutdown$$00000004  c_w.l(libshutdown2.o)
    0x0000030a   0x0000030a   0x00000000   Code   RO         2026    .ARM.Collect$$libshutdown$$00000007  c_w.l(libshutdown2.o)
    0x0000030a   0x0000030a   0x00000000   Code   RO         2029    .ARM.Collect$$libshutdown$$0000000A  c_w.l(libshutdown2.o)
    0x0000030a   0x0000030a   0x00000000   Code   RO         2031    .ARM.Collect$$libshutdown$$0000000C  c_w.l(libshutdown2.o)
    0x0000030a   0x0000030a   0x00000000   Code   RO         2034    .ARM.Collect$$libshutdown$$0000000F  c_w.l(libshutdown2.o)
    0x0000030a   0x0000030a   0x00000002   Code   RO         2035    .ARM.Collect$$libshutdown$$00000010  c_w.l(libshutdown2.o)
    0x0000030c   0x0000030c   0x00000000   Code   RO         1877    .ARM.Collect$$rtentry$$00000000  c_w.l(__rtentry.o)
    0x0000030c   0x0000030c   0x00000000   Code   RO         1894    .ARM.Collect$$rtentry$$00000002  c_w.l(__rtentry2.o)
    0x0000030c   0x0000030c   0x00000004   Code   RO         1908    .ARM.Collect$$rtentry$$00000005  c_w.l(__rtentry5.o)
    0x00000310   0x00000310   0x00000000   Code   RO         1896    .ARM.Collect$$rtentry$$00000009  c_w.l(__rtentry2.o)
    0x00000310   0x00000310   0x00000004   Code   RO         1897    .ARM.Collect$$rtentry$$0000000A  c_w.l(__rtentry2.o)
    0x00000314   0x00000314   0x00000000   Code   RO         1899    .ARM.Collect$$rtentry$$0000000C  c_w.l(__rtentry2.o)
    0x00000314   0x00000314   0x00000008   Code   RO         1900    .ARM.Collect$$rtentry$$0000000D  c_w.l(__rtentry2.o)
    0x0000031c   0x0000031c   0x00000004   Code   RO         1909    .ARM.Collect$$rtentry$$00002716  c_w.l(__rtentry5.o)
    0x00000320   0x00000320   0x00000002   Code   RO         1934    .ARM.Collect$$rtexit$$00000000  c_w.l(rtexit.o)
    0x00000322   0x00000322   0x00000000   Code   RO         1989    .ARM.Collect$$rtexit$$00000002  c_w.l(rtexit2.o)
    0x00000322   0x00000322   0x00000004   Code   RO         1990    .ARM.Collect$$rtexit$$00000003  c_w.l(rtexit2.o)
    0x00000326   0x00000326   0x00000006   Code   RO         1991    .ARM.Collect$$rtexit$$00000004  c_w.l(rtexit2.o)
    0x0000032c   0x0000032c   0x00000006   Code   RO          821    .emb_text           driverlib.lib(sysctl.o)
    0x00000332   0x00000332   0x00000002   PAD
    0x00000334   0x00000334   0x000000fc   Code   RO          118  * .text               startup_tm4c123.o
    0x00000430   0x00000430   0x00000010   Code   RO         1855    .text               c_w.l(aeabi_memset.o)
    0x00000440   0x00000440   0x00000044   Code   RO         1878    .text               c_w.l(rt_memclr.o)
    0x00000484   0x00000484   0x0000004e   Code   RO         1913    .text               c_w.l(rt_memclr_w.o)
    0x000004d2   0x000004d2   0x00000012   Code   RO         1919    .text               c_w.l(exit.o)
    0x000004e4   0x000004e4   0x00000002   Code   RO         1985    .text               c_w.l(use_no_semi.o)
    0x000004e6   0x000004e6   0x00000000   Code   RO         1987    .text               c_w.l(indicate_semi.o)
    0x000004e6   0x000004e6   0x00000002   PAD
    0x000004e8   0x000004e8   0x0000000c   Code   RO         1999    .text               c_w.l(sys_exit.o)
    0x000004f4   0x000004f4   0x00000012   Code   RO          129    .text.SystemInit    system_tm4c123.o
    0x00000506   0x00000506   0x00000002   PAD
    0x00000508   0x00000508   0x0000005c   Code   RO           94    .text.UARTStdioConfig  uartstdio.o
    0x00000564   0x00000564   0x00000020   Code   RO          104    .text.UARTprintf    uartstdio.o
    0x00000584   0x00000584   0x000002b8   Code   RO          102    .text.UARTvprintf   uartstdio.o
    0x0000083c   0x0000083c   0x00000046   Code   RO           96    .text.UARTwrite     uartstdio.o
    0x00000882   0x00000882   0x00000002   PAD
    0x00000884   0x00000884   0x00000074   Code   RO           76    .text.checkTemperatureValue  main.o
    0x000008f8   0x000008f8   0x0000002c   Code   RO           34    .text.enablePeripheralsClock  tm4c_init.o
    0x00000924   0x00000924   0x0000008c   Code   RO           42    .text.i2cRead       tm4c_init.o
    0x000009b0   0x000009b0   0x0000006a   Code   RO           44    .text.i2cWrite      tm4c_init.o
    0x00000a1a   0x00000a1a   0x00000002   PAD
    0x00000a1c   0x00000a1c   0x0000007a   Code   RO           40    .text.initI2c       tm4c_init.o
    0x00000a96   0x00000a96   0x00000002   PAD
    0x00000a98   0x00000a98   0x00000048   Code   RO           36    .text.initPorts     tm4c_init.o
    0x00000ae0   0x00000ae0   0x00000010   Code   RO           32    .text.initSystemClock_40MHz  tm4c_init.o
    0x00000af0   0x00000af0   0x00000054   Code   RO           38    .text.initTimer1mSec  tm4c_init.o
    0x00000b44   0x00000b44   0x0000002c   Code   RO           46    .text.initUartPrintf  tm4c_init.o
    0x00000b70   0x00000b70   0x000002bc   Code   RO           58    .text.main          main.o
    0x00000e2c   0x00000e2c   0x0000001c   Code   RO           78    .text.readReg       main.o
    0x00000e48   0x00000e48   0x00000028   Code   RO           60    .text.resultReady   main.o
    0x00000e70   0x00000e70   0x00000048   Code   RO            4    .text.setI2cAddress  tmp006.o
    0x00000eb8   0x00000eb8   0x00000022   Code   RO           56    .text.setUp         main.o
    0x00000eda   0x00000eda   0x00000006   PAD
    0x00000ee0   0x00000ee0   0x00000128   Code   RO           70    .text.test_customConvRateIntOff  main.o
    0x00001008   0x00001008   0x000000e8   Code   RO           68    .text.test_customConvRateIntOn  main.o
    0x000010f0   0x000010f0   0x000000a8   Code   RO           74    .text.test_powerDownModeIntOff  main.o
    0x00001198   0x00001198   0x00000050   Code   RO           72    .text.test_powerDownModeIntOn  main.o
    0x000011e8   0x000011e8   0x0000001e   Code   RO           64    .text.test_readManufId  main.o
    0x00001206   0x00001206   0x00000002   PAD
    0x00001208   0x00001208   0x000000d2   Code   RO           66    .text.test_writeIntoConfig  main.o
    0x000012da   0x000012da   0x00000002   PAD
    0x000012dc   0x000012dc   0x0000001e   Code   RO           62    .text.timerHandler  main.o
    0x000012fa   0x000012fa   0x00000002   PAD
    0x000012fc   0x000012fc   0x00000046   Code   RO           10    .text.tmp006_configConvRate  tmp006.o
    0x00001342   0x00001342   0x00000002   PAD
    0x00001344   0x00001344   0x00000046   Code   RO           12    .text.tmp006_drdyPinConfig  tmp006.o
    0x0000138a   0x0000138a   0x00000002   PAD
    0x0000138c   0x0000138c   0x0000001a   Code   RO            2    .text.tmp006_init   tmp006.o
    0x000013a6   0x000013a6   0x00000002   PAD
    0x000013a8   0x000013a8   0x0000002e   Code   RO           18    .text.tmp006_isResultReady  tmp006.o
    0x000013d6   0x000013d6   0x00000002   PAD
    0x000013d8   0x000013d8   0x00000046   Code   RO           16    .text.tmp006_operationMode  tmp006.o
    0x0000141e   0x0000141e   0x00000002   PAD
    0x00001420   0x00001420   0x0000003a   Code   RO            6    .text.tmp006_read   tmp006.o
    0x0000145a   0x0000145a   0x00000002   PAD
    0x0000145c   0x0000145c   0x00000028   Code   RO           20    .text.tmp006_readTemp  tmp006.o
    0x00001484   0x00001484   0x00000024   Code   RO           14    .text.tmp006_resetDevice  tmp006.o
    0x000014a8   0x000014a8   0x00000038   Code   RO            8    .text.tmp006_write  tmp006.o
    0x000014e0   0x000014e0   0x00000032   Code   RO          145    i.GPIODirModeSet    driverlib.lib(gpio.o)
    0x00001512   0x00001512   0x00000006   Code   RO          146    i.GPIOIntClear      driverlib.lib(gpio.o)
    0x00001518   0x00001518   0x0000000c   Code   RO          148    i.GPIOIntEnable     driverlib.lib(gpio.o)
    0x00001524   0x00001524   0x0000001e   Code   RO          149    i.GPIOIntRegister   driverlib.lib(gpio.o)
    0x00001542   0x00001542   0x00000066   Code   RO          153    i.GPIOIntTypeSet    driverlib.lib(gpio.o)
    0x000015a8   0x000015a8   0x0000018c   Code   RO          157    i.GPIOPadConfigSet  driverlib.lib(gpio.o)
    0x00001734   0x00001734   0x00000050   Code   RO          158    i.GPIOPinConfigure  driverlib.lib(gpio.o)
    0x00001784   0x00001784   0x0000001e   Code   RO          168    i.GPIOPinTypeGPIOInput  driverlib.lib(gpio.o)
    0x000017a2   0x000017a2   0x0000001e   Code   RO          169    i.GPIOPinTypeGPIOOutput  driverlib.lib(gpio.o)
    0x000017c0   0x000017c0   0x0000001e   Code   RO          172    i.GPIOPinTypeI2C    driverlib.lib(gpio.o)
    0x000017de   0x000017de   0x0000001e   Code   RO          173    i.GPIOPinTypeI2CSCL  driverlib.lib(gpio.o)
    0x000017fc   0x000017fc   0x0000001e   Code   RO          181    i.GPIOPinTypeUART   driverlib.lib(gpio.o)
    0x0000181a   0x0000181a   0x00000002   PAD
    0x0000181c   0x0000181c   0x00000018   Code   RO          188    i.GPIOUnlockPin     driverlib.lib(gpio.o)
    0x00001834   0x00001834   0x00000012   Code   RO          489    i.I2CMasterBusy     driverlib.lib(i2c.o)
    0x00001846   0x00001846   0x00000004   Code   RO          490    i.I2CMasterControl  driverlib.lib(i2c.o)
    0x0000184a   0x0000184a   0x00000006   Code   RO          491    i.I2CMasterDataGet  driverlib.lib(i2c.o)
    0x00001850   0x00001850   0x00000004   Code   RO          492    i.I2CMasterDataPut  driverlib.lib(i2c.o)
    0x00001854   0x00001854   0x0000000a   Code   RO          494    i.I2CMasterEnable   driverlib.lib(i2c.o)
    0x0000185e   0x0000185e   0x00000002   PAD
    0x00001860   0x00001860   0x0000005c   Code   RO          497    i.I2CMasterInitExpClk  driverlib.lib(i2c.o)
    0x000018bc   0x000018bc   0x00000008   Code   RO          507    i.I2CMasterSlaveAddrSet  driverlib.lib(i2c.o)
    0x000018c4   0x000018c4   0x00000074   Code   RO         1744    i.IntEnable         driverlib.lib(interrupt.o)
    0x00001938   0x00001938   0x0000003c   Code   RO         1756    i.IntRegister       driverlib.lib(interrupt.o)
    0x00001974   0x00001974   0x0000016c   Code   RO          824    i.SysCtlClockGet    driverlib.lib(sysctl.o)
    0x00001ae0   0x00001ae0   0x0000012c   Code   RO          826    i.SysCtlClockSet    driverlib.lib(sysctl.o)
    0x00001c0c   0x00001c0c   0x00000034   Code   RO          855    i.SysCtlPeripheralEnable  driverlib.lib(sysctl.o)
    0x00001c40   0x00001c40   0x00000038   Code   RO          858    i.SysCtlPeripheralPresent  driverlib.lib(sysctl.o)
    0x00001c78   0x00001c78   0x00000038   Code   RO          859    i.SysCtlPeripheralReady  driverlib.lib(sysctl.o)
    0x00001cb0   0x00001cb0   0x00000070   Code   RO          860    i.SysCtlPeripheralReset  driverlib.lib(sysctl.o)
    0x00001d20   0x00001d20   0x00000060   Code   RO         1189    i.TimerConfigure    driverlib.lib(timer.o)
    0x00001d80   0x00001d80   0x0000000e   Code   RO         1198    i.TimerEnable       driverlib.lib(timer.o)
    0x00001d8e   0x00001d8e   0x00000004   Code   RO         1199    i.TimerIntClear     driverlib.lib(timer.o)
    0x00001d92   0x00001d92   0x00000008   Code   RO         1201    i.TimerIntEnable    driverlib.lib(timer.o)
    0x00001d9a   0x00001d9a   0x00000026   Code   RO         1202    i.TimerIntRegister  driverlib.lib(timer.o)
    0x00001dc0   0x00001dc0   0x00000010   Code   RO         1207    i.TimerLoadSet      driverlib.lib(timer.o)
    0x00001dd0   0x00001dd0   0x00000010   Code   RO         1440    i.UARTCharPut       driverlib.lib(uart.o)
    0x00001de0   0x00001de0   0x0000004c   Code   RO         1446    i.UARTConfigSetExpClk  driverlib.lib(uart.o)
    0x00001e2c   0x00001e2c   0x00000020   Code   RO         1449    i.UARTDisable       driverlib.lib(uart.o)
    0x00001e4c   0x00001e4c   0x00000014   Code   RO         1451    i.UARTEnable        driverlib.lib(uart.o)
    0x00001e60   0x00001e60   0x0000004c   Code   RO          189    i._GPIOIntNumberGet  driverlib.lib(gpio.o)
    0x00001eac   0x00001eac   0x00000058   Code   RO         1223    i._TimerIntNumberGet  driverlib.lib(timer.o)
    0x00001f04   0x00001f04   0x00000150   Code   RO         1859    x$fpl$dadd          fz_wm.l(daddsub_clz.o)
    0x00002054   0x00002054   0x00000018   Code   RO         1915    x$fpl$dcmpinf       fz_wm.l(dcmpi.o)
    0x0000206c   0x0000206c   0x00000078   Code   RO         1880    x$fpl$deqf          fz_wm.l(deqf.o)
    0x000020e4   0x000020e4   0x00000026   Code   RO         1867    x$fpl$dfltu         fz_wm.l(dflt_clz.o)
    0x0000210a   0x0000210a   0x00000002   PAD
    0x0000210c   0x0000210c   0x00000078   Code   RO         1882    x$fpl$dgeqf         fz_wm.l(dgeqf.o)
    0x00002184   0x00002184   0x00000078   Code   RO         1884    x$fpl$dleqf         fz_wm.l(dleqf.o)
    0x000021fc   0x000021fc   0x00000154   Code   RO         1873    x$fpl$dmul          fz_wm.l(dmul.o)
    0x00002350   0x00002350   0x0000009c   Code   RO         1886    x$fpl$dnaninf       fz_wm.l(dnaninf.o)
    0x000023ec   0x000023ec   0x0000000c   Code   RO         1888    x$fpl$dretinf       fz_wm.l(dretinf.o)
    0x000023f8   0x000023f8   0x000001d4   Code   RO         1861    x$fpl$dsub          fz_wm.l(daddsub_clz.o)
    0x000025cc   0x000025cc   0x00000056   Code   RO         1875    x$fpl$f2d           fz_wm.l(f2d.o)
    0x00002622   0x00002622   0x00000054   Code   RO         1865    x$fpl$fcmp          fz_wm.l(dcmp.o)
    0x00002676   0x00002676   0x0000008c   Code   RO         1890    x$fpl$fnaninf       fz_wm.l(fnaninf.o)
    0x00002702   0x00002702   0x0000001a   Code   RO         1997    x$fpl$fpinit        fz_wm.l(fpinit.o)
    0x0000271c   0x0000271c   0x00000000   Code   RO         1892    x$fpl$usenofp       fz_wm.l(usenofp.o)
    0x0000271c   0x0000271c   0x00000228   Data   RO          190    .constdata          driverlib.lib(gpio.o)
    0x00002944   0x00002944   0x00000254   Data   RO          879    .constdata          driverlib.lib(sysctl.o)
    0x00002b98   0x00002b98   0x000000a0   Data   RO         1224    .constdata          driverlib.lib(timer.o)
    0x00002c38   0x00002c38   0x0000010c   Data   RO         1760    .constdata          driverlib.lib(interrupt.o)
    0x00002d44   0x00002d44   0x000002e7   Data   RO           84    .rodata.str1.1      main.o
    0x0000302b   0x0000302b   0x00000001   PAD
    0x0000302c   0x0000302c   0x00000020   Data   RO         2069    Region$$Table       anon$$obj.o


    Execution Region ER_RW (Exec base: 0x20000000, Load base: 0x00003400, Size: 0x0000066c, Max: 0xffffffff, ABSOLUTE, COMPRESSED[0x00000014])

    Exec Addr    Load Addr    Size         Type   Attr      Idx    E Section Name        Object

    0x20000000   COMPRESSED   0x0000000c   Data   RW           83    .data.senzor        main.o
    0x2000000c   COMPRESSED   0x000003f4   PAD
    0x20000400   COMPRESSED   0x0000026c   Data   RW         1761    vtable              driverlib.lib(interrupt.o)


    Execution Region ER_ZI (Exec base: 0x20000670, Load base: 0x00003414, Size: 0x00000210, Max: 0xffffffff, ABSOLUTE)

    Exec Addr    Load Addr    Size         Type   Attr      Idx    E Section Name        Object

    0x20000670        -       0x00000004   Zero   RW          106    .bss.g_ui32Base     uartstdio.o
    0x20000674        -       0x00000004   Zero   RW           80    .bss.msCounter      main.o
    0x20000678        -       0x00000004   Zero   RW           81    .bss.resultCounter  main.o
    0x2000067c        -       0x00000001   Zero   RW           82    .bss.resultReadyFlag  main.o
    0x2000067d   0x00003414   0x00000003   PAD
    0x20000680        -       0x00000200   Zero   RW          115    STACK               startup_tm4c123.o


==============================================================================

Image component sizes


      Code (inc. data)   RO Data    RW Data    ZI Data      Debug   Object Name

      1964        220        743         12          9       5339   main.o
       252         10        620          0        512       5420   startup_tm4c123.o
        18          0          0          0          0       6467   system_tm4c123.o
       628          0          0          0          0       2334   tm4c_init.o
       544          8          0          0          0       5390   tmp006.o
       890        224          0          0          4       4302   uartstdio.o

    ----------------------------------------------------------------------
      4328        462       1396       1024        528      29252   Object Totals
         0          0         32          0          0          0   (incl. Generated)
        32          0          1       1012          3          0   (incl. Padding)

    ----------------------------------------------------------------------

      Code (inc. data)   RO Data    RW Data    ZI Data      Debug   Library Member Name

        58          0          0          0          0          0   __dczerorl.o
         8          0          0          0          0         68   __main.o
         0          0          0          0          0          0   __rtentry.o
        12          0          0          0          0          0   __rtentry2.o
         8          4          0          0          0          0   __rtentry5.o
        52          8          0          0          0          0   __scatter.o
        28          0          0          0          0          0   __scatter_zi.o
        16          0          0          0          0         68   aeabi_memset.o
        18          0          0          0          0         80   exit.o
         0          0          0          0          0          0   indicate_semi.o
         2          0          0          0          0          0   libinit.o
         6          0          0          0          0          0   libinit2.o
         2          0          0          0          0          0   libshutdown.o
         2          0          0          0          0          0   libshutdown2.o
        68          0          0          0          0         68   rt_memclr.o
        78          0          0          0          0         80   rt_memclr_w.o
         2          0          0          0          0          0   rtexit.o
        10          0          0          0          0          0   rtexit2.o
        12          4          0          0          0         68   sys_exit.o
         2          0          0          0          0         68   use_no_semi.o
       926         48        552          0          0      13631   gpio.o
       142         14          0          0          0       3809   i2c.o
       176         16        268        620          0       2058   interrupt.o
       946         80        596          0          0       5793   sysctl.o
       264         32        160          0          0       4898   timer.o
       144          0          0          0          0       2195   uart.o
       804         16          0          0          0        376   daddsub_clz.o
        84          0          0          0          0        244   dcmp.o
        24          0          0          0          0        116   dcmpi.o
       120          4          0          0          0        140   deqf.o
        38          0          0          0          0        116   dflt_clz.o
       120          4          0          0          0        140   dgeqf.o
       120          4          0          0          0        140   dleqf.o
       340         12          0          0          0        152   dmul.o
       156          4          0          0          0        140   dnaninf.o
        12          0          0          0          0        116   dretinf.o
        86          4          0          0          0        132   f2d.o
       140          4          0          0          0        132   fnaninf.o
        26          0          0          0          0        116   fpinit.o
         0          0          0          0          0          0   usenofp.o

    ----------------------------------------------------------------------
      5064        258       1576        620          0      34944   Library Totals
        12          0          0          0          0          0   (incl. Padding)

    ----------------------------------------------------------------------

      Code (inc. data)   RO Data    RW Data    ZI Data      Debug   Library Name

       384         16          0          0          0        500   c_w.l
      2598        190       1576        620          0      32384   driverlib.lib
      2070         52          0          0          0       2060   fz_wm.l

    ----------------------------------------------------------------------
      5064        258       1576        620          0      34944   Library Totals

    ----------------------------------------------------------------------

==============================================================================


      Code (inc. data)   RO Data    RW Data    ZI Data      Debug   

      9392        720       2972       1644        528      58976   Grand Totals
      9392        720       2972         20        528      58976   ELF Image Totals (compressed)
      9392        720       2972         20          0          0   ROM Totals

==============================================================================

    Total RO  Size (Code + RO Data)                12364 (  12.07kB)
    Total RW  Size (RW Data + ZI Data)              2172 (   2.12kB)
    Total ROM Size (Code + RO Data + RW Data)      12384 (  12.09kB)

==============================================================================

