Component: ARM Compiler 6.14 Tool: armlink [5db06800]

==============================================================================

Section Cross References

    main.o(.text.main) refers to platform_tm4c.o(.text.hal_init) for hal_init
    main.o(.text.main) refers to test.o(.text.test_init) for test_init
    main.o(.text.main) refers to test.o(.text.test_run) for test_run
    main.o(.ARM.exidx.text.main) refers to main.o(.text.main) for [Anonymous Symbol]
    test.o(.text.test_run) refers to test.o(.data.senzor) for senzor
    test.o(.text.test_run) refers to tmp006.o(.text.tmp006_init) for tmp006_init
    test.o(.text.test_run) refers to test.o(.rodata.str1.1) for .L.str
    test.o(.text.test_run) refers to uartstdio.o(.text.UARTprintf) for UARTprintf
    test.o(.text.test_run) refers to test.o(.text.test_readManufId) for test_readManufId
    test.o(.text.test_run) refers to test.o(.text.test_writeIntoConfig) for test_writeIntoConfig
    test.o(.text.test_run) refers to test.o(.text.test_customConvRateIntOn) for test_customConvRateIntOn
    test.o(.text.test_run) refers to test.o(.text.test_customConvRateIntOff) for test_customConvRateIntOff
    test.o(.text.test_run) refers to test.o(.text.test_powerDownModeIntOn) for test_powerDownModeIntOn
    test.o(.text.test_run) refers to test.o(.text.test_powerDownModeIntOff) for test_powerDownModeIntOff
    test.o(.text.test_run) refers to tmp006.o(.text.tmp006_resetDevice) for tmp006_resetDevice
    test.o(.ARM.exidx.text.test_run) refers to test.o(.text.test_run) for [Anonymous Symbol]
    test.o(.text.test_readManufId) refers to test.o(.data.senzor) for senzor
    test.o(.text.test_readManufId) refers to tmp006.o(.text.tmp006_read) for tmp006_read
    test.o(.ARM.exidx.text.test_readManufId) refers to test.o(.text.test_readManufId) for [Anonymous Symbol]
    test.o(.text.test_writeIntoConfig) refers to test.o(.data.senzor) for senzor
    test.o(.text.test_writeIntoConfig) refers to tmp006.o(.text.tmp006_configConvRate) for tmp006_configConvRate
    test.o(.text.test_writeIntoConfig) refers to test.o(.text.checkConfigReg) for checkConfigReg
    test.o(.text.test_writeIntoConfig) refers to tmp006.o(.text.tmp006_drdyPinConfig) for tmp006_drdyPinConfig
    test.o(.text.test_writeIntoConfig) refers to tmp006.o(.text.tmp006_operationMode) for tmp006_operationMode
    test.o(.text.test_writeIntoConfig) refers to tmp006.o(.text.tmp006_resetDevice) for tmp006_resetDevice
    test.o(.ARM.exidx.text.test_writeIntoConfig) refers to test.o(.text.test_writeIntoConfig) for [Anonymous Symbol]
    test.o(.text.test_customConvRateIntOn) refers to test.o(.text.setUp) for setUp
    test.o(.text.test_customConvRateIntOn) refers to test.o(.data.senzor) for senzor
    test.o(.text.test_customConvRateIntOn) refers to tmp006.o(.text.tmp006_resetDevice) for tmp006_resetDevice
    test.o(.text.test_customConvRateIntOn) refers to tmp006.o(.text.tmp006_configConvRate) for tmp006_configConvRate
    test.o(.text.test_customConvRateIntOn) refers to tmp006.o(.text.tmp006_drdyPinConfig) for tmp006_drdyPinConfig
    test.o(.text.test_customConvRateIntOn) refers to test.o(.text.conversionRateToFloat) for conversionRateToFloat
    test.o(.text.test_customConvRateIntOn) refers to test.o(.bss.msCounter) for msCounter
    test.o(.text.test_customConvRateIntOn) refers to dflt_clz.o(x$fpl$dfltu) for __aeabi_ui2d
    test.o(.text.test_customConvRateIntOn) refers to f2d.o(x$fpl$f2d) for __aeabi_f2d
    test.o(.text.test_customConvRateIntOn) refers to daddsub_clz.o(x$fpl$dadd) for __aeabi_dadd
    test.o(.text.test_customConvRateIntOn) refers to dmul.o(x$fpl$dmul) for __aeabi_dmul
    test.o(.text.test_customConvRateIntOn) refers to dcmp.o(x$fpl$fcmp) for __aeabi_dcmple
    test.o(.text.test_customConvRateIntOn) refers to test.o(.bss.resultCounter) for resultCounter
    test.o(.text.test_customConvRateIntOn) refers to test.o(.text.checkTemperatureValue) for checkTemperatureValue
    test.o(.ARM.exidx.text.test_customConvRateIntOn) refers to test.o(.text.test_customConvRateIntOn) for [Anonymous Symbol]
    test.o(.text.test_customConvRateIntOff) refers to test.o(.text.setUp) for setUp
    test.o(.text.test_customConvRateIntOff) refers to test.o(.data.senzor) for senzor
    test.o(.text.test_customConvRateIntOff) refers to tmp006.o(.text.tmp006_resetDevice) for tmp006_resetDevice
    test.o(.text.test_customConvRateIntOff) refers to tmp006.o(.text.tmp006_configConvRate) for tmp006_configConvRate
    test.o(.text.test_customConvRateIntOff) refers to tmp006.o(.text.tmp006_drdyPinConfig) for tmp006_drdyPinConfig
    test.o(.text.test_customConvRateIntOff) refers to test.o(.text.conversionRateToFloat) for conversionRateToFloat
    test.o(.text.test_customConvRateIntOff) refers to test.o(.bss.msCounter) for msCounter
    test.o(.text.test_customConvRateIntOff) refers to dflt_clz.o(x$fpl$dfltu) for __aeabi_ui2d
    test.o(.text.test_customConvRateIntOff) refers to f2d.o(x$fpl$f2d) for __aeabi_f2d
[...]

Image Symbol Table

    Local Symbols

    Symbol Name                              Value     Ov Type        Size  Object(Section)

    ../clib/angel/boardlib.s                 0x00000000   Number         0  boardinit1.o ABSOLUTE
    ../clib/angel/boardlib.s                 0x00000000   Number         0  boardinit2.o ABSOLUTE
    ../clib/angel/boardlib.s                 0x00000000   Number         0  boardinit3.o ABSOLUTE
    ../clib/angel/boardlib.s                 0x00000000   Number         0  boardshut.o ABSOLUTE
    ../clib/angel/dczerorl.s                 0x00000000   Number         0  __dczerorl.o ABSOLUTE
    ../clib/angel/handlers.s                 0x00000000   Number         0  __scatter_zi.o ABSOLUTE
    ../clib/angel/kernel.s                   0x00000000   Number         0  __rtentry.o ABSOLUTE
    ../clib/angel/kernel.s                   0x00000000   Number         0  __rtentry2.o ABSOLUTE
    ../clib/angel/kernel.s                   0x00000000   Number         0  __rtentry4.o ABSOLUTE
    ../clib/angel/kernel.s                   0x00000000   Number         0  __rtentry5.o ABSOLUTE
    ../clib/angel/kernel.s                   0x00000000   Number         0  rtexit.o ABSOLUTE
    ../clib/angel/kernel.s                   0x00000000   Number         0  rtexit2.o ABSOLUTE
    ../clib/angel/rt.s                       0x00000000   Number         0  rt_raise.o ABSOLUTE
    ../clib/angel/scatter.s                  0x00000000   Number         0  __scatter.o ABSOLUTE
    ../clib/angel/startup.s                  0x00000000   Number         0  __main.o ABSOLUTE
    ../clib/angel/sys.s                      0x00000000   Number         0  sys_stackheap_outer.o ABSOLUTE
    ../clib/angel/sys.s                      0x00000000   Number         0  libspace.o ABSOLUTE
    ../clib/angel/sys.s                      0x00000000   Number         0  sys_stackheap.o ABSOLUTE
    ../clib/angel/sys.s                      0x00000000   Number         0  sys_stackheap_hlt.o ABSOLUTE
    ../clib/angel/sys.s                      0x00000000   Number         0  use_no_semi.o ABSOLUTE
    ../clib/angel/sys.s                      0x00000000   Number         0  indicate_semi.o ABSOLUTE
    ../clib/angel/sysapp.c                   0x00000000   Number         0  sys_exit.o ABSOLUTE
    ../clib/angel/sysapp.c                   0x00000000   Number         0  sys_exit_hlt.o ABSOLUTE
    ../clib/angel/sysapp.c                   0x00000000   Number         0  sys_command.o ABSOLUTE
    ../clib/angel/sysapp.c                   0x00000000   Number         0  sys_command_hlt.o ABSOLUTE
    ../clib/angel/sysapp.c                   0x00000000   Number         0  sys_wrch.o ABSOLUTE
    ../clib/angel/sysapp.c                   0x00000000   Number         0  sys_wrch_hlt.o ABSOLUTE
    ../clib/armsys.c                         0x00000000   Number         0  argv_veneer.o ABSOLUTE
    ../clib/armsys.c                         0x00000000   Number         0  argv_veneer.o ABSOLUTE
    ../clib/armsys.c                         0x00000000   Number         0  _get_argv_nomalloc.o ABSOLUTE
    ../clib/armsys.c                         0x00000000   Number         0  no_argv.o ABSOLUTE
    ../clib/heapalloc.c                      0x00000000   Number         0  hrguard.o ABSOLUTE
    ../clib/libinit.s                        0x00000000   Number         0  libinit.o ABSOLUTE
    ../clib/libinit.s                        0x00000000   Number         0  libinit2.o ABSOLUTE
    ../clib/libinit.s                        0x00000000   Number         0  libinit3.o ABSOLUTE
    ../clib/libinit.s                        0x00000000   Number         0  libshutdown.o ABSOLUTE
    ../clib/libinit.s                        0x00000000   Number         0  libshutdown2.o ABSOLUTE
    ../clib/memcpset.s                       0x00000000   Number         0  aeabi_memset.o ABSOLUTE
    ../clib/memcpset.s                       0x00000000   Number         0  rt_memclr.o ABSOLUTE
    ../clib/memcpset.s                       0x00000000   Number         0  rt_memclr_w.o ABSOLUTE
    ../clib/signal.c                         0x00000000   Number         0  defsig_rtmem_outer.o ABSOLUTE
    ../clib/signal.c                         0x00000000   Number         0  defsig_rtmem_formal.o ABSOLUTE
    ../clib/signal.c                         0x00000000   Number         0  defsig_exit.o ABSOLUTE
    ../clib/signal.c                         0x00000000   Number         0  defsig_rtmem_inner.o ABSOLUTE
    ../clib/signal.c                         0x00000000   Number         0  __raise.o ABSOLUTE
    ../clib/signal.c                         0x00000000   Number         0  defsig_general.o ABSOLUTE
    ../clib/signal.c                         0x00000000   Number         0  defsig_abrt_inner.o ABSOLUTE
    ../clib/signal.c                         0x00000000   Number         0  defsig_fpe_inner.o ABSOLUTE
    ../clib/signal.c                         0x00000000   Number         0  defsig_rtred_inner.o ABSOLUTE
    ../clib/signal.c                         0x00000000   Number         0  defsig_stak_inner.o ABSOLUTE
    ../clib/signal.c                         0x00000000   Number         0  defsig_pvfn_inner.o ABSOLUTE
    ../clib/signal.c                         0x00000000   Number         0  defsig_cppl_inner.o ABSOLUTE
    ../clib/signal.c                         0x00000000   Number         0  defsig_segv_inner.o ABSOLUTE
    ../clib/signal.c                         0x00000000   Number         0  defsig_other.o ABSOLUTE
    ../clib/signal.s                         0x00000000   Number         0  defsig.o ABSOLUTE
    ../clib/stdlib.c                         0x00000000   Number         0  exit.o ABSOLUTE
    ../fplib/daddsub.s                       0x00000000   Number         0  daddsub_clz.o ABSOLUTE
    ../fplib/dcmp.s                          0x00000000   Number         0  dcmp.o ABSOLUTE
    ../fplib/dcmpi.s                         0x00000000   Number         0  dcmpi.o ABSOLUTE
    ../fplib/deqf.s                          0x00000000   Number         0  deqf.o ABSOLUTE
    ../fplib/dflt.s                          0x00000000   Number         0  dflt_clz.o ABSOLUTE
    ../fplib/dgeqf.s                         0x00000000   Number         0  dgeqf.o ABSOLUTE
    ../fplib/dleqf.s                         0x00000000   Number         0  dleqf.o ABSOLUTE
    ../fplib/dmul.s                          0x00000000   Number         0  dmul.o ABSOLUTE
    ../fplib/dnaninf.s                       0x00000000   Number         0  dnaninf.o ABSOLUTE
    ../fplib/dretinf.s                       0x00000000   Number         0  dretinf.o ABSOLUTE
    ../fplib/f2d.s                           0x00000000   Number         0  f2d.o ABSOLUTE
    ../fplib/fnaninf.s                       0x00000000   Number         0  fnaninf.o ABSOLUTE
    ../fplib/fpinit.s                        0x00000000   Number         0  fpinit.o ABSOLUTE
    ../fplib/usenofp.s                       0x00000000   Number         0  usenofp.o ABSOLUTE
    RTE/Device/TM4C123GH6PM/startup_TM4C123.s 0x00000000   Number         0  startup_tm4c123.o ABSOLUTE
    cpu.c                                    0x00000000   Number         0  cpu.o ABSOLUTE
    cpu.c                                    0x00000000   Number         0  cpu.o ABSOLUTE
    dc.s                                     0x00000000   Number         0  dc.o ABSOLUTE
    gpio.c                                   0x00000000   Number         0  gpio.o ABSOLUTE
    i2c.c                                    0x00000000   Number         0  i2c.o ABSOLUTE
    interrupt.c                              0x00000000   Number         0  interrupt.o ABSOLUTE
    main.c                                   0x00000000   Number         0  main.o ABSOLUTE
    platform_tm4c.c                          0x00000000   Number         0  platform_tm4c.o ABSOLUTE
    sysctl.c                                 0x00000000   Number         0  sysctl.o ABSOLUTE
    sysctl.c                                 0x00000000   Number         0  sysctl.o ABSOLUTE
    system_TM4C123.c                         0x00000000   Number         0  system_tm4c123.o ABSOLUTE
    test.c                                   0x00000000   Number         0  test.o ABSOLUTE
    timer.c                                  0x00000000   Number         0  timer.o ABSOLUTE
    tm4c_init.c                              0x00000000   Number         0  tm4c_init.o ABSOLUTE
    tmp006.c                                 0x00000000   Number         0  tmp006.o ABSOLUTE
    uart.c                                   0x00000000   Number         0  uart.o ABSOLUTE
    uartstdio.c                              0x00000000   Number         0  uartstdio.o ABSOLUTE
    RESET                                    0x00000000   Section      620  startup_tm4c123.o(RESET)
    !!!main                                  0x0000026c   Section        8  __main.o(!!!main)
    !!!scatter                               0x00000274   Section       52  __scatter.o(!!!scatter)
    !!dczerorl                               0x000002a8   Section       58  __dczerorl.o(!!dczerorl)
    !!handler_zi                             0x000002e4   Section       28  __scatter_zi.o(!!handler_zi)
    .ARM.Collect$$libinit$$00000000          0x00000300   Section        2  libinit.o(.ARM.Collect$$libinit$$00000000)
    .ARM.Collect$$libinit$$00000001          0x00000302   Section        4  libinit2.o(.ARM.Collect$$libinit$$00000001)
    .ARM.Collect$$libinit$$00000004          0x00000306   Section        0  libinit2.o(.ARM.Collect$$libinit$$00000004)
    .ARM.Collect$$libinit$$0000000A          0x00000306   Section        0  libinit2.o(.ARM.Collect$$libinit$$0000000A)
    .ARM.Collect$$libinit$$0000000C          0x00000306   Section        0  libinit2.o(.ARM.Collect$$libinit$$0000000C)
    .ARM.Collect$$libinit$$0000000E          0x00000306   Section        0  libinit2.o(.ARM.Collect$$libinit$$0000000E)
    .ARM.Collect$$libinit$$00000011          0x00000306   Section        0  libinit2.o(.ARM.Collect$$libinit$$00000011)
    .ARM.Collect$$libinit$$00000013          0x00000306   Section        0  libinit2.o(.ARM.Collect$$libinit$$00000013)
    .ARM.Collect$$libinit$$00000015          0x00000306   Section        0  libinit2.o(.ARM.Collect$$libinit$$00000015)
    .ARM.Collect$$libinit$$00000017          0x00000306   Section        0  libinit2.o(.ARM.Collect$$libinit$$00000017)
    .ARM.Collect$$libinit$$00000019          0x00000306   Section        0  libinit2.o(.ARM.Collect$$libinit$$00000019)
    .ARM.Collect$$libinit$$0000001B          0x00000306   Section        0  libinit2.o(.ARM.Collect$$libinit$$0000001B)
    .ARM.Collect$$libinit$$0000001D          0x00000306   Section        0  libinit2.o(.ARM.Collect$$libinit$$0000001D)
    .ARM.Collect$$libinit$$0000001F          0x00000306   Section        0  libinit2.o(.ARM.Collect$$libinit$$0000001F)
    .ARM.Collect$$libinit$$00000021          0x00000306   Section        0  libinit2.o(.ARM.Collect$$libinit$$00000021)
    .ARM.Collect$$libinit$$00000023          0x00000306   Section        0  libinit2.o(.ARM.Collect$$libinit$$00000023)
    .ARM.Collect$$libinit$$00000025          0x00000306   Section        0  libinit2.o(.ARM.Collect$$libinit$$00000025)
    .ARM.Collect$$libinit$$0000002C          0x00000306   Section        0  libinit2.o(.ARM.Collect$$libinit$$0000002C)
    .ARM.Collect$$libinit$$0000002E          0x00000306   Section        0  libinit2.o(.ARM.Collect$$libinit$$0000002E)
    .ARM.Collect$$libinit$$00000030          0x00000306   Section        0  libinit2.o(.ARM.Collect$$libinit$$00000030)
    .ARM.Collect$$libinit$$00000032          0x00000306   Section        0  libinit2.o(.ARM.Collect$$libinit$$00000032)
    .ARM.Collect$$libinit$$00000033          0x00000306   Section        2  libinit2.o(.ARM.Collect$$libinit$$00000033)
    .ARM.Collect$$libshutdown$$00000000      0x00000308   Section        2  libshutdown.o(.ARM.Collect$$libshutdown$$00000000)
    .ARM.Collect$$libshutdown$$00000002      0x0000030a   Section        0  libshutdown2.o(.ARM.Collect$$libshutdown$$00000002)
    .ARM.Collect$$libshutdown$$00000004      0x0000030a   Section        0  libshutdown2.o(.ARM.Collect$$libshutdown$$00000004)
    .ARM.Collect$$libshutdown$$00000007      0x0000030a   Section        0  libshutdown2.o(.ARM.Collect$$libshutdown$$00000007)
    .ARM.Collect$$libshutdown$$0000000A      0x0000030a   Section        0  libshutdown2.o(.ARM.Collect$$libshutdown$$0000000A)
    .ARM.Collect$$libshutdown$$0000000C      0x0000030a   Section        0  libshutdown2.o(.ARM.Collect$$libshutdown$$0000000C)
    .ARM.Collect$$libshutdown$$0000000F      0x0000030a   Section        0  libshutdown2.o(.ARM.Collect$$libshutdown$$0000000F)
    .ARM.Collect$$libshutdown$$00000010      0x0000030a   Section        2  libshutdown2.o(.ARM.Collect$$libshutdown$$00000010)
    .ARM.Collect$$rtentry$$00000000          0x0000030c   Section        0  __rtentry.o(.ARM.Collect$$rtentry$$00000000)
    .ARM.Collect$$rtentry$$00000002          0x0000030c   Section        0  __rtentry2.o(.ARM.Collect$$rtentry$$00000002)
    .ARM.Collect$$rtentry$$00000005          0x0000030c   Section        4  __rtentry5.o(.ARM.Collect$$rtentry$$00000005)
    .ARM.Collect$$rtentry$$00000009          0x00000310   Section        0  __rtentry2.o(.ARM.Collect$$rtentry$$00000009)
    .ARM.Collect$$rtentry$$0000000A          0x00000310   Section        4  __rtentry2.o(.ARM.Collect$$rtentry$$0000000A)
    .ARM.Collect$$rtentry$$0000000C          0x00000314   Section        0  __rtentry2.o(.ARM.Collect$$rtentry$$0000000C)
    .ARM.Collect$$rtentry$$0000000D          0x00000314   Section        8  __rtentry2.o(.ARM.Collect$$rtentry$$0000000D)
    __lit__00000000                          0x0000031c   Data           4  __rtentry5.o(.ARM.Collect$$rtentry$$00002716)
    .ARM.Collect$$rtentry$$00002716          0x0000031c   Section        4  __rtentry5.o(.ARM.Collect$$rtentry$$00002716)
    .ARM.Collect$$rtexit$$00000000           0x00000320   Section        2  rtexit.o(.ARM.Collect$$rtexit$$00000000)
    .ARM.Collect$$rtexit$$00000002           0x00000322   Section        0  rtexit2.o(.ARM.Collect$$rtexit$$00000002)
    .ARM.Collect$$rtexit$$00000003           0x00000322   Section        4  rtexit2.o(.ARM.Collect$$rtexit$$00000003)
    .ARM.Collect$$rtexit$$00000004           0x00000326   Section        6  rtexit2.o(.ARM.Collect$$rtexit$$00000004)
    $v0                                      0x0000032c   Number         0  sysctl.o(.emb_text)
    .emb_text                                0x0000032c   Section        6  sysctl.o(.emb_text)
    $v0                                      0x00000334   Number         0  startup_tm4c123.o(.text)
    .text                                    0x00000334   Section      252  startup_tm4c123.o(.text)
    .text                                    0x00000430   Section       16  aeabi_memset.o(.text)
    .text                                    0x00000440   Section       68  rt_memclr.o(.text)
    .text                                    0x00000484   Section       78  rt_memclr_w.o(.text)
    .text                                    0x000004d2   Section        0  exit.o(.text)
    .text                                    0x000004e4   Section        2  use_no_semi.o(.text)
    .text                                    0x000004e6   Section        0  indicate_semi.o(.text)
    .text                                    0x000004e8   Section        0  sys_exit.o(.text)
    [Anonymous Symbol]                       0x000004f4   Section        0  system_tm4c123.o(.text.SystemInit)
    [Anonymous Symbol]                       0x00000508   Section        0  uartstdio.o(.text.UARTStdioConfig)
    g_ui32UARTPeriph                         0x0000054c   Number         0  uartstdio.o(.text.UARTStdioConfig)
    g_ui32UARTBase                           0x00000558   Number         0  uartstdio.o(.text.UARTStdioConfig)
    [Anonymous Symbol]                       0x00000564   Section        0  uartstdio.o(.text.UARTprintf)
    [Anonymous Symbol]                       0x00000584   Section        0  uartstdio.o(.text.UARTvprintf)
    [Anonymous Symbol]                       0x0000083c   Section        0  uartstdio.o(.text.UARTwrite)
    checkConfigReg                           0x00000885   Thumb Code    56  test.o(.text.checkConfigReg)
    [Anonymous Symbol]                       0x00000884   Section        0  test.o(.text.checkConfigReg)
    checkTemperatureValue                    0x000008bd   Thumb Code   140  test.o(.text.checkTemperatureValue)
    [Anonymous Symbol]                       0x000008bc   Section        0  test.o(.text.checkTemperatureValue)
    conversionRateToFloat                    0x00000949   Thumb Code    40  test.o(.text.conversionRateToFloat)
    [Anonymous Symbol]                       0x00000948   Section        0  test.o(.text.conversionRateToFloat)
    [Anonymous Symbol]                       0x00000970   Section        0  tm4c_init.o(.text.enablePeripheralsClock)
    [Anonymous Symbol]                       0x0000099c   Section        0  platform_tm4c.o(.text.hal_configure1msInterrupt)
    [Anonymous Symbol]                       0x000009b8   Section        0  platform_tm4c.o(.text.hal_configureInterruptPin)
    [Anonymous Symbol]                       0x000009d4   Section        0  platform_tm4c.o(.text.hal_i2cRead)
    [Anonymous Symbol]                       0x000009dc   Section        0  platform_tm4c.o(.text.hal_i2cWrite)
    [Anonymous Symbol]                       0x000009e4   Section        0  platform_tm4c.o(.text.hal_init)
    [Anonymous Symbol]                       0x000009fc   Section        0  tm4c_init.o(.text.i2cRead)
    [Anonymous Symbol]                       0x00000a88   Section        0  tm4c_init.o(.text.i2cWrite)
    [Anonymous Symbol]                       0x00000af4   Section        0  tm4c_init.o(.text.initI2c)
    [Anonymous Symbol]                       0x00000b70   Section        0  tm4c_init.o(.text.initPorts)
    [Anonymous Symbol]                       0x00000bb8   Section        0  tm4c_init.o(.text.initSystemClock_40MHz)
    [Anonymous Symbol]                       0x00000bc8   Section        0  tm4c_init.o(.text.initTimer1mSec)
    [Anonymous Symbol]                       0x00000c1c   Section        0  tm4c_init.o(.text.initUartPrintf)
    interruptPinHandler                      0x00000c49   Thumb Code    26  platform_tm4c.o(.text.interruptPinHandler)
    [Anonymous Symbol]                       0x00000c48   Section        0  platform_tm4c.o(.text.interruptPinHandler)
    [Anonymous Symbol]                       0x00000c64   Section        0  main.o(.text.main)
    pinInterruptHandler                      0x00000c79   Thumb Code    28  test.o(.text.pinInterruptHandler)
    [Anonymous Symbol]                       0x00000c78   Section        0  test.o(.text.pinInterruptHandler)
    setI2cAddress                            0x00000c95   Thumb Code    72  tmp006.o(.text.setI2cAddress)
    [Anonymous Symbol]                       0x00000c94   Section        0  tmp006.o(.text.setI2cAddress)
    setUp                                    0x00000cdd   Thumb Code    34  test.o(.text.setUp)
    [Anonymous Symbol]                       0x00000cdc   Section        0  test.o(.text.setUp)
    test_customConvRateIntOff                0x00000d01   Thumb Code   272  test.o(.text.test_customConvRateIntOff)
    [Anonymous Symbol]                       0x00000d00   Section        0  test.o(.text.test_customConvRateIntOff)
    test_customConvRateIntOn                 0x00000e11   Thumb Code   224  test.o(.text.test_customConvRateIntOn)
    [Anonymous Symbol]                       0x00000e10   Section        0  test.o(.text.test_customConvRateIntOn)
    [Anonymous Symbol]                       0x00000ef0   Section        0  test.o(.text.test_init)
    test_powerDownModeIntOff                 0x00000f0d   Thumb Code    92  test.o(.text.test_powerDownModeIntOff)
    [Anonymous Symbol]                       0x00000f0c   Section        0  test.o(.text.test_powerDownModeIntOff)
    test_powerDownModeIntOn                  0x00000f69   Thumb Code    78  test.o(.text.test_powerDownModeIntOn)
    [Anonymous Symbol]                       0x00000f68   Section        0  test.o(.text.test_powerDownModeIntOn)
    test_readManufId                         0x00000fb9   Thumb Code    44  test.o(.text.test_readManufId)
    [Anonymous Symbol]                       0x00000fb8   Section        0  test.o(.text.test_readManufId)
    [Anonymous Symbol]                       0x00000fe4   Section        0  test.o(.text.test_run)
    test_writeIntoConfig                     0x0000126d   Thumb Code   188  test.o(.text.test_writeIntoConfig)
    [Anonymous Symbol]                       0x0000126c   Section        0  test.o(.text.test_writeIntoConfig)
    timerHandler                             0x00001329   Thumb Code    16  test.o(.text.timerHandler)
    [Anonymous Symbol]                       0x00001328   Section        0  test.o(.text.timerHandler)
    timerHandler                             0x00001339   Thumb Code    28  platform_tm4c.o(.text.timerHandler)
    [Anonymous Symbol]                       0x00001338   Section        0  platform_tm4c.o(.text.timerHandler)
    [Anonymous Symbol]                       0x00001354   Section        0  tmp006.o(.text.tmp006_configConvRate)
    [Anonymous Symbol]                       0x0000139c   Section        0  tmp006.o(.text.tmp006_drdyPinConfig)
    [Anonymous Symbol]                       0x000013e4   Section        0  tmp006.o(.text.tmp006_init)
    [Anonymous Symbol]                       0x00001400   Section        0  tmp006.o(.text.tmp006_isResultReady)
    [Anonymous Symbol]                       0x00001430   Section        0  tmp006.o(.text.tmp006_operationMode)
    [Anonymous Symbol]                       0x00001478   Section        0  tmp006.o(.text.tmp006_read)
    [Anonymous Symbol]                       0x000014b4   Section        0  tmp006.o(.text.tmp006_readTemp)
    [Anonymous Symbol]                       0x000014dc   Section        0  tmp006.o(.text.tmp006_resetDevice)
    [Anonymous Symbol]                       0x00001500   Section        0  tmp006.o(.text.tmp006_write)
    i.GPIODirModeSet                         0x00001538   Section        0  gpio.o(i.GPIODirModeSet)
    i.GPIOIntClear                           0x0000156a   Section        0  gpio.o(i.GPIOIntClear)
    i.GPIOIntEnable                          0x00001570   Section        0  gpio.o(i.GPIOIntEnable)
    i.GPIOIntRegister                        0x0000157c   Section        0  gpio.o(i.GPIOIntRegister)
    i.GPIOIntTypeSet                         0x0000159a   Section        0  gpio.o(i.GPIOIntTypeSet)
    i.GPIOPadConfigSet                       0x00001600   Section        0  gpio.o(i.GPIOPadConfigSet)
    i.GPIOPinConfigure                       0x0000178c   Section        0  gpio.o(i.GPIOPinConfigure)
    i.GPIOPinTypeGPIOInput                   0x000017dc   Section        0  gpio.o(i.GPIOPinTypeGPIOInput)
    i.GPIOPinTypeGPIOOutput                  0x000017fa   Section        0  gpio.o(i.GPIOPinTypeGPIOOutput)
    i.GPIOPinTypeI2C                         0x00001818   Section        0  gpio.o(i.GPIOPinTypeI2C)
    i.GPIOPinTypeI2CSCL                      0x00001836   Section        0  gpio.o(i.GPIOPinTypeI2CSCL)
    i.GPIOPinTypeUART                        0x00001854   Section        0  gpio.o(i.GPIOPinTypeUART)
    i.GPIOUnlockPin                          0x00001874   Section        0  gpio.o(i.GPIOUnlockPin)
    i.I2CMasterBusy                          0x0000188c   Section        0  i2c.o(i.I2CMasterBusy)
    i.I2CMasterControl                       0x0000189e   Section        0  i2c.o(i.I2CMasterControl)
    i.I2CMasterDataGet                       0x000018a2   Section        0  i2c.o(i.I2CMasterDataGet)
    i.I2CMasterDataPut                       0x000018a8   Section        0  i2c.o(i.I2CMasterDataPut)
    i.I2CMasterEnable                        0x000018ac   Section        0  i2c.o(i.I2CMasterEnable)
    i.I2CMasterInitExpClk                    0x000018b8   Section        0  i2c.o(i.I2CMasterInitExpClk)
    i.I2CMasterSlaveAddrSet                  0x00001914   Section        0  i2c.o(i.I2CMasterSlaveAddrSet)
    i.IntEnable                              0x0000191c   Section        0  interrupt.o(i.IntEnable)
    i.IntRegister                            0x00001990   Section        0  interrupt.o(i.IntRegister)
    i.SysCtlClockGet                         0x000019cc   Section        0  sysctl.o(i.SysCtlClockGet)
    i.SysCtlClockSet                         0x00001b38   Section        0  sysctl.o(i.SysCtlClockSet)
    i.SysCtlPeripheralEnable                 0x00001c64   Section        0  sysctl.o(i.SysCtlPeripheralEnable)
    i.SysCtlPeripheralPresent                0x00001c98   Section        0  sysctl.o(i.SysCtlPeripheralPresent)
    i.SysCtlPeripheralReady                  0x00001cd0   Section        0  sysctl.o(i.SysCtlPeripheralReady)
    i.SysCtlPeripheralReset                  0x00001d08   Section        0  sysctl.o(i.SysCtlPeripheralReset)
    i.TimerConfigure                         0x00001d78   Section        0  timer.o(i.TimerConfigure)
    i.TimerEnable                            0x00001dd8   Section        0  timer.o(i.TimerEnable)
    i.TimerIntClear                          0x00001de6   Section        0  timer.o(i.TimerIntClear)
    i.TimerIntEnable                         0x00001dea   Section        0  timer.o(i.TimerIntEnable)
    i.TimerIntRegister                       0x00001df2   Section        0  timer.o(i.TimerIntRegister)
    i.TimerLoadSet                           0x00001e18   Section        0  timer.o(i.TimerLoadSet)
    i.UARTCharPut                            0x00001e28   Section        0  uart.o(i.UARTCharPut)
    i.UARTConfigSetExpClk                    0x00001e38   Section        0  uart.o(i.UARTConfigSetExpClk)
    i.UARTDisable                            0x00001e84   Section        0  uart.o(i.UARTDisable)
    i.UARTEnable                             0x00001ea4   Section        0  uart.o(i.UARTEnable)
    _GPIOIntNumberGet                        0x00001eb9   Thumb Code    56  gpio.o(i._GPIOIntNumberGet)
    i._GPIOIntNumberGet                      0x00001eb8   Section        0  gpio.o(i._GPIOIntNumberGet)
    _TimerIntNumberGet                       0x00001f05   Thumb Code    68  timer.o(i._TimerIntNumberGet)
    i._TimerIntNumberGet                     0x00001f04   Section        0  timer.o(i._TimerIntNumberGet)
    $v0                                      0x00001f5c   Number         0  daddsub_clz.o(x$fpl$dadd)
    x$fpl$dadd                               0x00001f5c   Section      336  daddsub_clz.o(x$fpl$dadd)
    _dadd1                                   0x00001f6d   Thumb Code     0  daddsub_clz.o(x$fpl$dadd)
    $v0                                      0x000020ac   Number         0  dcmpi.o(x$fpl$dcmpinf)
    x$fpl$dcmpinf                            0x000020ac   Section       24  dcmpi.o(x$fpl$dcmpinf)
    $v0                                      0x000020c4   Number         0  deqf.o(x$fpl$deqf)
    x$fpl$deqf                               0x000020c4   Section      120  deqf.o(x$fpl$deqf)
    $v0                                      0x0000213c   Number         0  dflt_clz.o(x$fpl$dfltu)
    x$fpl$dfltu                              0x0000213c   Section       38  dflt_clz.o(x$fpl$dfltu)
    $v0                                      0x00002164   Number         0  dgeqf.o(x$fpl$dgeqf)
    x$fpl$dgeqf                              0x00002164   Section      120  dgeqf.o(x$fpl$dgeqf)
    $v0                                      0x000021dc   Number         0  dleqf.o(x$fpl$dleqf)
    x$fpl$dleqf                              0x000021dc   Section      120  dleqf.o(x$fpl$dleqf)
    $v0                                      0x00002254   Number         0  dmul.o(x$fpl$dmul)
    x$fpl$dmul                               0x00002254   Section      340  dmul.o(x$fpl$dmul)
    $v0                                      0x000023a8   Number         0  dnaninf.o(x$fpl$dnaninf)
    x$fpl$dnaninf                            0x000023a8   Section      156  dnaninf.o(x$fpl$dnaninf)
    $v0                                      0x00002444   Number         0  dretinf.o(x$fpl$dretinf)
    x$fpl$dretinf                            0x00002444   Section       12  dretinf.o(x$fpl$dretinf)
    $v0                                      0x00002450   Number         0  daddsub_clz.o(x$fpl$dsub)
    x$fpl$dsub                               0x00002450   Section      468  daddsub_clz.o(x$fpl$dsub)
    _dsub1                                   0x00002461   Thumb Code     0  daddsub_clz.o(x$fpl$dsub)
    $v0                                      0x00002624   Number         0  f2d.o(x$fpl$f2d)
    x$fpl$f2d                                0x00002624   Section       86  f2d.o(x$fpl$f2d)
    $v0                                      0x0000267a   Number         0  dcmp.o(x$fpl$fcmp)
    x$fpl$fcmp                               0x0000267a   Section       84  dcmp.o(x$fpl$fcmp)
    $v0                                      0x000026ce   Number         0  fnaninf.o(x$fpl$fnaninf)
    x$fpl$fnaninf                            0x000026ce   Section      140  fnaninf.o(x$fpl$fnaninf)
    $v0                                      0x0000275a   Number         0  fpinit.o(x$fpl$fpinit)
    x$fpl$fpinit                             0x0000275a   Section       26  fpinit.o(x$fpl$fpinit)
    g_ppui32GPIOIntMapBlizzard               0x00002774   Data         192  gpio.o(.constdata)
    .constdata                               0x00002774   Section      552  gpio.o(.constdata)
    x$fpl$usenofp                            0x00002774   Section        0  usenofp.o(x$fpl$usenofp)
    g_ppui32GPIOIntMapSnowflake              0x00002834   Data         216  gpio.o(.constdata)
    g_pui32GPIOBaseAddrs                     0x0000290c   Data         144  gpio.o(.constdata)
    g_pui32Xtals                             0x0000299c   Data         108  sysctl.o(.constdata)
    .constdata                               0x0000299c   Section      596  sysctl.o(.constdata)
    g_pppui32XTALtoVCO                       0x00002a08   Data         432  sysctl.o(.constdata)
    g_sXTALtoMEMTIM                          0x00002bb8   Data          48  sysctl.o(.constdata)
    g_pui32VCOFrequencies                    0x00002be8   Data           8  sysctl.o(.constdata)
    g_ppui32TimerIntMap                      0x00002bf0   Data          96  timer.o(.constdata)
    .constdata                               0x00002bf0   Section      160  timer.o(.constdata)
    g_ppui32TimerIntMapSnowflake             0x00002c50   Data          64  timer.o(.constdata)
    g_pui32Priority                          0x00002c90   Data          32  interrupt.o(.constdata)
    .constdata                               0x00002c90   Section      268  interrupt.o(.constdata)
    g_pui32Regs                              0x00002cb0   Data         156  interrupt.o(.constdata)
    g_pui32EnRegs                            0x00002d4c   Data          20  interrupt.o(.constdata)
    g_pui32Dii16Regs                         0x00002d60   Data          20  interrupt.o(.constdata)
    g_pui32PendRegs                          0x00002d74   Data          20  interrupt.o(.constdata)
    g_pui32UnpendRegs                        0x00002d88   Data          20  interrupt.o(.constdata)
    .L.str.4                                 0x00002d9c   Data          11  test.o(.rodata.str1.1)
    [Anonymous Symbol]                       0x00002d9c   Section        0  test.o(.rodata.str1.1)
    .L.str.3                                 0x00002da7   Data          11  test.o(.rodata.str1.1)
    .L.str                                   0x00002db2   Data          13  test.o(.rodata.str1.1)
    .L.str.6                                 0x00002dbf   Data          65  test.o(.rodata.str1.1)
    .L.str.7                                 0x00002e00   Data          65  test.o(.rodata.str1.1)
    .L.str.8                                 0x00002e41   Data          65  test.o(.rodata.str1.1)
    .L.str.9                                 0x00002e82   Data          67  test.o(.rodata.str1.1)
    .L.str.10                                0x00002ec5   Data          68  test.o(.rodata.str1.1)
    .L.str.11                                0x00002f09   Data          66  test.o(.rodata.str1.1)
    .L.str.12                                0x00002f4b   Data          66  test.o(.rodata.str1.1)
    .L.str.13                                0x00002f8d   Data          66  test.o(.rodata.str1.1)
    .L.str.14                                0x00002fcf   Data          68  test.o(.rodata.str1.1)
    .L.str.15                                0x00003013   Data          69  test.o(.rodata.str1.1)
    .L.str.2                                 0x00003058   Data          21  test.o(.rodata.str1.1)
    .L.str.5                                 0x0000306d   Data          29  test.o(.rodata.str1.1)
    .L.str.1                                 0x0000308a   Data          14  test.o(.rodata.str1.1)
    senzor                                   0x20000000   Data          12  test.o(.data.senzor)
    [Anonymous Symbol]                       0x20000000   Section        0  test.o(.data.senzor)
    g_pfnRAMVectors                          0x20000400   Data         620  interrupt.o(vtable)
    vtable                                   0x20000400   Section      620  interrupt.o(vtable)
    g_ui32Base                               0x20000670   Data           4  uartstdio.o(.bss.g_ui32Base)
    [Anonymous Symbol]                       0x20000670   Section        0  uartstdio.o(.bss.g_ui32Base)
    interruptPinCallback                     0x20000674   Data           4  platform_tm4c.o(.bss.interruptPinCallback)
    [Anonymous Symbol]                       0x20000674   Section        0  platform_tm4c.o(.bss.interruptPinCallback)
    msCounter                                0x20000678   Data           4  test.o(.bss.msCounter)
    [Anonymous Symbol]                       0x20000678   Section        0  test.o(.bss.msCounter)
    resultCounter                            0x2000067c   Data           4  test.o(.bss.resultCounter)
    [Anonymous Symbol]                       0x2000067c   Section        0  test.o(.bss.resultCounter)
    resultReadyFlag                          0x20000680   Data           1  test.o(.bss.resultReadyFlag)
    [Anonymous Symbol]                       0x20000680   Section        0  test.o(.bss.resultReadyFlag)
    timerCallback                            0x20000684   Data           4  platform_tm4c.o(.bss.timerCallback)
    [Anonymous Symbol]                       0x20000684   Section        0  platform_tm4c.o(.bss.timerCallback)
    STACK                                    0x20000688   Section      512  startup_tm4c123.o(STACK)

    Global Symbols

    Symbol Name                              Value     Ov Type        Size  Object(Section)

    BuildAttributes$$THM_ISAv4$E$P$D$K$B$S$7EM$VFPi3$EXTD16$VFPS$VFMA$PE$A:L22UL41UL21$X:L11$S22US41US21$IEEE1$IW$~IW$USESV6$~STKCKD$USESV7$~SHL$OTIME$ROPI$EBA8$UX$STANDARDLIB$REQ8$PRES8$EABIv2 0x00000000   Number         0  anon$$obj.o ABSOLUTE
    __Vectors                                0x00000000   Data           4  startup_tm4c123.o(RESET)
    __ARM_exceptions_init                     - Undefined Weak Reference
    __alloca_initialize                       - Undefined Weak Reference
    __arm_preinit_                            - Undefined Weak Reference
    __cpp_initialize__aeabi_                  - Undefined Weak Reference
    __cxa_finalize                            - Undefined Weak Reference
    __rt_locale                               - Undefined Weak Reference
    __sigvec_lookup                           - Undefined Weak Reference
    _atexit_init                              - Undefined Weak Reference
    _call_atexit_fns                          - Undefined Weak Reference
    _clock_init                               - Undefined Weak Reference
    _fp_trap_init                             - Undefined Weak Reference
    _fp_trap_shutdown                         - Undefined Weak Reference
    _get_lc_collate                           - Undefined Weak Reference
    _get_lc_ctype                             - Undefined Weak Reference
    _get_lc_monetary                          - Undefined Weak Reference
    _get_lc_numeric                           - Undefined Weak Reference
    _get_lc_time                              - Undefined Weak Reference
    _getenv_init                              - Undefined Weak Reference
    _handle_redirection                       - Undefined Weak Reference
    _init_alloc                               - Undefined Weak Reference
    _init_user_alloc                          - Undefined Weak Reference
    _initio                                   - Undefined Weak Reference
    _rand_init                                - Undefined Weak Reference
    _signal_finish                            - Undefined Weak Reference
    _signal_init                              - Undefined Weak Reference
    _terminate_alloc                          - Undefined Weak Reference
    _terminate_user_alloc                     - Undefined Weak Reference
    _terminateio                              - Undefined Weak Reference
    __Vectors_End                            0x0000026c   Data           0  startup_tm4c123.o(RESET)
    __Vectors_Size                           0x0000026c   Number         0  startup_tm4c123.o ABSOLUTE
    __main                                   0x0000026d   Thumb Code     8  __main.o(!!!main)
    __scatterload                            0x00000275   Thumb Code     0  __scatter.o(!!!scatter)
    __scatterload_rt2                        0x00000275   Thumb Code    44  __scatter.o(!!!scatter)
    __scatterload_rt2_thumb_only             0x00000275   Thumb Code     0  __scatter.o(!!!scatter)
    __scatterload_null                       0x00000283   Thumb Code     0  __scatter.o(!!!scatter)
    __decompress                             0x000002a9   Thumb Code    58  __dczerorl.o(!!dczerorl)
    __decompress0                            0x000002a9   Thumb Code     0  __dczerorl.o(!!dczerorl)
    __scatterload_zeroinit                   0x000002e5   Thumb Code    28  __scatter_zi.o(!!handler_zi)
    __rt_lib_init                            0x00000301   Thumb Code     0  libinit.o(.ARM.Collect$$libinit$$00000000)
    __rt_lib_init_fp_1                       0x00000303   Thumb Code     0  libinit2.o(.ARM.Collect$$libinit$$00000001)
    __rt_lib_init_alloca_1                   0x00000307   Thumb Code     0  libinit2.o(.ARM.Collect$$libinit$$0000002E)
    __rt_lib_init_argv_1                     0x00000307   Thumb Code     0  libinit2.o(.ARM.Collect$$libinit$$0000002C)
    __rt_lib_init_atexit_1                   0x00000307   Thumb Code     0  libinit2.o(.ARM.Collect$$libinit$$0000001B)
    __rt_lib_init_clock_1                    0x00000307   Thumb Code     0  libinit2.o(.ARM.Collect$$libinit$$00000021)
    __rt_lib_init_cpp_1                      0x00000307   Thumb Code     0  libinit2.o(.ARM.Collect$$libinit$$00000032)
    __rt_lib_init_exceptions_1               0x00000307   Thumb Code     0  libinit2.o(.ARM.Collect$$libinit$$00000030)
    __rt_lib_init_fp_trap_1                  0x00000307   Thumb Code     0  libinit2.o(.ARM.Collect$$libinit$$0000001F)
    __rt_lib_init_getenv_1                   0x00000307   Thumb Code     0  libinit2.o(.ARM.Collect$$libinit$$00000023)
    __rt_lib_init_heap_1                     0x00000307   Thumb Code     0  libinit2.o(.ARM.Collect$$libinit$$0000000A)
    __rt_lib_init_lc_collate_1               0x00000307   Thumb Code     0  libinit2.o(.ARM.Collect$$libinit$$00000011)
    __rt_lib_init_lc_ctype_1                 0x00000307   Thumb Code     0  libinit2.o(.ARM.Collect$$libinit$$00000013)
    __rt_lib_init_lc_monetary_1              0x00000307   Thumb Code     0  libinit2.o(.ARM.Collect$$libinit$$00000015)
    __rt_lib_init_lc_numeric_1               0x00000307   Thumb Code     0  libinit2.o(.ARM.Collect$$libinit$$00000017)
    __rt_lib_init_lc_time_1                  0x00000307   Thumb Code     0  libinit2.o(.ARM.Collect$$libinit$$00000019)
    __rt_lib_init_preinit_1                  0x00000307   Thumb Code     0  libinit2.o(.ARM.Collect$$libinit$$00000004)
    __rt_lib_init_rand_1                     0x00000307   Thumb Code     0  libinit2.o(.ARM.Collect$$libinit$$0000000E)
    __rt_lib_init_return                     0x00000307   Thumb Code     0  libinit2.o(.ARM.Collect$$libinit$$00000033)
    __rt_lib_init_signal_1                   0x00000307   Thumb Code     0  libinit2.o(.ARM.Collect$$libinit$$0000001D)
    __rt_lib_init_stdio_1                    0x00000307   Thumb Code     0  libinit2.o(.ARM.Collect$$libinit$$00000025)
    __rt_lib_init_user_alloc_1               0x00000307   Thumb Code     0  libinit2.o(.ARM.Collect$$libinit$$0000000C)
    __rt_lib_shutdown                        0x00000309   Thumb Code     0  libshutdown.o(.ARM.Collect$$libshutdown$$00000000)
    __rt_lib_shutdown_cpp_1                  0x0000030b   Thumb Code     0  libshutdown2.o(.ARM.Collect$$libshutdown$$00000002)
    __rt_lib_shutdown_fp_trap_1              0x0000030b   Thumb Code     0  libshutdown2.o(.ARM.Collect$$libshutdown$$00000007)
    __rt_lib_shutdown_heap_1                 0x0000030b   Thumb Code     0  libshutdown2.o(.ARM.Collect$$libshutdown$$0000000F)
    __rt_lib_shutdown_return                 0x0000030b   Thumb Code     0  libshutdown2.o(.ARM.Collect$$libshutdown$$00000010)
    __rt_lib_shutdown_signal_1               0x0000030b   Thumb Code     0  libshutdown2.o(.ARM.Collect$$libshutdown$$0000000A)
    __rt_lib_shutdown_stdio_1                0x0000030b   Thumb Code     0  libshutdown2.o(.ARM.Collect$$libshutdown$$00000004)
    __rt_lib_shutdown_user_alloc_1           0x0000030b   Thumb Code     0  libshutdown2.o(.ARM.Collect$$libshutdown$$0000000C)
    __rt_entry                               0x0000030d   Thumb Code     0  __rtentry.o(.ARM.Collect$$rtentry$$00000000)
    __rt_entry_presh_1                       0x0000030d   Thumb Code     0  __rtentry2.o(.ARM.Collect$$rtentry$$00000002)
    __rt_entry_sh                            0x0000030d   Thumb Code     0  __rtentry5.o(.ARM.Collect$$rtentry$$00000005)
    __rt_entry_li                            0x00000311   Thumb Code     0  __rtentry2.o(.ARM.Collect$$rtentry$$0000000A)
    __rt_entry_postsh_1                      0x00000311   Thumb Code     0  __rtentry2.o(.ARM.Collect$$rtentry$$00000009)
    __rt_entry_main                          0x00000315   Thumb Code     0  __rtentry2.o(.ARM.Collect$$rtentry$$0000000D)
    __rt_entry_postli_1                      0x00000315   Thumb Code     0  __rtentry2.o(.ARM.Collect$$rtentry$$0000000C)
    __rt_exit                                0x00000321   Thumb Code     0  rtexit.o(.ARM.Collect$$rtexit$$00000000)
    __rt_exit_ls                             0x00000323   Thumb Code     0  rtexit2.o(.ARM.Collect$$rtexit$$00000003)
    __rt_exit_prels_1                        0x00000323   Thumb Code     0  rtexit2.o(.ARM.Collect$$rtexit$$00000002)
    __rt_exit_exit                           0x00000327   Thumb Code     0  rtexit2.o(.ARM.Collect$$rtexit$$00000004)
    SysCtlDelay                              0x0000032d   Thumb Code     6  sysctl.o(.emb_text)
    Reset_Handler                            0x00000335   Thumb Code     8  startup_tm4c123.o(.text)
    NMI_Handler                              0x0000033d   Thumb Code     2  startup_tm4c123.o(.text)
    HardFault_Handler                        0x0000033f   Thumb Code     2  startup_tm4c123.o(.text)
    MemManage_Handler                        0x00000341   Thumb Code     2  startup_tm4c123.o(.text)
    BusFault_Handler                         0x00000343   Thumb Code     2  startup_tm4c123.o(.text)
    UsageFault_Handler                       0x00000345   Thumb Code     2  startup_tm4c123.o(.text)
    SVC_Handler                              0x00000347   Thumb Code     2  startup_tm4c123.o(.text)
    DebugMon_Handler                         0x00000349   Thumb Code     2  startup_tm4c123.o(.text)
    PendSV_Handler                           0x0000034b   Thumb Code     2  startup_tm4c123.o(.text)
    SysTick_Handler                          0x0000034d   Thumb Code     2  startup_tm4c123.o(.text)
    GPIOA_Handler                            0x0000034f   Thumb Code     2  startup_tm4c123.o(.text)
    GPIOB_Handler                            0x00000351   Thumb Code     2  startup_tm4c123.o(.text)
    GPIOC_Handler                            0x00000353   Thumb Code     2  startup_tm4c123.o(.text)
    GPIOD_Handler                            0x00000355   Thumb Code     2  startup_tm4c123.o(.text)
    GPIOE_Handler                            0x00000357   Thumb Code     2  startup_tm4c123.o(.text)
    UART0_Handler                            0x00000359   Thumb Code     2  startup_tm4c123.o(.text)
    UART1_Handler                            0x0000035b   Thumb Code     2  startup_tm4c123.o(.text)
    SSI0_Handler                             0x0000035d   Thumb Code     2  startup_tm4c123.o(.text)
    I2C0_Handler                             0x0000035f   Thumb Code     2  startup_tm4c123.o(.text)
    PMW0_FAULT_Handler                       0x00000361   Thumb Code     2  startup_tm4c123.o(.text)
    PWM0_0_Handler                           0x00000363   Thumb Code     2  startup_tm4c123.o(.text)
    PWM0_1_Handler                           0x00000365   Thumb Code     2  startup_tm4c123.o(.text)
    PWM0_2_Handler                           0x00000367   Thumb Code     2  startup_tm4c123.o(.text)
    QEI0_Handler                             0x00000369   Thumb Code     2  startup_tm4c123.o(.text)
    ADC0SS0_Handler                          0x0000036b   Thumb Code     2  startup_tm4c123.o(.text)
    ADC0SS1_Handler                          0x0000036d   Thumb Code     2  startup_tm4c123.o(.text)
    ADC0SS2_Handler                          0x0000036f   Thumb Code     2  startup_tm4c123.o(.text)
    ADC0SS3_Handler                          0x00000371   Thumb Code     2  startup_tm4c123.o(.text)
    WDT0_Handler                             0x00000373   Thumb Code     2  startup_tm4c123.o(.text)
    TIMER0A_Handler                          0x00000375   Thumb Code     2  startup_tm4c123.o(.text)
    TIMER0B_Handler                          0x00000377   Thumb Code     2  startup_tm4c123.o(.text)
    TIMER1A_Handler                          0x00000379   Thumb Code     2  startup_tm4c123.o(.text)
    TIMER1B_Handler                          0x0000037b   Thumb Code     2  startup_tm4c123.o(.text)
    TIMER2A_Handler                          0x0000037d   Thumb Code     2  startup_tm4c123.o(.text)
    TIMER2B_Handler                          0x0000037f   Thumb Code     2  startup_tm4c123.o(.text)
    COMP0_Handler                            0x00000381   Thumb Code     2  startup_tm4c123.o(.text)
    COMP1_Handler                            0x00000383   Thumb Code     2  startup_tm4c123.o(.text)
    COMP2_Handler                            0x00000385   Thumb Code     2  startup_tm4c123.o(.text)
    SYSCTL_Handler                           0x00000387   Thumb Code     2  startup_tm4c123.o(.text)
    FLASH_Handler                            0x00000389   Thumb Code     2  startup_tm4c123.o(.text)
    GPIOF_Handler                            0x0000038b   Thumb Code     2  startup_tm4c123.o(.text)
    GPIOG_Handler                            0x0000038d   Thumb Code     2  startup_tm4c123.o(.text)
    GPIOH_Handler                            0x0000038f   Thumb Code     2  startup_tm4c123.o(.text)
    UART2_Handler                            0x00000391   Thumb Code     2  startup_tm4c123.o(.text)
    SSI1_Handler                             0x00000393   Thumb Code     2  startup_tm4c123.o(.text)
    TIMER3A_Handler                          0x00000395   Thumb Code     2  startup_tm4c123.o(.text)
    TIMER3B_Handler                          0x00000397   Thumb Code     2  startup_tm4c123.o(.text)
    I2C1_Handler                             0x00000399   Thumb Code     2  startup_tm4c123.o(.text)
    QEI1_Handler                             0x0000039b   Thumb Code     2  startup_tm4c123.o(.text)
    CAN0_Handler                             0x0000039d   Thumb Code     2  startup_tm4c123.o(.text)
    CAN1_Handler                             0x0000039f   Thumb Code     2  startup_tm4c123.o(.text)
    CAN2_Handler                             0x000003a1   Thumb Code     2  startup_tm4c123.o(.text)
    HIB_Handler                              0x000003a3   Thumb Code     2  startup_tm4c123.o(.text)
    USB0_Handler                             0x000003a5   Thumb Code     2  startup_tm4c123.o(.text)
    PWM0_3_Handler                           0x000003a7   Thumb Code     2  startup_tm4c123.o(.text)
    UDMA_Handler                             0x000003a9   Thumb Code     2  startup_tm4c123.o(.text)
    UDMAERR_Handler                          0x000003ab   Thumb Code     2  startup_tm4c123.o(.text)
    ADC1SS0_Handler                          0x000003ad   Thumb Code     2  startup_tm4c123.o(.text)
    ADC1SS1_Handler                          0x000003af   Thumb Code     2  startup_tm4c123.o(.text)
    ADC1SS2_Handler                          0x000003b1   Thumb Code     2  startup_tm4c123.o(.text)
    ADC1SS3_Handler                          0x000003b3   Thumb Code     2  startup_tm4c123.o(.text)
    GPIOJ_Handler                            0x000003b5   Thumb Code     2  startup_tm4c123.o(.text)
    GPIOK_Handler                            0x000003b7   Thumb Code     2  startup_tm4c123.o(.text)
    GPIOL_Handler                            0x000003b9   Thumb Code     2  startup_tm4c123.o(.text)
    SSI2_Handler                             0x000003bb   Thumb Code     2  startup_tm4c123.o(.text)
    SSI3_Handler                             0x000003bd   Thumb Code     2  startup_tm4c123.o(.text)
    UART3_Handler                            0x000003bf   Thumb Code     2  startup_tm4c123.o(.text)
    UART4_Handler                            0x000003c1   Thumb Code     2  startup_tm4c123.o(.text)
    UART5_Handler                            0x000003c3   Thumb Code     2  startup_tm4c123.o(.text)
    UART6_Handler                            0x000003c5   Thumb Code     2  startup_tm4c123.o(.text)
    UART7_Handler                            0x000003c7   Thumb Code     2  startup_tm4c123.o(.text)
    I2C2_Handler                             0x000003c9   Thumb Code     2  startup_tm4c123.o(.text)
    I2C3_Handler                             0x000003cb   Thumb Code     2  startup_tm4c123.o(.text)
    TIMER4A_Handler                          0x000003cd   Thumb Code     2  startup_tm4c123.o(.text)
    TIMER4B_Handler                          0x000003cf   Thumb Code     2  startup_tm4c123.o(.text)
    TIMER5A_Handler                          0x000003d1   Thumb Code     2  startup_tm4c123.o(.text)
    TIMER5B_Handler                          0x000003d3   Thumb Code     2  startup_tm4c123.o(.text)
    WTIMER0A_Handler                         0x000003d5   Thumb Code     2  startup_tm4c123.o(.text)
    WTIMER0B_Handler                         0x000003d7   Thumb Code     2  startup_tm4c123.o(.text)
    WTIMER1A_Handler                         0x000003d9   Thumb Code     2  startup_tm4c123.o(.text)
    WTIMER1B_Handler                         0x000003db   Thumb Code     2  startup_tm4c123.o(.text)
    WTIMER2A_Handler                         0x000003dd   Thumb Code     2  startup_tm4c123.o(.text)
    WTIMER2B_Handler                         0x000003df   Thumb Code     2  startup_tm4c123.o(.text)
    WTIMER3A_Handler                         0x000003e1   Thumb Code     2  startup_tm4c123.o(.text)
    WTIMER3B_Handler                         0x000003e3   Thumb Code     2  startup_tm4c123.o(.text)
    WTIMER4A_Handler                         0x000003e5   Thumb Code     2  startup_tm4c123.o(.text)
    WTIMER4B_Handler                         0x000003e7   Thumb Code     2  startup_tm4c123.o(.text)
    WTIMER5A_Handler                         0x000003e9   Thumb Code     2  startup_tm4c123.o(.text)
    WTIMER5B_Handler                         0x000003eb   Thumb Code     2  startup_tm4c123.o(.text)
    FPU_Handler                              0x000003ed   Thumb Code     2  startup_tm4c123.o(.text)
    I2C4_Handler                             0x000003ef   Thumb Code     2  startup_tm4c123.o(.text)
    I2C5_Handler                             0x000003f1   Thumb Code     2  startup_tm4c123.o(.text)
    GPIOM_Handler                            0x000003f3   Thumb Code     2  startup_tm4c123.o(.text)
    GPION_Handler                            0x000003f5   Thumb Code     2  startup_tm4c123.o(.text)
    QEI2_Handler                             0x000003f7   Thumb Code     2  startup_tm4c123.o(.text)
    GPIOP0_Handler                           0x000003f9   Thumb Code     2  startup_tm4c123.o(.text)
    GPIOP1_Handler                           0x000003fb   Thumb Code     2  startup_tm4c123.o(.text)
    GPIOP2_Handler                           0x000003fd   Thumb Code     2  startup_tm4c123.o(.text)
    GPIOP3_Handler                           0x000003ff   Thumb Code     2  startup_tm4c123.o(.text)
    GPIOP4_Handler                           0x00000401   Thumb Code     2  startup_tm4c123.o(.text)
    GPIOP5_Handler                           0x00000403   Thumb Code     2  startup_tm4c123.o(.text)
    GPIOP6_Handler                           0x00000405   Thumb Code     2  startup_tm4c123.o(.text)
    GPIOP7_Handler                           0x00000407   Thumb Code     2  startup_tm4c123.o(.text)
    GPIOQ0_Handler                           0x00000409   Thumb Code     2  startup_tm4c123.o(.text)
    GPIOQ1_Handler                           0x0000040b   Thumb Code     2  startup_tm4c123.o(.text)
    GPIOQ2_Handler                           0x0000040d   Thumb Code     2  startup_tm4c123.o(.text)
    GPIOQ3_Handler                           0x0000040f   Thumb Code     2  startup_tm4c123.o(.text)
    GPIOQ4_Handler                           0x00000411   Thumb Code     2  startup_tm4c123.o(.text)
    GPIOQ5_Handler                           0x00000413   Thumb Code     2  startup_tm4c123.o(.text)
    GPIOQ6_Handler                           0x00000415   Thumb Code     2  startup_tm4c123.o(.text)
    GPIOQ7_Handler                           0x00000417   Thumb Code     2  startup_tm4c123.o(.text)
    GPIOR_Handler                            0x00000419   Thumb Code     2  startup_tm4c123.o(.text)
    GPIOS_Handler                            0x0000041b   Thumb Code     2  startup_tm4c123.o(.text)
    PMW1_0_Handler                           0x0000041d   Thumb Code     2  startup_tm4c123.o(.text)
    PWM1_1_Handler                           0x0000041f   Thumb Code     2  startup_tm4c123.o(.text)
    PWM1_2_Handler                           0x00000421   Thumb Code     2  startup_tm4c123.o(.text)
    PWM1_3_Handler                           0x00000423   Thumb Code     2  startup_tm4c123.o(.text)
    PWM1_FAULT_Handler                       0x00000425   Thumb Code     2  startup_tm4c123.o(.text)
    __aeabi_memset                           0x00000431   Thumb Code    16  aeabi_memset.o(.text)
    __aeabi_memclr                           0x00000441   Thumb Code     0  rt_memclr.o(.text)
    __rt_memclr                              0x00000441   Thumb Code    68  rt_memclr.o(.text)
    _memset                                  0x00000445   Thumb Code     0  rt_memclr.o(.text)
    __aeabi_memclr4                          0x00000485   Thumb Code     0  rt_memclr_w.o(.text)
    __aeabi_memclr8                          0x00000485   Thumb Code     0  rt_memclr_w.o(.text)
    __rt_memclr_w                            0x00000485   Thumb Code    78  rt_memclr_w.o(.text)
    _memset_w                                0x00000489   Thumb Code     0  rt_memclr_w.o(.text)
    exit                                     0x000004d3   Thumb Code    18  exit.o(.text)
    __I$use$semihosting                      0x000004e5   Thumb Code     0  use_no_semi.o(.text)
    __use_no_semihosting_swi                 0x000004e5   Thumb Code     2  use_no_semi.o(.text)
    __semihosting_library_function           0x000004e7   Thumb Code     0  indicate_semi.o(.text)
    _sys_exit                                0x000004e9   Thumb Code     8  sys_exit.o(.text)
    SystemInit                               0x000004f5   Thumb Code    18  system_tm4c123.o(.text.SystemInit)
    UARTStdioConfig                          0x00000509   Thumb Code    92  uartstdio.o(.text.UARTStdioConfig)
    UARTprintf                               0x00000565   Thumb Code    32  uartstdio.o(.text.UARTprintf)
    UARTvprintf                              0x00000585   Thumb Code   696  uartstdio.o(.text.UARTvprintf)
    UARTwrite                                0x0000083d   Thumb Code    70  uartstdio.o(.text.UARTwrite)
    enablePeripheralsClock                   0x00000971   Thumb Code    44  tm4c_init.o(.text.enablePeripheralsClock)
    hal_configure1msInterrupt                0x0000099d   Thumb Code    28  platform_tm4c.o(.text.hal_configure1msInterrupt)
    hal_configureInterruptPin                0x000009b9   Thumb Code    28  platform_tm4c.o(.text.hal_configureInterruptPin)
    hal_i2cRead                              0x000009d5   Thumb Code     8  platform_tm4c.o(.text.hal_i2cRead)
    hal_i2cWrite                             0x000009dd   Thumb Code     8  platform_tm4c.o(.text.hal_i2cWrite)
    hal_init                                 0x000009e5   Thumb Code    22  platform_tm4c.o(.text.hal_init)
    i2cRead                                  0x000009fd   Thumb Code   140  tm4c_init.o(.text.i2cRead)
    i2cWrite                                 0x00000a89   Thumb Code   106  tm4c_init.o(.text.i2cWrite)
    initI2c                                  0x00000af5   Thumb Code   122  tm4c_init.o(.text.initI2c)
    initPorts                                0x00000b71   Thumb Code    72  tm4c_init.o(.text.initPorts)
    initSystemClock_40MHz                    0x00000bb9   Thumb Code    16  tm4c_init.o(.text.initSystemClock_40MHz)
    initTimer1mSec                           0x00000bc9   Thumb Code    84  tm4c_init.o(.text.initTimer1mSec)
    initUartPrintf                           0x00000c1d   Thumb Code    44  tm4c_init.o(.text.initUartPrintf)
    main                                     0x00000c65   Thumb Code    18  main.o(.text.main)
    test_init                                0x00000ef1   Thumb Code    28  test.o(.text.test_init)
    test_run                                 0x00000fe5   Thumb Code   648  test.o(.text.test_run)
    tmp006_configConvRate                    0x00001355   Thumb Code    70  tmp006.o(.text.tmp006_configConvRate)
    tmp006_drdyPinConfig                     0x0000139d   Thumb Code    70  tmp006.o(.text.tmp006_drdyPinConfig)
    tmp006_init                              0x000013e5   Thumb Code    26  tmp006.o(.text.tmp006_init)
    tmp006_isResultReady                     0x00001401   Thumb Code    46  tmp006.o(.text.tmp006_isResultReady)
    tmp006_operationMode                     0x00001431   Thumb Code    70  tmp006.o(.text.tmp006_operationMode)
    tmp006_read                              0x00001479   Thumb Code    58  tmp006.o(.text.tmp006_read)
    tmp006_readTemp                          0x000014b5   Thumb Code    40  tmp006.o(.text.tmp006_readTemp)
    tmp006_resetDevice                       0x000014dd   Thumb Code    36  tmp006.o(.text.tmp006_resetDevice)
    tmp006_write                             0x00001501   Thumb Code    56  tmp006.o(.text.tmp006_write)
    GPIODirModeSet                           0x00001539   Thumb Code    50  gpio.o(i.GPIODirModeSet)
    GPIOIntClear                             0x0000156b   Thumb Code     6  gpio.o(i.GPIOIntClear)
    GPIOIntEnable                            0x00001571   Thumb Code    12  gpio.o(i.GPIOIntEnable)
    GPIOIntRegister                          0x0000157d   Thumb Code    30  gpio.o(i.GPIOIntRegister)
    GPIOIntTypeSet                           0x0000159b   Thumb Code   102  gpio.o(i.GPIOIntTypeSet)
    GPIOPadConfigSet                         0x00001601   Thumb Code   384  gpio.o(i.GPIOPadConfigSet)
    GPIOPinConfigure                         0x0000178d   Thumb Code    70  gpio.o(i.GPIOPinConfigure)
    GPIOPinTypeGPIOInput                     0x000017dd   Thumb Code    30  gpio.o(i.GPIOPinTypeGPIOInput)
    GPIOPinTypeGPIOOutput                    0x000017fb   Thumb Code    30  gpio.o(i.GPIOPinTypeGPIOOutput)
    GPIOPinTypeI2C                           0x00001819   Thumb Code    30  gpio.o(i.GPIOPinTypeI2C)
    GPIOPinTypeI2CSCL                        0x00001837   Thumb Code    30  gpio.o(i.GPIOPinTypeI2CSCL)
    GPIOPinTypeUART                          0x00001855   Thumb Code    30  gpio.o(i.GPIOPinTypeUART)
    GPIOUnlockPin                            0x00001875   Thumb Code    18  gpio.o(i.GPIOUnlockPin)
    I2CMasterBusy                            0x0000188d   Thumb Code    18  i2c.o(i.I2CMasterBusy)
    I2CMasterControl                         0x0000189f   Thumb Code     4  i2c.o(i.I2CMasterControl)
    I2CMasterDataGet                         0x000018a3   Thumb Code     6  i2c.o(i.I2CMasterDataGet)
    I2CMasterDataPut                         0x000018a9   Thumb Code     4  i2c.o(i.I2CMasterDataPut)
    I2CMasterEnable                          0x000018ad   Thumb Code    10  i2c.o(i.I2CMasterEnable)
    I2CMasterInitExpClk                      0x000018b9   Thumb Code    78  i2c.o(i.I2CMasterInitExpClk)
    I2CMasterSlaveAddrSet                    0x00001915   Thumb Code     8  i2c.o(i.I2CMasterSlaveAddrSet)
    IntEnable                                0x0000191d   Thumb Code   108  interrupt.o(i.IntEnable)
    IntRegister                              0x00001991   Thumb Code    52  interrupt.o(i.IntRegister)
    SysCtlClockGet                           0x000019cd   Thumb Code   324  sysctl.o(i.SysCtlClockGet)
    SysCtlClockSet                           0x00001b39   Thumb Code   280  sysctl.o(i.SysCtlClockSet)
    SysCtlPeripheralEnable                   0x00001c65   Thumb Code    46  sysctl.o(i.SysCtlPeripheralEnable)
    SysCtlPeripheralPresent                  0x00001c99   Thumb Code    52  sysctl.o(i.SysCtlPeripheralPresent)
    SysCtlPeripheralReady                    0x00001cd1   Thumb Code    52  sysctl.o(i.SysCtlPeripheralReady)
    SysCtlPeripheralReset                    0x00001d09   Thumb Code   106  sysctl.o(i.SysCtlPeripheralReset)
    TimerConfigure                           0x00001d79   Thumb Code    84  timer.o(i.TimerConfigure)
    TimerEnable                              0x00001dd9   Thumb Code    14  timer.o(i.TimerEnable)
    TimerIntClear                            0x00001de7   Thumb Code     4  timer.o(i.TimerIntClear)
    TimerIntEnable                           0x00001deb   Thumb Code     8  timer.o(i.TimerIntEnable)
    TimerIntRegister                         0x00001df3   Thumb Code    38  timer.o(i.TimerIntRegister)
    TimerLoadSet                             0x00001e19   Thumb Code    16  timer.o(i.TimerLoadSet)
    UARTCharPut                              0x00001e29   Thumb Code    16  uart.o(i.UARTCharPut)
    UARTConfigSetExpClk                      0x00001e39   Thumb Code    76  uart.o(i.UARTConfigSetExpClk)
    UARTDisable                              0x00001e85   Thumb Code    32  uart.o(i.UARTDisable)
    UARTEnable                               0x00001ea5   Thumb Code    20  uart.o(i.UARTEnable)
    __aeabi_dadd                             0x00001f5d   Thumb Code     0  daddsub_clz.o(x$fpl$dadd)
    _dadd                                    0x00001f5d   Thumb Code   332  daddsub_clz.o(x$fpl$dadd)
    __fpl_dcmp_Inf                           0x000020ad   Thumb Code    24  dcmpi.o(x$fpl$dcmpinf)
    __aeabi_cdcmpeq                          0x000020c5   Thumb Code     0  deqf.o(x$fpl$deqf)
    _dcmpeq                                  0x000020c5   Thumb Code   120  deqf.o(x$fpl$deqf)
    __aeabi_ui2d                             0x0000213d   Thumb Code     0  dflt_clz.o(x$fpl$dfltu)
    _dfltu                                   0x0000213d   Thumb Code    38  dflt_clz.o(x$fpl$dfltu)
    __aeabi_cdcmpge                          0x00002165   Thumb Code     0  dgeqf.o(x$fpl$dgeqf)
    _dcmpge                                  0x00002165   Thumb Code   120  dgeqf.o(x$fpl$dgeqf)
    __aeabi_cdcmple                          0x000021dd   Thumb Code     0  dleqf.o(x$fpl$dleqf)
    _dcmple                                  0x000021dd   Thumb Code   120  dleqf.o(x$fpl$dleqf)
    __fpl_dcmple_InfNaN                      0x0000223f   Thumb Code     0  dleqf.o(x$fpl$dleqf)
    __aeabi_dmul                             0x00002255   Thumb Code     0  dmul.o(x$fpl$dmul)
    _dmul                                    0x00002255   Thumb Code   332  dmul.o(x$fpl$dmul)
    __fpl_dnaninf                            0x000023a9   Thumb Code   156  dnaninf.o(x$fpl$dnaninf)
    __fpl_dretinf                            0x00002445   Thumb Code    12  dretinf.o(x$fpl$dretinf)
    __aeabi_dsub                             0x00002451   Thumb Code     0  daddsub_clz.o(x$fpl$dsub)
    _dsub                                    0x00002451   Thumb Code   464  daddsub_clz.o(x$fpl$dsub)
    __aeabi_f2d                              0x00002625   Thumb Code     0  f2d.o(x$fpl$f2d)
    _f2d                                     0x00002625   Thumb Code    86  f2d.o(x$fpl$f2d)
    __aeabi_dcmpeq                           0x0000267b   Thumb Code     0  dcmp.o(x$fpl$fcmp)
    _deq                                     0x0000267b   Thumb Code    14  dcmp.o(x$fpl$fcmp)
    _dneq                                    0x00002689   Thumb Code    14  dcmp.o(x$fpl$fcmp)
    __aeabi_dcmpgt                           0x00002697   Thumb Code     0  dcmp.o(x$fpl$fcmp)
    _dgr                                     0x00002697   Thumb Code    14  dcmp.o(x$fpl$fcmp)
    __aeabi_dcmpge                           0x000026a5   Thumb Code     0  dcmp.o(x$fpl$fcmp)
    _dgeq                                    0x000026a5   Thumb Code    14  dcmp.o(x$fpl$fcmp)
    __aeabi_dcmple                           0x000026b3   Thumb Code     0  dcmp.o(x$fpl$fcmp)
    _dleq                                    0x000026b3   Thumb Code    14  dcmp.o(x$fpl$fcmp)
    __aeabi_dcmplt                           0x000026c1   Thumb Code     0  dcmp.o(x$fpl$fcmp)
    _dls                                     0x000026c1   Thumb Code    14  dcmp.o(x$fpl$fcmp)
    __fpl_fnaninf                            0x000026cf   Thumb Code   140  fnaninf.o(x$fpl$fnaninf)
    _fp_init                                 0x0000275b   Thumb Code    26  fpinit.o(x$fpl$fpinit)
    __fplib_config_fpu_vfp                   0x00002773   Thumb Code     0  fpinit.o(x$fpl$fpinit)
    __fplib_config_pureend_doubles           0x00002773   Thumb Code     0  fpinit.o(x$fpl$fpinit)
    __I$use$fp                               0x00002774   Number         0  usenofp.o(x$fpl$usenofp)
    Region$$Table$$Base                      0x00003098   Number         0  anon$$obj.o(Region$$Table)
    Region$$Table$$Limit                     0x000030b8   Number         0  anon$$obj.o(Region$$Table)
    Image$$ZI$$Limit                         0x20000888   Number         0  anon$$obj.o ABSOLUTE
    __initial_sp                             0x20000888   Data           0  startup_tm4c123.o(STACK)



==============================================================================

Memory Map of the image

  Image Entry point : 0x00000335

  Load Region LR_1 (Base: 0x00000000, Size: 0x00003a6c, Max: 0xffffffff, ABSOLUTE, COMPRESSED[0x00003414])

    Execution Region ER_RO (Exec base: 0x00000000, Load base: 0x00000000, Size: 0x000030b8, Max: 0xffffffff, ABSOLUTE)

    Exec Addr    Load Addr    Size         Type   Attr      Idx    E Section Name        Object

    0x00000000   0x00000000   0x0000026c   Data   RO          153    RESET               startup_tm4c123.o
    0x0000026c   0x0000026c   0x00000008   Code   RO         1893  * !!!main             c_w.l(__main.o)
    0x00000274   0x00000274   0x00000034   Code   RO         2108    !!!scatter          c_w.l(__scatter.o)
    0x000002a8   0x000002a8   0x0000003a   Code   RO         2106    !!dczerorl          c_w.l(__dczerorl.o)
    0x000002e2   0x000002e2   0x00000002   PAD
    0x000002e4   0x000002e4   0x0000001c   Code   RO         2110    !!handler_zi        c_w.l(__scatter_zi.o)
    0x00000300   0x00000300   0x00000002   Code   RO         1962    .ARM.Collect$$libinit$$00000000  c_w.l(libinit.o)
    0x00000302   0x00000302   0x00000004   Code   RO         1972    .ARM.Collect$$libinit$$00000001  c_w.l(libinit2.o)
    0x00000306   0x00000306   0x00000000   Code   RO         1975    .ARM.Collect$$libinit$$00000004  c_w.l(libinit2.o)
    0x00000306   0x00000306   0x00000000   Code   RO         1978    .ARM.Collect$$libinit$$0000000A  c_w.l(libinit2.o)
    0x00000306   0x00000306   0x00000000   Code   RO         1980    .ARM.Collect$$libinit$$0000000C  c_w.l(libinit2.o)
    0x00000306   0x00000306   0x00000000   Code   RO         1982    .ARM.Collect$$libinit$$0000000E  c_w.l(libinit2.o)
    0x00000306   0x00000306   0x00000000   Code   RO         1985    .ARM.Collect$$libinit$$00000011  c_w.l(libinit2.o)
    0x00000306   0x00000306   0x00000000   Code   RO         1987    .ARM.Collect$$libinit$$00000013  c_w.l(libinit2.o)
    0x00000306   0x00000306   0x00000000   Code   RO         1989    .ARM.Collect$$libinit$$00000015  c_w.l(libinit2.o)
    0x00000306   0x00000306   0x00000000   Code   RO         1991    .ARM.Collect$$libinit$$00000017  c_w.l(libinit2.o)
    0x00000306   0x00000306   0x00000000   Code   RO         1993    .ARM.Collect$$libinit$$00000019  c_w.l(libinit2.o)
    0x00000306   0x00000306   0x00000000   Code   RO         1995    .ARM.Collect$$libinit$$0000001B  c_w.l(libinit2.o)
    0x00000306   0x00000306   0x00000000   Code   RO         1997    .ARM.Collect$$libinit$$0000001D  c_w.l(libinit2.o)
    0x00000306   0x00000306   0x00000000   Code   RO         1999    .ARM.Collect$$libinit$$0000001F  c_w.l(libinit2.o)
    0x00000306   0x00000306   0x00000000   Code   RO         2001    .ARM.Collect$$libinit$$00000021  c_w.l(libinit2.o)
    0x00000306   0x00000306   0x00000000   Code   RO         2003    .ARM.Collect$$libinit$$00000023  c_w.l(libinit2.o)
    0x00000306   0x00000306   0x00000000   Code   RO         2005    .ARM.Collect$$libinit$$00000025  c_w.l(libinit2.o)
    0x00000306   0x00000306   0x00000000   Code   RO         2009    .ARM.Collect$$libinit$$0000002C  c_w.l(libinit2.o)
    0x00000306   0x00000306   0x00000000   Code   RO         2011    .ARM.Collect$$libinit$$0000002E  c_w.l(libinit2.o)
    0x00000306   0x00000306   0x00000000   Code   RO         2013    .ARM.Collect$$libinit$$00000030  c_w.l(libinit2.o)
    0x00000306   0x00000306   0x00000000   Code   RO         2015    .ARM.Collect$$libinit$$00000032  c_w.l(libinit2.o)
    0x00000306   0x00000306   0x00000002   Code   RO         2016    .ARM.Collect$$libinit$$00000033  c_w.l(libinit2.o)
    0x00000308   0x00000308   0x00000002   Code   RO         2045    .ARM.Collect$$libshutdown$$00000000  c_w.l(libshutdown.o)
    0x0000030a   0x0000030a   0x00000000   Code   RO         2057    .ARM.Collect$$libshutdown$$00000002  c_w.l(libshutdown2.o)
    0x0000030a   0x0000030a   0x00000000   Code   RO         2059    .ARM.Collect$$libshutdown$$00000004  c_w.l(libshutdown2.o)
    0x0000030a   0x0000030a   0x00000000   Code   RO         2062    .ARM.Collect$$libshutdown$$00000007  c_w.l(libshutdown2.o)
    0x0000030a   0x0000030a   0x00000000   Code   RO         2065    .ARM.Collect$$libshutdown$$0000000A  c_w.l(libshutdown2.o)
    0x0000030a   0x0000030a   0x00000000   Code   RO         2067    .ARM.Collect$$libshutdown$$0000000C  c_w.l(libshutdown2.o)
    0x0000030a   0x0000030a   0x00000000   Code   RO         2070    .ARM.Collect$$libshutdown$$0000000F  c_w.l(libshutdown2.o)
    0x0000030a   0x0000030a   0x00000002   Code   RO         2071    .ARM.Collect$$libshutdown$$00000010  c_w.l(libshutdown2.o)
    0x0000030c   0x0000030c   0x00000000   Code   RO         1913    .ARM.Collect$$rtentry$$00000000  c_w.l(__rtentry.o)
    0x0000030c   0x0000030c   0x00000000   Code   RO         1930    .ARM.Collect$$rtentry$$00000002  c_w.l(__rtentry2.o)
    0x0000030c   0x0000030c   0x00000004   Code   RO         1944    .ARM.Collect$$rtentry$$00000005  c_w.l(__rtentry5.o)
    0x00000310   0x00000310   0x00000000   Code   RO         1932    .ARM.Collect$$rtentry$$00000009  c_w.l(__rtentry2.o)
    0x00000310   0x00000310   0x00000004   Code   RO         1933    .ARM.Collect$$rtentry$$0000000A  c_w.l(__rtentry2.o)
    0x00000314   0x00000314   0x00000000   Code   RO         1935    .ARM.Collect$$rtentry$$0000000C  c_w.l(__rtentry2.o)
    0x00000314   0x00000314   0x00000008   Code   RO         1936    .ARM.Collect$$rtentry$$0000000D  c_w.l(__rtentry2.o)
    0x0000031c   0x0000031c   0x00000004   Code   RO         1945    .ARM.Collect$$rtentry$$00002716  c_w.l(__rtentry5.o)
    0x00000320   0x00000320   0x00000002   Code   RO         1970    .ARM.Collect$$rtexit$$00000000  c_w.l(rtexit.o)
    0x00000322   0x00000322   0x00000000   Code   RO         2025    .ARM.Collect$$rtexit$$00000002  c_w.l(rtexit2.o)
    0x00000322   0x00000322   0x00000004   Code   RO         2026    .ARM.Collect$$rtexit$$00000003  c_w.l(rtexit2.o)
    0x00000326   0x00000326   0x00000006   Code   RO         2027    .ARM.Collect$$rtexit$$00000004  c_w.l(rtexit2.o)
    0x0000032c   0x0000032c   0x00000006   Code   RO          857    .emb_text           driverlib.lib(sysctl.o)
    0x00000332   0x00000332   0x00000002   PAD
    0x00000334   0x00000334   0x000000fc   Code   RO          154  * .text               startup_tm4c123.o
    0x00000430   0x00000430   0x00000010   Code   RO         1891    .text               c_w.l(aeabi_memset.o)
    0x00000440   0x00000440   0x00000044   Code   RO         1914    .text               c_w.l(rt_memclr.o)
    0x00000484   0x00000484   0x0000004e   Code   RO         1949    .text               c_w.l(rt_memclr_w.o)
    0x000004d2   0x000004d2   0x00000012   Code   RO         1955    .text               c_w.l(exit.o)
    0x000004e4   0x000004e4   0x00000002   Code   RO         2021    .text               c_w.l(use_no_semi.o)
    0x000004e6   0x000004e6   0x00000000   Code   RO         2023    .text               c_w.l(indicate_semi.o)
    0x000004e6   0x000004e6   0x00000002   PAD
    0x000004e8   0x000004e8   0x0000000c   Code   RO         2035    .text               c_w.l(sys_exit.o)
    0x000004f4   0x000004f4   0x00000012   Code   RO          165    .text.SystemInit    system_tm4c123.o
    0x00000506   0x00000506   0x00000002   PAD
    0x00000508   0x00000508   0x0000005c   Code   RO          100    .text.UARTStdioConfig  uartstdio.o
    0x00000564   0x00000564   0x00000020   Code   RO          110    .text.UARTprintf    uartstdio.o
    0x00000584   0x00000584   0x000002b8   Code   RO          108    .text.UARTvprintf   uartstdio.o
    0x0000083c   0x0000083c   0x00000046   Code   RO          102    .text.UARTwrite     uartstdio.o
    0x00000882   0x00000882   0x00000002   PAD
    0x00000884   0x00000884   0x00000038   Code   RO           31    .text.checkConfigReg  test.o
    0x000008bc   0x000008bc   0x0000008c   Code   RO           37    .text.checkTemperatureValue  test.o
    0x00000948   0x00000948   0x00000028   Code   RO           35    .text.conversionRateToFloat  test.o
    0x00000970   0x00000970   0x0000002c   Code   RO           78    .text.enablePeripheralsClock  tm4c_init.o
    0x0000099c   0x0000099c   0x0000001c   Code   RO           54    .text.hal_configure1msInterrupt  platform_tm4c.o
    0x000009b8   0x000009b8   0x0000001c   Code   RO           58    .text.hal_configureInterruptPin  platform_tm4c.o
    0x000009d4   0x000009d4   0x00000008   Code   RO           62    .text.hal_i2cRead   platform_tm4c.o
    0x000009dc   0x000009dc   0x00000008   Code   RO           64    .text.hal_i2cWrite  platform_tm4c.o
    0x000009e4   0x000009e4   0x00000016   Code   RO           52    .text.hal_init      platform_tm4c.o
    0x000009fa   0x000009fa   0x00000002   PAD
    0x000009fc   0x000009fc   0x0000008c   Code   RO           86    .text.i2cRead       tm4c_init.o
    0x00000a88   0x00000a88   0x0000006a   Code   RO           88    .text.i2cWrite      tm4c_init.o
    0x00000af2   0x00000af2   0x00000002   PAD
    0x00000af4   0x00000af4   0x0000007a   Code   RO           84    .text.initI2c       tm4c_init.o
    0x00000b6e   0x00000b6e   0x00000002   PAD
    0x00000b70   0x00000b70   0x00000048   Code   RO           80    .text.initPorts     tm4c_init.o
    0x00000bb8   0x00000bb8   0x00000010   Code   RO           76    .text.initSystemClock_40MHz  tm4c_init.o
    0x00000bc8   0x00000bc8   0x00000054   Code   RO           82    .text.initTimer1mSec  tm4c_init.o
    0x00000c1c   0x00000c1c   0x0000002c   Code   RO           90    .text.initUartPrintf  tm4c_init.o
    0x00000c48   0x00000c48   0x0000001a   Code   RO           60    .text.interruptPinHandler  platform_tm4c.o
    0x00000c62   0x00000c62   0x00000002   PAD
    0x00000c64   0x00000c64   0x00000012   Code   RO            2    .text.main          main.o
    0x00000c76   0x00000c76   0x00000002   PAD
    0x00000c78   0x00000c78   0x0000001c   Code   RO           29    .text.pinInterruptHandler  test.o
    0x00000c94   0x00000c94   0x00000048   Code   RO          124    .text.setI2cAddress  tmp006.o
    0x00000cdc   0x00000cdc   0x00000022   Code   RO           33    .text.setUp         test.o
    0x00000cfe   0x00000cfe   0x00000002   PAD
    0x00000d00   0x00000d00   0x00000110   Code   RO           19    .text.test_customConvRateIntOff  test.o
    0x00000e10   0x00000e10   0x000000e0   Code   RO           17    .text.test_customConvRateIntOn  test.o
    0x00000ef0   0x00000ef0   0x0000001c   Code   RO           25    .text.test_init     test.o
    0x00000f0c   0x00000f0c   0x0000005c   Code   RO           23    .text.test_powerDownModeIntOff  test.o
    0x00000f68   0x00000f68   0x0000004e   Code   RO           21    .text.test_powerDownModeIntOn  test.o
    0x00000fb6   0x00000fb6   0x00000002   PAD
    0x00000fb8   0x00000fb8   0x0000002c   Code   RO           13    .text.test_readManufId  test.o
    0x00000fe4   0x00000fe4   0x00000288   Code   RO           11    .text.test_run      test.o
    0x0000126c   0x0000126c   0x000000bc   Code   RO           15    .text.test_writeIntoConfig  test.o
    0x00001328   0x00001328   0x00000010   Code   RO           27    .text.timerHandler  test.o
    0x00001338   0x00001338   0x0000001c   Code   RO           56    .text.timerHandler  platform_tm4c.o
    0x00001354   0x00001354   0x00000046   Code   RO          130    .text.tmp006_configConvRate  tmp006.o
    0x0000139a   0x0000139a   0x00000002   PAD
    0x0000139c   0x0000139c   0x00000046   Code   RO          132    .text.tmp006_drdyPinConfig  tmp006.o
    0x000013e2   0x000013e2   0x00000002   PAD
    0x000013e4   0x000013e4   0x0000001a   Code   RO          122    .text.tmp006_init   tmp006.o
    0x000013fe   0x000013fe   0x00000002   PAD
    0x00001400   0x00001400   0x0000002e   Code   RO          138    .text.tmp006_isResultReady  tmp006.o
    0x0000142e   0x0000142e   0x00000002   PAD
    0x00001430   0x00001430   0x00000046   Code   RO          136    .text.tmp006_operationMode  tmp006.o
    0x00001476   0x00001476   0x00000002   PAD
    0x00001478   0x00001478   0x0000003a   Code   RO          126    .text.tmp006_read   tmp006.o
    0x000014b2   0x000014b2   0x00000002   PAD
    0x000014b4   0x000014b4   0x00000028   Code   RO          140    .text.tmp006_readTemp  tmp006.o
    0x000014dc   0x000014dc   0x00000024   Code   RO          134    .text.tmp006_resetDevice  tmp006.o
    0x00001500   0x00001500   0x00000038   Code   RO          128    .text.tmp006_write  tmp006.o
    0x00001538   0x00001538   0x00000032   Code   RO          181    i.GPIODirModeSet    driverlib.lib(gpio.o)
    0x0000156a   0x0000156a   0x00000006   Code   RO          182    i.GPIOIntClear      driverlib.lib(gpio.o)
    0x00001570   0x00001570   0x0000000c   Code   RO          184    i.GPIOIntEnable     driverlib.lib(gpio.o)
    0x0000157c   0x0000157c   0x0000001e   Code   RO          185    i.GPIOIntRegister   driverlib.lib(gpio.o)
    0x0000159a   0x0000159a   0x00000066   Code   RO          189    i.GPIOIntTypeSet    driverlib.lib(gpio.o)
    0x00001600   0x00001600   0x0000018c   Code   RO          193    i.GPIOPadConfigSet  driverlib.lib(gpio.o)
    0x0000178c   0x0000178c   0x00000050   Code   RO          194    i.GPIOPinConfigure  driverlib.lib(gpio.o)
    0x000017dc   0x000017dc   0x0000001e   Code   RO          204    i.GPIOPinTypeGPIOInput  driverlib.lib(gpio.o)
    0x000017fa   0x000017fa   0x0000001e   Code   RO          205    i.GPIOPinTypeGPIOOutput  driverlib.lib(gpio.o)
    0x00001818   0x00001818   0x0000001e   Code   RO          208    i.GPIOPinTypeI2C    driverlib.lib(gpio.o)
    0x00001836   0x00001836   0x0000001e   Code   RO          209    i.GPIOPinTypeI2CSCL  driverlib.lib(gpio.o)
    0x00001854   0x00001854   0x0000001e   Code   RO          217    i.GPIOPinTypeUART   driverlib.lib(gpio.o)
    0x00001872   0x00001872   0x00000002   PAD
    0x00001874   0x00001874   0x00000018   Code   RO          224    i.GPIOUnlockPin     driverlib.lib(gpio.o)
    0x0000188c   0x0000188c   0x00000012   Code   RO          525    i.I2CMasterBusy     driverlib.lib(i2c.o)
    0x0000189e   0x0000189e   0x00000004   Code   RO          526    i.I2CMasterControl  driverlib.lib(i2c.o)
    0x000018a2   0x000018a2   0x00000006   Code   RO          527    i.I2CMasterDataGet  driverlib.lib(i2c.o)
    0x000018a8   0x000018a8   0x00000004   Code   RO          528    i.I2CMasterDataPut  driverlib.lib(i2c.o)
    0x000018ac   0x000018ac   0x0000000a   Code   RO          530    i.I2CMasterEnable   driverlib.lib(i2c.o)
    0x000018b6   0x000018b6   0x00000002   PAD
    0x000018b8   0x000018b8   0x0000005c   Code   RO          533    i.I2CMasterInitExpClk  driverlib.lib(i2c.o)
    0x00001914   0x00001914   0x00000008   Code   RO          543    i.I2CMasterSlaveAddrSet  driverlib.lib(i2c.o)
    0x0000191c   0x0000191c   0x00000074   Code   RO         1780    i.IntEnable         driverlib.lib(interrupt.o)
    0x00001990   0x00001990   0x0000003c   Code   RO         1792    i.IntRegister       driverlib.lib(interrupt.o)
    0x000019cc   0x000019cc   0x0000016c   Code   RO          860    i.SysCtlClockGet    driverlib.lib(sysctl.o)
    0x00001b38   0x00001b38   0x0000012c   Code   RO          862    i.SysCtlClockSet    driverlib.lib(sysctl.o)
    0x00001c64   0x00001c64   0x00000034   Code   RO          891    i.SysCtlPeripheralEnable  driverlib.lib(sysctl.o)
    0x00001c98   0x00001c98   0x00000038   Code   RO          894    i.SysCtlPeripheralPresent  driverlib.lib(sysctl.o)
    0x00001cd0   0x00001cd0   0x00000038   Code   RO          895    i.SysCtlPeripheralReady  driverlib.lib(sysctl.o)
    0x00001d08   0x00001d08   0x00000070   Code   RO          896    i.SysCtlPeripheralReset  driverlib.lib(sysctl.o)
    0x00001d78   0x00001d78   0x00000060   Code   RO         1225    i.TimerConfigure    driverlib.lib(timer.o)
    0x00001dd8   0x00001dd8   0x0000000e   Code   RO         1234    i.TimerEnable       driverlib.lib(timer.o)
    0x00001de6   0x00001de6   0x00000004   Code   RO         1235    i.TimerIntClear     driverlib.lib(timer.o)
    0x00001dea   0x00001dea   0x00000008   Code   RO         1237    i.TimerIntEnable    driverlib.lib(timer.o)
    0x00001df2   0x00001df2   0x00000026   Code   RO         1238    i.TimerIntRegister  driverlib.lib(timer.o)
    0x00001e18   0x00001e18   0x00000010   Code   RO         1243    i.TimerLoadSet      driverlib.lib(timer.o)
    0x00001e28   0x00001e28   0x00000010   Code   RO         1476    i.UARTCharPut       driverlib.lib(uart.o)
    0x00001e38   0x00001e38   0x0000004c   Code   RO         1482    i.UARTConfigSetExpClk  driverlib.lib(uart.o)
    0x00001e84   0x00001e84   0x00000020   Code   RO         1485    i.UARTDisable       driverlib.lib(uart.o)
    0x00001ea4   0x00001ea4   0x00000014   Code   RO         1487    i.UARTEnable        driverlib.lib(uart.o)
    0x00001eb8   0x00001eb8   0x0000004c   Code   RO          225    i._GPIOIntNumberGet  driverlib.lib(gpio.o)
    0x00001f04   0x00001f04   0x00000058   Code   RO         1259    i._TimerIntNumberGet  driverlib.lib(timer.o)
    0x00001f5c   0x00001f5c   0x00000150   Code   RO         1895    x$fpl$dadd          fz_wm.l(daddsub_clz.o)
    0x000020ac   0x000020ac   0x00000018   Code   RO         1951    x$fpl$dcmpinf       fz_wm.l(dcmpi.o)
    0x000020c4   0x000020c4   0x00000078   Code   RO         1916    x$fpl$deqf          fz_wm.l(deqf.o)
    0x0000213c   0x0000213c   0x00000026   Code   RO         1903    x$fpl$dfltu         fz_wm.l(dflt_clz.o)
    0x00002162   0x00002162   0x00000002   PAD
    0x00002164   0x00002164   0x00000078   Code   RO         1918    x$fpl$dgeqf         fz_wm.l(dgeqf.o)
    0x000021dc   0x000021dc   0x00000078   Code   RO         1920    x$fpl$dleqf         fz_wm.l(dleqf.o)
    0x00002254   0x00002254   0x00000154   Code   RO         1909    x$fpl$dmul          fz_wm.l(dmul.o)
    0x000023a8   0x000023a8   0x0000009c   Code   RO         1922    x$fpl$dnaninf       fz_wm.l(dnaninf.o)
    0x00002444   0x00002444   0x0000000c   Code   RO         1924    x$fpl$dretinf       fz_wm.l(dretinf.o)
    0x00002450   0x00002450   0x000001d4   Code   RO         1897    x$fpl$dsub          fz_wm.l(daddsub_clz.o)
    0x00002624   0x00002624   0x00000056   Code   RO         1911    x$fpl$f2d           fz_wm.l(f2d.o)
    0x0000267a   0x0000267a   0x00000054   Code   RO         1901    x$fpl$fcmp          fz_wm.l(dcmp.o)
    0x000026ce   0x000026ce   0x0000008c   Code   RO         1926    x$fpl$fnaninf       fz_wm.l(fnaninf.o)
    0x0000275a   0x0000275a   0x0000001a   Code   RO         2033    x$fpl$fpinit        fz_wm.l(fpinit.o)
    0x00002774   0x00002774   0x00000000   Code   RO         1928    x$fpl$usenofp       fz_wm.l(usenofp.o)
    0x00002774   0x00002774   0x00000228   Data   RO          226    .constdata          driverlib.lib(gpio.o)
    0x0000299c   0x0000299c   0x00000254   Data   RO          915    .constdata          driverlib.lib(sysctl.o)
    0x00002bf0   0x00002bf0   0x000000a0   Data   RO         1260    .constdata          driverlib.lib(timer.o)
    0x00002c90   0x00002c90   0x0000010c   Data   RO         1796    .constdata          driverlib.lib(interrupt.o)
    0x00002d9c   0x00002d9c   0x000002fc   Data   RO           40    .rodata.str1.1      test.o
    0x00003098   0x00003098   0x00000020   Data   RO         2105    Region$$Table       anon$$obj.o


    Execution Region ER_RW (Exec base: 0x20000000, Load base: 0x00003400, Size: 0x0000066c, Max: 0xffffffff, ABSOLUTE, COMPRESSED[0x00000014])

    Exec Addr    Load Addr    Size         Type   Attr      Idx    E Section Name        Object

    0x20000000   COMPRESSED   0x0000000c   Data   RW           39    .data.senzor        test.o
    0x2000000c   COMPRESSED   0x000003f4   PAD
    0x20000400   COMPRESSED   0x0000026c   Data   RW         1797    vtable              driverlib.lib(interrupt.o)


    Execution Region ER_ZI (Exec base: 0x20000670, Load base: 0x00003414, Size: 0x00000218, Max: 0xffffffff, ABSOLUTE)

    Exec Addr    Load Addr    Size         Type   Attr      Idx    E Section Name        Object

    0x20000670        -       0x00000004   Zero   RW          112    .bss.g_ui32Base     uartstdio.o
    0x20000674        -       0x00000004   Zero   RW           67    .bss.interruptPinCallback  platform_tm4c.o
    0x20000678        -       0x00000004   Zero   RW           41    .bss.msCounter      test.o
    0x2000067c        -       0x00000004   Zero   RW           42    .bss.resultCounter  test.o
    0x20000680        -       0x00000001   Zero   RW           43    .bss.resultReadyFlag  test.o
    0x20000681   0x00003414   0x00000003   PAD
    0x20000684        -       0x00000004   Zero   RW           66    .bss.timerCallback  platform_tm4c.o
    0x20000688        -       0x00000200   Zero   RW          151    STACK               startup_tm4c123.o


==============================================================================

Image component sizes


      Code (inc. data)   RO Data    RW Data    ZI Data      Debug   Object Name

        18          0          0          0          0        327   main.o
       148          0          0          0          8       1775   platform_tm4c.o
       252         10        620          0        512       5420   startup_tm4c123.o
        18          0          0          0          0       6467   system_tm4c123.o
      1888        180        764         12          9       5856   test.o
       628          0          0          0          0       2360   tm4c_init.o
       544          8          0          0          0       5404   tmp006.o
       890        224          0          0          4       4328   uartstdio.o

    ----------------------------------------------------------------------
      4416        422       1416       1024        536      31937   Object Totals
         0          0         32          0          0          0   (incl. Generated)
        30          0          0       1012          3          0   (incl. Padding)

    ----------------------------------------------------------------------

      Code (inc. data)   RO Data    RW Data    ZI Data      Debug   Library Member Name

        58          0          0          0          0          0   __dczerorl.o
         8          0          0          0          0         68   __main.o
         0          0          0          0          0          0   __rtentry.o
        12          0          0          0          0          0   __rtentry2.o
         8          4          0          0          0          0   __rtentry5.o
        52          8          0          0          0          0   __scatter.o
        28          0          0          0          0          0   __scatter_zi.o
        16          0          0          0          0         68   aeabi_memset.o
        18          0          0          0          0         80   exit.o
         0          0          0          0          0          0   indicate_semi.o
         2          0          0          0          0          0   libinit.o
         6          0          0          0          0          0   libinit2.o
         2          0          0          0          0          0   libshutdown.o
         2          0          0          0          0          0   libshutdown2.o
        68          0          0          0          0         68   rt_memclr.o
        78          0          0          0          0         80   rt_memclr_w.o
         2          0          0          0          0          0   rtexit.o
        10          0          0          0          0          0   rtexit2.o
        12          4          0          0          0         68   sys_exit.o
         2          0          0          0          0         68   use_no_semi.o
       926         48        552          0          0      13631   gpio.o
       142         14          0          0          0       3809   i2c.o
       176         16        268        620          0       2058   interrupt.o
       946         80        596          0          0       5793   sysctl.o
       264         32        160          0          0       4898   timer.o
       144          0          0          0          0       2195   uart.o
       804         16          0          0          0        376   daddsub_clz.o
        84          0          0          0          0        244   dcmp.o
        24          0          0          0          0        116   dcmpi.o
       120          4          0          0          0        140   deqf.o
        38          0          0          0          0        116   dflt_clz.o
       120          4          0          0          0        140   dgeqf.o
       120          4          0          0          0        140   dleqf.o
       340         12          0          0          0        152   dmul.o
       156          4          0          0          0        140   dnaninf.o
        12          0          0          0          0        116   dretinf.o
        86          4          0          0          0        132   f2d.o
       140          4          0          0          0        132   fnaninf.o
        26          0          0          0          0        116   fpinit.o
         0          0          0          0          0          0   usenofp.o

    ----------------------------------------------------------------------
      5064        258       1576        620          0      34944   Library Totals
        12          0          0          0          0          0   (incl. Padding)

    ----------------------------------------------------------------------

      Code (inc. data)   RO Data    RW Data    ZI Data      Debug   Library Name

       384         16          0          0          0        500   c_w.l
      2598        190       1576        620          0      32384   driverlib.lib
      2070         52          0          0          0       2060   fz_wm.l

    ----------------------------------------------------------------------
      5064        258       1576        620          0      34944   Library Totals

    ----------------------------------------------------------------------

==============================================================================


      Code (inc. data)   RO Data    RW Data    ZI Data      Debug   

      9480        680       2992       1644        536      61629   Grand Totals
      9480        680       2992         20        536      61629   ELF Image Totals (compressed)
      9480        680       2992         20          0          0   ROM Totals

==============================================================================

    Total RO  Size (Code + RO Data)                12472 (  12.18kB)
    Total RW  Size (RW Data + ZI Data)              2180 (   2.13kB)
    Total ROM Size (Code + RO Data + RW Data)      12492 (  12.20kB)

==============================================================================

