Component: ARM Compiler 6.14 Tool: armlink [5db06800]

==============================================================================

Section Cross References

    tmp006.o(.text.tmp006_init) refers to tmp006.o(.text.setI2cAddress) for setI2cAddress
    tmp006.o(.ARM.exidx.text.tmp006_init) refers to tmp006.o(.text.tmp006_init) for [Anonymous Symbol]
    tmp006.o(.ARM.exidx.text.setI2cAddress) refers to tmp006.o(.text.setI2cAddress) for [Anonymous Symbol]
    tmp006.o(.ARM.exidx.text.tmp006_read) refers to tmp006.o(.text.tmp006_read) for [Anonymous Symbol]
    tmp006.o(.ARM.exidx.text.tmp006_write) refers to tmp006.o(.text.tmp006_write) for [Anonymous Symbol]
    tmp006.o(.text.tmp006_configConvRate) refers to tmp006.o(.text.tmp006_read) for tmp006_read
    tmp006.o(.text.tmp006_configConvRate) refers to tmp006.o(.text.tmp006_write) for tmp006_write
    tmp006.o(.ARM.exidx.text.tmp006_configConvRate) refers to tmp006.o(.text.tmp006_configConvRate) for [Anonymous Symbol]
    tmp006.o(.text.tmp006_drdyPinConfig) refers to tmp006.o(.text.tmp006_read) for tmp006_read
    tmp006.o(.text.tmp006_drdyPinConfig) refers to tmp006.o(.text.tmp006_write) for tmp006_write
    tmp006.o(.ARM.exidx.text.tmp006_drdyPinConfig) refers to tmp006.o(.text.tmp006_drdyPinConfig) for [Anonymous Symbol]
    tmp006.o(.text.tmp006_resetDevice) refers to tmp006.o(.text.tmp006_write) for tmp006_write
    tmp006.o(.ARM.exidx.text.tmp006_resetDevice) refers to tmp006.o(.text.tmp006_resetDevice) for [Anonymous Symbol]
    tmp006.o(.text.tmp006_operationMode) refers to tmp006.o(.text.tmp006_read) for tmp006_read
    tmp006.o(.text.tmp006_operationMode) refers to tmp006.o(.text.tmp006_write) for tmp006_write
    tmp006.o(.ARM.exidx.text.tmp006_operationMode) refers to tmp006.o(.text.tmp006_operationMode) for [Anonymous Symbol]
    tmp006.o(.text.tmp006_isResultReady) refers to tmp006.o(.text.tmp006_read) for tmp006_read
    tmp006.o(.ARM.exidx.text.tmp006_isResultReady) refers to tmp006.o(.text.tmp006_isResultReady) for [Anonymous Symbol]
    tmp006.o(.text.tmp006_readTemp) refers to tmp006.o(.text.tmp006_read) for tmp006_read
    tmp006.o(.ARM.exidx.text.tmp006_readTemp) refers to tmp006.o(.text.tmp006_readTemp) for [Anonymous Symbol]
    tmp006.o(.text.tmp006_readVoltage) refers to tmp006.o(.text.tmp006_read) for tmp006_read
    tmp006.o(.ARM.exidx.text.tmp006_readVoltage) refers to tmp006.o(.text.tmp006_readVoltage) for [Anonymous Symbol]
    tm4c_init.o(.text.initSystemClock_40MHz) refers to sysctl.o(i.SysCtlClockSet) for SysCtlClockSet
    tm4c_init.o(.ARM.exidx.text.initSystemClock_40MHz) refers to tm4c_init.o(.text.initSystemClock_40MHz) for [Anonymous Symbol]
    tm4c_init.o(.text.enablePeripheralsClock) refers to sysctl.o(i.SysCtlPeripheralEnable) for SysCtlPeripheralEnable
    tm4c_init.o(.text.enablePeripheralsClock) refers to sysctl.o(i.SysCtlPeripheralReady) for SysCtlPeripheralReady
    tm4c_init.o(.ARM.exidx.text.enablePeripheralsClock) refers to tm4c_init.o(.text.enablePeripheralsClock) for [Anonymous Symbol]
    tm4c_init.o(.text.initPorts) refers to gpio.o(i.GPIOUnlockPin) for GPIOUnlockPin
    tm4c_init.o(.text.initPorts) refers to gpio.o(i.GPIOPinTypeGPIOOutput) for GPIOPinTypeGPIOOutput
    tm4c_init.o(.text.initPorts) refers to gpio.o(i.GPIOPinTypeGPIOInput) for GPIOPinTypeGPIOInput
    tm4c_init.o(.text.initPorts) refers to gpio.o(i.GPIOIntRegister) for GPIOIntRegister
    tm4c_init.o(.text.initPorts) refers to gpio.o(i.GPIOIntTypeSet) for GPIOIntTypeSet
    tm4c_init.o(.text.initPorts) refers to gpio.o(i.GPIOIntEnable) for GPIOIntEnable
    tm4c_init.o(.ARM.exidx.text.initPorts) refers to tm4c_init.o(.text.initPorts) for [Anonymous Symbol]
    tm4c_init.o(.text.initTimer1mSec) refers to sysctl.o(i.SysCtlPeripheralEnable) for SysCtlPeripheralEnable
    tm4c_init.o(.text.initTimer1mSec) refers to sysctl.o(i.SysCtlPeripheralReady) for SysCtlPeripheralReady
    tm4c_init.o(.text.initTimer1mSec) refers to timer.o(i.TimerConfigure) for TimerConfigure
    tm4c_init.o(.text.initTimer1mSec) refers to timer.o(i.TimerLoadSet) for TimerLoadSet
    tm4c_init.o(.text.initTimer1mSec) refers to timer.o(i.TimerIntRegister) for TimerIntRegister
    tm4c_init.o(.text.initTimer1mSec) refers to timer.o(i.TimerIntEnable) for TimerIntEnable
    tm4c_init.o(.text.initTimer1mSec) refers to timer.o(i.TimerEnable) for TimerEnable
    tm4c_init.o(.ARM.exidx.text.initTimer1mSec) refers to tm4c_init.o(.text.initTimer1mSec) for [Anonymous Symbol]
    tm4c_init.o(.text.initI2c) refers to sysctl.o(i.SysCtlPeripheralEnable) for SysCtlPeripheralEnable
    tm4c_init.o(.text.initI2c) refers to sysctl.o(i.SysCtlPeripheralReset) for SysCtlPeripheralReset
    tm4c_init.o(.text.initI2c) refers to sysctl.o(i.SysCtlPeripheralReady) for SysCtlPeripheralReady
    tm4c_init.o(.text.initI2c) refers to gpio.o(i.GPIOPinConfigure) for GPIOPinConfigure
    tm4c_init.o(.text.initI2c) refers to gpio.o(i.GPIOPinTypeI2CSCL) for GPIOPinTypeI2CSCL
[...]
    Removing timer.o(i.TimerIntDisable), (8 bytes).
    Removing timer.o(i.TimerIntStatus), (12 bytes).
    Removing timer.o(i.TimerIntUnregister), (30 bytes).
    Removing timer.o(i.TimerLoadGet), (14 bytes).
    Removing timer.o(i.TimerLoadGet64), (26 bytes).
    Removing timer.o(i.TimerLoadSet64), (6 bytes).
    Removing timer.o(i.TimerMatchGet), (14 bytes).
    Removing timer.o(i.TimerMatchGet64), (26 bytes).
    Removing timer.o(i.TimerMatchSet), (16 bytes).
    Removing timer.o(i.TimerMatchSet64), (6 bytes).
    Removing timer.o(i.TimerPrescaleGet), (14 bytes).
    Removing timer.o(i.TimerPrescaleMatchGet), (14 bytes).
    Removing timer.o(i.TimerPrescaleMatchSet), (16 bytes).
    Removing timer.o(i.TimerPrescaleSet), (16 bytes).
    Removing timer.o(i.TimerRTCDisable), (10 bytes).
    Removing timer.o(i.TimerRTCEnable), (10 bytes).
    Removing timer.o(i.TimerSynchronize), (4 bytes).
    Removing timer.o(i.TimerUpdateMode), (42 bytes).
    Removing timer.o(i.TimerValueGet), (14 bytes).
    Removing timer.o(i.TimerValueGet64), (26 bytes).
    Removing uart.o(i.UART9BitAddrSend), (44 bytes).
    Removing uart.o(i.UART9BitAddrSet), (10 bytes).
    Removing uart.o(i.UART9BitDisable), (14 bytes).
    Removing uart.o(i.UART9BitEnable), (14 bytes).
    Removing uart.o(i.UARTBreakCtl), (20 bytes).
    Removing uart.o(i.UARTBusy), (10 bytes).
    Removing uart.o(i.UARTCharGet), (18 bytes).
    Removing uart.o(i.UARTCharGetNonBlocking), (20 bytes).
    Removing uart.o(i.UARTCharPutNonBlocking), (20 bytes).
    Removing uart.o(i.UARTCharsAvail), (12 bytes).
    Removing uart.o(i.UARTClockSourceGet), (8 bytes).
    Removing uart.o(i.UARTClockSourceSet), (6 bytes).
    Removing uart.o(i.UARTConfigGetExpClk), (44 bytes).
    Removing uart.o(i.UARTDMADisable), (8 bytes).
    Removing uart.o(i.UARTDMAEnable), (8 bytes).
    Removing uart.o(i.UARTDisableSIR), (10 bytes).
    Removing uart.o(i.UARTEnableSIR), (22 bytes).
    Removing uart.o(i.UARTFIFODisable), (10 bytes).
    Removing uart.o(i.UARTFIFOEnable), (10 bytes).
    Removing uart.o(i.UARTFIFOLevelGet), (18 bytes).
    Removing uart.o(i.UARTFIFOLevelSet), (8 bytes).
    Removing uart.o(i.UARTFlowControlGet), (10 bytes).
    Removing uart.o(i.UARTFlowControlSet), (12 bytes).
    Removing uart.o(i.UARTIntClear), (4 bytes).
    Removing uart.o(i.UARTIntDisable), (8 bytes).
    Removing uart.o(i.UARTIntEnable), (8 bytes).
    Removing uart.o(i.UARTIntRegister), (30 bytes).
    Removing uart.o(i.UARTIntStatus), (12 bytes).
    Removing uart.o(i.UARTIntUnregister), (26 bytes).
    Removing uart.o(i.UARTLoopbackEnable), (10 bytes).
    Removing uart.o(i.UARTModemControlClear), (12 bytes).
    Removing uart.o(i.UARTModemControlGet), (10 bytes).
    Removing uart.o(i.UARTModemControlSet), (12 bytes).
    Removing uart.o(i.UARTModemStatusGet), (12 bytes).
    Removing uart.o(i.UARTParityModeGet), (10 bytes).
    Removing uart.o(i.UARTParityModeSet), (12 bytes).
    Removing uart.o(i.UARTRxErrorClear), (6 bytes).
    Removing uart.o(i.UARTRxErrorGet), (10 bytes).
    Removing uart.o(i.UARTSmartCardDisable), (10 bytes).
    Removing uart.o(i.UARTSmartCardEnable), (22 bytes).
    Removing uart.o(i.UARTSpaceAvail), (12 bytes).
    Removing uart.o(i.UARTTxIntModeGet), (10 bytes).
    Removing uart.o(i.UARTTxIntModeSet), (12 bytes).
    Removing uart.o(i._UARTIntNumberGet), (76 bytes).
    Removing uart.o(.constdata), (128 bytes).
    Removing cpu.o(.emb_text), (38 bytes).
    Removing interrupt.o(i.IntDisable), (116 bytes).
    Removing interrupt.o(i.IntIsEnabled), (108 bytes).
    Removing interrupt.o(i.IntMasterDisable), (16 bytes).
    Removing interrupt.o(i.IntMasterEnable), (16 bytes).
    Removing interrupt.o(i.IntPendClear), (76 bytes).
    Removing interrupt.o(i.IntPendSet), (96 bytes).
    Removing interrupt.o(i.IntPriorityGet), (28 bytes).
    Removing interrupt.o(i.IntPriorityGroupingGet), (44 bytes).
    Removing interrupt.o(i.IntPriorityGroupingSet), (28 bytes).
    Removing interrupt.o(i.IntPriorityMaskGet), (8 bytes).
    Removing interrupt.o(i.IntPriorityMaskSet), (12 bytes).
    Removing interrupt.o(i.IntPrioritySet), (52 bytes).
    Removing interrupt.o(i.IntTrigger), (16 bytes).
    Removing interrupt.o(i.IntUnregister), (20 bytes).
    Removing interrupt.o(i._IntDefaultHandler), (4 bytes).

286 unused section(s) (total 7427 bytes) removed from the image.

==============================================================================

Image Symbol Table

    Local Symbols

    Symbol Name                              Value     Ov Type        Size  Object(Section)

    ../clib/angel/boardlib.s                 0x00000000   Number         0  boardinit1.o ABSOLUTE
    ../clib/angel/boardlib.s                 0x00000000   Number         0  boardinit2.o ABSOLUTE
    ../clib/angel/boardlib.s                 0x00000000   Number         0  boardinit3.o ABSOLUTE
    ../clib/angel/boardlib.s                 0x00000000   Number         0  boardshut.o ABSOLUTE
    ../clib/angel/dczerorl.s                 0x00000000   Number         0  __dczerorl.o ABSOLUTE
    ../clib/angel/handlers.s                 0x00000000   Number         0  __scatter_zi.o ABSOLUTE
    ../clib/angel/kernel.s                   0x00000000   Number         0  __rtentry.o ABSOLUTE
    ../clib/angel/kernel.s                   0x00000000   Number         0  __rtentry2.o ABSOLUTE
    ../clib/angel/kernel.s                   0x00000000   Number         0  __rtentry4.o ABSOLUTE
    ../clib/angel/kernel.s                   0x00000000   Number         0  __rtentry5.o ABSOLUTE
    ../clib/angel/kernel.s                   0x00000000   Number         0  rtexit.o ABSOLUTE
    ../clib/angel/kernel.s                   0x00000000   Number         0  rtexit2.o ABSOLUTE
    ../clib/angel/rt.s                       0x00000000   Number         0  rt_raise.o ABSOLUTE
    ../clib/angel/scatter.s                  0x00000000   Number         0  __scatter.o ABSOLUTE
    ../clib/angel/startup.s                  0x00000000   Number         0  __main.o ABSOLUTE
    ../clib/angel/sys.s                      0x00000000   Number         0  sys_stackheap_outer.o ABSOLUTE
    ../clib/angel/sys.s                      0x00000000   Number         0  libspace.o ABSOLUTE
    ../clib/angel/sys.s                      0x00000000   Number         0  sys_stackheap.o ABSOLUTE
    ../clib/angel/sys.s                      0x00000000   Number         0  sys_stackheap_hlt.o ABSOLUTE
    ../clib/angel/sys.s                      0x00000000   Number         0  use_no_semi.o ABSOLUTE
    ../clib/angel/sys.s                      0x00000000   Number         0  indicate_semi.o ABSOLUTE
    ../clib/angel/sysapp.c                   0x00000000   Number         0  sys_exit.o ABSOLUTE
    ../clib/angel/sysapp.c                   0x00000000   Number         0  sys_exit_hlt.o ABSOLUTE
    ../clib/angel/sysapp.c                   0x00000000   Number         0  sys_command.o ABSOLUTE
    ../clib/angel/sysapp.c                   0x00000000   Number         0  sys_command_hlt.o ABSOLUTE
    ../clib/angel/sysapp.c                   0x00000000   Number         0  sys_wrch.o ABSOLUTE
    ../clib/angel/sysapp.c                   0x00000000   Number         0  sys_wrch_hlt.o ABSOLUTE
    ../clib/armsys.c                         0x00000000   Number         0  argv_veneer.o ABSOLUTE
    ../clib/armsys.c                         0x00000000   Number         0  argv_veneer.o ABSOLUTE
    ../clib/armsys.c                         0x00000000   Number         0  _get_argv_nomalloc.o ABSOLUTE
    ../clib/armsys.c                         0x00000000   Number         0  no_argv.o ABSOLUTE
    ../clib/heapalloc.c                      0x00000000   Number         0  hrguard.o ABSOLUTE
    ../clib/libinit.s                        0x00000000   Number         0  libinit.o ABSOLUTE
    ../clib/libinit.s                        0x00000000   Number         0  libinit2.o ABSOLUTE
    ../clib/libinit.s                        0x00000000   Number         0  libinit3.o ABSOLUTE
    ../clib/libinit.s                        0x00000000   Number         0  libshutdown.o ABSOLUTE
    ../clib/libinit.s                        0x00000000   Number         0  libshutdown2.o ABSOLUTE
    ../clib/memcpset.s                       0x00000000   Number         0  aeabi_memset.o ABSOLUTE
    ../clib/memcpset.s                       0x00000000   Number         0  rt_memclr.o ABSOLUTE
    ../clib/memcpset.s                       0x00000000   Number         0  rt_memclr_w.o ABSOLUTE
    ../clib/signal.c                         0x00000000   Number         0  defsig_rtmem_outer.o ABSOLUTE
    ../clib/signal.c                         0x00000000   Number         0  defsig_rtmem_formal.o ABSOLUTE
    ../clib/signal.c                         0x00000000   Number         0  defsig_exit.o ABSOLUTE
    ../clib/signal.c                         0x00000000   Number         0  defsig_rtmem_inner.o ABSOLUTE
    ../clib/signal.c                         0x00000000   Number         0  __raise.o ABSOLUTE
    ../clib/signal.c                         0x00000000   Number         0  defsig_general.o ABSOLUTE
    ../clib/signal.c                         0x00000000   Number         0  defsig_abrt_inner.o ABSOLUTE
    ../clib/signal.c                         0x00000000   Number         0  defsig_fpe_inner.o ABSOLUTE
    ../clib/signal.c                         0x00000000   Number         0  defsig_rtred_inner.o ABSOLUTE
    ../clib/signal.c                         0x00000000   Number         0  defsig_stak_inner.o ABSOLUTE
    ../clib/signal.c                         0x00000000   Number         0  defsig_pvfn_inner.o ABSOLUTE
    ../clib/signal.c                         0x00000000   Number         0  defsig_cppl_inner.o ABSOLUTE
    ../clib/signal.c                         0x00000000   Number         0  defsig_segv_inner.o ABSOLUTE
    ../clib/signal.c                         0x00000000   Number         0  defsig_other.o ABSOLUTE
    ../clib/signal.s                         0x00000000   Number         0  defsig.o ABSOLUTE
    ../clib/stdlib.c                         0x00000000   Number         0  exit.o ABSOLUTE
    ../fplib/daddsub.s                       0x00000000   Number         0  daddsub_clz.o ABSOLUTE
    ../fplib/dcmp.s                          0x00000000   Number         0  dcmp.o ABSOLUTE
    ../fplib/dcmpi.s                         0x00000000   Number         0  dcmpi.o ABSOLUTE
    ../fplib/deqf.s                          0x00000000   Number         0  deqf.o ABSOLUTE
    ../fplib/dflt.s                          0x00000000   Number         0  dflt_clz.o ABSOLUTE
    ../fplib/dgeqf.s                         0x00000000   Number         0  dgeqf.o ABSOLUTE
    ../fplib/dleqf.s                         0x00000000   Number         0  dleqf.o ABSOLUTE
    ../fplib/dmul.s                          0x00000000   Number         0  dmul.o ABSOLUTE
    ../fplib/dnaninf.s                       0x00000000   Number         0  dnaninf.o ABSOLUTE
    ../fplib/dretinf.s                       0x00000000   Number         0  dretinf.o ABSOLUTE
    ../fplib/f2d.s                           0x00000000   Number         0  f2d.o ABSOLUTE
    ../fplib/fnaninf.s                       0x00000000   Number         0  fnaninf.o ABSOLUTE
    ../fplib/fpinit.s                        0x00000000   Number         0  fpinit.o ABSOLUTE
    ../fplib/usenofp.s                       0x00000000   Number         0  usenofp.o ABSOLUTE
    RTE/Device/TM4C123GH6PM/startup_TM4C123.s 0x00000000   Number         0  startup_tm4c123.o ABSOLUTE
    cpu.c                                    0x00000000   Number         0  cpu.o ABSOLUTE
    cpu.c                                    0x00000000   Number         0  cpu.o ABSOLUTE
    dc.s                                     0x00000000   Number         0  dc.o ABSOLUTE
    gpio.c                                   0x00000000   Number         0  gpio.o ABSOLUTE
    i2c.c                                    0x00000000   Number         0  i2c.o ABSOLUTE
    interrupt.c                              0x00000000   Number         0  interrupt.o ABSOLUTE
    main.c                                   0x00000000   Number         0  main.o ABSOLUTE
    sysctl.c                                 0x00000000   Number         0  sysctl.o ABSOLUTE
    sysctl.c                                 0x00000000   Number         0  sysctl.o ABSOLUTE
    system_TM4C123.c                         0x00000000   Number         0  system_tm4c123.o ABSOLUTE
    timer.c                                  0x00000000   Number         0  timer.o ABSOLUTE
    tm4c_init.c                              0x00000000   Number         0  tm4c_init.o ABSOLUTE
    tmp006.c                                 0x00000000   Number         0  tmp006.o ABSOLUTE
    uart.c                                   0x00000000   Number         0  uart.o ABSOLUTE
    uartstdio.c                              0x00000000   Number         0  uartstdio.o ABSOLUTE
    RESET                                    0x00000000   Section      620  startup_tm4c123.o(RESET)
    !!!main                                  0x0000026c   Section        8  __main.o(!!!main)
    !!!scatter                               0x00000274   Section       52  __scatter.o(!!!scatter)
    !!dczerorl                               0x000002a8   Section       58  __dczerorl.o(!!dczerorl)
    !!handler_zi                             0x000002e4   Section       28  __scatter_zi.o(!!handler_zi)
    .ARM.Collect$$libinit$$00000000          0x00000300   Section        2  libinit.o(.ARM.Collect$$libinit$$00000000)
    .ARM.Collect$$libinit$$00000001          0x00000302   Section        4  libinit2.o(.ARM.Collect$$libinit$$00000001)
    .ARM.Collect$$libinit$$00000004          0x00000306   Section        0  libinit2.o(.ARM.Collect$$libinit$$00000004)
    .ARM.Collect$$libinit$$0000000A          0x00000306   Section        0  libinit2.o(.ARM.Collect$$libinit$$0000000A)
    .ARM.Collect$$libinit$$0000000C          0x00000306   Section        0  libinit2.o(.ARM.Collect$$libinit$$0000000C)
    .ARM.Collect$$libinit$$0000000E          0x00000306   Section        0  libinit2.o(.ARM.Collect$$libinit$$0000000E)
    .ARM.Collect$$libinit$$00000011          0x00000306   Section        0  libinit2.o(.ARM.Collect$$libinit$$00000011)
    .ARM.Collect$$libinit$$00000013          0x00000306   Section        0  libinit2.o(.ARM.Collect$$libinit$$00000013)
    .ARM.Collect$$libinit$$00000015          0x00000306   Section        0  libinit2.o(.ARM.Collect$$libinit$$00000015)
    .ARM.Collect$$libinit$$00000017          0x00000306   Section        0  libinit2.o(.ARM.Collect$$libinit$$00000017)
    .ARM.Collect$$libinit$$00000019          0x00000306   Section        0  libinit2.o(.ARM.Collect$$libinit$$00000019)
    .ARM.Collect$$libinit$$0000001B          0x00000306   Section        0  libinit2.o(.ARM.Collect$$libinit$$0000001B)
    .ARM.Collect$$libinit$$0000001D          0x00000306   Section        0  libinit2.o(.ARM.Collect$$libinit$$0000001D)
    .ARM.Collect$$libinit$$0000001F          0x00000306   Section        0  libinit2.o(.ARM.Collect$$libinit$$0000001F)
    .ARM.Collect$$libinit$$00000021          0x00000306   Section        0  libinit2.o(.ARM.Collect$$libinit$$00000021)
    .ARM.Collect$$libinit$$00000023          0x00000306   Section        0  libinit2.o(.ARM.Collect$$libinit$$00000023)
    .ARM.Collect$$libinit$$00000025          0x00000306   Section        0  libinit2.o(.ARM.Collect$$libinit$$00000025)
    .ARM.Collect$$libinit$$0000002C          0x00000306   Section        0  libinit2.o(.ARM.Collect$$libinit$$0000002C)
    .ARM.Collect$$libinit$$0000002E          0x00000306   Section        0  libinit2.o(.ARM.Collect$$libinit$$0000002E)
    .ARM.Collect$$libinit$$00000030          0x00000306   Section        0  libinit2.o(.ARM.Collect$$libinit$$00000030)
    .ARM.Collect$$libinit$$00000032          0x00000306   Section        0  libinit2.o(.ARM.Collect$$libinit$$00000032)
    .ARM.Collect$$libinit$$00000033          0x00000306   Section        2  libinit2.o(.ARM.Collect$$libinit$$00000033)
    .ARM.Collect$$libshutdown$$00000000      0x00000308   Section        2  libshutdown.o(.ARM.Collect$$libshutdown$$00000000)
    .ARM.Collect$$libshutdown$$00000002      0x0000030a   Section        0  libshutdown2.o(.ARM.Collect$$libshutdown$$00000002)
    .ARM.Collect$$libshutdown$$00000004      0x0000030a   Section        0  libshutdown2.o(.ARM.Collect$$libshutdown$$00000004)
    .ARM.Collect$$libshutdown$$00000007      0x0000030a   Section        0  libshutdown2.o(.ARM.Collect$$libshutdown$$00000007)
    .ARM.Collect$$libshutdown$$0000000A      0x0000030a   Section        0  libshutdown2.o(.ARM.Collect$$libshutdown$$0000000A)
    .ARM.Collect$$libshutdown$$0000000C      0x0000030a   Section        0  libshutdown2.o(.ARM.Collect$$libshutdown$$0000000C)
    .ARM.Collect$$libshutdown$$0000000F      0x0000030a   Section        0  libshutdown2.o(.ARM.Collect$$libshutdown$$0000000F)
    .ARM.Collect$$libshutdown$$00000010      0x0000030a   Section        2  libshutdown2.o(.ARM.Collect$$libshutdown$$00000010)
    .ARM.Collect$$rtentry$$00000000          0x0000030c   Section        0  __rtentry.o(.ARM.Collect$$rtentry$$00000000)
    .ARM.Collect$$rtentry$$00000002          0x0000030c   Section        0  __rtentry2.o(.ARM.Collect$$rtentry$$00000002)
    .ARM.Collect$$rtentry$$00000005          0x0000030c   Section        4  __rtentry5.o(.ARM.Collect$$rtentry$$00000005)
    .ARM.Collect$$rtentry$$00000009          0x00000310   Section        0  __rtentry2.o(.ARM.Collect$$rtentry$$00000009)
    .ARM.Collect$$rtentry$$0000000A          0x00000310   Section        4  __rtentry2.o(.ARM.Collect$$rtentry$$0000000A)
    .ARM.Collect$$rtentry$$0000000C          0x00000314   Section        0  __rtentry2.o(.ARM.Collect$$rtentry$$0000000C)
    .ARM.Collect$$rtentry$$0000000D          0x00000314   Section        8  __rtentry2.o(.ARM.Collect$$rtentry$$0000000D)
    __lit__00000000                          0x0000031c   Data           4  __rtentry5.o(.ARM.Collect$$rtentry$$00002716)
    .ARM.Collect$$rtentry$$00002716          0x0000031c   Section        4  __rtentry5.o(.ARM.Collect$$rtentry$$00002716)
    .ARM.Collect$$rtexit$$00000000           0x00000320   Section        2  rtexit.o(.ARM.Collect$$rtexit$$00000000)
    .ARM.Collect$$rtexit$$00000002           0x00000322   Section        0  rtexit2.o(.ARM.Collect$$rtexit$$00000002)
    .ARM.Collect$$rtexit$$00000003           0x00000322   Section        4  rtexit2.o(.ARM.Collect$$rtexit$$00000003)
    .ARM.Collect$$rtexit$$00000004           0x00000326   Section        6  rtexit2.o(.ARM.Collect$$rtexit$$00000004)
    $v0                                      0x0000032c   Number         0  sysctl.o(.emb_text)
    .emb_text                                0x0000032c   Section        6  sysctl.o(.emb_text)
    $v0                                      0x00000334   Number         0  startup_tm4c123.o(.text)
    .text                                    0x00000334   Section      252  startup_tm4c123.o(.text)
    .text                                    0x00000430   Section       16  aeabi_memset.o(.text)
    .text                                    0x00000440   Section       68  rt_memclr.o(.text)
    .text                                    0x00000484   Section       78  rt_memclr_w.o(.text)
    .text                                    0x000004d2   Section        0  exit.o(.text)
    .text                                    0x000004e4   Section        2  use_no_semi.o(.text)
    .text                                    0x000004e6   Section        0  indicate_semi.o(.text)
    .text                                    0x000004e8   Section        0  sys_exit.o(.text)
    [Anonymous Symbol]                       0x000004f4   Section        0  system_tm4c123.o(.text.SystemInit)
    [Anonymous Symbol]                       0x00000508   Section        0  uartstdio.o(.text.UARTStdioConfig)
    g_ui32UARTPeriph                         0x0000054c   Number         0  uartstdio.o(.text.UARTStdioConfig)
    g_ui32UARTBase                           0x00000558   Number         0  uartstdio.o(.text.UARTStdioConfig)
    [Anonymous Symbol]                       0x00000564   Section        0  uartstdio.o(.text.UARTprintf)
    [Anonymous Symbol]                       0x00000584   Section        0  uartstdio.o(.text.UARTvprintf)
    [Anonymous Symbol]                       0x0000083c   Section        0  uartstdio.o(.text.UARTwrite)
    [Anonymous Symbol]                       0x00000884   Section        0  main.o(.text.checkTemperatureValue)
    conversionRateToFloat                    0x00000911   Thumb Code    40  main.o(.text.conversionRateToFloat)
    [Anonymous Symbol]                       0x00000910   Section        0  main.o(.text.conversionRateToFloat)
    [Anonymous Symbol]                       0x00000938   Section        0  tm4c_init.o(.text.enablePeripheralsClock)
    [Anonymous Symbol]                       0x00000964   Section        0  tm4c_init.o(.text.i2cRead)
    [Anonymous Symbol]                       0x000009f0   Section        0  tm4c_init.o(.text.i2cWrite)
    [Anonymous Symbol]                       0x00000a5c   Section        0  tm4c_init.o(.text.initI2c)
    [Anonymous Symbol]                       0x00000ad8   Section        0  tm4c_init.o(.text.initPorts)
    [Anonymous Symbol]                       0x00000b20   Section        0  tm4c_init.o(.text.initSystemClock_40MHz)
    [Anonymous Symbol]                       0x00000b30   Section        0  tm4c_init.o(.text.initTimer1mSec)
    [Anonymous Symbol]                       0x00000b84   Section        0  tm4c_init.o(.text.initUartPrintf)
    [Anonymous Symbol]                       0x00000bb0   Section        0  main.o(.text.main)
    [Anonymous Symbol]                       0x00000e58   Section        0  main.o(.text.resultReady)
    setI2cAddress                            0x00000e81   Thumb Code    72  tmp006.o(.text.setI2cAddress)
    [Anonymous Symbol]                       0x00000e80   Section        0  tmp006.o(.text.setI2cAddress)
    [Anonymous Symbol]                       0x00000ec8   Section        0  main.o(.text.setUp)
    [Anonymous Symbol]                       0x00000ef0   Section        0  main.o(.text.test_customConvRateIntOff)
    [Anonymous Symbol]                       0x00001000   Section        0  main.o(.text.test_customConvRateIntOn)
    [Anonymous Symbol]                       0x000010e0   Section        0  main.o(.text.test_powerDownModeIntOff)
    [Anonymous Symbol]                       0x0000113c   Section        0  main.o(.text.test_powerDownModeIntOn)
    [Anonymous Symbol]                       0x0000118c   Section        0  main.o(.text.test_readManufId)
    [Anonymous Symbol]                       0x000011b8   Section        0  main.o(.text.test_writeIntoConfig)
    [Anonymous Symbol]                       0x000012e4   Section        0  main.o(.text.timerHandler)
    [Anonymous Symbol]                       0x00001304   Section        0  tmp006.o(.text.tmp006_configConvRate)
    [Anonymous Symbol]                       0x0000134c   Section        0  tmp006.o(.text.tmp006_drdyPinConfig)
    [Anonymous Symbol]                       0x00001394   Section        0  tmp006.o(.text.tmp006_init)
    [Anonymous Symbol]                       0x000013b0   Section        0  tmp006.o(.text.tmp006_isResultReady)
    [Anonymous Symbol]                       0x000013e0   Section        0  tmp006.o(.text.tmp006_operationMode)
    [Anonymous Symbol]                       0x00001428   Section        0  tmp006.o(.text.tmp006_read)
    [Anonymous Symbol]                       0x00001464   Section        0  tmp006.o(.text.tmp006_readTemp)
    [Anonymous Symbol]                       0x0000148c   Section        0  tmp006.o(.text.tmp006_resetDevice)
    [Anonymous Symbol]                       0x000014b0   Section        0  tmp006.o(.text.tmp006_write)
    i.GPIODirModeSet                         0x000014e8   Section        0  gpio.o(i.GPIODirModeSet)
    i.GPIOIntClear                           0x0000151a   Section        0  gpio.o(i.GPIOIntClear)
    i.GPIOIntEnable                          0x00001520   Section        0  gpio.o(i.GPIOIntEnable)
    i.GPIOIntRegister                        0x0000152c   Section        0  gpio.o(i.GPIOIntRegister)
    i.GPIOIntTypeSet                         0x0000154a   Section        0  gpio.o(i.GPIOIntTypeSet)
    i.GPIOPadConfigSet                       0x000015b0   Section        0  gpio.o(i.GPIOPadConfigSet)
    i.GPIOPinConfigure                       0x0000173c   Section        0  gpio.o(i.GPIOPinConfigure)
    i.GPIOPinTypeGPIOInput                   0x0000178c   Section        0  gpio.o(i.GPIOPinTypeGPIOInput)
    i.GPIOPinTypeGPIOOutput                  0x000017aa   Section        0  gpio.o(i.GPIOPinTypeGPIOOutput)
    i.GPIOPinTypeI2C                         0x000017c8   Section        0  gpio.o(i.GPIOPinTypeI2C)
    i.GPIOPinTypeI2CSCL                      0x000017e6   Section        0  gpio.o(i.GPIOPinTypeI2CSCL)
    i.GPIOPinTypeUART                        0x00001804   Section        0  gpio.o(i.GPIOPinTypeUART)
    i.GPIOUnlockPin                          0x00001824   Section        0  gpio.o(i.GPIOUnlockPin)
    i.I2CMasterBusy                          0x0000183c   Section        0  i2c.o(i.I2CMasterBusy)
    i.I2CMasterControl                       0x0000184e   Section        0  i2c.o(i.I2CMasterControl)
    i.I2CMasterDataGet                       0x00001852   Section        0  i2c.o(i.I2CMasterDataGet)
    i.I2CMasterDataPut                       0x00001858   Section        0  i2c.o(i.I2CMasterDataPut)
    i.I2CMasterEnable                        0x0000185c   Section        0  i2c.o(i.I2CMasterEnable)
    i.I2CMasterInitExpClk                    0x00001868   Section        0  i2c.o(i.I2CMasterInitExpClk)
    i.I2CMasterSlaveAddrSet                  0x000018c4   Section        0  i2c.o(i.I2CMasterSlaveAddrSet)
    i.IntEnable                              0x000018cc   Section        0  interrupt.o(i.IntEnable)
    i.IntRegister                            0x00001940   Section        0  interrupt.o(i.IntRegister)
    i.SysCtlClockGet                         0x0000197c   Section        0  sysctl.o(i.SysCtlClockGet)
    i.SysCtlClockSet                         0x00001ae8   Section        0  sysctl.o(i.SysCtlClockSet)
    i.SysCtlPeripheralEnable                 0x00001c14   Section        0  sysctl.o(i.SysCtlPeripheralEnable)
    i.SysCtlPeripheralPresent                0x00001c48   Section        0  sysctl.o(i.SysCtlPeripheralPresent)
    i.SysCtlPeripheralReady                  0x00001c80   Section        0  sysctl.o(i.SysCtlPeripheralReady)
    i.SysCtlPeripheralReset                  0x00001cb8   Section        0  sysctl.o(i.SysCtlPeripheralReset)
    i.TimerConfigure                         0x00001d28   Section        0  timer.o(i.TimerConfigure)
    i.TimerEnable                            0x00001d88   Section        0  timer.o(i.TimerEnable)
    i.TimerIntClear                          0x00001d96   Section        0  timer.o(i.TimerIntClear)
    i.TimerIntEnable                         0x00001d9a   Section        0  timer.o(i.TimerIntEnable)
    i.TimerIntRegister                       0x00001da2   Section        0  timer.o(i.TimerIntRegister)
    i.TimerLoadSet                           0x00001dc8   Section        0  timer.o(i.TimerLoadSet)
    i.UARTCharPut                            0x00001dd8   Section        0  uart.o(i.UARTCharPut)
    i.UARTConfigSetExpClk                    0x00001de8   Section        0  uart.o(i.UARTConfigSetExpClk)
    i.UARTDisable                            0x00001e34   Section        0  uart.o(i.UARTDisable)
    i.UARTEnable                             0x00001e54   Section        0  uart.o(i.UARTEnable)
    _GPIOIntNumberGet                        0x00001e69   Thumb Code    56  gpio.o(i._GPIOIntNumberGet)
    i._GPIOIntNumberGet                      0x00001e68   Section        0  gpio.o(i._GPIOIntNumberGet)
    _TimerIntNumberGet                       0x00001eb5   Thumb Code    68  timer.o(i._TimerIntNumberGet)
    i._TimerIntNumberGet                     0x00001eb4   Section        0  timer.o(i._TimerIntNumberGet)
    $v0                                      0x00001f0c   Number         0  daddsub_clz.o(x$fpl$dadd)
    x$fpl$dadd                               0x00001f0c   Section      336  daddsub_clz.o(x$fpl$dadd)
    _dadd1                                   0x00001f1d   Thumb Code     0  daddsub_clz.o(x$fpl$dadd)
    $v0                                      0x0000205c   Number         0  dcmpi.o(x$fpl$dcmpinf)
    x$fpl$dcmpinf                            0x0000205c   Section       24  dcmpi.o(x$fpl$dcmpinf)
    $v0                                      0x00002074   Number         0  deqf.o(x$fpl$deqf)
    x$fpl$deqf                               0x00002074   Section      120  deqf.o(x$fpl$deqf)
    $v0                                      0x000020ec   Number         0  dflt_clz.o(x$fpl$dfltu)
    x$fpl$dfltu                              0x000020ec   Section       38  dflt_clz.o(x$fpl$dfltu)
    $v0                                      0x00002114   Number         0  dgeqf.o(x$fpl$dgeqf)
    x$fpl$dgeqf                              0x00002114   Section      120  dgeqf.o(x$fpl$dgeqf)
    $v0                                      0x0000218c   Number         0  dleqf.o(x$fpl$dleqf)
    x$fpl$dleqf                              0x0000218c   Section      120  dleqf.o(x$fpl$dleqf)
    $v0                                      0x00002204   Number         0  dmul.o(x$fpl$dmul)
    x$fpl$dmul                               0x00002204   Section      340  dmul.o(x$fpl$dmul)
    $v0                                      0x00002358   Number         0  dnaninf.o(x$fpl$dnaninf)
    x$fpl$dnaninf                            0x00002358   Section      156  dnaninf.o(x$fpl$dnaninf)
    $v0                                      0x000023f4   Number         0  dretinf.o(x$fpl$dretinf)
    x$fpl$dretinf                            0x000023f4   Section       12  dretinf.o(x$fpl$dretinf)
    $v0                                      0x00002400   Number         0  daddsub_clz.o(x$fpl$dsub)
    x$fpl$dsub                               0x00002400   Section      468  daddsub_clz.o(x$fpl$dsub)
    _dsub1                                   0x00002411   Thumb Code     0  daddsub_clz.o(x$fpl$dsub)
    $v0                                      0x000025d4   Number         0  f2d.o(x$fpl$f2d)
    x$fpl$f2d                                0x000025d4   Section       86  f2d.o(x$fpl$f2d)
    $v0                                      0x0000262a   Number         0  dcmp.o(x$fpl$fcmp)
    x$fpl$fcmp                               0x0000262a   Section       84  dcmp.o(x$fpl$fcmp)
    $v0                                      0x0000267e   Number         0  fnaninf.o(x$fpl$fnaninf)
    x$fpl$fnaninf                            0x0000267e   Section      140  fnaninf.o(x$fpl$fnaninf)
    $v0                                      0x0000270a   Number         0  fpinit.o(x$fpl$fpinit)
    x$fpl$fpinit                             0x0000270a   Section       26  fpinit.o(x$fpl$fpinit)
    g_ppui32GPIOIntMapBlizzard               0x00002724   Data         192  gpio.o(.constdata)
    .constdata                               0x00002724   Section      552  gpio.o(.constdata)
    x$fpl$usenofp                            0x00002724   Section        0  usenofp.o(x$fpl$usenofp)
    g_ppui32GPIOIntMapSnowflake              0x000027e4   Data         216  gpio.o(.constdata)
    g_pui32GPIOBaseAddrs                     0x000028bc   Data         144  gpio.o(.constdata)
    g_pui32Xtals                             0x0000294c   Data         108  sysctl.o(.constdata)
    .constdata                               0x0000294c   Section      596  sysctl.o(.constdata)
    g_pppui32XTALtoVCO                       0x000029b8   Data         432  sysctl.o(.constdata)
    g_sXTALtoMEMTIM                          0x00002b68   Data          48  sysctl.o(.constdata)
    g_pui32VCOFrequencies                    0x00002b98   Data           8  sysctl.o(.constdata)
    g_ppui32TimerIntMap                      0x00002ba0   Data          96  timer.o(.constdata)
    .constdata                               0x00002ba0   Section      160  timer.o(.constdata)
    g_ppui32TimerIntMapSnowflake             0x00002c00   Data          64  timer.o(.constdata)
    g_pui32Priority                          0x00002c40   Data          32  interrupt.o(.constdata)
    .constdata                               0x00002c40   Section      268  interrupt.o(.constdata)
    g_pui32Regs                              0x00002c60   Data         156  interrupt.o(.constdata)
    g_pui32EnRegs                            0x00002cfc   Data          20  interrupt.o(.constdata)
    g_pui32Dii16Regs                         0x00002d10   Data          20  interrupt.o(.constdata)
    g_pui32PendRegs                          0x00002d24   Data          20  interrupt.o(.constdata)
    g_pui32UnpendRegs                        0x00002d38   Data          20  interrupt.o(.constdata)
    .L.str.4                                 0x00002d4c   Data          11  main.o(.rodata.str1.1)
    [Anonymous Symbol]                       0x00002d4c   Section        0  main.o(.rodata.str1.1)
    .L.str.3                                 0x00002d57   Data          11  main.o(.rodata.str1.1)
    .L.str                                   0x00002d62   Data          13  main.o(.rodata.str1.1)
    .L.str.6                                 0x00002d6f   Data          65  main.o(.rodata.str1.1)
    .L.str.7                                 0x00002db0   Data          65  main.o(.rodata.str1.1)
    .L.str.8                                 0x00002df1   Data          65  main.o(.rodata.str1.1)
    .L.str.9                                 0x00002e32   Data          67  main.o(.rodata.str1.1)
    .L.str.10                                0x00002e75   Data          68  main.o(.rodata.str1.1)
    .L.str.11                                0x00002eb9   Data          66  main.o(.rodata.str1.1)
    .L.str.12                                0x00002efb   Data          66  main.o(.rodata.str1.1)
    .L.str.13                                0x00002f3d   Data          66  main.o(.rodata.str1.1)
    .L.str.14                                0x00002f7f   Data          68  main.o(.rodata.str1.1)
    .L.str.15                                0x00002fc3   Data          69  main.o(.rodata.str1.1)
    .L.str.5                                 0x00003008   Data          29  main.o(.rodata.str1.1)
    .L.str.1                                 0x00003025   Data          14  main.o(.rodata.str1.1)
    senzor                                   0x20000000   Data          12  main.o(.data.senzor)
    [Anonymous Symbol]                       0x20000000   Section        0  main.o(.data.senzor)
    g_pfnRAMVectors                          0x20000400   Data         620  interrupt.o(vtable)
    vtable                                   0x20000400   Section      620  interrupt.o(vtable)
    g_ui32Base                               0x20000670   Data           4  uartstdio.o(.bss.g_ui32Base)
    [Anonymous Symbol]                       0x20000670   Section        0  uartstdio.o(.bss.g_ui32Base)
    msCounter                                0x20000674   Data           4  main.o(.bss.msCounter)
    [Anonymous Symbol]                       0x20000674   Section        0  main.o(.bss.msCounter)
    resultCounter                            0x20000678   Data           4  main.o(.bss.resultCounter)
    [Anonymous Symbol]                       0x20000678   Section        0  main.o(.bss.resultCounter)
    resultReadyFlag                          0x2000067c   Data           1  main.o(.bss.resultReadyFlag)
    [Anonymous Symbol]                       0x2000067c   Section        0  main.o(.bss.resultReadyFlag)
    STACK                                    0x20000680   Section      512  startup_tm4c123.o(STACK)

    Global Symbols

    Symbol Name                              Value     Ov Type        Size  Object(Section)

    BuildAttributes$$THM_ISAv4$E$P$D$K$B$S$7EM$VFPi3$EXTD16$VFPS$VFMA$PE$A:L22UL41UL21$X:L11$S22US41US21$IEEE1$IW$~IW$USESV6$~STKCKD$USESV7$~SHL$OTIME$ROPI$EBA8$UX$STANDARDLIB$REQ8$PRES8$EABIv2 0x00000000   Number         0  anon$$obj.o ABSOLUTE
    __Vectors                                0x00000000   Data           4  startup_tm4c123.o(RESET)
    __ARM_exceptions_init                     - Undefined Weak Reference
    __alloca_initialize                       - Undefined Weak Reference
    __arm_preinit_                            - Undefined Weak Reference
    __cpp_initialize__aeabi_                  - Undefined Weak Reference
    __cxa_finalize                            - Undefined Weak Reference
    __rt_locale                               - Undefined Weak Reference
    __sigvec_lookup                           - Undefined Weak Reference
    _atexit_init                              - Undefined Weak Reference
    _call_atexit_fns                          - Undefined Weak Reference
    _clock_init                               - Undefined Weak Reference
    _fp_trap_init                             - Undefined Weak Reference
    _fp_trap_shutdown                         - Undefined Weak Reference
    _get_lc_collate                           - Undefined Weak Reference
    _get_lc_ctype                             - Undefined Weak Reference
    _get_lc_monetary                          - Undefined Weak Reference
    _get_lc_numeric                           - Undefined Weak Reference
    _get_lc_time                              - Undefined Weak Reference
    _getenv_init                              - Undefined Weak Reference
    _handle_redirection                       - Undefined Weak Reference
    _init_alloc                               - Undefined Weak Reference
    _init_user_alloc                          - Undefined Weak Reference
    _initio                                   - Undefined Weak Reference
    _rand_init                                - Undefined Weak Reference
    _signal_finish                            - Undefined Weak Reference
    _signal_init                              - Undefined Weak Reference
    _terminate_alloc                          - Undefined Weak Reference
    _terminate_user_alloc                     - Undefined Weak Reference
    _terminateio                              - Undefined Weak Reference
    __Vectors_End                            0x0000026c   Data           0  startup_tm4c123.o(RESET)
    __Vectors_Size                           0x0000026c   Number         0  startup_tm4c123.o ABSOLUTE
    __main                                   0x0000026d   Thumb Code     8  __main.o(!!!main)
    __scatterload                            0x00000275   Thumb Code     0  __scatter.o(!!!scatter)
    __scatterload_rt2                        0x00000275   Thumb Code    44  __scatter.o(!!!scatter)
    __scatterload_rt2_thumb_only             0x00000275   Thumb Code     0  __scatter.o(!!!scatter)
    __scatterload_null                       0x00000283   Thumb Code     0  __scatter.o(!!!scatter)
    __decompress                             0x000002a9   Thumb Code    58  __dczerorl.o(!!dczerorl)
    __decompress0                            0x000002a9   Thumb Code     0  __dczerorl.o(!!dczerorl)
    __scatterload_zeroinit                   0x000002e5   Thumb Code    28  __scatter_zi.o(!!handler_zi)
    __rt_lib_init                            0x00000301   Thumb Code     0  libinit.o(.ARM.Collect$$libinit$$00000000)
    __rt_lib_init_fp_1                       0x00000303   Thumb Code     0  libinit2.o(.ARM.Collect$$libinit$$00000001)
    __rt_lib_init_alloca_1                   0x00000307   Thumb Code     0  libinit2.o(.ARM.Collect$$libinit$$0000002E)
    __rt_lib_init_argv_1                     0x00000307   Thumb Code     0  libinit2.o(.ARM.Collect$$libinit$$0000002C)
    __rt_lib_init_atexit_1                   0x00000307   Thumb Code     0  libinit2.o(.ARM.Collect$$libinit$$0000001B)
    __rt_lib_init_clock_1                    0x00000307   Thumb Code     0  libinit2.o(.ARM.Collect$$libinit$$00000021)
    __rt_lib_init_cpp_1                      0x00000307   Thumb Code     0  libinit2.o(.ARM.Collect$$libinit$$00000032)
    __rt_lib_init_exceptions_1               0x00000307   Thumb Code     0  libinit2.o(.ARM.Collect$$libinit$$00000030)
    __rt_lib_init_fp_trap_1                  0x00000307   Thumb Code     0  libinit2.o(.ARM.Collect$$libinit$$0000001F)
    __rt_lib_init_getenv_1                   0x00000307   Thumb Code     0  libinit2.o(.ARM.Collect$$libinit$$00000023)
    __rt_lib_init_heap_1                     0x00000307   Thumb Code     0  libinit2.o(.ARM.Collect$$libinit$$0000000A)
    __rt_lib_init_lc_collate_1               0x00000307   Thumb Code     0  libinit2.o(.ARM.Collect$$libinit$$00000011)
    __rt_lib_init_lc_ctype_1                 0x00000307   Thumb Code     0  libinit2.o(.ARM.Collect$$libinit$$00000013)
    __rt_lib_init_lc_monetary_1              0x00000307   Thumb Code     0  libinit2.o(.ARM.Collect$$libinit$$00000015)
    __rt_lib_init_lc_numeric_1               0x00000307   Thumb Code     0  libinit2.o(.ARM.Collect$$libinit$$00000017)
    __rt_lib_init_lc_time_1                  0x00000307   Thumb Code     0  libinit2.o(.ARM.Collect$$libinit$$00000019)
    __rt_lib_init_preinit_1                  0x00000307   Thumb Code     0  libinit2.o(.ARM.Collect$$libinit$$00000004)
    __rt_lib_init_rand_1                     0x00000307   Thumb Code     0  libinit2.o(.ARM.Collect$$libinit$$0000000E)
    __rt_lib_init_return                     0x00000307   Thumb Code     0  libinit2.o(.ARM.Collect$$libinit$$00000033)
    __rt_lib_init_signal_1                   0x00000307   Thumb Code     0  libinit2.o(.ARM.Collect$$libinit$$0000001D)
    __rt_lib_init_stdio_1                    0x00000307   Thumb Code     0  libinit2.o(.ARM.Collect$$libinit$$00000025)
    __rt_lib_init_user_alloc_1               0x00000307   Thumb Code     0  libinit2.o(.ARM.Collect$$libinit$$0000000C)
    __rt_lib_shutdown                        0x00000309   Thumb Code     0  libshutdown.o(.ARM.Collect$$libshutdown$$00000000)
    __rt_lib_shutdown_cpp_1                  0x0000030b   Thumb Code     0  libshutdown2.o(.ARM.Collect$$libshutdown$$00000002)
    __rt_lib_shutdown_fp_trap_1              0x0000030b   Thumb Code     0  libshutdown2.o(.ARM.Collect$$libshutdown$$00000007)
    __rt_lib_shutdown_heap_1                 0x0000030b   Thumb Code     0  libshutdown2.o(.ARM.Collect$$libshutdown$$0000000F)
    __rt_lib_shutdown_return                 0x0000030b   Thumb Code     0  libshutdown2.o(.ARM.Collect$$libshutdown$$00000010)
    __rt_lib_shutdown_signal_1               0x0000030b   Thumb Code     0  libshutdown2.o(.ARM.Collect$$libshutdown$$0000000A)
    __rt_lib_shutdown_stdio_1                0x0000030b   Thumb Code     0  libshutdown2.o(.ARM.Collect$$libshutdown$$00000004)
    __rt_lib_shutdown_user_alloc_1           0x0000030b   Thumb Code     0  libshutdown2.o(.ARM.Collect$$libshutdown$$0000000C)
    __rt_entry                               0x0000030d   Thumb Code     0  __rtentry.o(.ARM.Collect$$rtentry$$00000000)
    __rt_entry_presh_1                       0x0000030d   Thumb Code     0  __rtentry2.o(.ARM.Collect$$rtentry$$00000002)
    __rt_entry_sh                            0x0000030d   Thumb Code     0  __rtentry5.o(.ARM.Collect$$rtentry$$00000005)
    __rt_entry_li                            0x00000311   Thumb Code     0  __rtentry2.o(.ARM.Collect$$rtentry$$0000000A)
    __rt_entry_postsh_1                      0x00000311   Thumb Code     0  __rtentry2.o(.ARM.Collect$$rtentry$$00000009)
    __rt_entry_main                          0x00000315   Thumb Code     0  __rtentry2.o(.ARM.Collect$$rtentry$$0000000D)
    __rt_entry_postli_1                      0x00000315   Thumb Code     0  __rtentry2.o(.ARM.Collect$$rtentry$$0000000C)
    __rt_exit                                0x00000321   Thumb Code     0  rtexit.o(.ARM.Collect$$rtexit$$00000000)
    __rt_exit_ls                             0x00000323   Thumb Code     0  rtexit2.o(.ARM.Collect$$rtexit$$00000003)
    __rt_exit_prels_1                        0x00000323   Thumb Code     0  rtexit2.o(.ARM.Collect$$rtexit$$00000002)
    __rt_exit_exit                           0x00000327   Thumb Code     0  rtexit2.o(.ARM.Collect$$rtexit$$00000004)
    SysCtlDelay                              0x0000032d   Thumb Code     6  sysctl.o(.emb_text)
    Reset_Handler                            0x00000335   Thumb Code     8  startup_tm4c123.o(.text)
    NMI_Handler                              0x0000033d   Thumb Code     2  startup_tm4c123.o(.text)
    HardFault_Handler                        0x0000033f   Thumb Code     2  startup_tm4c123.o(.text)
    MemManage_Handler                        0x00000341   Thumb Code     2  startup_tm4c123.o(.text)
    BusFault_Handler                         0x00000343   Thumb Code     2  startup_tm4c123.o(.text)
    UsageFault_Handler                       0x00000345   Thumb Code     2  startup_tm4c123.o(.text)
    SVC_Handler                              0x00000347   Thumb Code     2  startup_tm4c123.o(.text)
    DebugMon_Handler                         0x00000349   Thumb Code     2  startup_tm4c123.o(.text)
    PendSV_Handler                           0x0000034b   Thumb Code     2  startup_tm4c123.o(.text)
    SysTick_Handler                          0x0000034d   Thumb Code     2  startup_tm4c123.o(.text)
    GPIOA_Handler                            0x0000034f   Thumb Code     2  startup_tm4c123.o(.text)
    GPIOB_Handler                            0x00000351   Thumb Code     2  startup_tm4c123.o(.text)
    GPIOC_Handler                            0x00000353   Thumb Code     2  startup_tm4c123.o(.text)
    GPIOD_Handler                            0x00000355   Thumb Code     2  startup_tm4c123.o(.text)
    GPIOE_Handler                            0x00000357   Thumb Code     2  startup_tm4c123.o(.text)
    UART0_Handler                            0x00000359   Thumb Code     2  startup_tm4c123.o(.text)
    UART1_Handler                            0x0000035b   Thumb Code     2  startup_tm4c123.o(.text)
    SSI0_Handler                             0x0000035d   Thumb Code     2  startup_tm4c123.o(.text)
    I2C0_Handler                             0x0000035f   Thumb Code     2  startup_tm4c123.o(.text)
    PMW0_FAULT_Handler                       0x00000361   Thumb Code     2  startup_tm4c123.o(.text)
    PWM0_0_Handler                           0x00000363   Thumb Code     2  startup_tm4c123.o(.text)
    PWM0_1_Handler                           0x00000365   Thumb Code     2  startup_tm4c123.o(.text)
    PWM0_2_Handler                           0x00000367   Thumb Code     2  startup_tm4c123.o(.text)
    QEI0_Handler                             0x00000369   Thumb Code     2  startup_tm4c123.o(.text)
    ADC0SS0_Handler                          0x0000036b   Thumb Code     2  startup_tm4c123.o(.text)
    ADC0SS1_Handler                          0x0000036d   Thumb Code     2  startup_tm4c123.o(.text)
    ADC0SS2_Handler                          0x0000036f   Thumb Code     2  startup_tm4c123.o(.text)
    ADC0SS3_Handler                          0x00000371   Thumb Code     2  startup_tm4c123.o(.text)
    WDT0_Handler                             0x00000373   Thumb Code     2  startup_tm4c123.o(.text)
    TIMER0A_Handler                          0x00000375   Thumb Code     2  startup_tm4c123.o(.text)
    TIMER0B_Handler                          0x00000377   Thumb Code     2  startup_tm4c123.o(.text)
    TIMER1A_Handler                          0x00000379   Thumb Code     2  startup_tm4c123.o(.text)
    TIMER1B_Handler                          0x0000037b   Thumb Code     2  startup_tm4c123.o(.text)
    TIMER2A_Handler                          0x0000037d   Thumb Code     2  startup_tm4c123.o(.text)
    TIMER2B_Handler                          0x0000037f   Thumb Code     2  startup_tm4c123.o(.text)
    COMP0_Handler                            0x00000381   Thumb Code     2  startup_tm4c123.o(.text)
    COMP1_Handler                            0x00000383   Thumb Code     2  startup_tm4c123.o(.text)
    COMP2_Handler                            0x00000385   Thumb Code     2  startup_tm4c123.o(.text)
    SYSCTL_Handler                           0x00000387   Thumb Code     2  startup_tm4c123.o(.text)
    FLASH_Handler                            0x00000389   Thumb Code     2  startup_tm4c123.o(.text)
    GPIOF_Handler                            0x0000038b   Thumb Code     2  startup_tm4c123.o(.text)
    GPIOG_Handler                            0x0000038d   Thumb Code     2  startup_tm4c123.o(.text)
    GPIOH_Handler                            0x0000038f   Thumb Code     2  startup_tm4c123.o(.text)
    UART2_Handler                            0x00000391   Thumb Code     2  startup_tm4c123.o(.text)
    SSI1_Handler                             0x00000393   Thumb Code     2  startup_tm4c123.o(.text)
    TIMER3A_Handler                          0x00000395   Thumb Code     2  startup_tm4c123.o(.text)
    TIMER3B_Handler                          0x00000397   Thumb Code     2  startup_tm4c123.o(.text)
    I2C1_Handler                             0x00000399   Thumb Code     2  startup_tm4c123.o(.text)
    QEI1_Handler                             0x0000039b   Thumb Code     2  startup_tm4c123.o(.text)
    CAN0_Handler                             0x0000039d   Thumb Code     2  startup_tm4c123.o(.text)
    CAN1_Handler                             0x0000039f   Thumb Code     2  startup_tm4c123.o(.text)
    CAN2_Handler                             0x000003a1   Thumb Code     2  startup_tm4c123.o(.text)
    HIB_Handler                              0x000003a3   Thumb Code     2  startup_tm4c123.o(.text)
    USB0_Handler                             0x000003a5   Thumb Code     2  startup_tm4c123.o(.text)
    PWM0_3_Handler                           0x000003a7   Thumb Code     2  startup_tm4c123.o(.text)
    UDMA_Handler                             0x000003a9   Thumb Code     2  startup_tm4c123.o(.text)
    UDMAERR_Handler                          0x000003ab   Thumb Code     2  startup_tm4c123.o(.text)
    ADC1SS0_Handler                          0x000003ad   Thumb Code     2  startup_tm4c123.o(.text)
    ADC1SS1_Handler                          0x000003af   Thumb Code     2  startup_tm4c123.o(.text)
    ADC1SS2_Handler                          0x000003b1   Thumb Code     2  startup_tm4c123.o(.text)
    ADC1SS3_Handler                          0x000003b3   Thumb Code     2  startup_tm4c123.o(.text)
    GPIOJ_Handler                            0x000003b5   Thumb Code     2  startup_tm4c123.o(.text)
    GPIOK_Handler                            0x000003b7   Thumb Code     2  startup_tm4c123.o(.text)
    GPIOL_Handler                            0x000003b9   Thumb Code     2  startup_tm4c123.o(.text)
    SSI2_Handler                             0x000003bb   Thumb Code     2  startup_tm4c123.o(.text)
    SSI3_Handler                             0x000003bd   Thumb Code     2  startup_tm4c123.o(.text)
    UART3_Handler                            0x000003bf   Thumb Code     2  startup_tm4c123.o(.text)
    UART4_Handler                            0x000003c1   Thumb Code     2  startup_tm4c123.o(.text)
    UART5_Handler                            0x000003c3   Thumb Code     2  startup_tm4c123.o(.text)
    UART6_Handler                            0x000003c5   Thumb Code     2  startup_tm4c123.o(.text)
    UART7_Handler                            0x000003c7   Thumb Code     2  startup_tm4c123.o(.text)
    I2C2_Handler                             0x000003c9   Thumb Code     2  startup_tm4c123.o(.text)
    I2C3_Handler                             0x000003cb   Thumb Code     2  startup_tm4c123.o(.text)
    TIMER4A_Handler                          0x000003cd   Thumb Code     2  startup_tm4c123.o(.text)
    TIMER4B_Handler                          0x000003cf   Thumb Code     2  startup_tm4c123.o(.text)
    TIMER5A_Handler                          0x000003d1   Thumb Code     2  startup_tm4c123.o(.text)
    TIMER5B_Handler                          0x000003d3   Thumb Code     2  startup_tm4c123.o(.text)
    WTIMER0A_Handler                         0x000003d5   Thumb Code     2  startup_tm4c123.o(.text)
    WTIMER0B_Handler                         0x000003d7   Thumb Code     2  startup_tm4c123.o(.text)
    WTIMER1A_Handler                         0x000003d9   Thumb Code     2  startup_tm4c123.o(.text)
    WTIMER1B_Handler                         0x000003db   Thumb Code     2  startup_tm4c123.o(.text)
    WTIMER2A_Handler                         0x000003dd   Thumb Code     2  startup_tm4c123.o(.text)
    WTIMER2B_Handler                         0x000003df   Thumb Code     2  startup_tm4c123.o(.text)
    WTIMER3A_Handler                         0x000003e1   Thumb Code     2  startup_tm4c123.o(.text)
    WTIMER3B_Handler                         0x000003e3   Thumb Code     2  startup_tm4c123.o(.text)
    WTIMER4A_Handler                         0x000003e5   Thumb Code     2  startup_tm4c123.o(.text)
    WTIMER4B_Handler                         0x000003e7   Thumb Code     2  startup_tm4c123.o(.text)
    WTIMER5A_Handler                         0x000003e9   Thumb Code     2  startup_tm4c123.o(.text)
    WTIMER5B_Handler                         0x000003eb   Thumb Code     2  startup_tm4c123.o(.text)
    FPU_Handler                              0x000003ed   Thumb Code     2  startup_tm4c123.o(.text)
    I2C4_Handler                             0x000003ef   Thumb Code     2  startup_tm4c123.o(.text)
    I2C5_Handler                             0x000003f1   Thumb Code     2  startup_tm4c123.o(.text)
    GPIOM_Handler                            0x000003f3   Thumb Code     2  startup_tm4c123.o(.text)
    GPION_Handler                            0x000003f5   Thumb Code     2  startup_tm4c123.o(.text)
    QEI2_Handler                             0x000003f7   Thumb Code     2  startup_tm4c123.o(.text)
    GPIOP0_Handler                           0x000003f9   Thumb Code     2  startup_tm4c123.o(.text)
    GPIOP1_Handler                           0x000003fb   Thumb Code     2  startup_tm4c123.o(.text)
    GPIOP2_Handler                           0x000003fd   Thumb Code     2  startup_tm4c123.o(.text)
    GPIOP3_Handler                           0x000003ff   Thumb Code     2  startup_tm4c123.o(.text)
    GPIOP4_Handler                           0x00000401   Thumb Code     2  startup_tm4c123.o(.text)
    GPIOP5_Handler                           0x00000403   Thumb Code     2  startup_tm4c123.o(.text)
    GPIOP6_Handler                           0x00000405   Thumb Code     2  startup_tm4c123.o(.text)
    GPIOP7_Handler                           0x00000407   Thumb Code     2  startup_tm4c123.o(.text)
    GPIOQ0_Handler                           0x00000409   Thumb Code     2  startup_tm4c123.o(.text)
    GPIOQ1_Handler                           0x0000040b   Thumb Code     2  startup_tm4c123.o(.text)
    GPIOQ2_Handler                           0x0000040d   Thumb Code     2  startup_tm4c123.o(.text)
    GPIOQ3_Handler                           0x0000040f   Thumb Code     2  startup_tm4c123.o(.text)
    GPIOQ4_Handler                           0x00000411   Thumb Code     2  startup_tm4c123.o(.text)
    GPIOQ5_Handler                           0x00000413   Thumb Code     2  startup_tm4c123.o(.text)
    GPIOQ6_Handler                           0x00000415   Thumb Code     2  startup_tm4c123.o(.text)
    GPIOQ7_Handler                           0x00000417   Thumb Code     2  startup_tm4c123.o(.text)
    GPIOR_Handler                            0x00000419   Thumb Code     2  startup_tm4c123.o(.text)
    GPIOS_Handler                            0x0000041b   Thumb Code     2  startup_tm4c123.o(.text)
    PMW1_0_Handler                           0x0000041d   Thumb Code     2  startup_tm4c123.o(.text)
    PWM1_1_Handler                           0x0000041f   Thumb Code     2  startup_tm4c123.o(.text)
    PWM1_2_Handler                           0x00000421   Thumb Code     2  startup_tm4c123.o(.text)
    PWM1_3_Handler                           0x00000423   Thumb Code     2  startup_tm4c123.o(.text)
    PWM1_FAULT_Handler                       0x00000425   Thumb Code     2  startup_tm4c123.o(.text)
    __aeabi_memset                           0x00000431   Thumb Code    16  aeabi_memset.o(.text)
    __aeabi_memclr                           0x00000441   Thumb Code     0  rt_memclr.o(.text)
    __rt_memclr                              0x00000441   Thumb Code    68  rt_memclr.o(.text)
    _memset                                  0x00000445   Thumb Code     0  rt_memclr.o(.text)
    __aeabi_memclr4                          0x00000485   Thumb Code     0  rt_memclr_w.o(.text)
    __aeabi_memclr8                          0x00000485   Thumb Code     0  rt_memclr_w.o(.text)
    __rt_memclr_w                            0x00000485   Thumb Code    78  rt_memclr_w.o(.text)
    _memset_w                                0x00000489   Thumb Code     0  rt_memclr_w.o(.text)
    exit                                     0x000004d3   Thumb Code    18  exit.o(.text)
    __I$use$semihosting                      0x000004e5   Thumb Code     0  use_no_semi.o(.text)
    __use_no_semihosting_swi                 0x000004e5   Thumb Code     2  use_no_semi.o(.text)
    __semihosting_library_function           0x000004e7   Thumb Code     0  indicate_semi.o(.text)
    _sys_exit                                0x000004e9   Thumb Code     8  sys_exit.o(.text)
    SystemInit                               0x000004f5   Thumb Code    18  system_tm4c123.o(.text.SystemInit)
    UARTStdioConfig                          0x00000509   Thumb Code    92  uartstdio.o(.text.UARTStdioConfig)
    UARTprintf                               0x00000565   Thumb Code    32  uartstdio.o(.text.UARTprintf)
    UARTvprintf                              0x00000585   Thumb Code   696  uartstdio.o(.text.UARTvprintf)
    UARTwrite                                0x0000083d   Thumb Code    70  uartstdio.o(.text.UARTwrite)
    checkTemperatureValue                    0x00000885   Thumb Code   140  main.o(.text.checkTemperatureValue)
    enablePeripheralsClock                   0x00000939   Thumb Code    44  tm4c_init.o(.text.enablePeripheralsClock)
    i2cRead                                  0x00000965   Thumb Code   140  tm4c_init.o(.text.i2cRead)
    i2cWrite                                 0x000009f1   Thumb Code   106  tm4c_init.o(.text.i2cWrite)
    initI2c                                  0x00000a5d   Thumb Code   122  tm4c_init.o(.text.initI2c)
    initPorts                                0x00000ad9   Thumb Code    72  tm4c_init.o(.text.initPorts)
    initSystemClock_40MHz                    0x00000b21   Thumb Code    16  tm4c_init.o(.text.initSystemClock_40MHz)
    initTimer1mSec                           0x00000b31   Thumb Code    84  tm4c_init.o(.text.initTimer1mSec)
    initUartPrintf                           0x00000b85   Thumb Code    44  tm4c_init.o(.text.initUartPrintf)
    main                                     0x00000bb1   Thumb Code   680  main.o(.text.main)
    resultReady                              0x00000e59   Thumb Code    40  main.o(.text.resultReady)
    setUp                                    0x00000ec9   Thumb Code    34  main.o(.text.setUp)
    test_customConvRateIntOff                0x00000ef1   Thumb Code   272  main.o(.text.test_customConvRateIntOff)
    test_customConvRateIntOn                 0x00001001   Thumb Code   224  main.o(.text.test_customConvRateIntOn)
    test_powerDownModeIntOff                 0x000010e1   Thumb Code    92  main.o(.text.test_powerDownModeIntOff)
    test_powerDownModeIntOn                  0x0000113d   Thumb Code    78  main.o(.text.test_powerDownModeIntOn)
    test_readManufId                         0x0000118d   Thumb Code    44  main.o(.text.test_readManufId)
    test_writeIntoConfig                     0x000011b9   Thumb Code   298  main.o(.text.test_writeIntoConfig)
    timerHandler                             0x000012e5   Thumb Code    30  main.o(.text.timerHandler)
    tmp006_configConvRate                    0x00001305   Thumb Code    70  tmp006.o(.text.tmp006_configConvRate)
    tmp006_drdyPinConfig                     0x0000134d   Thumb Code    70  tmp006.o(.text.tmp006_drdyPinConfig)
    tmp006_init                              0x00001395   Thumb Code    26  tmp006.o(.text.tmp006_init)
    tmp006_isResultReady                     0x000013b1   Thumb Code    46  tmp006.o(.text.tmp006_isResultReady)
    tmp006_operationMode                     0x000013e1   Thumb Code    70  tmp006.o(.text.tmp006_operationMode)
    tmp006_read                              0x00001429   Thumb Code    58  tmp006.o(.text.tmp006_read)
    tmp006_readTemp                          0x00001465   Thumb Code    40  tmp006.o(.text.tmp006_readTemp)
    tmp006_resetDevice                       0x0000148d   Thumb Code    36  tmp006.o(.text.tmp006_resetDevice)
    tmp006_write                             0x000014b1   Thumb Code    56  tmp006.o(.text.tmp006_write)
    GPIODirModeSet                           0x000014e9   Thumb Code    50  gpio.o(i.GPIODirModeSet)
    GPIOIntClear                             0x0000151b   Thumb Code     6  gpio.o(i.GPIOIntClear)
    GPIOIntEnable                            0x00001521   Thumb Code    12  gpio.o(i.GPIOIntEnable)
    GPIOIntRegister                          0x0000152d   Thumb Code    30  gpio.o(i.GPIOIntRegister)
    GPIOIntTypeSet                           0x0000154b   Thumb Code   102  gpio.o(i.GPIOIntTypeSet)
    GPIOPadConfigSet                         0x000015b1   Thumb Code   384  gpio.o(i.GPIOPadConfigSet)
    GPIOPinConfigure                         0x0000173d   Thumb Code    70  gpio.o(i.GPIOPinConfigure)
    GPIOPinTypeGPIOInput                     0x0000178d   Thumb Code    30  gpio.o(i.GPIOPinTypeGPIOInput)
    GPIOPinTypeGPIOOutput                    0x000017ab   Thumb Code    30  gpio.o(i.GPIOPinTypeGPIOOutput)
    GPIOPinTypeI2C                           0x000017c9   Thumb Code    30  gpio.o(i.GPIOPinTypeI2C)
    GPIOPinTypeI2CSCL                        0x000017e7   Thumb Code    30  gpio.o(i.GPIOPinTypeI2CSCL)
    GPIOPinTypeUART                          0x00001805   Thumb Code    30  gpio.o(i.GPIOPinTypeUART)
    GPIOUnlockPin                            0x00001825   Thumb Code    18  gpio.o(i.GPIOUnlockPin)
    I2CMasterBusy                            0x0000183d   Thumb Code    18  i2c.o(i.I2CMasterBusy)
    I2CMasterControl                         0x0000184f   Thumb Code     4  i2c.o(i.I2CMasterControl)
    I2CMasterDataGet                         0x00001853   Thumb Code     6  i2c.o(i.I2CMasterDataGet)
    I2CMasterDataPut                         0x00001859   Thumb Code     4  i2c.o(i.I2CMasterDataPut)
    I2CMasterEnable                          0x0000185d   Thumb Code    10  i2c.o(i.I2CMasterEnable)
    I2CMasterInitExpClk                      0x00001869   Thumb Code    78  i2c.o(i.I2CMasterInitExpClk)
    I2CMasterSlaveAddrSet                    0x000018c5   Thumb Code     8  i2c.o(i.I2CMasterSlaveAddrSet)
    IntEnable                                0x000018cd   Thumb Code   108  interrupt.o(i.IntEnable)
    IntRegister                              0x00001941   Thumb Code    52  interrupt.o(i.IntRegister)
    SysCtlClockGet                           0x0000197d   Thumb Code   324  sysctl.o(i.SysCtlClockGet)
    SysCtlClockSet                           0x00001ae9   Thumb Code   280  sysctl.o(i.SysCtlClockSet)
    SysCtlPeripheralEnable                   0x00001c15   Thumb Code    46  sysctl.o(i.SysCtlPeripheralEnable)
    SysCtlPeripheralPresent                  0x00001c49   Thumb Code    52  sysctl.o(i.SysCtlPeripheralPresent)
    SysCtlPeripheralReady                    0x00001c81   Thumb Code    52  sysctl.o(i.SysCtlPeripheralReady)
    SysCtlPeripheralReset                    0x00001cb9   Thumb Code   106  sysctl.o(i.SysCtlPeripheralReset)
    TimerConfigure                           0x00001d29   Thumb Code    84  timer.o(i.TimerConfigure)
    TimerEnable                              0x00001d89   Thumb Code    14  timer.o(i.TimerEnable)
    TimerIntClear                            0x00001d97   Thumb Code     4  timer.o(i.TimerIntClear)
    TimerIntEnable                           0x00001d9b   Thumb Code     8  timer.o(i.TimerIntEnable)
    TimerIntRegister                         0x00001da3   Thumb Code    38  timer.o(i.TimerIntRegister)
    TimerLoadSet                             0x00001dc9   Thumb Code    16  timer.o(i.TimerLoadSet)
    UARTCharPut                              0x00001dd9   Thumb Code    16  uart.o(i.UARTCharPut)
    UARTConfigSetExpClk                      0x00001de9   Thumb Code    76  uart.o(i.UARTConfigSetExpClk)
    UARTDisable                              0x00001e35   Thumb Code    32  uart.o(i.UARTDisable)
    UARTEnable                               0x00001e55   Thumb Code    20  uart.o(i.UARTEnable)
    __aeabi_dadd                             0x00001f0d   Thumb Code     0  daddsub_clz.o(x$fpl$dadd)
    _dadd                                    0x00001f0d   Thumb Code   332  daddsub_clz.o(x$fpl$dadd)
    __fpl_dcmp_Inf                           0x0000205d   Thumb Code    24  dcmpi.o(x$fpl$dcmpinf)
    __aeabi_cdcmpeq                          0x00002075   Thumb Code     0  deqf.o(x$fpl$deqf)
    _dcmpeq                                  0x00002075   Thumb Code   120  deqf.o(x$fpl$deqf)
    __aeabi_ui2d                             0x000020ed   Thumb Code     0  dflt_clz.o(x$fpl$dfltu)
    _dfltu                                   0x000020ed   Thumb Code    38  dflt_clz.o(x$fpl$dfltu)
    __aeabi_cdcmpge                          0x00002115   Thumb Code     0  dgeqf.o(x$fpl$dgeqf)
    _dcmpge                                  0x00002115   Thumb Code   120  dgeqf.o(x$fpl$dgeqf)
    __aeabi_cdcmple                          0x0000218d   Thumb Code     0  dleqf.o(x$fpl$dleqf)
    _dcmple                                  0x0000218d   Thumb Code   120  dleqf.o(x$fpl$dleqf)
    __fpl_dcmple_InfNaN                      0x000021ef   Thumb Code     0  dleqf.o(x$fpl$dleqf)
    __aeabi_dmul                             0x00002205   Thumb Code     0  dmul.o(x$fpl$dmul)
    _dmul                                    0x00002205   Thumb Code   332  dmul.o(x$fpl$dmul)
    __fpl_dnaninf                            0x00002359   Thumb Code   156  dnaninf.o(x$fpl$dnaninf)
    __fpl_dretinf                            0x000023f5   Thumb Code    12  dretinf.o(x$fpl$dretinf)
    __aeabi_dsub                             0x00002401   Thumb Code     0  daddsub_clz.o(x$fpl$dsub)
    _dsub                                    0x00002401   Thumb Code   464  daddsub_clz.o(x$fpl$dsub)
    __aeabi_f2d                              0x000025d5   Thumb Code     0  f2d.o(x$fpl$f2d)
    _f2d                                     0x000025d5   Thumb Code    86  f2d.o(x$fpl$f2d)
    __aeabi_dcmpeq                           0x0000262b   Thumb Code     0  dcmp.o(x$fpl$fcmp)
    _deq                                     0x0000262b   Thumb Code    14  dcmp.o(x$fpl$fcmp)
    _dneq                                    0x00002639   Thumb Code    14  dcmp.o(x$fpl$fcmp)
    __aeabi_dcmpgt                           0x00002647   Thumb Code     0  dcmp.o(x$fpl$fcmp)
    _dgr                                     0x00002647   Thumb Code    14  dcmp.o(x$fpl$fcmp)
    __aeabi_dcmpge                           0x00002655   Thumb Code     0  dcmp.o(x$fpl$fcmp)
    _dgeq                                    0x00002655   Thumb Code    14  dcmp.o(x$fpl$fcmp)
    __aeabi_dcmple                           0x00002663   Thumb Code     0  dcmp.o(x$fpl$fcmp)
    _dleq                                    0x00002663   Thumb Code    14  dcmp.o(x$fpl$fcmp)
    __aeabi_dcmplt                           0x00002671   Thumb Code     0  dcmp.o(x$fpl$fcmp)
    _dls                                     0x00002671   Thumb Code    14  dcmp.o(x$fpl$fcmp)
    __fpl_fnaninf                            0x0000267f   Thumb Code   140  fnaninf.o(x$fpl$fnaninf)
    _fp_init                                 0x0000270b   Thumb Code    26  fpinit.o(x$fpl$fpinit)
    __fplib_config_fpu_vfp                   0x00002723   Thumb Code     0  fpinit.o(x$fpl$fpinit)
    __fplib_config_pureend_doubles           0x00002723   Thumb Code     0  fpinit.o(x$fpl$fpinit)
    __I$use$fp                               0x00002724   Number         0  usenofp.o(x$fpl$usenofp)
    Region$$Table$$Base                      0x00003034   Number         0  anon$$obj.o(Region$$Table)
    Region$$Table$$Limit                     0x00003054   Number         0  anon$$obj.o(Region$$Table)
    Image$$ZI$$Limit                         0x20000880   Number         0  anon$$obj.o ABSOLUTE
    __initial_sp                             0x20000880   Data           0  startup_tm4c123.o(STACK)



==============================================================================

Memory Map of the image

  Image Entry point : 0x00000335

  Load Region LR_1 (Base: 0x00000000, Size: 0x00003a6c, Max: 0xffffffff, ABSOLUTE, COMPRESSED[0x00003414])

    Execution Region ER_RO (Exec base: 0x00000000, Load base: 0x00000000, Size: 0x00003054, Max: 0xffffffff, ABSOLUTE)

    Exec Addr    Load Addr    Size         Type   Attr      Idx    E Section Name        Object

    0x00000000   0x00000000   0x0000026c   Data   RO          119    RESET               startup_tm4c123.o
    0x0000026c   0x0000026c   0x00000008   Code   RO         1859  * !!!main             c_w.l(__main.o)
    0x00000274   0x00000274   0x00000034   Code   RO         2074    !!!scatter          c_w.l(__scatter.o)
    0x000002a8   0x000002a8   0x0000003a   Code   RO         2072    !!dczerorl          c_w.l(__dczerorl.o)
    0x000002e2   0x000002e2   0x00000002   PAD
    0x000002e4   0x000002e4   0x0000001c   Code   RO         2076    !!handler_zi        c_w.l(__scatter_zi.o)
    0x00000300   0x00000300   0x00000002   Code   RO         1928    .ARM.Collect$$libinit$$00000000  c_w.l(libinit.o)
    0x00000302   0x00000302   0x00000004   Code   RO         1938    .ARM.Collect$$libinit$$00000001  c_w.l(libinit2.o)
    0x00000306   0x00000306   0x00000000   Code   RO         1941    .ARM.Collect$$libinit$$00000004  c_w.l(libinit2.o)
    0x00000306   0x00000306   0x00000000   Code   RO         1944    .ARM.Collect$$libinit$$0000000A  c_w.l(libinit2.o)
    0x00000306   0x00000306   0x00000000   Code   RO         1946    .ARM.Collect$$libinit$$0000000C  c_w.l(libinit2.o)
    0x00000306   0x00000306   0x00000000   Code   RO         1948    .ARM.Collect$$libinit$$0000000E  c_w.l(libinit2.o)
    0x00000306   0x00000306   0x00000000   Code   RO         1951    .ARM.Collect$$libinit$$00000011  c_w.l(libinit2.o)
    0x00000306   0x00000306   0x00000000   Code   RO         1953    .ARM.Collect$$libinit$$00000013  c_w.l(libinit2.o)
    0x00000306   0x00000306   0x00000000   Code   RO         1955    .ARM.Collect$$libinit$$00000015  c_w.l(libinit2.o)
    0x00000306   0x00000306   0x00000000   Code   RO         1957    .ARM.Collect$$libinit$$00000017  c_w.l(libinit2.o)
    0x00000306   0x00000306   0x00000000   Code   RO         1959    .ARM.Collect$$libinit$$00000019  c_w.l(libinit2.o)
    0x00000306   0x00000306   0x00000000   Code   RO         1961    .ARM.Collect$$libinit$$0000001B  c_w.l(libinit2.o)
    0x00000306   0x00000306   0x00000000   Code   RO         1963    .ARM.Collect$$libinit$$0000001D  c_w.l(libinit2.o)
    0x00000306   0x00000306   0x00000000   Code   RO         1965    .ARM.Collect$$libinit$$0000001F  c_w.l(libinit2.o)
    0x00000306   0x00000306   0x00000000   Code   RO         1967    .ARM.Collect$$libinit$$00000021  c_w.l(libinit2.o)
    0x00000306   0x00000306   0x00000000   Code   RO         1969    .ARM.Collect$$libinit$$00000023  c_w.l(libinit2.o)
    0x00000306   0x00000306   0x00000000   Code   RO         1971    .ARM.Collect$$libinit$$00000025  c_w.l(libinit2.o)
    0x00000306   0x00000306   0x00000000   Code   RO         1975    .ARM.Collect$$libinit$$0000002C  c_w.l(libinit2.o)
    0x00000306   0x00000306   0x00000000   Code   RO         1977    .ARM.Collect$$libinit$$0000002E  c_w.l(libinit2.o)
    0x00000306   0x00000306   0x00000000   Code   RO         1979    .ARM.Collect$$libinit$$00000030  c_w.l(libinit2.o)
    0x00000306   0x00000306   0x00000000   Code   RO         1981    .ARM.Collect$$libinit$$00000032  c_w.l(libinit2.o)
    0x00000306   0x00000306   0x00000002   Code   RO         1982    .ARM.Collect$$libinit$$00000033  c_w.l(libinit2.o)
    0x00000308   0x00000308   0x00000002   Code   RO         2011    .ARM.Collect$$libshutdown$$00000000  c_w.l(libshutdown.o)
    0x0000030a   0x0000030a   0x00000000   Code   RO         2023    .ARM.Collect$$libshutdown$$00000002  c_w.l(libshutdown2.o)
    0x0000030a   0x0000030a   0x00000000   Code   RO         2025    .ARM.Collect$$libshutdown$$00000004  c_w.l(libshutdown2.o)
    0x0000030a   0x0000030a   0x00000000   Code   RO         2028    .ARM.Collect$$libshutdown$$00000007  c_w.l(libshutdown2.o)
    0x0000030a   0x0000030a   0x00000000   Code   RO         2031    .ARM.Collect$$libshutdown$$0000000A  c_w.l(libshutdown2.o)
    0x0000030a   0x0000030a   0x00000000   Code   RO         2033    .ARM.Collect$$libshutdown$$0000000C  c_w.l(libshutdown2.o)
    0x0000030a   0x0000030a   0x00000000   Code   RO         2036    .ARM.Collect$$libshutdown$$0000000F  c_w.l(libshutdown2.o)
    0x0000030a   0x0000030a   0x00000002   Code   RO         2037    .ARM.Collect$$libshutdown$$00000010  c_w.l(libshutdown2.o)
    0x0000030c   0x0000030c   0x00000000   Code   RO         1879    .ARM.Collect$$rtentry$$00000000  c_w.l(__rtentry.o)
    0x0000030c   0x0000030c   0x00000000   Code   RO         1896    .ARM.Collect$$rtentry$$00000002  c_w.l(__rtentry2.o)
    0x0000030c   0x0000030c   0x00000004   Code   RO         1910    .ARM.Collect$$rtentry$$00000005  c_w.l(__rtentry5.o)
    0x00000310   0x00000310   0x00000000   Code   RO         1898    .ARM.Collect$$rtentry$$00000009  c_w.l(__rtentry2.o)
    0x00000310   0x00000310   0x00000004   Code   RO         1899    .ARM.Collect$$rtentry$$0000000A  c_w.l(__rtentry2.o)
    0x00000314   0x00000314   0x00000000   Code   RO         1901    .ARM.Collect$$rtentry$$0000000C  c_w.l(__rtentry2.o)
    0x00000314   0x00000314   0x00000008   Code   RO         1902    .ARM.Collect$$rtentry$$0000000D  c_w.l(__rtentry2.o)
    0x0000031c   0x0000031c   0x00000004   Code   RO         1911    .ARM.Collect$$rtentry$$00002716  c_w.l(__rtentry5.o)
    0x00000320   0x00000320   0x00000002   Code   RO         1936    .ARM.Collect$$rtexit$$00000000  c_w.l(rtexit.o)
    0x00000322   0x00000322   0x00000000   Code   RO         1991    .ARM.Collect$$rtexit$$00000002  c_w.l(rtexit2.o)
    0x00000322   0x00000322   0x00000004   Code   RO         1992    .ARM.Collect$$rtexit$$00000003  c_w.l(rtexit2.o)
    0x00000326   0x00000326   0x00000006   Code   RO         1993    .ARM.Collect$$rtexit$$00000004  c_w.l(rtexit2.o)
    0x0000032c   0x0000032c   0x00000006   Code   RO          823    .emb_text           driverlib.lib(sysctl.o)
    0x00000332   0x00000332   0x00000002   PAD
    0x00000334   0x00000334   0x000000fc   Code   RO          120  * .text               startup_tm4c123.o
    0x00000430   0x00000430   0x00000010   Code   RO         1857    .text               c_w.l(aeabi_memset.o)
    0x00000440   0x00000440   0x00000044   Code   RO         1880    .text               c_w.l(rt_memclr.o)
    0x00000484   0x00000484   0x0000004e   Code   RO         1915    .text               c_w.l(rt_memclr_w.o)
    0x000004d2   0x000004d2   0x00000012   Code   RO         1921    .text               c_w.l(exit.o)
    0x000004e4   0x000004e4   0x00000002   Code   RO         1987    .text               c_w.l(use_no_semi.o)
    0x000004e6   0x000004e6   0x00000000   Code   RO         1989    .text               c_w.l(indicate_semi.o)
    0x000004e6   0x000004e6   0x00000002   PAD
    0x000004e8   0x000004e8   0x0000000c   Code   RO         2001    .text               c_w.l(sys_exit.o)
    0x000004f4   0x000004f4   0x00000012   Code   RO          131    .text.SystemInit    system_tm4c123.o
    0x00000506   0x00000506   0x00000002   PAD
    0x00000508   0x00000508   0x0000005c   Code   RO           96    .text.UARTStdioConfig  uartstdio.o
    0x00000564   0x00000564   0x00000020   Code   RO          106    .text.UARTprintf    uartstdio.o
    0x00000584   0x00000584   0x000002b8   Code   RO          104    .text.UARTvprintf   uartstdio.o
    0x0000083c   0x0000083c   0x00000046   Code   RO           98    .text.UARTwrite     uartstdio.o
    0x00000882   0x00000882   0x00000002   PAD
    0x00000884   0x00000884   0x0000008c   Code   RO           76    .text.checkTemperatureValue  main.o
    0x00000910   0x00000910   0x00000028   Code   RO           78    .text.conversionRateToFloat  main.o
    0x00000938   0x00000938   0x0000002c   Code   RO           34    .text.enablePeripheralsClock  tm4c_init.o
    0x00000964   0x00000964   0x0000008c   Code   RO           42    .text.i2cRead       tm4c_init.o
    0x000009f0   0x000009f0   0x0000006a   Code   RO           44    .text.i2cWrite      tm4c_init.o
    0x00000a5a   0x00000a5a   0x00000002   PAD
    0x00000a5c   0x00000a5c   0x0000007a   Code   RO           40    .text.initI2c       tm4c_init.o
    0x00000ad6   0x00000ad6   0x00000002   PAD
    0x00000ad8   0x00000ad8   0x00000048   Code   RO           36    .text.initPorts     tm4c_init.o
    0x00000b20   0x00000b20   0x00000010   Code   RO           32    .text.initSystemClock_40MHz  tm4c_init.o
    0x00000b30   0x00000b30   0x00000054   Code   RO           38    .text.initTimer1mSec  tm4c_init.o
    0x00000b84   0x00000b84   0x0000002c   Code   RO           46    .text.initUartPrintf  tm4c_init.o
    0x00000bb0   0x00000bb0   0x000002a8   Code   RO           58    .text.main          main.o
    0x00000e58   0x00000e58   0x00000028   Code   RO           60    .text.resultReady   main.o
    0x00000e80   0x00000e80   0x00000048   Code   RO            4    .text.setI2cAddress  tmp006.o
    0x00000ec8   0x00000ec8   0x00000022   Code   RO           56    .text.setUp         main.o
    0x00000eea   0x00000eea   0x00000006   PAD
    0x00000ef0   0x00000ef0   0x00000110   Code   RO           70    .text.test_customConvRateIntOff  main.o
    0x00001000   0x00001000   0x000000e0   Code   RO           68    .text.test_customConvRateIntOn  main.o
    0x000010e0   0x000010e0   0x0000005c   Code   RO           74    .text.test_powerDownModeIntOff  main.o
    0x0000113c   0x0000113c   0x0000004e   Code   RO           72    .text.test_powerDownModeIntOn  main.o
    0x0000118a   0x0000118a   0x00000002   PAD
    0x0000118c   0x0000118c   0x0000002c   Code   RO           64    .text.test_readManufId  main.o
    0x000011b8   0x000011b8   0x0000012a   Code   RO           66    .text.test_writeIntoConfig  main.o
    0x000012e2   0x000012e2   0x00000002   PAD
    0x000012e4   0x000012e4   0x0000001e   Code   RO           62    .text.timerHandler  main.o
    0x00001302   0x00001302   0x00000002   PAD
    0x00001304   0x00001304   0x00000046   Code   RO           10    .text.tmp006_configConvRate  tmp006.o
    0x0000134a   0x0000134a   0x00000002   PAD
    0x0000134c   0x0000134c   0x00000046   Code   RO           12    .text.tmp006_drdyPinConfig  tmp006.o
    0x00001392   0x00001392   0x00000002   PAD
    0x00001394   0x00001394   0x0000001a   Code   RO            2    .text.tmp006_init   tmp006.o
    0x000013ae   0x000013ae   0x00000002   PAD
    0x000013b0   0x000013b0   0x0000002e   Code   RO           18    .text.tmp006_isResultReady  tmp006.o
    0x000013de   0x000013de   0x00000002   PAD
    0x000013e0   0x000013e0   0x00000046   Code   RO           16    .text.tmp006_operationMode  tmp006.o
    0x00001426   0x00001426   0x00000002   PAD
    0x00001428   0x00001428   0x0000003a   Code   RO            6    .text.tmp006_read   tmp006.o
    0x00001462   0x00001462   0x00000002   PAD
    0x00001464   0x00001464   0x00000028   Code   RO           20    .text.tmp006_readTemp  tmp006.o
    0x0000148c   0x0000148c   0x00000024   Code   RO           14    .text.tmp006_resetDevice  tmp006.o
    0x000014b0   0x000014b0   0x00000038   Code   RO            8    .text.tmp006_write  tmp006.o
    0x000014e8   0x000014e8   0x00000032   Code   RO          147    i.GPIODirModeSet    driverlib.lib(gpio.o)
    0x0000151a   0x0000151a   0x00000006   Code   RO          148    i.GPIOIntClear      driverlib.lib(gpio.o)
    0x00001520   0x00001520   0x0000000c   Code   RO          150    i.GPIOIntEnable     driverlib.lib(gpio.o)
    0x0000152c   0x0000152c   0x0000001e   Code   RO          151    i.GPIOIntRegister   driverlib.lib(gpio.o)
    0x0000154a   0x0000154a   0x00000066   Code   RO          155    i.GPIOIntTypeSet    driverlib.lib(gpio.o)
    0x000015b0   0x000015b0   0x0000018c   Code   RO          159    i.GPIOPadConfigSet  driverlib.lib(gpio.o)
    0x0000173c   0x0000173c   0x00000050   Code   RO          160    i.GPIOPinConfigure  driverlib.lib(gpio.o)
    0x0000178c   0x0000178c   0x0000001e   Code   RO          170    i.GPIOPinTypeGPIOInput  driverlib.lib(gpio.o)
    0x000017aa   0x000017aa   0x0000001e   Code   RO          171    i.GPIOPinTypeGPIOOutput  driverlib.lib(gpio.o)
    0x000017c8   0x000017c8   0x0000001e   Code   RO          174    i.GPIOPinTypeI2C    driverlib.lib(gpio.o)
    0x000017e6   0x000017e6   0x0000001e   Code   RO          175    i.GPIOPinTypeI2CSCL  driverlib.lib(gpio.o)
    0x00001804   0x00001804   0x0000001e   Code   RO          183    i.GPIOPinTypeUART   driverlib.lib(gpio.o)
    0x00001822   0x00001822   0x00000002   PAD
    0x00001824   0x00001824   0x00000018   Code   RO          190    i.GPIOUnlockPin     driverlib.lib(gpio.o)
    0x0000183c   0x0000183c   0x00000012   Code   RO          491    i.I2CMasterBusy     driverlib.lib(i2c.o)
    0x0000184e   0x0000184e   0x00000004   Code   RO          492    i.I2CMasterControl  driverlib.lib(i2c.o)
    0x00001852   0x00001852   0x00000006   Code   RO          493    i.I2CMasterDataGet  driverlib.lib(i2c.o)
    0x00001858   0x00001858   0x00000004   Code   RO          494    i.I2CMasterDataPut  driverlib.lib(i2c.o)
    0x0000185c   0x0000185c   0x0000000a   Code   RO          496    i.I2CMasterEnable   driverlib.lib(i2c.o)
    0x00001866   0x00001866   0x00000002   PAD
    0x00001868   0x00001868   0x0000005c   Code   RO          499    i.I2CMasterInitExpClk  driverlib.lib(i2c.o)
    0x000018c4   0x000018c4   0x00000008   Code   RO          509    i.I2CMasterSlaveAddrSet  driverlib.lib(i2c.o)
    0x000018cc   0x000018cc   0x00000074   Code   RO         1746    i.IntEnable         driverlib.lib(interrupt.o)
    0x00001940   0x00001940   0x0000003c   Code   RO         1758    i.IntRegister       driverlib.lib(interrupt.o)
    0x0000197c   0x0000197c   0x0000016c   Code   RO          826    i.SysCtlClockGet    driverlib.lib(sysctl.o)
    0x00001ae8   0x00001ae8   0x0000012c   Code   RO          828    i.SysCtlClockSet    driverlib.lib(sysctl.o)
    0x00001c14   0x00001c14   0x00000034   Code   RO          857    i.SysCtlPeripheralEnable  driverlib.lib(sysctl.o)
    0x00001c48   0x00001c48   0x00000038   Code   RO          860    i.SysCtlPeripheralPresent  driverlib.lib(sysctl.o)
    0x00001c80   0x00001c80   0x00000038   Code   RO          861    i.SysCtlPeripheralReady  driverlib.lib(sysctl.o)
    0x00001cb8   0x00001cb8   0x00000070   Code   RO          862    i.SysCtlPeripheralReset  driverlib.lib(sysctl.o)
    0x00001d28   0x00001d28   0x00000060   Code   RO         1191    i.TimerConfigure    driverlib.lib(timer.o)
    0x00001d88   0x00001d88   0x0000000e   Code   RO         1200    i.TimerEnable       driverlib.lib(timer.o)
    0x00001d96   0x00001d96   0x00000004   Code   RO         1201    i.TimerIntClear     driverlib.lib(timer.o)
    0x00001d9a   0x00001d9a   0x00000008   Code   RO         1203    i.TimerIntEnable    driverlib.lib(timer.o)
    0x00001da2   0x00001da2   0x00000026   Code   RO         1204    i.TimerIntRegister  driverlib.lib(timer.o)
    0x00001dc8   0x00001dc8   0x00000010   Code   RO         1209    i.TimerLoadSet      driverlib.lib(timer.o)
    0x00001dd8   0x00001dd8   0x00000010   Code   RO         1442    i.UARTCharPut       driverlib.lib(uart.o)
    0x00001de8   0x00001de8   0x0000004c   Code   RO         1448    i.UARTConfigSetExpClk  driverlib.lib(uart.o)
    0x00001e34   0x00001e34   0x00000020   Code   RO         1451    i.UARTDisable       driverlib.lib(uart.o)
    0x00001e54   0x00001e54   0x00000014   Code   RO         1453    i.UARTEnable        driverlib.lib(uart.o)
    0x00001e68   0x00001e68   0x0000004c   Code   RO          191    i._GPIOIntNumberGet  driverlib.lib(gpio.o)
    0x00001eb4   0x00001eb4   0x00000058   Code   RO         1225    i._TimerIntNumberGet  driverlib.lib(timer.o)
    0x00001f0c   0x00001f0c   0x00000150   Code   RO         1861    x$fpl$dadd          fz_wm.l(daddsub_clz.o)
    0x0000205c   0x0000205c   0x00000018   Code   RO         1917    x$fpl$dcmpinf       fz_wm.l(dcmpi.o)
    0x00002074   0x00002074   0x00000078   Code   RO         1882    x$fpl$deqf          fz_wm.l(deqf.o)
    0x000020ec   0x000020ec   0x00000026   Code   RO         1869    x$fpl$dfltu         fz_wm.l(dflt_clz.o)
    0x00002112   0x00002112   0x00000002   PAD
    0x00002114   0x00002114   0x00000078   Code   RO         1884    x$fpl$dgeqf         fz_wm.l(dgeqf.o)
    0x0000218c   0x0000218c   0x00000078   Code   RO         1886    x$fpl$dleqf         fz_wm.l(dleqf.o)
    0x00002204   0x00002204   0x00000154   Code   RO         1875    x$fpl$dmul          fz_wm.l(dmul.o)
    0x00002358   0x00002358   0x0000009c   Code   RO         1888    x$fpl$dnaninf       fz_wm.l(dnaninf.o)
    0x000023f4   0x000023f4   0x0000000c   Code   RO         1890    x$fpl$dretinf       fz_wm.l(dretinf.o)
    0x00002400   0x00002400   0x000001d4   Code   RO         1863    x$fpl$dsub          fz_wm.l(daddsub_clz.o)
    0x000025d4   0x000025d4   0x00000056   Code   RO         1877    x$fpl$f2d           fz_wm.l(f2d.o)
    0x0000262a   0x0000262a   0x00000054   Code   RO         1867    x$fpl$fcmp          fz_wm.l(dcmp.o)
    0x0000267e   0x0000267e   0x0000008c   Code   RO         1892    x$fpl$fnaninf       fz_wm.l(fnaninf.o)
    0x0000270a   0x0000270a   0x0000001a   Code   RO         1999    x$fpl$fpinit        fz_wm.l(fpinit.o)
    0x00002724   0x00002724   0x00000000   Code   RO         1894    x$fpl$usenofp       fz_wm.l(usenofp.o)
    0x00002724   0x00002724   0x00000228   Data   RO          192    .constdata          driverlib.lib(gpio.o)
    0x0000294c   0x0000294c   0x00000254   Data   RO          881    .constdata          driverlib.lib(sysctl.o)
    0x00002ba0   0x00002ba0   0x000000a0   Data   RO         1226    .constdata          driverlib.lib(timer.o)
    0x00002c40   0x00002c40   0x0000010c   Data   RO         1762    .constdata          driverlib.lib(interrupt.o)
    0x00002d4c   0x00002d4c   0x000002e7   Data   RO           86    .rodata.str1.1      main.o
    0x00003033   0x00003033   0x00000001   PAD
    0x00003034   0x00003034   0x00000020   Data   RO         2071    Region$$Table       anon$$obj.o


    Execution Region ER_RW (Exec base: 0x20000000, Load base: 0x00003400, Size: 0x0000066c, Max: 0xffffffff, ABSOLUTE, COMPRESSED[0x00000014])

    Exec Addr    Load Addr    Size         Type   Attr      Idx    E Section Name        Object

    0x20000000   COMPRESSED   0x0000000c   Data   RW           85    .data.senzor        main.o
    0x2000000c   COMPRESSED   0x000003f4   PAD
    0x20000400   COMPRESSED   0x0000026c   Data   RW         1763    vtable              driverlib.lib(interrupt.o)


    Execution Region ER_ZI (Exec base: 0x20000670, Load base: 0x00003414, Size: 0x00000210, Max: 0xffffffff, ABSOLUTE)

    Exec Addr    Load Addr    Size         Type   Attr      Idx    E Section Name        Object

    0x20000670        -       0x00000004   Zero   RW          108    .bss.g_ui32Base     uartstdio.o
    0x20000674        -       0x00000004   Zero   RW           82    .bss.msCounter      main.o
    0x20000678        -       0x00000004   Zero   RW           83    .bss.resultCounter  main.o
    0x2000067c        -       0x00000001   Zero   RW           84    .bss.resultReadyFlag  main.o
    0x2000067d   0x00003414   0x00000003   PAD
    0x20000680        -       0x00000200   Zero   RW          117    STACK               startup_tm4c123.o


==============================================================================

Image component sizes


      Code (inc. data)   RO Data    RW Data    ZI Data      Debug   Object Name

      1972        184        743         12          9       5895   main.o
       252         10        620          0        512       5420   startup_tm4c123.o
        18          0          0          0          0       6467   system_tm4c123.o
       628          0          0          0          0       2334   tm4c_init.o
       544          8          0          0          0       5390   tmp006.o
       890        224          0          0          4       4302   uartstdio.o

    ----------------------------------------------------------------------
      4336        426       1396       1024        528      29808   Object Totals
         0          0         32          0          0          0   (incl. Generated)
        32          0          1       1012          3          0   (incl. Padding)

    ----------------------------------------------------------------------

      Code (inc. data)   RO Data    RW Data    ZI Data      Debug   Library Member Name

        58          0          0          0          0          0   __dczerorl.o
         8          0          0          0          0         68   __main.o
         0          0          0          0          0          0   __rtentry.o
        12          0          0          0          0          0   __rtentry2.o
         8          4          0          0          0          0   __rtentry5.o
        52          8          0          0          0          0   __scatter.o
        28          0          0          0          0          0   __scatter_zi.o
        16          0          0          0          0         68   aeabi_memset.o
        18          0          0          0          0         80   exit.o
         0          0          0          0          0          0   indicate_semi.o
         2          0          0          0          0          0   libinit.o
         6          0          0          0          0          0   libinit2.o
         2          0          0          0          0          0   libshutdown.o
         2          0          0          0          0          0   libshutdown2.o
        68          0          0          0          0         68   rt_memclr.o
        78          0          0          0          0         80   rt_memclr_w.o
         2          0          0          0          0          0   rtexit.o
        10          0          0          0          0          0   rtexit2.o
        12          4          0          0          0         68   sys_exit.o
         2          0          0          0          0         68   use_no_semi.o
       926         48        552          0          0      13631   gpio.o
       142         14          0          0          0       3809   i2c.o
       176         16        268        620          0       2058   interrupt.o
       946         80        596          0          0       5793   sysctl.o
       264         32        160          0          0       4898   timer.o
       144          0          0          0          0       2195   uart.o
       804         16          0          0          0        376   daddsub_clz.o
        84          0          0          0          0        244   dcmp.o
        24          0          0          0          0        116   dcmpi.o
       120          4          0          0          0        140   deqf.o
        38          0          0          0          0        116   dflt_clz.o
       120          4          0          0          0        140   dgeqf.o
       120          4          0          0          0        140   dleqf.o
       340         12          0          0          0        152   dmul.o
       156          4          0          0          0        140   dnaninf.o
        12          0          0          0          0        116   dretinf.o
        86          4          0          0          0        132   f2d.o
       140          4          0          0          0        132   fnaninf.o
        26          0          0          0          0        116   fpinit.o
         0          0          0          0          0          0   usenofp.o

    ----------------------------------------------------------------------
      5064        258       1576        620          0      34944   Library Totals
        12          0          0          0          0          0   (incl. Padding)

    ----------------------------------------------------------------------

      Code (inc. data)   RO Data    RW Data    ZI Data      Debug   Library Name

       384         16          0          0          0        500   c_w.l
      2598        190       1576        620          0      32384   driverlib.lib
      2070         52          0          0          0       2060   fz_wm.l

    ----------------------------------------------------------------------
      5064        258       1576        620          0      34944   Library Totals

    ----------------------------------------------------------------------

==============================================================================


      Code (inc. data)   RO Data    RW Data    ZI Data      Debug   

      9400        684       2972       1644        528      59532   Grand Totals
      9400        684       2972         20        528      59532   ELF Image Totals (compressed)
      9400        684       2972         20          0          0   ROM Totals

==============================================================================

    Total RO  Size (Code + RO Data)                12372 (  12.08kB)
    Total RW  Size (RW Data + ZI Data)              2172 (   2.12kB)
    Total ROM Size (Code + RO Data + RW Data)      12392 (  12.10kB)

==============================================================================

