Component: ARM Compiler 6.14 Tool: armlink [5db06800]

==============================================================================

Section Cross References

    tmp006.o(.text.tmp006_init) refers to tmp006.o(.text.setI2cAddress) for setI2cAddress
    tmp006.o(.ARM.exidx.text.tmp006_init) refers to tmp006.o(.text.tmp006_init) for [Anonymous Symbol]
    tmp006.o(.ARM.exidx.text.setI2cAddress) refers to tmp006.o(.text.setI2cAddress) for [Anonymous Symbol]
    tmp006.o(.ARM.exidx.text.tmp006_read) refers to tmp006.o(.text.tmp006_read) for [Anonymous Symbol]
    tmp006.o(.ARM.exidx.text.tmp006_write) refers to tmp006.o(.text.tmp006_write) for [Anonymous Symbol]
    tmp006.o(.text.tmp006_configConvRate) refers to tmp006.o(.text.tmp006_read) for tmp006_read
    tmp006.o(.text.tmp006_configConvRate) refers to tmp006.o(.text.tmp006_write) for tmp006_write
    tmp006.o(.ARM.exidx.text.tmp006_configConvRate) refers to tmp006.o(.text.tmp006_configConvRate) for [Anonymous Symbol]
    tmp006.o(.text.tmp006_drdyPinConfig) refers to tmp006.o(.text.tmp006_read) for tmp006_read
    tmp006.o(.text.tmp006_drdyPinConfig) refers to tmp006.o(.text.tmp006_write) for tmp006_write
    tmp006.o(.ARM.exidx.text.tmp006_drdyPinConfig) refers to tmp006.o(.text.tmp006_drdyPinConfig) for [Anonymous Symbol]
    tmp006.o(.text.tmp006_resetDevice) refers to tmp006.o(.text.tmp006_write) for tmp006_write
    tmp006.o(.ARM.exidx.text.tmp006_resetDevice) refers to tmp006.o(.text.tmp006_resetDevice) for [Anonymous Symbol]
    tmp006.o(.text.tmp006_operationMode) refers to tmp006.o(.text.tmp006_read) for tmp006_read
    tmp006.o(.text.tmp006_operationMode) refers to tmp006.o(.text.tmp006_write) for tmp006_write
    tmp006.o(.ARM.exidx.text.tmp006_operationMode) refers to tmp006.o(.text.tmp006_operationMode) for [Anonymous Symbol]
    tmp006.o(.text.tmp006_isResultReady) refers to tmp006.o(.text.tmp006_read) for tmp006_read
    tmp006.o(.ARM.exidx.text.tmp006_isResultReady) refers to tmp006.o(.text.tmp006_isResultReady) for [Anonymous Symbol]
    tmp006.o(.text.tmp006_readTemp) refers to tmp006.o(.text.tmp006_read) for tmp006_read
    tmp006.o(.ARM.exidx.text.tmp006_readTemp) refers to tmp006.o(.text.tmp006_readTemp) for [Anonymous Symbol]
    tmp006.o(.text.tmp006_readVoltage) refers to tmp006.o(.text.tmp006_read) for tmp006_read
    tmp006.o(.ARM.exidx.text.tmp006_readVoltage) refers to tmp006.o(.text.tmp006_readVoltage) for [Anonymous Symbol]
    tm4c_init.o(.text.initSystemClock_40MHz) refers to sysctl.o(i.SysCtlClockSet) for SysCtlClockSet
    tm4c_init.o(.ARM.exidx.text.initSystemClock_40MHz) refers to tm4c_init.o(.text.initSystemClock_40MHz) for [Anonymous Symbol]
    tm4c_init.o(.text.enablePeripheralsClock) refers to sysctl.o(i.SysCtlPeripheralEnable) for SysCtlPeripheralEnable
    tm4c_init.o(.text.enablePeripheralsClock) refers to sysctl.o(i.SysCtlPeripheralReady) for SysCtlPeripheralReady
    tm4c_init.o(.ARM.exidx.text.enablePeripheralsClock) refers to tm4c_init.o(.text.enablePeripheralsClock) for [Anonymous Symbol]
    tm4c_init.o(.text.initPorts) refers to gpio.o(i.GPIOUnlockPin) for GPIOUnlockPin
    tm4c_init.o(.text.initPorts) refers to gpio.o(i.GPIOPinTypeGPIOOutput) for GPIOPinTypeGPIOOutput
    tm4c_init.o(.text.initPorts) refers to gpio.o(i.GPIOPinTypeGPIOInput) for GPIOPinTypeGPIOInput
    tm4c_init.o(.text.initPorts) refers to gpio.o(i.GPIOIntRegister) for GPIOIntRegister
    tm4c_init.o(.text.initPorts) refers to gpio.o(i.GPIOIntTypeSet) for GPIOIntTypeSet
    tm4c_init.o(.text.initPorts) refers to gpio.o(i.GPIOIntEnable) for GPIOIntEnable
    tm4c_init.o(.ARM.exidx.text.initPorts) refers to tm4c_init.o(.text.initPorts) for [Anonymous Symbol]
    tm4c_init.o(.text.initTimer1sec) refers to sysctl.o(i.SysCtlPeripheralEnable) for SysCtlPeripheralEnable
    tm4c_init.o(.text.initTimer1sec) refers to sysctl.o(i.SysCtlPeripheralReady) for SysCtlPeripheralReady
    tm4c_init.o(.text.initTimer1sec) refers to timer.o(i.TimerConfigure) for TimerConfigure
    tm4c_init.o(.text.initTimer1sec) refers to timer.o(i.TimerLoadSet) for TimerLoadSet
    tm4c_init.o(.text.initTimer1sec) refers to timer.o(i.TimerIntRegister) for TimerIntRegister
    tm4c_init.o(.text.initTimer1sec) refers to timer.o(i.TimerIntEnable) for TimerIntEnable
    tm4c_init.o(.text.initTimer1sec) refers to timer.o(i.TimerEnable) for TimerEnable
    tm4c_init.o(.ARM.exidx.text.initTimer1sec) refers to tm4c_init.o(.text.initTimer1sec) for [Anonymous Symbol]
    tm4c_init.o(.text.initI2c) refers to sysctl.o(i.SysCtlPeripheralEnable) for SysCtlPeripheralEnable
    tm4c_init.o(.text.initI2c) refers to sysctl.o(i.SysCtlPeripheralReset) for SysCtlPeripheralReset
    tm4c_init.o(.text.initI2c) refers to sysctl.o(i.SysCtlPeripheralReady) for SysCtlPeripheralReady
    tm4c_init.o(.text.initI2c) refers to gpio.o(i.GPIOPinConfigure) for GPIOPinConfigure
    tm4c_init.o(.text.initI2c) refers to gpio.o(i.GPIOPinTypeI2CSCL) for GPIOPinTypeI2CSCL
[...]
    libshutdown.o(.ARM.Collect$$libshutdown$$00000000) refers (Special) to libshutdown2.o(.ARM.Collect$$libshutdown$$00000004) for __rt_lib_shutdown_stdio_1
    libshutdown.o(.ARM.Collect$$libshutdown$$00000000) refers (Special) to libshutdown2.o(.ARM.Collect$$libshutdown$$0000000C) for __rt_lib_shutdown_user_alloc_1
    sys_command.o(.text) refers (Special) to use_no_semi.o(.text) for __I$use$semihosting
    sys_command.o(.text) refers (Special) to indicate_semi.o(.text) for __semihosting_library_function
    sys_command_hlt.o(.text) refers (Special) to use_no_semi.o(.text) for __I$use$semihosting
    sys_command_hlt.o(.text) refers (Special) to indicate_semi.o(.text) for __semihosting_library_function
    defsig_rtmem_outer.o(.text) refers to defsig_rtmem_inner.o(.text) for __rt_SIGRTMEM_inner
    defsig_rtmem_outer.o(.text) refers to defsig_exit.o(.text) for __sig_exit
    defsig_rtmem_formal.o(.text) refers to rt_raise.o(.text) for __rt_raise
    rt_raise.o(.text) refers to __raise.o(.text) for __raise
    rt_raise.o(.text) refers to sys_exit.o(.text) for _sys_exit
    defsig_exit.o(.text) refers to sys_exit.o(.text) for _sys_exit
    defsig_rtmem_inner.o(.text) refers to defsig_general.o(.text) for __default_signal_display
    __raise.o(.text) refers to defsig.o(CL$$defsig) for __default_signal_handler
    defsig_general.o(.text) refers to sys_wrch.o(.text) for _ttywrch
    sys_wrch.o(.text) refers (Special) to use_no_semi.o(.text) for __I$use$semihosting
    sys_wrch.o(.text) refers (Special) to indicate_semi.o(.text) for __semihosting_library_function
    sys_wrch_hlt.o(.text) refers (Special) to use_no_semi.o(.text) for __I$use$semihosting
    sys_wrch_hlt.o(.text) refers (Special) to indicate_semi.o(.text) for __semihosting_library_function
    defsig.o(CL$$defsig) refers to defsig_rtmem_inner.o(.text) for __rt_SIGRTMEM_inner
    defsig_abrt_inner.o(.text) refers to defsig_general.o(.text) for __default_signal_display
    defsig_fpe_inner.o(.text) refers to defsig_general.o(.text) for __default_signal_display
    defsig_rtred_inner.o(.text) refers to defsig_general.o(.text) for __default_signal_display
    defsig_stak_inner.o(.text) refers to defsig_general.o(.text) for __default_signal_display
    defsig_pvfn_inner.o(.text) refers to defsig_general.o(.text) for __default_signal_display
    defsig_cppl_inner.o(.text) refers to defsig_general.o(.text) for __default_signal_display
    defsig_segv_inner.o(.text) refers to defsig_general.o(.text) for __default_signal_display
    defsig_other.o(.text) refers to defsig_general.o(.text) for __default_signal_display


==============================================================================

Removing Unused input sections from the image.

    Removing tmp006.o(.text), (0 bytes).
    Removing tmp006.o(.ARM.exidx.text.tmp006_init), (8 bytes).
    Removing tmp006.o(.ARM.exidx.text.setI2cAddress), (8 bytes).
    Removing tmp006.o(.ARM.exidx.text.tmp006_read), (8 bytes).
    Removing tmp006.o(.ARM.exidx.text.tmp006_write), (8 bytes).
    Removing tmp006.o(.ARM.exidx.text.tmp006_configConvRate), (8 bytes).
    Removing tmp006.o(.ARM.exidx.text.tmp006_drdyPinConfig), (8 bytes).
    Removing tmp006.o(.ARM.exidx.text.tmp006_resetDevice), (8 bytes).
    Removing tmp006.o(.ARM.exidx.text.tmp006_operationMode), (8 bytes).
    Removing tmp006.o(.text.tmp006_isResultReady), (46 bytes).
    Removing tmp006.o(.ARM.exidx.text.tmp006_isResultReady), (8 bytes).
    Removing tmp006.o(.ARM.exidx.text.tmp006_readTemp), (8 bytes).
    Removing tmp006.o(.text.tmp006_readVoltage), (34 bytes).
    Removing tmp006.o(.ARM.exidx.text.tmp006_readVoltage), (8 bytes).
    Removing tm4c_init.o(.text), (0 bytes).
    Removing tm4c_init.o(.ARM.exidx.text.initSystemClock_40MHz), (8 bytes).
    Removing tm4c_init.o(.ARM.exidx.text.enablePeripheralsClock), (8 bytes).
    Removing tm4c_init.o(.ARM.exidx.text.initPorts), (8 bytes).
    Removing tm4c_init.o(.ARM.exidx.text.initTimer1sec), (8 bytes).
    Removing tm4c_init.o(.ARM.exidx.text.initI2c), (8 bytes).
    Removing tm4c_init.o(.ARM.exidx.text.i2cRead), (8 bytes).
    Removing tm4c_init.o(.ARM.exidx.text.i2cWrite), (8 bytes).
    Removing tm4c_init.o(.ARM.exidx.text.initUartPrintf), (8 bytes).
    Removing main.o(.text), (0 bytes).
    Removing main.o(.ARM.exidx.text.main), (8 bytes).
    Removing main.o(.ARM.exidx.text.resultReady), (8 bytes).
    Removing main.o(.ARM.exidx.text.togglePortF), (8 bytes).
    Removing main.o(.ARM.exidx.text.readReg), (8 bytes).
    Removing main.o(.ARM.use_no_argv), (4 bytes).
    Removing uartstdio.o(.text), (0 bytes).
    Removing uartstdio.o(.ARM.exidx.text.UARTStdioConfig), (8 bytes).
    Removing uartstdio.o(.ARM.exidx.text.UARTwrite), (8 bytes).
    Removing uartstdio.o(.text.UARTgets), (192 bytes).
    Removing uartstdio.o(.ARM.exidx.text.UARTgets), (8 bytes).
    Removing uartstdio.o(.text.UARTgetc), (20 bytes).
    Removing uartstdio.o(.ARM.exidx.text.UARTgetc), (8 bytes).
    Removing uartstdio.o(.ARM.exidx.text.UARTvprintf), (8 bytes).
    Removing uartstdio.o(.ARM.exidx.text.UARTprintf), (8 bytes).
    Removing uartstdio.o(.bss.UARTgets.bLastWasCR), (1 bytes).
    Removing startup_tm4c123.o(HEAP), (0 bytes).
    Removing system_tm4c123.o(.text), (0 bytes).
    Removing system_tm4c123.o(.text.SystemCoreClockUpdate), (148 bytes).
    Removing system_tm4c123.o(.ARM.exidx.text.SystemCoreClockUpdate), (8 bytes).
    Removing system_tm4c123.o(.text.getOscClk), (56 bytes).
    Removing system_tm4c123.o(.ARM.exidx.text.getOscClk), (8 bytes).
    Removing system_tm4c123.o(.ARM.exidx.text.SystemInit), (8 bytes).
    Removing system_tm4c123.o(.data.SystemCoreClock), (4 bytes).
    Removing system_tm4c123.o(.rodata..Lswitch.table.getOscClk), (92 bytes).
    Removing gpio.o(i.GPIOADCTriggerDisable), (12 bytes).
    Removing gpio.o(i.GPIOADCTriggerEnable), (12 bytes).
    Removing gpio.o(i.GPIODMATriggerDisable), (12 bytes).
    Removing gpio.o(i.GPIODMATriggerEnable), (12 bytes).
    Removing gpio.o(i.GPIODirModeGet), (46 bytes).
    Removing gpio.o(i.GPIOIntDisable), (12 bytes).
    Removing gpio.o(i.GPIOIntRegisterPin), (36 bytes).
    Removing gpio.o(i.GPIOIntStatus), (16 bytes).
    Removing gpio.o(i.GPIOIntTypeGet), (84 bytes).
    Removing gpio.o(i.GPIOIntUnregister), (26 bytes).
    Removing gpio.o(i.GPIOIntUnregisterPin), (28 bytes).
    Removing gpio.o(i.GPIOPadConfigGet), (244 bytes).
    Removing gpio.o(i.GPIOPinRead), (12 bytes).
    Removing gpio.o(i.GPIOPinTypeADC), (30 bytes).
    Removing gpio.o(i.GPIOPinTypeCAN), (30 bytes).
    Removing gpio.o(i.GPIOPinTypeComparator), (30 bytes).
    Removing gpio.o(i.GPIOPinTypeComparatorOutput), (30 bytes).
    Removing gpio.o(i.GPIOPinTypeDIVSCLK), (30 bytes).
    Removing gpio.o(i.GPIOPinTypeEPI), (30 bytes).
    Removing gpio.o(i.GPIOPinTypeEthernetLED), (30 bytes).
    Removing gpio.o(i.GPIOPinTypeEthernetMII), (30 bytes).
    Removing gpio.o(i.GPIOPinTypeGPIOOutputOD), (30 bytes).
    Removing gpio.o(i.GPIOPinTypeHibernateRTCCLK), (30 bytes).
    Removing gpio.o(i.GPIOPinTypeLCD), (30 bytes).
    Removing gpio.o(i.GPIOPinTypeOneWire), (30 bytes).
    Removing gpio.o(i.GPIOPinTypePWM), (30 bytes).
    Removing gpio.o(i.GPIOPinTypeQEI), (30 bytes).
    Removing gpio.o(i.GPIOPinTypeSSI), (30 bytes).
    Removing gpio.o(i.GPIOPinTypeTimer), (30 bytes).
    Removing gpio.o(i.GPIOPinTypeTrace), (30 bytes).
    Removing gpio.o(i.GPIOPinTypeUSBAnalog), (30 bytes).
    Removing gpio.o(i.GPIOPinTypeUSBDigital), (30 bytes).
    Removing gpio.o(i.GPIOPinTypeWakeHigh), (32 bytes).
    Removing gpio.o(i.GPIOPinTypeWakeLow), (32 bytes).
    Removing gpio.o(i.GPIOPinWakeStatus), (8 bytes).
    Removing i2c.o(i.I2CFIFODataGet), (22 bytes).
    Removing i2c.o(i.I2CFIFODataGetNonBlocking), (26 bytes).
    Removing i2c.o(i.I2CFIFODataPut), (20 bytes).
    Removing i2c.o(i.I2CFIFODataPutNonBlocking), (24 bytes).
    Removing i2c.o(i.I2CFIFOStatus), (8 bytes).
    Removing i2c.o(i.I2CIntRegister), (30 bytes).
    Removing i2c.o(i.I2CIntUnregister), (26 bytes).
    Removing i2c.o(i.I2CLoopbackEnable), (10 bytes).
    Removing i2c.o(i.I2CMasterBurstCountGet), (6 bytes).
    Removing i2c.o(i.I2CMasterBurstLengthSet), (4 bytes).
    Removing i2c.o(i.I2CMasterBusBusy), (18 bytes).
    Removing i2c.o(i.I2CMasterDisable), (10 bytes).
    Removing i2c.o(i.I2CMasterErr), (30 bytes).
    Removing i2c.o(i.I2CMasterGlitchFilterConfigSet), (68 bytes).
    Removing i2c.o(i.I2CMasterIntClear), (8 bytes).
    Removing i2c.o(i.I2CMasterIntClearEx), (4 bytes).
    Removing i2c.o(i.I2CMasterIntDisable), (6 bytes).
    Removing i2c.o(i.I2CMasterIntDisableEx), (8 bytes).
    Removing i2c.o(i.I2CMasterIntEnable), (6 bytes).
    Removing i2c.o(i.I2CMasterIntEnableEx), (8 bytes).
    Removing i2c.o(i.I2CMasterIntStatus), (28 bytes).
    Removing i2c.o(i.I2CMasterIntStatusEx), (12 bytes).
    Removing i2c.o(i.I2CMasterLineStateGet), (6 bytes).
    Removing i2c.o(i.I2CMasterTimeoutSet), (4 bytes).
    Removing i2c.o(i.I2CRxFIFOConfigSet), (22 bytes).
    Removing i2c.o(i.I2CRxFIFOFlush), (14 bytes).
    Removing i2c.o(i.I2CSlaveACKOverride), (30 bytes).
    Removing i2c.o(i.I2CSlaveACKValueSet), (30 bytes).
    Removing i2c.o(i.I2CSlaveAddressSet), (28 bytes).
    Removing i2c.o(i.I2CSlaveDataGet), (8 bytes).
    Removing i2c.o(i.I2CSlaveDataPut), (6 bytes).
    Removing i2c.o(i.I2CSlaveDisable), (16 bytes).
    Removing i2c.o(i.I2CSlaveEnable), (16 bytes).
    Removing i2c.o(i.I2CSlaveFIFODisable), (8 bytes).
    Removing i2c.o(i.I2CSlaveFIFOEnable), (10 bytes).
    Removing i2c.o(i.I2CSlaveInit), (18 bytes).
    Removing i2c.o(i.I2CSlaveIntClear), (8 bytes).
    Removing i2c.o(i.I2CSlaveIntClearEx), (6 bytes).
    Removing i2c.o(i.I2CSlaveIntDisable), (14 bytes).
    Removing i2c.o(i.I2CSlaveIntDisableEx), (12 bytes).
    Removing i2c.o(i.I2CSlaveIntEnable), (14 bytes).
    Removing i2c.o(i.I2CSlaveIntEnableEx), (12 bytes).
    Removing i2c.o(i.I2CSlaveIntStatus), (32 bytes).
    Removing i2c.o(i.I2CSlaveIntStatusEx), (16 bytes).
    Removing i2c.o(i.I2CSlaveStatus), (8 bytes).
    Removing i2c.o(i.I2CTxFIFOConfigSet), (24 bytes).
    Removing i2c.o(i.I2CTxFIFOFlush), (14 bytes).
    Removing i2c.o(i._I2CIntNumberGet), (76 bytes).
    Removing i2c.o(.constdata), (128 bytes).
    Removing sysctl.o(i.SysCtlAltClkConfig), (12 bytes).
    Removing sysctl.o(i.SysCtlClockFreqSet), (708 bytes).
    Removing sysctl.o(i.SysCtlClockOutConfig), (16 bytes).
    Removing sysctl.o(i.SysCtlDeepSleep), (36 bytes).
    Removing sysctl.o(i.SysCtlDeepSleepClockConfigSet), (124 bytes).
    Removing sysctl.o(i.SysCtlDeepSleepClockSet), (12 bytes).
    Removing sysctl.o(i.SysCtlDeepSleepPowerSet), (12 bytes).
    Removing sysctl.o(i.SysCtlFlashSectorSizeGet), (52 bytes).
    Removing sysctl.o(i.SysCtlFlashSizeGet), (56 bytes).
    Removing sysctl.o(i.SysCtlGPIOAHBDisable), (24 bytes).
    Removing sysctl.o(i.SysCtlGPIOAHBEnable), (24 bytes).
    Removing sysctl.o(i.SysCtlIntClear), (12 bytes).
    Removing sysctl.o(i.SysCtlIntDisable), (16 bytes).
    Removing sysctl.o(i.SysCtlIntEnable), (16 bytes).
    Removing sysctl.o(i.SysCtlIntRegister), (20 bytes).
    Removing sysctl.o(i.SysCtlIntStatus), (20 bytes).
    Removing sysctl.o(i.SysCtlIntUnregister), (16 bytes).
    Removing sysctl.o(i.SysCtlLDODeepSleepGet), (12 bytes).
    Removing sysctl.o(i.SysCtlLDODeepSleepSet), (12 bytes).
    Removing sysctl.o(i.SysCtlLDOSleepGet), (12 bytes).
    Removing sysctl.o(i.SysCtlLDOSleepSet), (12 bytes).
    Removing sysctl.o(i.SysCtlMOSCConfigSet), (12 bytes).
    Removing sysctl.o(i.SysCtlNMIClear), (16 bytes).
    Removing sysctl.o(i.SysCtlNMIStatus), (12 bytes).
    Removing sysctl.o(i.SysCtlPIOSCCalibrate), (92 bytes).
    Removing sysctl.o(i.SysCtlPWMClockGet), (28 bytes).
    Removing sysctl.o(i.SysCtlPWMClockSet), (20 bytes).
    Removing sysctl.o(i.SysCtlPeripheralClockGating), (96 bytes).
    Removing sysctl.o(i.SysCtlPeripheralDeepSleepDisable), (52 bytes).
    Removing sysctl.o(i.SysCtlPeripheralDeepSleepEnable), (52 bytes).
    Removing sysctl.o(i.SysCtlPeripheralDisable), (52 bytes).
    Removing sysctl.o(i.SysCtlPeripheralPowerOff), (52 bytes).
    Removing sysctl.o(i.SysCtlPeripheralPowerOn), (52 bytes).
    Removing sysctl.o(i.SysCtlPeripheralSleepDisable), (52 bytes).
    Removing sysctl.o(i.SysCtlPeripheralSleepEnable), (52 bytes).
    Removing sysctl.o(i.SysCtlReset), (20 bytes).
    Removing sysctl.o(i.SysCtlResetBehaviorGet), (12 bytes).
    Removing sysctl.o(i.SysCtlResetBehaviorSet), (12 bytes).
    Removing sysctl.o(i.SysCtlResetCauseClear), (16 bytes).
    Removing sysctl.o(i.SysCtlResetCauseGet), (12 bytes).
    Removing sysctl.o(i.SysCtlSRAMSizeGet), (16 bytes).
    Removing sysctl.o(i.SysCtlSleep), (8 bytes).
    Removing sysctl.o(i.SysCtlSleepPowerSet), (12 bytes).
    Removing sysctl.o(i.SysCtlUSBPLLDisable), (20 bytes).
    Removing sysctl.o(i.SysCtlUSBPLLEnable), (20 bytes).
    Removing sysctl.o(i.SysCtlVCOGet), (148 bytes).
    Removing sysctl.o(i.SysCtlVoltageEventClear), (16 bytes).
    Removing sysctl.o(i.SysCtlVoltageEventConfig), (12 bytes).
    Removing sysctl.o(i.SysCtlVoltageEventStatus), (12 bytes).
    Removing sysctl.o(i._SysCtlFrequencyGet), (100 bytes).
    Removing sysctl.o(i._SysCtlMemTimingGet), (40 bytes).
    Removing timer.o(i.TimerADCEventGet), (6 bytes).
    Removing timer.o(i.TimerADCEventSet), (4 bytes).
    Removing timer.o(i.TimerClockSourceGet), (8 bytes).
    Removing timer.o(i.TimerClockSourceSet), (6 bytes).
    Removing timer.o(i.TimerControlEvent), (22 bytes).
    Removing timer.o(i.TimerControlLevel), (22 bytes).
    Removing timer.o(i.TimerControlStall), (22 bytes).
    Removing timer.o(i.TimerControlTrigger), (72 bytes).
    Removing timer.o(i.TimerControlWaitOnTrigger), (52 bytes).
    Removing timer.o(i.TimerDMAEventGet), (6 bytes).
    Removing timer.o(i.TimerDMAEventSet), (4 bytes).
    Removing timer.o(i.TimerDisable), (14 bytes).
    Removing timer.o(i.TimerIntDisable), (8 bytes).
    Removing timer.o(i.TimerIntStatus), (12 bytes).
    Removing timer.o(i.TimerIntUnregister), (30 bytes).
    Removing timer.o(i.TimerLoadGet), (14 bytes).
    Removing timer.o(i.TimerLoadGet64), (26 bytes).
    Removing timer.o(i.TimerLoadSet64), (6 bytes).
    Removing timer.o(i.TimerMatchGet), (14 bytes).
    Removing timer.o(i.TimerMatchGet64), (26 bytes).
    Removing timer.o(i.TimerMatchSet), (16 bytes).
    Removing timer.o(i.TimerMatchSet64), (6 bytes).
    Removing timer.o(i.TimerPrescaleGet), (14 bytes).
    Removing timer.o(i.TimerPrescaleMatchGet), (14 bytes).
    Removing timer.o(i.TimerPrescaleMatchSet), (16 bytes).
    Removing timer.o(i.TimerPrescaleSet), (16 bytes).
    Removing timer.o(i.TimerRTCDisable), (10 bytes).
    Removing timer.o(i.TimerRTCEnable), (10 bytes).
    Removing timer.o(i.TimerSynchronize), (4 bytes).
    Removing timer.o(i.TimerUpdateMode), (42 bytes).
    Removing timer.o(i.TimerValueGet), (14 bytes).
    Removing timer.o(i.TimerValueGet64), (26 bytes).
    Removing uart.o(i.UART9BitAddrSend), (44 bytes).
    Removing uart.o(i.UART9BitAddrSet), (10 bytes).
    Removing uart.o(i.UART9BitDisable), (14 bytes).
    Removing uart.o(i.UART9BitEnable), (14 bytes).
    Removing uart.o(i.UARTBreakCtl), (20 bytes).
    Removing uart.o(i.UARTBusy), (10 bytes).
    Removing uart.o(i.UARTCharGet), (18 bytes).
    Removing uart.o(i.UARTCharGetNonBlocking), (20 bytes).
    Removing uart.o(i.UARTCharPutNonBlocking), (20 bytes).
    Removing uart.o(i.UARTCharsAvail), (12 bytes).
    Removing uart.o(i.UARTClockSourceGet), (8 bytes).
    Removing uart.o(i.UARTClockSourceSet), (6 bytes).
    Removing uart.o(i.UARTConfigGetExpClk), (44 bytes).
    Removing uart.o(i.UARTDMADisable), (8 bytes).
    Removing uart.o(i.UARTDMAEnable), (8 bytes).
    Removing uart.o(i.UARTDisableSIR), (10 bytes).
    Removing uart.o(i.UARTEnableSIR), (22 bytes).
    Removing uart.o(i.UARTFIFODisable), (10 bytes).
    Removing uart.o(i.UARTFIFOEnable), (10 bytes).
    Removing uart.o(i.UARTFIFOLevelGet), (18 bytes).
    Removing uart.o(i.UARTFIFOLevelSet), (8 bytes).
    Removing uart.o(i.UARTFlowControlGet), (10 bytes).
    Removing uart.o(i.UARTFlowControlSet), (12 bytes).
    Removing uart.o(i.UARTIntClear), (4 bytes).
    Removing uart.o(i.UARTIntDisable), (8 bytes).
    Removing uart.o(i.UARTIntEnable), (8 bytes).
    Removing uart.o(i.UARTIntRegister), (30 bytes).
    Removing uart.o(i.UARTIntStatus), (12 bytes).
    Removing uart.o(i.UARTIntUnregister), (26 bytes).
    Removing uart.o(i.UARTLoopbackEnable), (10 bytes).
    Removing uart.o(i.UARTModemControlClear), (12 bytes).
    Removing uart.o(i.UARTModemControlGet), (10 bytes).
    Removing uart.o(i.UARTModemControlSet), (12 bytes).
    Removing uart.o(i.UARTModemStatusGet), (12 bytes).
    Removing uart.o(i.UARTParityModeGet), (10 bytes).
    Removing uart.o(i.UARTParityModeSet), (12 bytes).
    Removing uart.o(i.UARTRxErrorClear), (6 bytes).
    Removing uart.o(i.UARTRxErrorGet), (10 bytes).
    Removing uart.o(i.UARTSmartCardDisable), (10 bytes).
    Removing uart.o(i.UARTSmartCardEnable), (22 bytes).
    Removing uart.o(i.UARTSpaceAvail), (12 bytes).
    Removing uart.o(i.UARTTxIntModeGet), (10 bytes).
    Removing uart.o(i.UARTTxIntModeSet), (12 bytes).
    Removing uart.o(i._UARTIntNumberGet), (76 bytes).
    Removing uart.o(.constdata), (128 bytes).
    Removing cpu.o(.emb_text), (38 bytes).
    Removing interrupt.o(i.IntDisable), (116 bytes).
    Removing interrupt.o(i.IntIsEnabled), (108 bytes).
    Removing interrupt.o(i.IntMasterDisable), (16 bytes).
    Removing interrupt.o(i.IntMasterEnable), (16 bytes).
    Removing interrupt.o(i.IntPendClear), (76 bytes).
    Removing interrupt.o(i.IntPendSet), (96 bytes).
    Removing interrupt.o(i.IntPriorityGet), (28 bytes).
    Removing interrupt.o(i.IntPriorityGroupingGet), (44 bytes).
    Removing interrupt.o(i.IntPriorityGroupingSet), (28 bytes).
    Removing interrupt.o(i.IntPriorityMaskGet), (8 bytes).
    Removing interrupt.o(i.IntPriorityMaskSet), (12 bytes).
    Removing interrupt.o(i.IntPrioritySet), (52 bytes).
    Removing interrupt.o(i.IntTrigger), (16 bytes).
    Removing interrupt.o(i.IntUnregister), (20 bytes).
    Removing interrupt.o(i._IntDefaultHandler), (4 bytes).

276 unused section(s) (total 7397 bytes) removed from the image.

==============================================================================

Image Symbol Table

    Local Symbols

    Symbol Name                              Value     Ov Type        Size  Object(Section)

    ../clib/angel/boardlib.s                 0x00000000   Number         0  boardinit1.o ABSOLUTE
    ../clib/angel/boardlib.s                 0x00000000   Number         0  boardinit2.o ABSOLUTE
    ../clib/angel/boardlib.s                 0x00000000   Number         0  boardinit3.o ABSOLUTE
    ../clib/angel/boardlib.s                 0x00000000   Number         0  boardshut.o ABSOLUTE
    ../clib/angel/dczerorl.s                 0x00000000   Number         0  __dczerorl.o ABSOLUTE
    ../clib/angel/handlers.s                 0x00000000   Number         0  __scatter_zi.o ABSOLUTE
    ../clib/angel/kernel.s                   0x00000000   Number         0  __rtentry.o ABSOLUTE
    ../clib/angel/kernel.s                   0x00000000   Number         0  __rtentry2.o ABSOLUTE
    ../clib/angel/kernel.s                   0x00000000   Number         0  __rtentry4.o ABSOLUTE
    ../clib/angel/kernel.s                   0x00000000   Number         0  __rtentry5.o ABSOLUTE
    ../clib/angel/kernel.s                   0x00000000   Number         0  rtexit.o ABSOLUTE
    ../clib/angel/kernel.s                   0x00000000   Number         0  rtexit2.o ABSOLUTE
    ../clib/angel/rt.s                       0x00000000   Number         0  rt_raise.o ABSOLUTE
    ../clib/angel/scatter.s                  0x00000000   Number         0  __scatter.o ABSOLUTE
    ../clib/angel/startup.s                  0x00000000   Number         0  __main.o ABSOLUTE
    ../clib/angel/sys.s                      0x00000000   Number         0  sys_stackheap_outer.o ABSOLUTE
    ../clib/angel/sys.s                      0x00000000   Number         0  libspace.o ABSOLUTE
    ../clib/angel/sys.s                      0x00000000   Number         0  sys_stackheap.o ABSOLUTE
    ../clib/angel/sys.s                      0x00000000   Number         0  sys_stackheap_hlt.o ABSOLUTE
    ../clib/angel/sys.s                      0x00000000   Number         0  use_no_semi.o ABSOLUTE
    ../clib/angel/sys.s                      0x00000000   Number         0  indicate_semi.o ABSOLUTE
    ../clib/angel/sysapp.c                   0x00000000   Number         0  sys_exit.o ABSOLUTE
    ../clib/angel/sysapp.c                   0x00000000   Number         0  sys_exit_hlt.o ABSOLUTE
    ../clib/angel/sysapp.c                   0x00000000   Number         0  sys_command.o ABSOLUTE
    ../clib/angel/sysapp.c                   0x00000000   Number         0  sys_command_hlt.o ABSOLUTE
    ../clib/angel/sysapp.c                   0x00000000   Number         0  sys_wrch.o ABSOLUTE
    ../clib/angel/sysapp.c                   0x00000000   Number         0  sys_wrch_hlt.o ABSOLUTE
    ../clib/armsys.c                         0x00000000   Number         0  argv_veneer.o ABSOLUTE
    ../clib/armsys.c                         0x00000000   Number         0  argv_veneer.o ABSOLUTE
    ../clib/armsys.c                         0x00000000   Number         0  _get_argv_nomalloc.o ABSOLUTE
    ../clib/armsys.c                         0x00000000   Number         0  no_argv.o ABSOLUTE
    ../clib/heapalloc.c                      0x00000000   Number         0  hrguard.o ABSOLUTE
    ../clib/libinit.s                        0x00000000   Number         0  libinit.o ABSOLUTE
    ../clib/libinit.s                        0x00000000   Number         0  libinit2.o ABSOLUTE
    ../clib/libinit.s                        0x00000000   Number         0  libinit3.o ABSOLUTE
    ../clib/libinit.s                        0x00000000   Number         0  libshutdown.o ABSOLUTE
    ../clib/libinit.s                        0x00000000   Number         0  libshutdown2.o ABSOLUTE
    ../clib/memcpset.s                       0x00000000   Number         0  aeabi_memset.o ABSOLUTE
    ../clib/memcpset.s                       0x00000000   Number         0  rt_memclr.o ABSOLUTE
    ../clib/memcpset.s                       0x00000000   Number         0  rt_memclr_w.o ABSOLUTE
    ../clib/signal.c                         0x00000000   Number         0  defsig_rtmem_outer.o ABSOLUTE
    ../clib/signal.c                         0x00000000   Number         0  defsig_rtmem_formal.o ABSOLUTE
    ../clib/signal.c                         0x00000000   Number         0  defsig_exit.o ABSOLUTE
    ../clib/signal.c                         0x00000000   Number         0  defsig_rtmem_inner.o ABSOLUTE
    ../clib/signal.c                         0x00000000   Number         0  __raise.o ABSOLUTE
    ../clib/signal.c                         0x00000000   Number         0  defsig_general.o ABSOLUTE
    ../clib/signal.c                         0x00000000   Number         0  defsig_abrt_inner.o ABSOLUTE
    ../clib/signal.c                         0x00000000   Number         0  defsig_fpe_inner.o ABSOLUTE
    ../clib/signal.c                         0x00000000   Number         0  defsig_rtred_inner.o ABSOLUTE
    ../clib/signal.c                         0x00000000   Number         0  defsig_stak_inner.o ABSOLUTE
    ../clib/signal.c                         0x00000000   Number         0  defsig_pvfn_inner.o ABSOLUTE
    ../clib/signal.c                         0x00000000   Number         0  defsig_cppl_inner.o ABSOLUTE
    ../clib/signal.c                         0x00000000   Number         0  defsig_segv_inner.o ABSOLUTE
    ../clib/signal.c                         0x00000000   Number         0  defsig_other.o ABSOLUTE
    ../clib/signal.s                         0x00000000   Number         0  defsig.o ABSOLUTE
    ../clib/stdlib.c                         0x00000000   Number         0  exit.o ABSOLUTE
    ../fplib/fpinit.s                        0x00000000   Number         0  fpinit.o ABSOLUTE
    RTE/Device/TM4C123GH6PM/startup_TM4C123.s 0x00000000   Number         0  startup_tm4c123.o ABSOLUTE
    cpu.c                                    0x00000000   Number         0  cpu.o ABSOLUTE
    cpu.c                                    0x00000000   Number         0  cpu.o ABSOLUTE
    dc.s                                     0x00000000   Number         0  dc.o ABSOLUTE
    gpio.c                                   0x00000000   Number         0  gpio.o ABSOLUTE
    i2c.c                                    0x00000000   Number         0  i2c.o ABSOLUTE
    interrupt.c                              0x00000000   Number         0  interrupt.o ABSOLUTE
    main.c                                   0x00000000   Number         0  main.o ABSOLUTE
    sysctl.c                                 0x00000000   Number         0  sysctl.o ABSOLUTE
    sysctl.c                                 0x00000000   Number         0  sysctl.o ABSOLUTE
    system_TM4C123.c                         0x00000000   Number         0  system_tm4c123.o ABSOLUTE
    timer.c                                  0x00000000   Number         0  timer.o ABSOLUTE
    tm4c_init.c                              0x00000000   Number         0  tm4c_init.o ABSOLUTE
    tmp006.c                                 0x00000000   Number         0  tmp006.o ABSOLUTE
    uart.c                                   0x00000000   Number         0  uart.o ABSOLUTE
    uartstdio.c                              0x00000000   Number         0  uartstdio.o ABSOLUTE
    RESET                                    0x00000000   Section      620  startup_tm4c123.o(RESET)
    !!!main                                  0x0000026c   Section        8  __main.o(!!!main)
    !!!scatter                               0x00000274   Section       52  __scatter.o(!!!scatter)
    !!dczerorl                               0x000002a8   Section       58  __dczerorl.o(!!dczerorl)
    !!handler_zi                             0x000002e4   Section       28  __scatter_zi.o(!!handler_zi)
    .ARM.Collect$$libinit$$00000000          0x00000300   Section        2  libinit.o(.ARM.Collect$$libinit$$00000000)
    .ARM.Collect$$libinit$$00000001          0x00000302   Section        4  libinit2.o(.ARM.Collect$$libinit$$00000001)
    .ARM.Collect$$libinit$$00000004          0x00000306   Section        0  libinit2.o(.ARM.Collect$$libinit$$00000004)
    .ARM.Collect$$libinit$$0000000A          0x00000306   Section        0  libinit2.o(.ARM.Collect$$libinit$$0000000A)
    .ARM.Collect$$libinit$$0000000C          0x00000306   Section        0  libinit2.o(.ARM.Collect$$libinit$$0000000C)
    .ARM.Collect$$libinit$$0000000E          0x00000306   Section        0  libinit2.o(.ARM.Collect$$libinit$$0000000E)
    .ARM.Collect$$libinit$$00000011          0x00000306   Section        0  libinit2.o(.ARM.Collect$$libinit$$00000011)
    .ARM.Collect$$libinit$$00000013          0x00000306   Section        0  libinit2.o(.ARM.Collect$$libinit$$00000013)
    .ARM.Collect$$libinit$$00000015          0x00000306   Section        0  libinit2.o(.ARM.Collect$$libinit$$00000015)
    .ARM.Collect$$libinit$$00000017          0x00000306   Section        0  libinit2.o(.ARM.Collect$$libinit$$00000017)
    .ARM.Collect$$libinit$$00000019          0x00000306   Section        0  libinit2.o(.ARM.Collect$$libinit$$00000019)
    .ARM.Collect$$libinit$$0000001B          0x00000306   Section        0  libinit2.o(.ARM.Collect$$libinit$$0000001B)
    .ARM.Collect$$libinit$$0000001D          0x00000306   Section        0  libinit2.o(.ARM.Collect$$libinit$$0000001D)
    .ARM.Collect$$libinit$$0000001F          0x00000306   Section        0  libinit2.o(.ARM.Collect$$libinit$$0000001F)
    .ARM.Collect$$libinit$$00000021          0x00000306   Section        0  libinit2.o(.ARM.Collect$$libinit$$00000021)
    .ARM.Collect$$libinit$$00000023          0x00000306   Section        0  libinit2.o(.ARM.Collect$$libinit$$00000023)
    .ARM.Collect$$libinit$$00000025          0x00000306   Section        0  libinit2.o(.ARM.Collect$$libinit$$00000025)
    .ARM.Collect$$libinit$$0000002C          0x00000306   Section        0  libinit2.o(.ARM.Collect$$libinit$$0000002C)
    .ARM.Collect$$libinit$$0000002E          0x00000306   Section        0  libinit2.o(.ARM.Collect$$libinit$$0000002E)
    .ARM.Collect$$libinit$$00000030          0x00000306   Section        0  libinit2.o(.ARM.Collect$$libinit$$00000030)
    .ARM.Collect$$libinit$$00000032          0x00000306   Section        0  libinit2.o(.ARM.Collect$$libinit$$00000032)
    .ARM.Collect$$libinit$$00000033          0x00000306   Section        2  libinit2.o(.ARM.Collect$$libinit$$00000033)
    .ARM.Collect$$libshutdown$$00000000      0x00000308   Section        2  libshutdown.o(.ARM.Collect$$libshutdown$$00000000)
    .ARM.Collect$$libshutdown$$00000002      0x0000030a   Section        0  libshutdown2.o(.ARM.Collect$$libshutdown$$00000002)
    .ARM.Collect$$libshutdown$$00000004      0x0000030a   Section        0  libshutdown2.o(.ARM.Collect$$libshutdown$$00000004)
    .ARM.Collect$$libshutdown$$00000007      0x0000030a   Section        0  libshutdown2.o(.ARM.Collect$$libshutdown$$00000007)
    .ARM.Collect$$libshutdown$$0000000A      0x0000030a   Section        0  libshutdown2.o(.ARM.Collect$$libshutdown$$0000000A)
    .ARM.Collect$$libshutdown$$0000000C      0x0000030a   Section        0  libshutdown2.o(.ARM.Collect$$libshutdown$$0000000C)
    .ARM.Collect$$libshutdown$$0000000F      0x0000030a   Section        0  libshutdown2.o(.ARM.Collect$$libshutdown$$0000000F)
    .ARM.Collect$$libshutdown$$00000010      0x0000030a   Section        2  libshutdown2.o(.ARM.Collect$$libshutdown$$00000010)
    .ARM.Collect$$rtentry$$00000000          0x0000030c   Section        0  __rtentry.o(.ARM.Collect$$rtentry$$00000000)
    .ARM.Collect$$rtentry$$00000002          0x0000030c   Section        0  __rtentry2.o(.ARM.Collect$$rtentry$$00000002)
    .ARM.Collect$$rtentry$$00000005          0x0000030c   Section        4  __rtentry5.o(.ARM.Collect$$rtentry$$00000005)
    .ARM.Collect$$rtentry$$00000009          0x00000310   Section        0  __rtentry2.o(.ARM.Collect$$rtentry$$00000009)
    .ARM.Collect$$rtentry$$0000000A          0x00000310   Section        4  __rtentry2.o(.ARM.Collect$$rtentry$$0000000A)
    .ARM.Collect$$rtentry$$0000000C          0x00000314   Section        0  __rtentry2.o(.ARM.Collect$$rtentry$$0000000C)
    .ARM.Collect$$rtentry$$0000000D          0x00000314   Section        8  __rtentry2.o(.ARM.Collect$$rtentry$$0000000D)
    __lit__00000000                          0x0000031c   Data           4  __rtentry5.o(.ARM.Collect$$rtentry$$00002716)
    .ARM.Collect$$rtentry$$00002716          0x0000031c   Section        4  __rtentry5.o(.ARM.Collect$$rtentry$$00002716)
    .ARM.Collect$$rtexit$$00000000           0x00000320   Section        2  rtexit.o(.ARM.Collect$$rtexit$$00000000)
    .ARM.Collect$$rtexit$$00000002           0x00000322   Section        0  rtexit2.o(.ARM.Collect$$rtexit$$00000002)
    .ARM.Collect$$rtexit$$00000003           0x00000322   Section        4  rtexit2.o(.ARM.Collect$$rtexit$$00000003)
    .ARM.Collect$$rtexit$$00000004           0x00000326   Section        6  rtexit2.o(.ARM.Collect$$rtexit$$00000004)
    $v0                                      0x0000032c   Number         0  sysctl.o(.emb_text)
    .emb_text                                0x0000032c   Section        6  sysctl.o(.emb_text)
    $v0                                      0x00000334   Number         0  startup_tm4c123.o(.text)
    .text                                    0x00000334   Section      252  startup_tm4c123.o(.text)
    .text                                    0x00000430   Section       16  aeabi_memset.o(.text)
    .text                                    0x00000440   Section       68  rt_memclr.o(.text)
    .text                                    0x00000484   Section       78  rt_memclr_w.o(.text)
    .text                                    0x000004d2   Section        0  exit.o(.text)
    .text                                    0x000004e4   Section        2  use_no_semi.o(.text)
    .text                                    0x000004e6   Section        0  indicate_semi.o(.text)
    .text                                    0x000004e8   Section        0  sys_exit.o(.text)
    [Anonymous Symbol]                       0x000004f4   Section        0  system_tm4c123.o(.text.SystemInit)
    [Anonymous Symbol]                       0x00000508   Section        0  uartstdio.o(.text.UARTStdioConfig)
    g_ui32UARTPeriph                         0x0000054c   Number         0  uartstdio.o(.text.UARTStdioConfig)
    g_ui32UARTBase                           0x00000558   Number         0  uartstdio.o(.text.UARTStdioConfig)
    [Anonymous Symbol]                       0x00000564   Section        0  uartstdio.o(.text.UARTprintf)
    [Anonymous Symbol]                       0x00000584   Section        0  uartstdio.o(.text.UARTvprintf)
    [Anonymous Symbol]                       0x0000083c   Section        0  uartstdio.o(.text.UARTwrite)
    [Anonymous Symbol]                       0x00000884   Section        0  tm4c_init.o(.text.enablePeripheralsClock)
    [Anonymous Symbol]                       0x000008b0   Section        0  tm4c_init.o(.text.i2cRead)
    [Anonymous Symbol]                       0x0000093c   Section        0  tm4c_init.o(.text.i2cWrite)
    [Anonymous Symbol]                       0x000009a8   Section        0  tm4c_init.o(.text.initI2c)
    [Anonymous Symbol]                       0x00000a24   Section        0  tm4c_init.o(.text.initPorts)
    [Anonymous Symbol]                       0x00000a6c   Section        0  tm4c_init.o(.text.initSystemClock_40MHz)
    [Anonymous Symbol]                       0x00000a7c   Section        0  tm4c_init.o(.text.initTimer1sec)
    [Anonymous Symbol]                       0x00000ad4   Section        0  tm4c_init.o(.text.initUartPrintf)
    [Anonymous Symbol]                       0x00000b00   Section        0  main.o(.text.main)
    [Anonymous Symbol]                       0x00000d7c   Section        0  main.o(.text.readReg)
    [Anonymous Symbol]                       0x00000d98   Section        0  main.o(.text.resultReady)
    setI2cAddress                            0x00000db5   Thumb Code    72  tmp006.o(.text.setI2cAddress)
    [Anonymous Symbol]                       0x00000db4   Section        0  tmp006.o(.text.setI2cAddress)
    [Anonymous Symbol]                       0x00000dfc   Section        0  tmp006.o(.text.tmp006_configConvRate)
    [Anonymous Symbol]                       0x00000e44   Section        0  tmp006.o(.text.tmp006_drdyPinConfig)
    [Anonymous Symbol]                       0x00000e8c   Section        0  tmp006.o(.text.tmp006_init)
    [Anonymous Symbol]                       0x00000ea8   Section        0  tmp006.o(.text.tmp006_operationMode)
    [Anonymous Symbol]                       0x00000ef0   Section        0  tmp006.o(.text.tmp006_read)
    [Anonymous Symbol]                       0x00000f2c   Section        0  tmp006.o(.text.tmp006_readTemp)
    [Anonymous Symbol]                       0x00000f54   Section        0  tmp006.o(.text.tmp006_resetDevice)
    [Anonymous Symbol]                       0x00000f78   Section        0  tmp006.o(.text.tmp006_write)
    [Anonymous Symbol]                       0x00000fb0   Section        0  main.o(.text.togglePortF)
    i.GPIODirModeSet                         0x00000fcc   Section        0  gpio.o(i.GPIODirModeSet)
    i.GPIOIntClear                           0x00000ffe   Section        0  gpio.o(i.GPIOIntClear)
    i.GPIOIntEnable                          0x00001004   Section        0  gpio.o(i.GPIOIntEnable)
    i.GPIOIntRegister                        0x00001010   Section        0  gpio.o(i.GPIOIntRegister)
    i.GPIOIntTypeSet                         0x0000102e   Section        0  gpio.o(i.GPIOIntTypeSet)
    i.GPIOPadConfigSet                       0x00001094   Section        0  gpio.o(i.GPIOPadConfigSet)
    i.GPIOPinConfigure                       0x00001220   Section        0  gpio.o(i.GPIOPinConfigure)
    i.GPIOPinTypeGPIOInput                   0x00001270   Section        0  gpio.o(i.GPIOPinTypeGPIOInput)
    i.GPIOPinTypeGPIOOutput                  0x0000128e   Section        0  gpio.o(i.GPIOPinTypeGPIOOutput)
    i.GPIOPinTypeI2C                         0x000012ac   Section        0  gpio.o(i.GPIOPinTypeI2C)
    i.GPIOPinTypeI2CSCL                      0x000012ca   Section        0  gpio.o(i.GPIOPinTypeI2CSCL)
    i.GPIOPinTypeUART                        0x000012e8   Section        0  gpio.o(i.GPIOPinTypeUART)
    i.GPIOPinWrite                           0x00001306   Section        0  gpio.o(i.GPIOPinWrite)
    i.GPIOUnlockPin                          0x00001310   Section        0  gpio.o(i.GPIOUnlockPin)
    i.I2CMasterBusy                          0x00001328   Section        0  i2c.o(i.I2CMasterBusy)
    i.I2CMasterControl                       0x0000133a   Section        0  i2c.o(i.I2CMasterControl)
    i.I2CMasterDataGet                       0x0000133e   Section        0  i2c.o(i.I2CMasterDataGet)
    i.I2CMasterDataPut                       0x00001344   Section        0  i2c.o(i.I2CMasterDataPut)
    i.I2CMasterEnable                        0x00001348   Section        0  i2c.o(i.I2CMasterEnable)
    i.I2CMasterInitExpClk                    0x00001354   Section        0  i2c.o(i.I2CMasterInitExpClk)
    i.I2CMasterSlaveAddrSet                  0x000013b0   Section        0  i2c.o(i.I2CMasterSlaveAddrSet)
    i.IntEnable                              0x000013b8   Section        0  interrupt.o(i.IntEnable)
    i.IntRegister                            0x0000142c   Section        0  interrupt.o(i.IntRegister)
    i.SysCtlClockGet                         0x00001468   Section        0  sysctl.o(i.SysCtlClockGet)
    i.SysCtlClockSet                         0x000015d4   Section        0  sysctl.o(i.SysCtlClockSet)
    i.SysCtlPeripheralEnable                 0x00001700   Section        0  sysctl.o(i.SysCtlPeripheralEnable)
    i.SysCtlPeripheralPresent                0x00001734   Section        0  sysctl.o(i.SysCtlPeripheralPresent)
    i.SysCtlPeripheralReady                  0x0000176c   Section        0  sysctl.o(i.SysCtlPeripheralReady)
    i.SysCtlPeripheralReset                  0x000017a4   Section        0  sysctl.o(i.SysCtlPeripheralReset)
    i.TimerConfigure                         0x00001814   Section        0  timer.o(i.TimerConfigure)
    i.TimerEnable                            0x00001874   Section        0  timer.o(i.TimerEnable)
    i.TimerIntClear                          0x00001882   Section        0  timer.o(i.TimerIntClear)
    i.TimerIntEnable                         0x00001886   Section        0  timer.o(i.TimerIntEnable)
    i.TimerIntRegister                       0x0000188e   Section        0  timer.o(i.TimerIntRegister)
    i.TimerLoadSet                           0x000018b4   Section        0  timer.o(i.TimerLoadSet)
    i.UARTCharPut                            0x000018c4   Section        0  uart.o(i.UARTCharPut)
    i.UARTConfigSetExpClk                    0x000018d4   Section        0  uart.o(i.UARTConfigSetExpClk)
    i.UARTDisable                            0x00001920   Section        0  uart.o(i.UARTDisable)
    i.UARTEnable                             0x00001940   Section        0  uart.o(i.UARTEnable)
    _GPIOIntNumberGet                        0x00001955   Thumb Code    56  gpio.o(i._GPIOIntNumberGet)
    i._GPIOIntNumberGet                      0x00001954   Section        0  gpio.o(i._GPIOIntNumberGet)
    _TimerIntNumberGet                       0x000019a1   Thumb Code    68  timer.o(i._TimerIntNumberGet)
    i._TimerIntNumberGet                     0x000019a0   Section        0  timer.o(i._TimerIntNumberGet)
    $v0                                      0x000019f8   Number         0  fpinit.o(x$fpl$fpinit)
    x$fpl$fpinit                             0x000019f8   Section       26  fpinit.o(x$fpl$fpinit)
    g_ppui32GPIOIntMapBlizzard               0x00001a14   Data         192  gpio.o(.constdata)
    .constdata                               0x00001a14   Section      552  gpio.o(.constdata)
    g_ppui32GPIOIntMapSnowflake              0x00001ad4   Data         216  gpio.o(.constdata)
    g_pui32GPIOBaseAddrs                     0x00001bac   Data         144  gpio.o(.constdata)
    g_pui32Xtals                             0x00001c3c   Data         108  sysctl.o(.constdata)
    .constdata                               0x00001c3c   Section      596  sysctl.o(.constdata)
    g_pppui32XTALtoVCO                       0x00001ca8   Data         432  sysctl.o(.constdata)
    g_sXTALtoMEMTIM                          0x00001e58   Data          48  sysctl.o(.constdata)
    g_pui32VCOFrequencies                    0x00001e88   Data           8  sysctl.o(.constdata)
    g_ppui32TimerIntMap                      0x00001e90   Data          96  timer.o(.constdata)
    .constdata                               0x00001e90   Section      160  timer.o(.constdata)
    g_ppui32TimerIntMapSnowflake             0x00001ef0   Data          64  timer.o(.constdata)
    g_pui32Priority                          0x00001f30   Data          32  interrupt.o(.constdata)
    .constdata                               0x00001f30   Section      268  interrupt.o(.constdata)
    g_pui32Regs                              0x00001f50   Data         156  interrupt.o(.constdata)
    g_pui32EnRegs                            0x00001fec   Data          20  interrupt.o(.constdata)
    g_pui32Dii16Regs                         0x00002000   Data          20  interrupt.o(.constdata)
    g_pui32PendRegs                          0x00002014   Data          20  interrupt.o(.constdata)
    g_pui32UnpendRegs                        0x00002028   Data          20  interrupt.o(.constdata)
    .L__const.main.senzor                    0x0000203c   Data          12  main.o(.rodata..L__const.main.senzor)
    .L.str.2                                 0x00002048   Data          14  main.o(.rodata.str1.1)
    [Anonymous Symbol]                       0x00002048   Section        0  main.o(.rodata.str1.1)
    .L.str.3                                 0x00002056   Data          14  main.o(.rodata.str1.1)
    .L.str.5                                 0x00002064   Data          44  main.o(.rodata.str1.1)
    g_pfnRAMVectors                          0x20000000   Data         620  interrupt.o(vtable)
    vtable                                   0x20000000   Section      620  interrupt.o(vtable)
    g_ui32Base                               0x20000274   Data           4  uartstdio.o(.bss.g_ui32Base)
    [Anonymous Symbol]                       0x20000274   Section        0  uartstdio.o(.bss.g_ui32Base)
    STACK                                    0x20000280   Section      512  startup_tm4c123.o(STACK)

    Global Symbols

    Symbol Name                              Value     Ov Type        Size  Object(Section)

    BuildAttributes$$THM_ISAv4$E$P$D$K$B$S$7EM$VFPi3$EXTD16$VFPS$VFMA$PE$A:L22UL41UL21$X:L11$S22US41US21$IEEE1$IW$~IW$USESV6$~STKCKD$USESV7$~SHL$OTIME$ROPI$EBA8$UX$STANDARDLIB$REQ8$PRES8$EABIv2 0x00000000   Number         0  anon$$obj.o ABSOLUTE
    __Vectors                                0x00000000   Data           4  startup_tm4c123.o(RESET)
    __ARM_exceptions_init                     - Undefined Weak Reference
    __alloca_initialize                       - Undefined Weak Reference
    __arm_preinit_                            - Undefined Weak Reference
    __cpp_initialize__aeabi_                  - Undefined Weak Reference
    __cxa_finalize                            - Undefined Weak Reference
    __rt_locale                               - Undefined Weak Reference
    __sigvec_lookup                           - Undefined Weak Reference
    _atexit_init                              - Undefined Weak Reference
    _call_atexit_fns                          - Undefined Weak Reference
    _clock_init                               - Undefined Weak Reference
    _fp_trap_init                             - Undefined Weak Reference
    _fp_trap_shutdown                         - Undefined Weak Reference
    _get_lc_collate                           - Undefined Weak Reference
    _get_lc_ctype                             - Undefined Weak Reference
    _get_lc_monetary                          - Undefined Weak Reference
    _get_lc_numeric                           - Undefined Weak Reference
    _get_lc_time                              - Undefined Weak Reference
    _getenv_init                              - Undefined Weak Reference
    _handle_redirection                       - Undefined Weak Reference
    _init_alloc                               - Undefined Weak Reference
    _init_user_alloc                          - Undefined Weak Reference
    _initio                                   - Undefined Weak Reference
    _rand_init                                - Undefined Weak Reference
    _signal_finish                            - Undefined Weak Reference
    _signal_init                              - Undefined Weak Reference
    _terminate_alloc                          - Undefined Weak Reference
    _terminate_user_alloc                     - Undefined Weak Reference
    _terminateio                              - Undefined Weak Reference
    __Vectors_End                            0x0000026c   Data           0  startup_tm4c123.o(RESET)
    __Vectors_Size                           0x0000026c   Number         0  startup_tm4c123.o ABSOLUTE
    __main                                   0x0000026d   Thumb Code     8  __main.o(!!!main)
    __scatterload                            0x00000275   Thumb Code     0  __scatter.o(!!!scatter)
    __scatterload_rt2                        0x00000275   Thumb Code    44  __scatter.o(!!!scatter)
    __scatterload_rt2_thumb_only             0x00000275   Thumb Code     0  __scatter.o(!!!scatter)
    __scatterload_null                       0x00000283   Thumb Code     0  __scatter.o(!!!scatter)
    __decompress                             0x000002a9   Thumb Code    58  __dczerorl.o(!!dczerorl)
    __decompress0                            0x000002a9   Thumb Code     0  __dczerorl.o(!!dczerorl)
    __scatterload_zeroinit                   0x000002e5   Thumb Code    28  __scatter_zi.o(!!handler_zi)
    __rt_lib_init                            0x00000301   Thumb Code     0  libinit.o(.ARM.Collect$$libinit$$00000000)
    __rt_lib_init_fp_1                       0x00000303   Thumb Code     0  libinit2.o(.ARM.Collect$$libinit$$00000001)
    __rt_lib_init_alloca_1                   0x00000307   Thumb Code     0  libinit2.o(.ARM.Collect$$libinit$$0000002E)
    __rt_lib_init_argv_1                     0x00000307   Thumb Code     0  libinit2.o(.ARM.Collect$$libinit$$0000002C)
    __rt_lib_init_atexit_1                   0x00000307   Thumb Code     0  libinit2.o(.ARM.Collect$$libinit$$0000001B)
    __rt_lib_init_clock_1                    0x00000307   Thumb Code     0  libinit2.o(.ARM.Collect$$libinit$$00000021)
    __rt_lib_init_cpp_1                      0x00000307   Thumb Code     0  libinit2.o(.ARM.Collect$$libinit$$00000032)
    __rt_lib_init_exceptions_1               0x00000307   Thumb Code     0  libinit2.o(.ARM.Collect$$libinit$$00000030)
    __rt_lib_init_fp_trap_1                  0x00000307   Thumb Code     0  libinit2.o(.ARM.Collect$$libinit$$0000001F)
    __rt_lib_init_getenv_1                   0x00000307   Thumb Code     0  libinit2.o(.ARM.Collect$$libinit$$00000023)
    __rt_lib_init_heap_1                     0x00000307   Thumb Code     0  libinit2.o(.ARM.Collect$$libinit$$0000000A)
    __rt_lib_init_lc_collate_1               0x00000307   Thumb Code     0  libinit2.o(.ARM.Collect$$libinit$$00000011)
    __rt_lib_init_lc_ctype_1                 0x00000307   Thumb Code     0  libinit2.o(.ARM.Collect$$libinit$$00000013)
    __rt_lib_init_lc_monetary_1              0x00000307   Thumb Code     0  libinit2.o(.ARM.Collect$$libinit$$00000015)
    __rt_lib_init_lc_numeric_1               0x00000307   Thumb Code     0  libinit2.o(.ARM.Collect$$libinit$$00000017)
    __rt_lib_init_lc_time_1                  0x00000307   Thumb Code     0  libinit2.o(.ARM.Collect$$libinit$$00000019)
    __rt_lib_init_preinit_1                  0x00000307   Thumb Code     0  libinit2.o(.ARM.Collect$$libinit$$00000004)
    __rt_lib_init_rand_1                     0x00000307   Thumb Code     0  libinit2.o(.ARM.Collect$$libinit$$0000000E)
    __rt_lib_init_return                     0x00000307   Thumb Code     0  libinit2.o(.ARM.Collect$$libinit$$00000033)
    __rt_lib_init_signal_1                   0x00000307   Thumb Code     0  libinit2.o(.ARM.Collect$$libinit$$0000001D)
    __rt_lib_init_stdio_1                    0x00000307   Thumb Code     0  libinit2.o(.ARM.Collect$$libinit$$00000025)
    __rt_lib_init_user_alloc_1               0x00000307   Thumb Code     0  libinit2.o(.ARM.Collect$$libinit$$0000000C)
    __rt_lib_shutdown                        0x00000309   Thumb Code     0  libshutdown.o(.ARM.Collect$$libshutdown$$00000000)
    __rt_lib_shutdown_cpp_1                  0x0000030b   Thumb Code     0  libshutdown2.o(.ARM.Collect$$libshutdown$$00000002)
    __rt_lib_shutdown_fp_trap_1              0x0000030b   Thumb Code     0  libshutdown2.o(.ARM.Collect$$libshutdown$$00000007)
    __rt_lib_shutdown_heap_1                 0x0000030b   Thumb Code     0  libshutdown2.o(.ARM.Collect$$libshutdown$$0000000F)
    __rt_lib_shutdown_return                 0x0000030b   Thumb Code     0  libshutdown2.o(.ARM.Collect$$libshutdown$$00000010)
    __rt_lib_shutdown_signal_1               0x0000030b   Thumb Code     0  libshutdown2.o(.ARM.Collect$$libshutdown$$0000000A)
    __rt_lib_shutdown_stdio_1                0x0000030b   Thumb Code     0  libshutdown2.o(.ARM.Collect$$libshutdown$$00000004)
    __rt_lib_shutdown_user_alloc_1           0x0000030b   Thumb Code     0  libshutdown2.o(.ARM.Collect$$libshutdown$$0000000C)
    __rt_entry                               0x0000030d   Thumb Code     0  __rtentry.o(.ARM.Collect$$rtentry$$00000000)
    __rt_entry_presh_1                       0x0000030d   Thumb Code     0  __rtentry2.o(.ARM.Collect$$rtentry$$00000002)
    __rt_entry_sh                            0x0000030d   Thumb Code     0  __rtentry5.o(.ARM.Collect$$rtentry$$00000005)
    __rt_entry_li                            0x00000311   Thumb Code     0  __rtentry2.o(.ARM.Collect$$rtentry$$0000000A)
    __rt_entry_postsh_1                      0x00000311   Thumb Code     0  __rtentry2.o(.ARM.Collect$$rtentry$$00000009)
    __rt_entry_main                          0x00000315   Thumb Code     0  __rtentry2.o(.ARM.Collect$$rtentry$$0000000D)
    __rt_entry_postli_1                      0x00000315   Thumb Code     0  __rtentry2.o(.ARM.Collect$$rtentry$$0000000C)
    __rt_exit                                0x00000321   Thumb Code     0  rtexit.o(.ARM.Collect$$rtexit$$00000000)
    __rt_exit_ls                             0x00000323   Thumb Code     0  rtexit2.o(.ARM.Collect$$rtexit$$00000003)
    __rt_exit_prels_1                        0x00000323   Thumb Code     0  rtexit2.o(.ARM.Collect$$rtexit$$00000002)
    __rt_exit_exit                           0x00000327   Thumb Code     0  rtexit2.o(.ARM.Collect$$rtexit$$00000004)
    SysCtlDelay                              0x0000032d   Thumb Code     6  sysctl.o(.emb_text)
    Reset_Handler                            0x00000335   Thumb Code     8  startup_tm4c123.o(.text)
    NMI_Handler                              0x0000033d   Thumb Code     2  startup_tm4c123.o(.text)
    HardFault_Handler                        0x0000033f   Thumb Code     2  startup_tm4c123.o(.text)
    MemManage_Handler                        0x00000341   Thumb Code     2  startup_tm4c123.o(.text)
    BusFault_Handler                         0x00000343   Thumb Code     2  startup_tm4c123.o(.text)
    UsageFault_Handler                       0x00000345   Thumb Code     2  startup_tm4c123.o(.text)
    SVC_Handler                              0x00000347   Thumb Code     2  startup_tm4c123.o(.text)
    DebugMon_Handler                         0x00000349   Thumb Code     2  startup_tm4c123.o(.text)
    PendSV_Handler                           0x0000034b   Thumb Code     2  startup_tm4c123.o(.text)
    SysTick_Handler                          0x0000034d   Thumb Code     2  startup_tm4c123.o(.text)
    GPIOA_Handler                            0x0000034f   Thumb Code     2  startup_tm4c123.o(.text)
    GPIOB_Handler                            0x00000351   Thumb Code     2  startup_tm4c123.o(.text)
    GPIOC_Handler                            0x00000353   Thumb Code     2  startup_tm4c123.o(.text)
    GPIOD_Handler                            0x00000355   Thumb Code     2  startup_tm4c123.o(.text)
    GPIOE_Handler                            0x00000357   Thumb Code     2  startup_tm4c123.o(.text)
    UART0_Handler                            0x00000359   Thumb Code     2  startup_tm4c123.o(.text)
    UART1_Handler                            0x0000035b   Thumb Code     2  startup_tm4c123.o(.text)
    SSI0_Handler                             0x0000035d   Thumb Code     2  startup_tm4c123.o(.text)
    I2C0_Handler                             0x0000035f   Thumb Code     2  startup_tm4c123.o(.text)
    PMW0_FAULT_Handler                       0x00000361   Thumb Code     2  startup_tm4c123.o(.text)
    PWM0_0_Handler                           0x00000363   Thumb Code     2  startup_tm4c123.o(.text)
    PWM0_1_Handler                           0x00000365   Thumb Code     2  startup_tm4c123.o(.text)
    PWM0_2_Handler                           0x00000367   Thumb Code     2  startup_tm4c123.o(.text)
    QEI0_Handler                             0x00000369   Thumb Code     2  startup_tm4c123.o(.text)
    ADC0SS0_Handler                          0x0000036b   Thumb Code     2  startup_tm4c123.o(.text)
    ADC0SS1_Handler                          0x0000036d   Thumb Code     2  startup_tm4c123.o(.text)
    ADC0SS2_Handler                          0x0000036f   Thumb Code     2  startup_tm4c123.o(.text)
    ADC0SS3_Handler                          0x00000371   Thumb Code     2  startup_tm4c123.o(.text)
    WDT0_Handler                             0x00000373   Thumb Code     2  startup_tm4c123.o(.text)
    TIMER0A_Handler                          0x00000375   Thumb Code     2  startup_tm4c123.o(.text)
    TIMER0B_Handler                          0x00000377   Thumb Code     2  startup_tm4c123.o(.text)
    TIMER1A_Handler                          0x00000379   Thumb Code     2  startup_tm4c123.o(.text)
    TIMER1B_Handler                          0x0000037b   Thumb Code     2  startup_tm4c123.o(.text)
    TIMER2A_Handler                          0x0000037d   Thumb Code     2  startup_tm4c123.o(.text)
    TIMER2B_Handler                          0x0000037f   Thumb Code     2  startup_tm4c123.o(.text)
    COMP0_Handler                            0x00000381   Thumb Code     2  startup_tm4c123.o(.text)
    COMP1_Handler                            0x00000383   Thumb Code     2  startup_tm4c123.o(.text)
    COMP2_Handler                            0x00000385   Thumb Code     2  startup_tm4c123.o(.text)
    SYSCTL_Handler                           0x00000387   Thumb Code     2  startup_tm4c123.o(.text)
    FLASH_Handler                            0x00000389   Thumb Code     2  startup_tm4c123.o(.text)
    GPIOF_Handler                            0x0000038b   Thumb Code     2  startup_tm4c123.o(.text)
    GPIOG_Handler                            0x0000038d   Thumb Code     2  startup_tm4c123.o(.text)
    GPIOH_Handler                            0x0000038f   Thumb Code     2  startup_tm4c123.o(.text)
    UART2_Handler                            0x00000391   Thumb Code     2  startup_tm4c123.o(.text)
    SSI1_Handler                             0x00000393   Thumb Code     2  startup_tm4c123.o(.text)
    TIMER3A_Handler                          0x00000395   Thumb Code     2  startup_tm4c123.o(.text)
    TIMER3B_Handler                          0x00000397   Thumb Code     2  startup_tm4c123.o(.text)
    I2C1_Handler                             0x00000399   Thumb Code     2  startup_tm4c123.o(.text)
    QEI1_Handler                             0x0000039b   Thumb Code     2  startup_tm4c123.o(.text)
    CAN0_Handler                             0x0000039d   Thumb Code     2  startup_tm4c123.o(.text)
    CAN1_Handler                             0x0000039f   Thumb Code     2  startup_tm4c123.o(.text)
    CAN2_Handler                             0x000003a1   Thumb Code     2  startup_tm4c123.o(.text)
    HIB_Handler                              0x000003a3   Thumb Code     2  startup_tm4c123.o(.text)
    USB0_Handler                             0x000003a5   Thumb Code     2  startup_tm4c123.o(.text)
    PWM0_3_Handler                           0x000003a7   Thumb Code     2  startup_tm4c123.o(.text)
    UDMA_Handler                             0x000003a9   Thumb Code     2  startup_tm4c123.o(.text)
    UDMAERR_Handler                          0x000003ab   Thumb Code     2  startup_tm4c123.o(.text)
    ADC1SS0_Handler                          0x000003ad   Thumb Code     2  startup_tm4c123.o(.text)
    ADC1SS1_Handler                          0x000003af   Thumb Code     2  startup_tm4c123.o(.text)
    ADC1SS2_Handler                          0x000003b1   Thumb Code     2  startup_tm4c123.o(.text)
    ADC1SS3_Handler                          0x000003b3   Thumb Code     2  startup_tm4c123.o(.text)
    GPIOJ_Handler                            0x000003b5   Thumb Code     2  startup_tm4c123.o(.text)
    GPIOK_Handler                            0x000003b7   Thumb Code     2  startup_tm4c123.o(.text)
    GPIOL_Handler                            0x000003b9   Thumb Code     2  startup_tm4c123.o(.text)
    SSI2_Handler                             0x000003bb   Thumb Code     2  startup_tm4c123.o(.text)
    SSI3_Handler                             0x000003bd   Thumb Code     2  startup_tm4c123.o(.text)
    UART3_Handler                            0x000003bf   Thumb Code     2  startup_tm4c123.o(.text)
    UART4_Handler                            0x000003c1   Thumb Code     2  startup_tm4c123.o(.text)
    UART5_Handler                            0x000003c3   Thumb Code     2  startup_tm4c123.o(.text)
    UART6_Handler                            0x000003c5   Thumb Code     2  startup_tm4c123.o(.text)
    UART7_Handler                            0x000003c7   Thumb Code     2  startup_tm4c123.o(.text)
    I2C2_Handler                             0x000003c9   Thumb Code     2  startup_tm4c123.o(.text)
    I2C3_Handler                             0x000003cb   Thumb Code     2  startup_tm4c123.o(.text)
    TIMER4A_Handler                          0x000003cd   Thumb Code     2  startup_tm4c123.o(.text)
    TIMER4B_Handler                          0x000003cf   Thumb Code     2  startup_tm4c123.o(.text)
    TIMER5A_Handler                          0x000003d1   Thumb Code     2  startup_tm4c123.o(.text)
    TIMER5B_Handler                          0x000003d3   Thumb Code     2  startup_tm4c123.o(.text)
    WTIMER0A_Handler                         0x000003d5   Thumb Code     2  startup_tm4c123.o(.text)
    WTIMER0B_Handler                         0x000003d7   Thumb Code     2  startup_tm4c123.o(.text)
    WTIMER1A_Handler                         0x000003d9   Thumb Code     2  startup_tm4c123.o(.text)
    WTIMER1B_Handler                         0x000003db   Thumb Code     2  startup_tm4c123.o(.text)
    WTIMER2A_Handler                         0x000003dd   Thumb Code     2  startup_tm4c123.o(.text)
    WTIMER2B_Handler                         0x000003df   Thumb Code     2  startup_tm4c123.o(.text)
    WTIMER3A_Handler                         0x000003e1   Thumb Code     2  startup_tm4c123.o(.text)
    WTIMER3B_Handler                         0x000003e3   Thumb Code     2  startup_tm4c123.o(.text)
    WTIMER4A_Handler                         0x000003e5   Thumb Code     2  startup_tm4c123.o(.text)
    WTIMER4B_Handler                         0x000003e7   Thumb Code     2  startup_tm4c123.o(.text)
    WTIMER5A_Handler                         0x000003e9   Thumb Code     2  startup_tm4c123.o(.text)
    WTIMER5B_Handler                         0x000003eb   Thumb Code     2  startup_tm4c123.o(.text)
    FPU_Handler                              0x000003ed   Thumb Code     2  startup_tm4c123.o(.text)
    I2C4_Handler                             0x000003ef   Thumb Code     2  startup_tm4c123.o(.text)
    I2C5_Handler                             0x000003f1   Thumb Code     2  startup_tm4c123.o(.text)
    GPIOM_Handler                            0x000003f3   Thumb Code     2  startup_tm4c123.o(.text)
    GPION_Handler                            0x000003f5   Thumb Code     2  startup_tm4c123.o(.text)
    QEI2_Handler                             0x000003f7   Thumb Code     2  startup_tm4c123.o(.text)
    GPIOP0_Handler                           0x000003f9   Thumb Code     2  startup_tm4c123.o(.text)
    GPIOP1_Handler                           0x000003fb   Thumb Code     2  startup_tm4c123.o(.text)
    GPIOP2_Handler                           0x000003fd   Thumb Code     2  startup_tm4c123.o(.text)
    GPIOP3_Handler                           0x000003ff   Thumb Code     2  startup_tm4c123.o(.text)
    GPIOP4_Handler                           0x00000401   Thumb Code     2  startup_tm4c123.o(.text)
    GPIOP5_Handler                           0x00000403   Thumb Code     2  startup_tm4c123.o(.text)
    GPIOP6_Handler                           0x00000405   Thumb Code     2  startup_tm4c123.o(.text)
    GPIOP7_Handler                           0x00000407   Thumb Code     2  startup_tm4c123.o(.text)
    GPIOQ0_Handler                           0x00000409   Thumb Code     2  startup_tm4c123.o(.text)
    GPIOQ1_Handler                           0x0000040b   Thumb Code     2  startup_tm4c123.o(.text)
    GPIOQ2_Handler                           0x0000040d   Thumb Code     2  startup_tm4c123.o(.text)
    GPIOQ3_Handler                           0x0000040f   Thumb Code     2  startup_tm4c123.o(.text)
    GPIOQ4_Handler                           0x00000411   Thumb Code     2  startup_tm4c123.o(.text)
    GPIOQ5_Handler                           0x00000413   Thumb Code     2  startup_tm4c123.o(.text)
    GPIOQ6_Handler                           0x00000415   Thumb Code     2  startup_tm4c123.o(.text)
    GPIOQ7_Handler                           0x00000417   Thumb Code     2  startup_tm4c123.o(.text)
    GPIOR_Handler                            0x00000419   Thumb Code     2  startup_tm4c123.o(.text)
    GPIOS_Handler                            0x0000041b   Thumb Code     2  startup_tm4c123.o(.text)
    PMW1_0_Handler                           0x0000041d   Thumb Code     2  startup_tm4c123.o(.text)
    PWM1_1_Handler                           0x0000041f   Thumb Code     2  startup_tm4c123.o(.text)
    PWM1_2_Handler                           0x00000421   Thumb Code     2  startup_tm4c123.o(.text)
    PWM1_3_Handler                           0x00000423   Thumb Code     2  startup_tm4c123.o(.text)
    PWM1_FAULT_Handler                       0x00000425   Thumb Code     2  startup_tm4c123.o(.text)
    __aeabi_memset                           0x00000431   Thumb Code    16  aeabi_memset.o(.text)
    __aeabi_memclr                           0x00000441   Thumb Code     0  rt_memclr.o(.text)
    __rt_memclr                              0x00000441   Thumb Code    68  rt_memclr.o(.text)
    _memset                                  0x00000445   Thumb Code     0  rt_memclr.o(.text)
    __aeabi_memclr4                          0x00000485   Thumb Code     0  rt_memclr_w.o(.text)
    __aeabi_memclr8                          0x00000485   Thumb Code     0  rt_memclr_w.o(.text)
    __rt_memclr_w                            0x00000485   Thumb Code    78  rt_memclr_w.o(.text)
    _memset_w                                0x00000489   Thumb Code     0  rt_memclr_w.o(.text)
    exit                                     0x000004d3   Thumb Code    18  exit.o(.text)
    __I$use$semihosting                      0x000004e5   Thumb Code     0  use_no_semi.o(.text)
    __use_no_semihosting_swi                 0x000004e5   Thumb Code     2  use_no_semi.o(.text)
    __semihosting_library_function           0x000004e7   Thumb Code     0  indicate_semi.o(.text)
    _sys_exit                                0x000004e9   Thumb Code     8  sys_exit.o(.text)
    SystemInit                               0x000004f5   Thumb Code    18  system_tm4c123.o(.text.SystemInit)
    UARTStdioConfig                          0x00000509   Thumb Code    92  uartstdio.o(.text.UARTStdioConfig)
    UARTprintf                               0x00000565   Thumb Code    32  uartstdio.o(.text.UARTprintf)
    UARTvprintf                              0x00000585   Thumb Code   696  uartstdio.o(.text.UARTvprintf)
    UARTwrite                                0x0000083d   Thumb Code    70  uartstdio.o(.text.UARTwrite)
    enablePeripheralsClock                   0x00000885   Thumb Code    44  tm4c_init.o(.text.enablePeripheralsClock)
    i2cRead                                  0x000008b1   Thumb Code   140  tm4c_init.o(.text.i2cRead)
    i2cWrite                                 0x0000093d   Thumb Code   106  tm4c_init.o(.text.i2cWrite)
    initI2c                                  0x000009a9   Thumb Code   122  tm4c_init.o(.text.initI2c)
    initPorts                                0x00000a25   Thumb Code    72  tm4c_init.o(.text.initPorts)
    initSystemClock_40MHz                    0x00000a6d   Thumb Code    16  tm4c_init.o(.text.initSystemClock_40MHz)
    initTimer1sec                            0x00000a7d   Thumb Code    88  tm4c_init.o(.text.initTimer1sec)
    initUartPrintf                           0x00000ad5   Thumb Code    44  tm4c_init.o(.text.initUartPrintf)
    main                                     0x00000b01   Thumb Code   636  main.o(.text.main)
    readReg                                  0x00000d7d   Thumb Code    28  main.o(.text.readReg)
    resultReady                              0x00000d99   Thumb Code    26  main.o(.text.resultReady)
    tmp006_configConvRate                    0x00000dfd   Thumb Code    70  tmp006.o(.text.tmp006_configConvRate)
    tmp006_drdyPinConfig                     0x00000e45   Thumb Code    70  tmp006.o(.text.tmp006_drdyPinConfig)
    tmp006_init                              0x00000e8d   Thumb Code    26  tmp006.o(.text.tmp006_init)
    tmp006_operationMode                     0x00000ea9   Thumb Code    70  tmp006.o(.text.tmp006_operationMode)
    tmp006_read                              0x00000ef1   Thumb Code    58  tmp006.o(.text.tmp006_read)
    tmp006_readTemp                          0x00000f2d   Thumb Code    40  tmp006.o(.text.tmp006_readTemp)
    tmp006_resetDevice                       0x00000f55   Thumb Code    36  tmp006.o(.text.tmp006_resetDevice)
    tmp006_write                             0x00000f79   Thumb Code    56  tmp006.o(.text.tmp006_write)
    togglePortF                              0x00000fb1   Thumb Code    28  main.o(.text.togglePortF)
    GPIODirModeSet                           0x00000fcd   Thumb Code    50  gpio.o(i.GPIODirModeSet)
    GPIOIntClear                             0x00000fff   Thumb Code     6  gpio.o(i.GPIOIntClear)
    GPIOIntEnable                            0x00001005   Thumb Code    12  gpio.o(i.GPIOIntEnable)
    GPIOIntRegister                          0x00001011   Thumb Code    30  gpio.o(i.GPIOIntRegister)
    GPIOIntTypeSet                           0x0000102f   Thumb Code   102  gpio.o(i.GPIOIntTypeSet)
    GPIOPadConfigSet                         0x00001095   Thumb Code   384  gpio.o(i.GPIOPadConfigSet)
    GPIOPinConfigure                         0x00001221   Thumb Code    70  gpio.o(i.GPIOPinConfigure)
    GPIOPinTypeGPIOInput                     0x00001271   Thumb Code    30  gpio.o(i.GPIOPinTypeGPIOInput)
    GPIOPinTypeGPIOOutput                    0x0000128f   Thumb Code    30  gpio.o(i.GPIOPinTypeGPIOOutput)
    GPIOPinTypeI2C                           0x000012ad   Thumb Code    30  gpio.o(i.GPIOPinTypeI2C)
    GPIOPinTypeI2CSCL                        0x000012cb   Thumb Code    30  gpio.o(i.GPIOPinTypeI2CSCL)
    GPIOPinTypeUART                          0x000012e9   Thumb Code    30  gpio.o(i.GPIOPinTypeUART)
    GPIOPinWrite                             0x00001307   Thumb Code    10  gpio.o(i.GPIOPinWrite)
    GPIOUnlockPin                            0x00001311   Thumb Code    18  gpio.o(i.GPIOUnlockPin)
    I2CMasterBusy                            0x00001329   Thumb Code    18  i2c.o(i.I2CMasterBusy)
    I2CMasterControl                         0x0000133b   Thumb Code     4  i2c.o(i.I2CMasterControl)
    I2CMasterDataGet                         0x0000133f   Thumb Code     6  i2c.o(i.I2CMasterDataGet)
    I2CMasterDataPut                         0x00001345   Thumb Code     4  i2c.o(i.I2CMasterDataPut)
    I2CMasterEnable                          0x00001349   Thumb Code    10  i2c.o(i.I2CMasterEnable)
    I2CMasterInitExpClk                      0x00001355   Thumb Code    78  i2c.o(i.I2CMasterInitExpClk)
    I2CMasterSlaveAddrSet                    0x000013b1   Thumb Code     8  i2c.o(i.I2CMasterSlaveAddrSet)
    IntEnable                                0x000013b9   Thumb Code   108  interrupt.o(i.IntEnable)
    IntRegister                              0x0000142d   Thumb Code    52  interrupt.o(i.IntRegister)
    SysCtlClockGet                           0x00001469   Thumb Code   324  sysctl.o(i.SysCtlClockGet)
    SysCtlClockSet                           0x000015d5   Thumb Code   280  sysctl.o(i.SysCtlClockSet)
    SysCtlPeripheralEnable                   0x00001701   Thumb Code    46  sysctl.o(i.SysCtlPeripheralEnable)
    SysCtlPeripheralPresent                  0x00001735   Thumb Code    52  sysctl.o(i.SysCtlPeripheralPresent)
    SysCtlPeripheralReady                    0x0000176d   Thumb Code    52  sysctl.o(i.SysCtlPeripheralReady)
    SysCtlPeripheralReset                    0x000017a5   Thumb Code   106  sysctl.o(i.SysCtlPeripheralReset)
    TimerConfigure                           0x00001815   Thumb Code    84  timer.o(i.TimerConfigure)
    TimerEnable                              0x00001875   Thumb Code    14  timer.o(i.TimerEnable)
    TimerIntClear                            0x00001883   Thumb Code     4  timer.o(i.TimerIntClear)
    TimerIntEnable                           0x00001887   Thumb Code     8  timer.o(i.TimerIntEnable)
    TimerIntRegister                         0x0000188f   Thumb Code    38  timer.o(i.TimerIntRegister)
    TimerLoadSet                             0x000018b5   Thumb Code    16  timer.o(i.TimerLoadSet)
    UARTCharPut                              0x000018c5   Thumb Code    16  uart.o(i.UARTCharPut)
    UARTConfigSetExpClk                      0x000018d5   Thumb Code    76  uart.o(i.UARTConfigSetExpClk)
    UARTDisable                              0x00001921   Thumb Code    32  uart.o(i.UARTDisable)
    UARTEnable                               0x00001941   Thumb Code    20  uart.o(i.UARTEnable)
    _fp_init                                 0x000019f9   Thumb Code    26  fpinit.o(x$fpl$fpinit)
    __fplib_config_fpu_vfp                   0x00001a11   Thumb Code     0  fpinit.o(x$fpl$fpinit)
    __fplib_config_pureend_doubles           0x00001a11   Thumb Code     0  fpinit.o(x$fpl$fpinit)
    Region$$Table$$Base                      0x00002090   Number         0  anon$$obj.o(Region$$Table)
    Region$$Table$$Limit                     0x000020b0   Number         0  anon$$obj.o(Region$$Table)
    flagReady                                0x20000270   Data           1  main.o(.bss.flagReady)
    flagUartSend                             0x20000271   Data           1  main.o(.bss.flagUartSend)
    tempInC                                  0x20000278   Data           4  main.o(.bss.tempInC)
    temprature                               0x2000027c   Data           2  main.o(.bss.temprature)
    testTmp006init                           0x2000027e   Data           2  main.o(.bss.testTmp006init)
    Image$$ZI$$Limit                         0x20000480   Number         0  anon$$obj.o ABSOLUTE
    __initial_sp                             0x20000480   Data           0  startup_tm4c123.o(STACK)



==============================================================================

Memory Map of the image

  Image Entry point : 0x00000335

  Load Region LR_1 (Base: 0x00000000, Size: 0x0000266c, Max: 0xffffffff, ABSOLUTE, COMPRESSED[0x00002408])

    Execution Region ER_RO (Exec base: 0x00000000, Load base: 0x00000000, Size: 0x000020b0, Max: 0xffffffff, ABSOLUTE)

    Exec Addr    Load Addr    Size         Type   Attr      Idx    E Section Name        Object

    0x00000000   0x00000000   0x0000026c   Data   RO          103    RESET               startup_tm4c123.o
    0x0000026c   0x0000026c   0x00000008   Code   RO         1843  * !!!main             c_w.l(__main.o)
    0x00000274   0x00000274   0x00000034   Code   RO         2025    !!!scatter          c_w.l(__scatter.o)
    0x000002a8   0x000002a8   0x0000003a   Code   RO         2023    !!dczerorl          c_w.l(__dczerorl.o)
    0x000002e2   0x000002e2   0x00000002   PAD
    0x000002e4   0x000002e4   0x0000001c   Code   RO         2027    !!handler_zi        c_w.l(__scatter_zi.o)
    0x00000300   0x00000300   0x00000002   Code   RO         1879    .ARM.Collect$$libinit$$00000000  c_w.l(libinit.o)
    0x00000302   0x00000302   0x00000004   Code   RO         1889    .ARM.Collect$$libinit$$00000001  c_w.l(libinit2.o)
    0x00000306   0x00000306   0x00000000   Code   RO         1892    .ARM.Collect$$libinit$$00000004  c_w.l(libinit2.o)
    0x00000306   0x00000306   0x00000000   Code   RO         1895    .ARM.Collect$$libinit$$0000000A  c_w.l(libinit2.o)
    0x00000306   0x00000306   0x00000000   Code   RO         1897    .ARM.Collect$$libinit$$0000000C  c_w.l(libinit2.o)
    0x00000306   0x00000306   0x00000000   Code   RO         1899    .ARM.Collect$$libinit$$0000000E  c_w.l(libinit2.o)
    0x00000306   0x00000306   0x00000000   Code   RO         1902    .ARM.Collect$$libinit$$00000011  c_w.l(libinit2.o)
    0x00000306   0x00000306   0x00000000   Code   RO         1904    .ARM.Collect$$libinit$$00000013  c_w.l(libinit2.o)
    0x00000306   0x00000306   0x00000000   Code   RO         1906    .ARM.Collect$$libinit$$00000015  c_w.l(libinit2.o)
    0x00000306   0x00000306   0x00000000   Code   RO         1908    .ARM.Collect$$libinit$$00000017  c_w.l(libinit2.o)
    0x00000306   0x00000306   0x00000000   Code   RO         1910    .ARM.Collect$$libinit$$00000019  c_w.l(libinit2.o)
    0x00000306   0x00000306   0x00000000   Code   RO         1912    .ARM.Collect$$libinit$$0000001B  c_w.l(libinit2.o)
    0x00000306   0x00000306   0x00000000   Code   RO         1914    .ARM.Collect$$libinit$$0000001D  c_w.l(libinit2.o)
    0x00000306   0x00000306   0x00000000   Code   RO         1916    .ARM.Collect$$libinit$$0000001F  c_w.l(libinit2.o)
    0x00000306   0x00000306   0x00000000   Code   RO         1918    .ARM.Collect$$libinit$$00000021  c_w.l(libinit2.o)
    0x00000306   0x00000306   0x00000000   Code   RO         1920    .ARM.Collect$$libinit$$00000023  c_w.l(libinit2.o)
    0x00000306   0x00000306   0x00000000   Code   RO         1922    .ARM.Collect$$libinit$$00000025  c_w.l(libinit2.o)
    0x00000306   0x00000306   0x00000000   Code   RO         1926    .ARM.Collect$$libinit$$0000002C  c_w.l(libinit2.o)
    0x00000306   0x00000306   0x00000000   Code   RO         1928    .ARM.Collect$$libinit$$0000002E  c_w.l(libinit2.o)
    0x00000306   0x00000306   0x00000000   Code   RO         1930    .ARM.Collect$$libinit$$00000030  c_w.l(libinit2.o)
    0x00000306   0x00000306   0x00000000   Code   RO         1932    .ARM.Collect$$libinit$$00000032  c_w.l(libinit2.o)
    0x00000306   0x00000306   0x00000002   Code   RO         1933    .ARM.Collect$$libinit$$00000033  c_w.l(libinit2.o)
    0x00000308   0x00000308   0x00000002   Code   RO         1962    .ARM.Collect$$libshutdown$$00000000  c_w.l(libshutdown.o)
    0x0000030a   0x0000030a   0x00000000   Code   RO         1974    .ARM.Collect$$libshutdown$$00000002  c_w.l(libshutdown2.o)
    0x0000030a   0x0000030a   0x00000000   Code   RO         1976    .ARM.Collect$$libshutdown$$00000004  c_w.l(libshutdown2.o)
    0x0000030a   0x0000030a   0x00000000   Code   RO         1979    .ARM.Collect$$libshutdown$$00000007  c_w.l(libshutdown2.o)
    0x0000030a   0x0000030a   0x00000000   Code   RO         1982    .ARM.Collect$$libshutdown$$0000000A  c_w.l(libshutdown2.o)
    0x0000030a   0x0000030a   0x00000000   Code   RO         1984    .ARM.Collect$$libshutdown$$0000000C  c_w.l(libshutdown2.o)
    0x0000030a   0x0000030a   0x00000000   Code   RO         1987    .ARM.Collect$$libshutdown$$0000000F  c_w.l(libshutdown2.o)
    0x0000030a   0x0000030a   0x00000002   Code   RO         1988    .ARM.Collect$$libshutdown$$00000010  c_w.l(libshutdown2.o)
    0x0000030c   0x0000030c   0x00000000   Code   RO         1845    .ARM.Collect$$rtentry$$00000000  c_w.l(__rtentry.o)
    0x0000030c   0x0000030c   0x00000000   Code   RO         1849    .ARM.Collect$$rtentry$$00000002  c_w.l(__rtentry2.o)
    0x0000030c   0x0000030c   0x00000004   Code   RO         1863    .ARM.Collect$$rtentry$$00000005  c_w.l(__rtentry5.o)
    0x00000310   0x00000310   0x00000000   Code   RO         1851    .ARM.Collect$$rtentry$$00000009  c_w.l(__rtentry2.o)
    0x00000310   0x00000310   0x00000004   Code   RO         1852    .ARM.Collect$$rtentry$$0000000A  c_w.l(__rtentry2.o)
    0x00000314   0x00000314   0x00000000   Code   RO         1854    .ARM.Collect$$rtentry$$0000000C  c_w.l(__rtentry2.o)
    0x00000314   0x00000314   0x00000008   Code   RO         1855    .ARM.Collect$$rtentry$$0000000D  c_w.l(__rtentry2.o)
    0x0000031c   0x0000031c   0x00000004   Code   RO         1864    .ARM.Collect$$rtentry$$00002716  c_w.l(__rtentry5.o)
    0x00000320   0x00000320   0x00000002   Code   RO         1887    .ARM.Collect$$rtexit$$00000000  c_w.l(rtexit.o)
    0x00000322   0x00000322   0x00000000   Code   RO         1942    .ARM.Collect$$rtexit$$00000002  c_w.l(rtexit2.o)
    0x00000322   0x00000322   0x00000004   Code   RO         1943    .ARM.Collect$$rtexit$$00000003  c_w.l(rtexit2.o)
    0x00000326   0x00000326   0x00000006   Code   RO         1944    .ARM.Collect$$rtexit$$00000004  c_w.l(rtexit2.o)
    0x0000032c   0x0000032c   0x00000006   Code   RO          807    .emb_text           driverlib.lib(sysctl.o)
    0x00000332   0x00000332   0x00000002   PAD
    0x00000334   0x00000334   0x000000fc   Code   RO          104  * .text               startup_tm4c123.o
    0x00000430   0x00000430   0x00000010   Code   RO         1841    .text               c_w.l(aeabi_memset.o)
    0x00000440   0x00000440   0x00000044   Code   RO         1846    .text               c_w.l(rt_memclr.o)
    0x00000484   0x00000484   0x0000004e   Code   RO         1868    .text               c_w.l(rt_memclr_w.o)
    0x000004d2   0x000004d2   0x00000012   Code   RO         1872    .text               c_w.l(exit.o)
    0x000004e4   0x000004e4   0x00000002   Code   RO         1938    .text               c_w.l(use_no_semi.o)
    0x000004e6   0x000004e6   0x00000000   Code   RO         1940    .text               c_w.l(indicate_semi.o)
    0x000004e6   0x000004e6   0x00000002   PAD
    0x000004e8   0x000004e8   0x0000000c   Code   RO         1952    .text               c_w.l(sys_exit.o)
    0x000004f4   0x000004f4   0x00000012   Code   RO          115    .text.SystemInit    system_tm4c123.o
    0x00000506   0x00000506   0x00000002   PAD
    0x00000508   0x00000508   0x0000005c   Code   RO           80    .text.UARTStdioConfig  uartstdio.o
    0x00000564   0x00000564   0x00000020   Code   RO           90    .text.UARTprintf    uartstdio.o
    0x00000584   0x00000584   0x000002b8   Code   RO           88    .text.UARTvprintf   uartstdio.o
    0x0000083c   0x0000083c   0x00000046   Code   RO           82    .text.UARTwrite     uartstdio.o
    0x00000882   0x00000882   0x00000002   PAD
    0x00000884   0x00000884   0x0000002c   Code   RO           34    .text.enablePeripheralsClock  tm4c_init.o
    0x000008b0   0x000008b0   0x0000008c   Code   RO           42    .text.i2cRead       tm4c_init.o
    0x0000093c   0x0000093c   0x0000006a   Code   RO           44    .text.i2cWrite      tm4c_init.o
    0x000009a6   0x000009a6   0x00000002   PAD
    0x000009a8   0x000009a8   0x0000007a   Code   RO           40    .text.initI2c       tm4c_init.o
    0x00000a22   0x00000a22   0x00000002   PAD
    0x00000a24   0x00000a24   0x00000048   Code   RO           36    .text.initPorts     tm4c_init.o
    0x00000a6c   0x00000a6c   0x00000010   Code   RO           32    .text.initSystemClock_40MHz  tm4c_init.o
    0x00000a7c   0x00000a7c   0x00000058   Code   RO           38    .text.initTimer1sec  tm4c_init.o
    0x00000ad4   0x00000ad4   0x0000002c   Code   RO           46    .text.initUartPrintf  tm4c_init.o
    0x00000b00   0x00000b00   0x0000027c   Code   RO           56    .text.main          main.o
    0x00000d7c   0x00000d7c   0x0000001c   Code   RO           62    .text.readReg       main.o
    0x00000d98   0x00000d98   0x0000001a   Code   RO           58    .text.resultReady   main.o
    0x00000db2   0x00000db2   0x00000002   PAD
    0x00000db4   0x00000db4   0x00000048   Code   RO            4    .text.setI2cAddress  tmp006.o
    0x00000dfc   0x00000dfc   0x00000046   Code   RO           10    .text.tmp006_configConvRate  tmp006.o
    0x00000e42   0x00000e42   0x00000002   PAD
    0x00000e44   0x00000e44   0x00000046   Code   RO           12    .text.tmp006_drdyPinConfig  tmp006.o
    0x00000e8a   0x00000e8a   0x00000002   PAD
    0x00000e8c   0x00000e8c   0x0000001a   Code   RO            2    .text.tmp006_init   tmp006.o
    0x00000ea6   0x00000ea6   0x00000002   PAD
    0x00000ea8   0x00000ea8   0x00000046   Code   RO           16    .text.tmp006_operationMode  tmp006.o
    0x00000eee   0x00000eee   0x00000002   PAD
    0x00000ef0   0x00000ef0   0x0000003a   Code   RO            6    .text.tmp006_read   tmp006.o
    0x00000f2a   0x00000f2a   0x00000002   PAD
    0x00000f2c   0x00000f2c   0x00000028   Code   RO           20    .text.tmp006_readTemp  tmp006.o
    0x00000f54   0x00000f54   0x00000024   Code   RO           14    .text.tmp006_resetDevice  tmp006.o
    0x00000f78   0x00000f78   0x00000038   Code   RO            8    .text.tmp006_write  tmp006.o
    0x00000fb0   0x00000fb0   0x0000001c   Code   RO           60    .text.togglePortF   main.o
    0x00000fcc   0x00000fcc   0x00000032   Code   RO          131    i.GPIODirModeSet    driverlib.lib(gpio.o)
    0x00000ffe   0x00000ffe   0x00000006   Code   RO          132    i.GPIOIntClear      driverlib.lib(gpio.o)
    0x00001004   0x00001004   0x0000000c   Code   RO          134    i.GPIOIntEnable     driverlib.lib(gpio.o)
    0x00001010   0x00001010   0x0000001e   Code   RO          135    i.GPIOIntRegister   driverlib.lib(gpio.o)
    0x0000102e   0x0000102e   0x00000066   Code   RO          139    i.GPIOIntTypeSet    driverlib.lib(gpio.o)
    0x00001094   0x00001094   0x0000018c   Code   RO          143    i.GPIOPadConfigSet  driverlib.lib(gpio.o)
    0x00001220   0x00001220   0x00000050   Code   RO          144    i.GPIOPinConfigure  driverlib.lib(gpio.o)
    0x00001270   0x00001270   0x0000001e   Code   RO          154    i.GPIOPinTypeGPIOInput  driverlib.lib(gpio.o)
    0x0000128e   0x0000128e   0x0000001e   Code   RO          155    i.GPIOPinTypeGPIOOutput  driverlib.lib(gpio.o)
    0x000012ac   0x000012ac   0x0000001e   Code   RO          158    i.GPIOPinTypeI2C    driverlib.lib(gpio.o)
    0x000012ca   0x000012ca   0x0000001e   Code   RO          159    i.GPIOPinTypeI2CSCL  driverlib.lib(gpio.o)
    0x000012e8   0x000012e8   0x0000001e   Code   RO          167    i.GPIOPinTypeUART   driverlib.lib(gpio.o)
    0x00001306   0x00001306   0x0000000a   Code   RO          173    i.GPIOPinWrite      driverlib.lib(gpio.o)
    0x00001310   0x00001310   0x00000018   Code   RO          174    i.GPIOUnlockPin     driverlib.lib(gpio.o)
    0x00001328   0x00001328   0x00000012   Code   RO          475    i.I2CMasterBusy     driverlib.lib(i2c.o)
    0x0000133a   0x0000133a   0x00000004   Code   RO          476    i.I2CMasterControl  driverlib.lib(i2c.o)
    0x0000133e   0x0000133e   0x00000006   Code   RO          477    i.I2CMasterDataGet  driverlib.lib(i2c.o)
    0x00001344   0x00001344   0x00000004   Code   RO          478    i.I2CMasterDataPut  driverlib.lib(i2c.o)
    0x00001348   0x00001348   0x0000000a   Code   RO          480    i.I2CMasterEnable   driverlib.lib(i2c.o)
    0x00001352   0x00001352   0x00000002   PAD
    0x00001354   0x00001354   0x0000005c   Code   RO          483    i.I2CMasterInitExpClk  driverlib.lib(i2c.o)
    0x000013b0   0x000013b0   0x00000008   Code   RO          493    i.I2CMasterSlaveAddrSet  driverlib.lib(i2c.o)
    0x000013b8   0x000013b8   0x00000074   Code   RO         1730    i.IntEnable         driverlib.lib(interrupt.o)
    0x0000142c   0x0000142c   0x0000003c   Code   RO         1742    i.IntRegister       driverlib.lib(interrupt.o)
    0x00001468   0x00001468   0x0000016c   Code   RO          810    i.SysCtlClockGet    driverlib.lib(sysctl.o)
    0x000015d4   0x000015d4   0x0000012c   Code   RO          812    i.SysCtlClockSet    driverlib.lib(sysctl.o)
    0x00001700   0x00001700   0x00000034   Code   RO          841    i.SysCtlPeripheralEnable  driverlib.lib(sysctl.o)
    0x00001734   0x00001734   0x00000038   Code   RO          844    i.SysCtlPeripheralPresent  driverlib.lib(sysctl.o)
    0x0000176c   0x0000176c   0x00000038   Code   RO          845    i.SysCtlPeripheralReady  driverlib.lib(sysctl.o)
    0x000017a4   0x000017a4   0x00000070   Code   RO          846    i.SysCtlPeripheralReset  driverlib.lib(sysctl.o)
    0x00001814   0x00001814   0x00000060   Code   RO         1175    i.TimerConfigure    driverlib.lib(timer.o)
    0x00001874   0x00001874   0x0000000e   Code   RO         1184    i.TimerEnable       driverlib.lib(timer.o)
    0x00001882   0x00001882   0x00000004   Code   RO         1185    i.TimerIntClear     driverlib.lib(timer.o)
    0x00001886   0x00001886   0x00000008   Code   RO         1187    i.TimerIntEnable    driverlib.lib(timer.o)
    0x0000188e   0x0000188e   0x00000026   Code   RO         1188    i.TimerIntRegister  driverlib.lib(timer.o)
    0x000018b4   0x000018b4   0x00000010   Code   RO         1193    i.TimerLoadSet      driverlib.lib(timer.o)
    0x000018c4   0x000018c4   0x00000010   Code   RO         1426    i.UARTCharPut       driverlib.lib(uart.o)
    0x000018d4   0x000018d4   0x0000004c   Code   RO         1432    i.UARTConfigSetExpClk  driverlib.lib(uart.o)
    0x00001920   0x00001920   0x00000020   Code   RO         1435    i.UARTDisable       driverlib.lib(uart.o)
    0x00001940   0x00001940   0x00000014   Code   RO         1437    i.UARTEnable        driverlib.lib(uart.o)
    0x00001954   0x00001954   0x0000004c   Code   RO          175    i._GPIOIntNumberGet  driverlib.lib(gpio.o)
    0x000019a0   0x000019a0   0x00000058   Code   RO         1209    i._TimerIntNumberGet  driverlib.lib(timer.o)
    0x000019f8   0x000019f8   0x0000001a   Code   RO         1950    x$fpl$fpinit        fz_wm.l(fpinit.o)
    0x00001a12   0x00001a12   0x00000002   PAD
    0x00001a14   0x00001a14   0x00000228   Data   RO          176    .constdata          driverlib.lib(gpio.o)
    0x00001c3c   0x00001c3c   0x00000254   Data   RO          865    .constdata          driverlib.lib(sysctl.o)
    0x00001e90   0x00001e90   0x000000a0   Data   RO         1210    .constdata          driverlib.lib(timer.o)
    0x00001f30   0x00001f30   0x0000010c   Data   RO         1746    .constdata          driverlib.lib(interrupt.o)
    0x0000203c   0x0000203c   0x0000000c   Data   RO           69    .rodata..L__const.main.senzor  main.o
    0x00002048   0x00002048   0x00000048   Data   RO           70    .rodata.str1.1      main.o
    0x00002090   0x00002090   0x00000020   Data   RO         2022    Region$$Table       anon$$obj.o


    Execution Region ER_RW (Exec base: 0x20000000, Load base: 0x00002400, Size: 0x0000026c, Max: 0xffffffff, ABSOLUTE, COMPRESSED[0x00000008])

    Exec Addr    Load Addr    Size         Type   Attr      Idx    E Section Name        Object

    0x20000000   COMPRESSED   0x0000026c   Data   RW         1747    vtable              driverlib.lib(interrupt.o)


    Execution Region ER_ZI (Exec base: 0x20000270, Load base: 0x00002408, Size: 0x00000210, Max: 0xffffffff, ABSOLUTE)

    Exec Addr    Load Addr    Size         Type   Attr      Idx    E Section Name        Object

    0x20000270        -       0x00000001   Zero   RW           64    .bss.flagReady      main.o
    0x20000271        -       0x00000001   Zero   RW           65    .bss.flagUartSend   main.o
    0x20000272   0x00002408   0x00000002   PAD
    0x20000274        -       0x00000004   Zero   RW           92    .bss.g_ui32Base     uartstdio.o
    0x20000278        -       0x00000004   Zero   RW           68    .bss.tempInC        main.o
    0x2000027c        -       0x00000002   Zero   RW           67    .bss.temprature     main.o
    0x2000027e        -       0x00000002   Zero   RW           66    .bss.testTmp006init  main.o
    0x20000280        -       0x00000200   Zero   RW          101    STACK               startup_tm4c123.o


==============================================================================

Image component sizes


      Code (inc. data)   RO Data    RW Data    ZI Data      Debug   Object Name

       718        132         84          0         10       2568   main.o
       252         10        620          0        512       5420   startup_tm4c123.o
        18          0          0          0          0       6467   system_tm4c123.o
       632          0          0          0          0       2368   tm4c_init.o
       498          8          0          0          0       5390   tmp006.o
       890        224          0          0          4       4302   uartstdio.o

    ----------------------------------------------------------------------
      3028        374        736          0        528      26515   Object Totals
         0          0         32          0          0          0   (incl. Generated)
        20          0          0          0          2          0   (incl. Padding)

    ----------------------------------------------------------------------

      Code (inc. data)   RO Data    RW Data    ZI Data      Debug   Library Member Name

        58          0          0          0          0          0   __dczerorl.o
         8          0          0          0          0         68   __main.o
         0          0          0          0          0          0   __rtentry.o
        12          0          0          0          0          0   __rtentry2.o
         8          4          0          0          0          0   __rtentry5.o
        52          8          0          0          0          0   __scatter.o
        28          0          0          0          0          0   __scatter_zi.o
        16          0          0          0          0         68   aeabi_memset.o
        18          0          0          0          0         80   exit.o
         0          0          0          0          0          0   indicate_semi.o
         2          0          0          0          0          0   libinit.o
         6          0          0          0          0          0   libinit2.o
         2          0          0          0          0          0   libshutdown.o
         2          0          0          0          0          0   libshutdown2.o
        68          0          0          0          0         68   rt_memclr.o
        78          0          0          0          0         80   rt_memclr_w.o
         2          0          0          0          0          0   rtexit.o
        10          0          0          0          0          0   rtexit2.o
        12          4          0          0          0         68   sys_exit.o
         2          0          0          0          0         68   use_no_semi.o
       936         48        552          0          0      14166   gpio.o
       142         14          0          0          0       3809   i2c.o
       176         16        268        620          0       2058   interrupt.o
       946         80        596          0          0       5793   sysctl.o
       264         32        160          0          0       4898   timer.o
       144          0          0          0          0       2195   uart.o
        26          0          0          0          0        116   fpinit.o

    ----------------------------------------------------------------------
      3028        206       1576        620          0      33535   Library Totals
        10          0          0          0          0          0   (incl. Padding)

    ----------------------------------------------------------------------

      Code (inc. data)   RO Data    RW Data    ZI Data      Debug   Library Name

       384         16          0          0          0        500   c_w.l
      2608        190       1576        620          0      32919   driverlib.lib
        26          0          0          0          0        116   fz_wm.l

    ----------------------------------------------------------------------
      3028        206       1576        620          0      33535   Library Totals

    ----------------------------------------------------------------------

==============================================================================


      Code (inc. data)   RO Data    RW Data    ZI Data      Debug   

      6056        580       2312        620        528      56030   Grand Totals
      6056        580       2312          8        528      56030   ELF Image Totals (compressed)
      6056        580       2312          8          0          0   ROM Totals

==============================================================================

    Total RO  Size (Code + RO Data)                 8368 (   8.17kB)
    Total RW  Size (RW Data + ZI Data)              1148 (   1.12kB)
    Total ROM Size (Code + RO Data + RW Data)       8376 (   8.18kB)

==============================================================================

